Classic Timing Analyzer report for LABA1
Wed Mar 11 19:01:33 2026
Quartus II Version 9.1 Build 222 10/21/2009 SJ Web Edition


---------------------
; Table of Contents ;
---------------------
  1. Legal Notice
  2. Timing Analyzer Summary
  3. Timing Analyzer Settings
  4. Clock Settings Summary
  5. Parallel Compilation
  6. Clock Setup: 'C'
  7. tsu
  8. tco
  9. th
 10. Timing Analyzer Messages



----------------
; Legal Notice ;
----------------
Copyright (C) 1991-2009 Altera Corporation
Your use of Altera Corporation's design tools, logic functions 
and other software and tools, and its AMPP partner logic 
functions, and any output files from any of the foregoing 
(including device programming or simulation files), and any 
associated documentation or information are expressly subject 
to the terms and conditions of the Altera Program License 
Subscription Agreement, Altera MegaCore Function License 
Agreement, or other applicable license agreement, including, 
without limitation, that your use is for the sole purpose of 
programming logic devices manufactured by Altera and sold by 
Altera or its authorized distributors.  Please refer to the 
applicable agreement for further details.



+----------------------------------------------------------------------------------------------------------------------------------------------------------------------------+
; Timing Analyzer Summary                                                                                                                                                    ;
+------------------------------+-------+---------------+------------------------------------------------+--------------+--------------+------------+----------+--------------+
; Type                         ; Slack ; Required Time ; Actual Time                                    ; From         ; To           ; From Clock ; To Clock ; Failed Paths ;
+------------------------------+-------+---------------+------------------------------------------------+--------------+--------------+------------+----------+--------------+
; Worst-case tsu               ; N/A   ; None          ; 3.265 ns                                       ; D0           ; shift_reg[0] ; --         ; C        ; 0            ;
; Worst-case tco               ; N/A   ; None          ; 6.982 ns                                       ; shift_reg[2] ; Q[2]         ; C          ; --       ; 0            ;
; Worst-case th                ; N/A   ; None          ; -3.026 ns                                      ; D0           ; shift_reg[0] ; --         ; C        ; 0            ;
; Clock Setup: 'C'             ; N/A   ; None          ; Restricted to 500.00 MHz ( period = 2.000 ns ) ; shift_reg[1] ; shift_reg[2] ; C          ; C        ; 0            ;
; Total number of failed paths ;       ;               ;                                                ;              ;              ;            ;          ; 0            ;
+------------------------------+-------+---------------+------------------------------------------------+--------------+--------------+------------+----------+--------------+


+-----------------------------------------------------------------------------------------------------------------------------------------------------+
; Timing Analyzer Settings                                                                                                                            ;
+------------------------------------------------------------------------------------------------------+--------------------+------+----+-------------+
; Option                                                                                               ; Setting            ; From ; To ; Entity Name ;
+------------------------------------------------------------------------------------------------------+--------------------+------+----+-------------+
; Device Name                                                                                          ; EP2S15F484C3       ;      ;    ;             ;
; Timing Models                                                                                        ; Final              ;      ;    ;             ;
; Default hold multicycle                                                                              ; Same as Multicycle ;      ;    ;             ;
; Cut paths between unrelated clock domains                                                            ; On                 ;      ;    ;             ;
; Cut off read during write signal paths                                                               ; On                 ;      ;    ;             ;
; Cut off feedback from I/O pins                                                                       ; On                 ;      ;    ;             ;
; Report Combined Fast/Slow Timing                                                                     ; Off                ;      ;    ;             ;
; Ignore Clock Settings                                                                                ; Off                ;      ;    ;             ;
; Analyze latches as synchronous elements                                                              ; On                 ;      ;    ;             ;
; Enable Recovery/Removal analysis                                                                     ; Off                ;      ;    ;             ;
; Enable Clock Latency                                                                                 ; Off                ;      ;    ;             ;
; Use TimeQuest Timing Analyzer                                                                        ; Off                ;      ;    ;             ;
; Number of source nodes to report per destination node                                                ; 10                 ;      ;    ;             ;
; Number of destination nodes to report                                                                ; 10                 ;      ;    ;             ;
; Number of paths to report                                                                            ; 200                ;      ;    ;             ;
; Report Minimum Timing Checks                                                                         ; Off                ;      ;    ;             ;
; Use Fast Timing Models                                                                               ; Off                ;      ;    ;             ;
; Report IO Paths Separately                                                                           ; Off                ;      ;    ;             ;
; Perform Multicorner Analysis                                                                         ; On                 ;      ;    ;             ;
; Reports the worst-case path for each clock domain and analysis                                       ; Off                ;      ;    ;             ;
; Reports worst-case timing paths for each clock domain and analysis                                   ; Off                ;      ;    ;             ;
; Specifies the maximum number of worst-case timing paths to report for each clock domain and analysis ; 100                ;      ;    ;             ;
; Removes common clock path pessimism (CCPP) during slack computation                                  ; Off                ;      ;    ;             ;
; Output I/O Timing Endpoint                                                                           ; Near End           ;      ;    ;             ;
+------------------------------------------------------------------------------------------------------+--------------------+------+----+-------------+


+------------------------------------------------------------------------------------------------------------------------------------------------------------------------------------+
; Clock Settings Summary                                                                                                                                                             ;
+-----------------+--------------------+----------+------------------+---------------+--------------+----------+-----------------------+---------------------+--------+--------------+
; Clock Node Name ; Clock Setting Name ; Type     ; Fmax Requirement ; Early Latency ; Late Latency ; Based on ; Multiply Base Fmax by ; Divide Base Fmax by ; Offset ; Phase offset ;
+-----------------+--------------------+----------+------------------+---------------+--------------+----------+-----------------------+---------------------+--------+--------------+
; C               ;                    ; User Pin ; None             ; 0.000 ns      ; 0.000 ns     ; --       ; N/A                   ; N/A                 ; N/A    ;              ;
+-----------------+--------------------+----------+------------------+---------------+--------------+----------+-----------------------+---------------------+--------+--------------+


Parallel compilation was disabled, but you have multiple processors available. Enable parallel compilation to reduce compilation time.
+-------------------------------------+
; Parallel Compilation                ;
+----------------------------+--------+
; Processors                 ; Number ;
+----------------------------+--------+
; Number detected on machine ; 6      ;
; Maximum allowed            ; 1      ;
+----------------------------+--------+


+--------------------------------------------------------------------------------------------------------------------------------------------------------------------------------------------------+
; Clock Setup: 'C'                                                                                                                                                                                 ;
+-------+------------------------------------------------+--------------+--------------+------------+----------+-----------------------------+---------------------------+-------------------------+
; Slack ; Actual fmax (period)                           ; From         ; To           ; From Clock ; To Clock ; Required Setup Relationship ; Required Longest P2P Time ; Actual Longest P2P Time ;
+-------+------------------------------------------------+--------------+--------------+------------+----------+-----------------------------+---------------------------+-------------------------+
; N/A   ; Restricted to 500.00 MHz ( period = 2.000 ns ) ; shift_reg[1] ; shift_reg[2] ; C          ; C        ; None                        ; None                      ; 0.570 ns                ;
; N/A   ; Restricted to 500.00 MHz ( period = 2.000 ns ) ; shift_reg[3] ; shift_reg[4] ; C          ; C        ; None                        ; None                      ; 0.510 ns                ;
; N/A   ; Restricted to 500.00 MHz ( period = 2.000 ns ) ; shift_reg[4] ; shift_reg[5] ; C          ; C        ; None                        ; None                      ; 0.507 ns                ;
; N/A   ; Restricted to 500.00 MHz ( period = 2.000 ns ) ; shift_reg[5] ; shift_reg[6] ; C          ; C        ; None                        ; None                      ; 0.421 ns                ;
; N/A   ; Restricted to 500.00 MHz ( period = 2.000 ns ) ; shift_reg[0] ; shift_reg[1] ; C          ; C        ; None                        ; None                      ; 0.418 ns                ;
; N/A   ; Restricted to 500.00 MHz ( period = 2.000 ns ) ; shift_reg[2] ; shift_reg[3] ; C          ; C        ; None                        ; None                      ; 0.418 ns                ;
; N/A   ; Restricted to 500.00 MHz ( period = 2.000 ns ) ; shift_reg[6] ; shift_reg[7] ; C          ; C        ; None                        ; None                      ; 0.416 ns                ;
+-------+------------------------------------------------+--------------+--------------+------------+----------+-----------------------------+---------------------------+-------------------------+


+--------------------------------------------------------------------+
; tsu                                                                ;
+-------+--------------+------------+------+--------------+----------+
; Slack ; Required tsu ; Actual tsu ; From ; To           ; To Clock ;
+-------+--------------+------------+------+--------------+----------+
; N/A   ; None         ; 3.265 ns   ; D0   ; shift_reg[0] ; C        ;
+-------+--------------+------------+------+--------------+----------+


+----------------------------------------------------------------------+
; tco                                                                  ;
+-------+--------------+------------+--------------+------+------------+
; Slack ; Required tco ; Actual tco ; From         ; To   ; From Clock ;
+-------+--------------+------------+--------------+------+------------+
; N/A   ; None         ; 6.982 ns   ; shift_reg[2] ; Q[2] ; C          ;
; N/A   ; None         ; 6.134 ns   ; shift_reg[1] ; Q[1] ; C          ;
; N/A   ; None         ; 5.175 ns   ; shift_reg[4] ; Q[4] ; C          ;
; N/A   ; None         ; 5.172 ns   ; shift_reg[0] ; Q[0] ; C          ;
; N/A   ; None         ; 5.164 ns   ; shift_reg[7] ; Q[7] ; C          ;
; N/A   ; None         ; 5.116 ns   ; shift_reg[5] ; Q[5] ; C          ;
; N/A   ; None         ; 5.114 ns   ; shift_reg[3] ; Q[3] ; C          ;
; N/A   ; None         ; 5.067 ns   ; shift_reg[6] ; Q[6] ; C          ;
+-------+--------------+------------+--------------+------+------------+


+--------------------------------------------------------------------------+
; th                                                                       ;
+---------------+-------------+-----------+------+--------------+----------+
; Minimum Slack ; Required th ; Actual th ; From ; To           ; To Clock ;
+---------------+-------------+-----------+------+--------------+----------+
; N/A           ; None        ; -3.026 ns ; D0   ; shift_reg[0] ; C        ;
+---------------+-------------+-----------+------+--------------+----------+


+--------------------------+
; Timing Analyzer Messages ;
+--------------------------+
Info: *******************************************************************
Info: Running Quartus II Classic Timing Analyzer
    Info: Version 9.1 Build 222 10/21/2009 SJ Web Edition
    Info: Processing started: Wed Mar 11 19:01:33 2026
Info: Command: quartus_tan --read_settings_files=off --write_settings_files=off LABA1 -c LABA1 --timing_analysis_only
Warning: Found pins functioning as undefined clocks and/or memory enables
    Info: Assuming node "C" is an undefined clock
Info: Clock "C" Internal fmax is restricted to 500.0 MHz between source register "shift_reg[1]" and destination register "shift_reg[2]"
    Info: fmax restricted to clock pin edge rate 2.0 ns. Expand message to see actual delay path.
        Info: + Longest register to register delay is 0.570 ns
            Info: 1: + IC(0.000 ns) + CELL(0.000 ns) = 0.000 ns; Loc. = LCFF_X26_Y1_N19; Fanout = 2; REG Node = 'shift_reg[1]'
            Info: 2: + IC(0.362 ns) + CELL(0.053 ns) = 0.415 ns; Loc. = LCCOMB_X26_Y1_N20; Fanout = 1; COMB Node = 'shift_reg[2]~feeder'
            Info: 3: + IC(0.000 ns) + CELL(0.155 ns) = 0.570 ns; Loc. = LCFF_X26_Y1_N21; Fanout = 2; REG Node = 'shift_reg[2]'
            Info: Total cell delay = 0.208 ns ( 36.49 % )
            Info: Total interconnect delay = 0.362 ns ( 63.51 % )
        Info: - Smallest clock skew is 0.000 ns
            Info: + Shortest clock path from clock "C" to destination register is 2.497 ns
                Info: 1: + IC(0.000 ns) + CELL(0.854 ns) = 0.854 ns; Loc. = PIN_N20; Fanout = 1; CLK Node = 'C'
                Info: 2: + IC(0.343 ns) + CELL(0.000 ns) = 1.197 ns; Loc. = CLKCTRL_G3; Fanout = 8; COMB Node = 'C~clkctrl'
                Info: 3: + IC(0.682 ns) + CELL(0.618 ns) = 2.497 ns; Loc. = LCFF_X26_Y1_N21; Fanout = 2; REG Node = 'shift_reg[2]'
                Info: Total cell delay = 1.472 ns ( 58.95 % )
                Info: Total interconnect delay = 1.025 ns ( 41.05 % )
            Info: - Longest clock path from clock "C" to source register is 2.497 ns
                Info: 1: + IC(0.000 ns) + CELL(0.854 ns) = 0.854 ns; Loc. = PIN_N20; Fanout = 1; CLK Node = 'C'
                Info: 2: + IC(0.343 ns) + CELL(0.000 ns) = 1.197 ns; Loc. = CLKCTRL_G3; Fanout = 8; COMB Node = 'C~clkctrl'
                Info: 3: + IC(0.682 ns) + CELL(0.618 ns) = 2.497 ns; Loc. = LCFF_X26_Y1_N19; Fanout = 2; REG Node = 'shift_reg[1]'
                Info: Total cell delay = 1.472 ns ( 58.95 % )
                Info: Total interconnect delay = 1.025 ns ( 41.05 % )
        Info: + Micro clock to output delay of source is 0.094 ns
        Info: + Micro setup delay of destination is 0.090 ns
Info: tsu for register "shift_reg[0]" (data pin = "D0", clock pin = "C") is 3.265 ns
    Info: + Longest pin to register delay is 5.672 ns
        Info: 1: + IC(0.000 ns) + CELL(0.809 ns) = 0.809 ns; Loc. = PIN_B9; Fanout = 1; PIN Node = 'D0'
        Info: 2: + IC(4.554 ns) + CELL(0.309 ns) = 5.672 ns; Loc. = LCFF_X26_Y1_N17; Fanout = 2; REG Node = 'shift_reg[0]'
        Info: Total cell delay = 1.118 ns ( 19.71 % )
        Info: Total interconnect delay = 4.554 ns ( 80.29 % )
    Info: + Micro setup delay of destination is 0.090 ns
    Info: - Shortest clock path from clock "C" to destination register is 2.497 ns
        Info: 1: + IC(0.000 ns) + CELL(0.854 ns) = 0.854 ns; Loc. = PIN_N20; Fanout = 1; CLK Node = 'C'
        Info: 2: + IC(0.343 ns) + CELL(0.000 ns) = 1.197 ns; Loc. = CLKCTRL_G3; Fanout = 8; COMB Node = 'C~clkctrl'
        Info: 3: + IC(0.682 ns) + CELL(0.618 ns) = 2.497 ns; Loc. = LCFF_X26_Y1_N17; Fanout = 2; REG Node = 'shift_reg[0]'
        Info: Total cell delay = 1.472 ns ( 58.95 % )
        Info: Total interconnect delay = 1.025 ns ( 41.05 % )
Info: tco from clock "C" to destination pin "Q[2]" through register "shift_reg[2]" is 6.982 ns
    Info: + Longest clock path from clock "C" to source register is 2.497 ns
        Info: 1: + IC(0.000 ns) + CELL(0.854 ns) = 0.854 ns; Loc. = PIN_N20; Fanout = 1; CLK Node = 'C'
        Info: 2: + IC(0.343 ns) + CELL(0.000 ns) = 1.197 ns; Loc. = CLKCTRL_G3; Fanout = 8; COMB Node = 'C~clkctrl'
        Info: 3: + IC(0.682 ns) + CELL(0.618 ns) = 2.497 ns; Loc. = LCFF_X26_Y1_N21; Fanout = 2; REG Node = 'shift_reg[2]'
        Info: Total cell delay = 1.472 ns ( 58.95 % )
        Info: Total interconnect delay = 1.025 ns ( 41.05 % )
    Info: + Micro clock to output delay of source is 0.094 ns
    Info: + Longest register to pin delay is 4.391 ns
        Info: 1: + IC(0.000 ns) + CELL(0.000 ns) = 0.000 ns; Loc. = LCFF_X26_Y1_N21; Fanout = 2; REG Node = 'shift_reg[2]'
        Info: 2: + IC(2.345 ns) + CELL(2.046 ns) = 4.391 ns; Loc. = PIN_C9; Fanout = 0; PIN Node = 'Q[2]'
        Info: Total cell delay = 2.046 ns ( 46.60 % )
        Info: Total interconnect delay = 2.345 ns ( 53.40 % )
Info: th for register "shift_reg[0]" (data pin = "D0", clock pin = "C") is -3.026 ns
    Info: + Longest clock path from clock "C" to destination register is 2.497 ns
        Info: 1: + IC(0.000 ns) + CELL(0.854 ns) = 0.854 ns; Loc. = PIN_N20; Fanout = 1; CLK Node = 'C'
        Info: 2: + IC(0.343 ns) + CELL(0.000 ns) = 1.197 ns; Loc. = CLKCTRL_G3; Fanout = 8; COMB Node = 'C~clkctrl'
        Info: 3: + IC(0.682 ns) + CELL(0.618 ns) = 2.497 ns; Loc. = LCFF_X26_Y1_N17; Fanout = 2; REG Node = 'shift_reg[0]'
        Info: Total cell delay = 1.472 ns ( 58.95 % )
        Info: Total interconnect delay = 1.025 ns ( 41.05 % )
    Info: + Micro hold delay of destination is 0.149 ns
    Info: - Shortest pin to register delay is 5.672 ns
        Info: 1: + IC(0.000 ns) + CELL(0.809 ns) = 0.809 ns; Loc. = PIN_B9; Fanout = 1; PIN Node = 'D0'
        Info: 2: + IC(4.554 ns) + CELL(0.309 ns) = 5.672 ns; Loc. = LCFF_X26_Y1_N17; Fanout = 2; REG Node = 'shift_reg[0]'
        Info: Total cell delay = 1.118 ns ( 19.71 % )
        Info: Total interconnect delay = 4.554 ns ( 80.29 % )
Info: Quartus II Classic Timing Analyzer was successful. 0 errors, 1 warning
    Info: Peak virtual memory: 200 megabytes
    Info: Processing ended: Wed Mar 11 19:01:33 2026
    Info: Elapsed time: 00:00:00
    Info: Total CPU time (on all processors): 00:00:00


