Analysis & Synthesis report for lab6_var4_v1
Thu Apr 30 18:14:03 2026
Quartus II Version 9.1 Build 222 10/21/2009 SJ Web Edition


---------------------
; Table of Contents ;
---------------------
  1. Legal Notice
  2. Analysis & Synthesis Summary
  3. Analysis & Synthesis Settings
  4. Parallel Compilation
  5. Analysis & Synthesis Source Files Read
  6. Analysis & Synthesis Resource Usage Summary
  7. Analysis & Synthesis Resource Utilization by Entity
  8. Registers Removed During Synthesis
  9. General Register Statistics
 10. Multiplexer Restructuring Statistics (Restructuring Performed)
 11. Source assignments for stack_memory:inst|lpm_counter0:inst|lpm_counter:lpm_counter_component
 12. Parameter Settings for User Entity Instance: stack_memory:inst|lpm_counter0:inst|lpm_counter:lpm_counter_component
 13. Parameter Settings for User Entity Instance: stack_memory:inst|lpm_mux0:inst11|LPM_MUX:lpm_mux_component
 14. Parameter Settings for User Entity Instance: stack_memory:inst|lpm_ff0:inst3|lpm_ff:lpm_ff_component
 15. Parameter Settings for User Entity Instance: stack_memory:inst|lpm_decode0:inst2|lpm_decode:lpm_decode_component
 16. Parameter Settings for User Entity Instance: stack_memory:inst|lpm_ff1:inst4|lpm_ff:lpm_ff_component
 17. Parameter Settings for User Entity Instance: stack_memory:inst|lpm_ff2:inst5|lpm_ff:lpm_ff_component
 18. Parameter Settings for User Entity Instance: stack_memory:inst|lpm_ff3:inst6|lpm_ff:lpm_ff_component
 19. Parameter Settings for User Entity Instance: stack_memory:inst|lpm_ff4:inst8|lpm_ff:lpm_ff_component
 20. Parameter Settings for User Entity Instance: stack_memory:inst|lpm_ff5:inst9|lpm_ff:lpm_ff_component
 21. Parameter Settings for User Entity Instance: stack_memory:inst|lpm_ff6:inst10|lpm_ff:lpm_ff_component
 22. Parameter Settings for User Entity Instance: stack_control:inst1|lpm_decode1:inst|lpm_decode:lpm_decode_component
 23. Analysis & Synthesis Messages



----------------
; Legal Notice ;
----------------
Copyright (C) 1991-2009 Altera Corporation
Your use of Altera Corporation's design tools, logic functions 
and other software and tools, and its AMPP partner logic 
functions, and any output files from any of the foregoing 
(including device programming or simulation files), and any 
associated documentation or information are expressly subject 
to the terms and conditions of the Altera Program License 
Subscription Agreement, Altera MegaCore Function License 
Agreement, or other applicable license agreement, including, 
without limitation, that your use is for the sole purpose of 
programming logic devices manufactured by Altera and sold by 
Altera or its authorized distributors.  Please refer to the 
applicable agreement for further details.



+-------------------------------------------------------------------------+
; Analysis & Synthesis Summary                                            ;
+-------------------------------+-----------------------------------------+
; Analysis & Synthesis Status   ; Successful - Thu Apr 30 18:14:03 2026   ;
; Quartus II Version            ; 9.1 Build 222 10/21/2009 SJ Web Edition ;
; Revision Name                 ; lab6_var4_v1                            ;
; Top-level Entity Name         ; stack_unit                              ;
; Family                        ; Stratix II                              ;
; Logic utilization             ; N/A                                     ;
;     Combinational ALUTs       ; 39                                      ;
;     Dedicated logic registers ; 51                                      ;
; Total registers               ; 51                                      ;
; Total pins                    ; 22                                      ;
; Total virtual pins            ; 0                                       ;
; Total block memory bits       ; 0                                       ;
; DSP block 9-bit elements      ; 0                                       ;
; Total PLLs                    ; 0                                       ;
; Total DLLs                    ; 0                                       ;
+-------------------------------+-----------------------------------------+


+----------------------------------------------------------------------------------------------------------------------+
; Analysis & Synthesis Settings                                                                                        ;
+----------------------------------------------------------------------------+--------------------+--------------------+
; Option                                                                     ; Setting            ; Default Value      ;
+----------------------------------------------------------------------------+--------------------+--------------------+
; Top-level entity name                                                      ; stack_unit         ; lab6_var4_v1       ;
; Family name                                                                ; Stratix II         ; Stratix II         ;
; Use Generated Physical Constraints File                                    ; Off                ;                    ;
; Use smart compilation                                                      ; Off                ; Off                ;
; Enable parallel Assembler and TimeQuest Timing Analyzer during compilation ; On                 ; On                 ;
; Enable compact report table                                                ; Off                ; Off                ;
; Restructure Multiplexers                                                   ; Auto               ; Auto               ;
; Create Debugging Nodes for IP Cores                                        ; Off                ; Off                ;
; Preserve fewer node names                                                  ; On                 ; On                 ;
; Disable OpenCore Plus hardware evaluation                                  ; Off                ; Off                ;
; Verilog Version                                                            ; Verilog_2001       ; Verilog_2001       ;
; VHDL Version                                                               ; VHDL_1993          ; VHDL_1993          ;
; State Machine Processing                                                   ; Auto               ; Auto               ;
; Safe State Machine                                                         ; Off                ; Off                ;
; Extract Verilog State Machines                                             ; On                 ; On                 ;
; Extract VHDL State Machines                                                ; On                 ; On                 ;
; Ignore Verilog initial constructs                                          ; Off                ; Off                ;
; Iteration limit for constant Verilog loops                                 ; 5000               ; 5000               ;
; Iteration limit for non-constant Verilog loops                             ; 250                ; 250                ;
; Add Pass-Through Logic to Inferred RAMs                                    ; On                 ; On                 ;
; Parallel Synthesis                                                         ; On                 ; On                 ;
; DSP Block Balancing                                                        ; Auto               ; Auto               ;
; NOT Gate Push-Back                                                         ; On                 ; On                 ;
; Power-Up Don't Care                                                        ; On                 ; On                 ;
; Remove Redundant Logic Cells                                               ; Off                ; Off                ;
; Remove Duplicate Registers                                                 ; On                 ; On                 ;
; Ignore CARRY Buffers                                                       ; Off                ; Off                ;
; Ignore CASCADE Buffers                                                     ; Off                ; Off                ;
; Ignore GLOBAL Buffers                                                      ; Off                ; Off                ;
; Ignore ROW GLOBAL Buffers                                                  ; Off                ; Off                ;
; Ignore LCELL Buffers                                                       ; Off                ; Off                ;
; Ignore SOFT Buffers                                                        ; On                 ; On                 ;
; Limit AHDL Integers to 32 Bits                                             ; Off                ; Off                ;
; Optimization Technique                                                     ; Balanced           ; Balanced           ;
; Carry Chain Length                                                         ; 70                 ; 70                 ;
; Auto Carry Chains                                                          ; On                 ; On                 ;
; Auto Open-Drain Pins                                                       ; On                 ; On                 ;
; Perform WYSIWYG Primitive Resynthesis                                      ; Off                ; Off                ;
; Auto ROM Replacement                                                       ; On                 ; On                 ;
; Auto RAM Replacement                                                       ; On                 ; On                 ;
; Auto DSP Block Replacement                                                 ; On                 ; On                 ;
; Auto Shift Register Replacement                                            ; Auto               ; Auto               ;
; Auto Clock Enable Replacement                                              ; On                 ; On                 ;
; Strict RAM Replacement                                                     ; Off                ; Off                ;
; Allow Synchronous Control Signals                                          ; On                 ; On                 ;
; Force Use of Synchronous Clear Signals                                     ; Off                ; Off                ;
; Auto RAM Block Balancing                                                   ; On                 ; On                 ;
; Auto RAM to Logic Cell Conversion                                          ; Off                ; Off                ;
; Auto Resource Sharing                                                      ; Off                ; Off                ;
; Allow Any RAM Size For Recognition                                         ; Off                ; Off                ;
; Allow Any ROM Size For Recognition                                         ; Off                ; Off                ;
; Allow Any Shift Register Size For Recognition                              ; Off                ; Off                ;
; Use LogicLock Constraints during Resource Balancing                        ; On                 ; On                 ;
; Ignore translate_off and synthesis_off directives                          ; Off                ; Off                ;
; Timing-Driven Synthesis                                                    ; Off                ; Off                ;
; Show Parameter Settings Tables in Synthesis Report                         ; On                 ; On                 ;
; Ignore Maximum Fan-Out Assignments                                         ; Off                ; Off                ;
; Synchronization Register Chain Length                                      ; 2                  ; 2                  ;
; PowerPlay Power Optimization                                               ; Normal compilation ; Normal compilation ;
; HDL message level                                                          ; Level2             ; Level2             ;
; Suppress Register Optimization Related Messages                            ; Off                ; Off                ;
; Number of Removed Registers Reported in Synthesis Report                   ; 100                ; 100                ;
; Number of Inverted Registers Reported in Synthesis Report                  ; 100                ; 100                ;
; Clock MUX Protection                                                       ; On                 ; On                 ;
; Auto Gated Clock Conversion                                                ; Off                ; Off                ;
; Block Design Naming                                                        ; Auto               ; Auto               ;
; SDC constraint protection                                                  ; Off                ; Off                ;
; Synthesis Effort                                                           ; Auto               ; Auto               ;
; Shift Register Replacement - Allow Asynchronous Clear Signal               ; On                 ; On                 ;
; Analysis & Synthesis Message Level                                         ; Medium             ; Medium             ;
; Disable Register Merging Across Hierarchies                                ; Auto               ; Auto               ;
; Resource Aware Inference For Block RAM                                     ; On                 ; On                 ;
+----------------------------------------------------------------------------+--------------------+--------------------+


Parallel compilation was disabled, but you have multiple processors available. Enable parallel compilation to reduce compilation time.
+-------------------------------------+
; Parallel Compilation                ;
+----------------------------+--------+
; Processors                 ; Number ;
+----------------------------+--------+
; Number detected on machine ; 2      ;
; Maximum allowed            ; 1      ;
+----------------------------+--------+


+------------------------------------------------------------------------------------------------------------------------------------------------------------+
; Analysis & Synthesis Source Files Read                                                                                                                     ;
+----------------------------------+-----------------+------------------------------------+------------------------------------------------------------------+
; File Name with User-Entered Path ; Used in Netlist ; File Type                          ; File Name with Absolute Path                                     ;
+----------------------------------+-----------------+------------------------------------+------------------------------------------------------------------+
; lpm_counter0.vhd                 ; yes             ; User Wizard-Generated File         ; C:/Users/user/Desktop/labs/Laba 6/lab6_var4_v1/lpm_counter0.vhd  ;
; lpm_decode0.vhd                  ; yes             ; User Wizard-Generated File         ; C:/Users/user/Desktop/labs/Laba 6/lab6_var4_v1/lpm_decode0.vhd   ;
; lpm_ff0.vhd                      ; yes             ; User Wizard-Generated File         ; C:/Users/user/Desktop/labs/Laba 6/lab6_var4_v1/lpm_ff0.vhd       ;
; lpm_ff1.vhd                      ; yes             ; User Wizard-Generated File         ; C:/Users/user/Desktop/labs/Laba 6/lab6_var4_v1/lpm_ff1.vhd       ;
; lpm_ff2.vhd                      ; yes             ; User Wizard-Generated File         ; C:/Users/user/Desktop/labs/Laba 6/lab6_var4_v1/lpm_ff2.vhd       ;
; lpm_ff3.vhd                      ; yes             ; User Wizard-Generated File         ; C:/Users/user/Desktop/labs/Laba 6/lab6_var4_v1/lpm_ff3.vhd       ;
; lpm_ff4.vhd                      ; yes             ; User Wizard-Generated File         ; C:/Users/user/Desktop/labs/Laba 6/lab6_var4_v1/lpm_ff4.vhd       ;
; lpm_ff5.vhd                      ; yes             ; User Wizard-Generated File         ; C:/Users/user/Desktop/labs/Laba 6/lab6_var4_v1/lpm_ff5.vhd       ;
; lpm_ff6.vhd                      ; yes             ; User Wizard-Generated File         ; C:/Users/user/Desktop/labs/Laba 6/lab6_var4_v1/lpm_ff6.vhd       ;
; lpm_mux0.vhd                     ; yes             ; User Wizard-Generated File         ; C:/Users/user/Desktop/labs/Laba 6/lab6_var4_v1/lpm_mux0.vhd      ;
; stack_memory.bdf                 ; yes             ; User Block Diagram/Schematic File  ; C:/Users/user/Desktop/labs/Laba 6/lab6_var4_v1/stack_memory.bdf  ;
; stack_control.bdf                ; yes             ; User Block Diagram/Schematic File  ; C:/Users/user/Desktop/labs/Laba 6/lab6_var4_v1/stack_control.bdf ;
; lpm_decode1.vhd                  ; yes             ; User Wizard-Generated File         ; C:/Users/user/Desktop/labs/Laba 6/lab6_var4_v1/lpm_decode1.vhd   ;
; stack_unit.bdf                   ; yes             ; User Block Diagram/Schematic File  ; C:/Users/user/Desktop/labs/Laba 6/lab6_var4_v1/stack_unit.bdf    ;
; lpm_counter.tdf                  ; yes             ; Megafunction                       ; c:/altera/91/quartus/libraries/megafunctions/lpm_counter.tdf     ;
; db/cntr_g1h.tdf                  ; yes             ; Auto-Generated Megafunction        ; C:/Users/user/Desktop/labs/Laba 6/lab6_var4_v1/db/cntr_g1h.tdf   ;
; lpm_mux.tdf                      ; yes             ; Megafunction                       ; c:/altera/91/quartus/libraries/megafunctions/lpm_mux.tdf         ;
; db/mux_h4e.tdf                   ; yes             ; Auto-Generated Megafunction        ; C:/Users/user/Desktop/labs/Laba 6/lab6_var4_v1/db/mux_h4e.tdf    ;
; lpm_ff.tdf                       ; yes             ; Megafunction                       ; c:/altera/91/quartus/libraries/megafunctions/lpm_ff.tdf          ;
; lpm_decode.tdf                   ; yes             ; Megafunction                       ; c:/altera/91/quartus/libraries/megafunctions/lpm_decode.tdf      ;
; db/decode_5sf.tdf                ; yes             ; Auto-Generated Megafunction        ; C:/Users/user/Desktop/labs/Laba 6/lab6_var4_v1/db/decode_5sf.tdf ;
; db/decode_0sf.tdf                ; yes             ; Auto-Generated Megafunction        ; C:/Users/user/Desktop/labs/Laba 6/lab6_var4_v1/db/decode_0sf.tdf ;
+----------------------------------+-----------------+------------------------------------+------------------------------------------------------------------+


+-------------------------------------------------------+
; Analysis & Synthesis Resource Usage Summary           ;
+-----------------------------------------------+-------+
; Resource                                      ; Usage ;
+-----------------------------------------------+-------+
; Estimated ALUTs Used                          ; 39    ;
; Dedicated logic registers                     ; 51    ;
;                                               ;       ;
; Estimated ALUTs Unavailable                   ; 0     ;
;                                               ;       ;
; Total combinational functions                 ; 39    ;
; Combinational ALUT usage by number of inputs  ;       ;
;     -- 7 input functions                      ; 0     ;
;     -- 6 input functions                      ; 16    ;
;     -- 5 input functions                      ; 8     ;
;     -- 4 input functions                      ; 0     ;
;     -- <=3 input functions                    ; 15    ;
;                                               ;       ;
; Combinational ALUTs by mode                   ;       ;
;     -- normal mode                            ; 36    ;
;     -- extended LUT mode                      ; 0     ;
;     -- arithmetic mode                        ; 3     ;
;     -- shared arithmetic mode                 ; 0     ;
;                                               ;       ;
; Estimated ALUT/register pairs used            ; 79    ;
;                                               ;       ;
; Total registers                               ; 51    ;
;     -- Dedicated logic registers              ; 51    ;
;     -- I/O registers                          ; 0     ;
;                                               ;       ;
; Estimated ALMs:  partially or completely used ; 40    ;
;                                               ;       ;
; I/O pins                                      ; 22    ;
; Maximum fan-out node                          ; clk   ;
; Maximum fan-out                               ; 51    ;
; Total fan-out                                 ; 333   ;
; Average fan-out                               ; 2.97  ;
+-----------------------------------------------+-------+


+-------------------------------------------------------------------------------------------------------------------------------------------------------------------------------------------------------------------------------------------------------------------------------------------------------+
; Analysis & Synthesis Resource Utilization by Entity                                                                                                                                                                                                                                                   ;
+----------------------------------------------+-------------------+--------------+-------------------+--------------+---------+-----------+-----------+------+--------------+-----------------------------------------------------------------------------------------------------------+--------------+
; Compilation Hierarchy Node                   ; LC Combinationals ; LC Registers ; Block Memory Bits ; DSP Elements ; DSP 9x9 ; DSP 18x18 ; DSP 36x36 ; Pins ; Virtual Pins ; Full Hierarchy Name                                                                                       ; Library Name ;
+----------------------------------------------+-------------------+--------------+-------------------+--------------+---------+-----------+-----------+------+--------------+-----------------------------------------------------------------------------------------------------------+--------------+
; |stack_unit                                  ; 39 (0)            ; 51 (0)       ; 0                 ; 0            ; 0       ; 0         ; 0         ; 22   ; 0            ; |stack_unit                                                                                               ; work         ;
;    |stack_control:inst1|                     ; 1 (1)             ; 0 (0)        ; 0                 ; 0            ; 0       ; 0         ; 0         ; 0    ; 0            ; |stack_unit|stack_control:inst1                                                                           ; work         ;
;    |stack_memory:inst|                       ; 38 (3)            ; 51 (0)       ; 0                 ; 0            ; 0       ; 0         ; 0         ; 0    ; 0            ; |stack_unit|stack_memory:inst                                                                             ;              ;
;       |lpm_counter0:inst|                    ; 3 (0)             ; 3 (0)        ; 0                 ; 0            ; 0       ; 0         ; 0         ; 0    ; 0            ; |stack_unit|stack_memory:inst|lpm_counter0:inst                                                           ; work         ;
;          |lpm_counter:lpm_counter_component| ; 3 (0)             ; 3 (0)        ; 0                 ; 0            ; 0       ; 0         ; 0         ; 0    ; 0            ; |stack_unit|stack_memory:inst|lpm_counter0:inst|lpm_counter:lpm_counter_component                         ; work         ;
;             |cntr_g1h:auto_generated|        ; 3 (3)             ; 3 (3)        ; 0                 ; 0            ; 0       ; 0         ; 0         ; 0    ; 0            ; |stack_unit|stack_memory:inst|lpm_counter0:inst|lpm_counter:lpm_counter_component|cntr_g1h:auto_generated ; work         ;
;       |lpm_decode0:inst2|                    ; 6 (0)             ; 0 (0)        ; 0                 ; 0            ; 0       ; 0         ; 0         ; 0    ; 0            ; |stack_unit|stack_memory:inst|lpm_decode0:inst2                                                           ; work         ;
;          |lpm_decode:lpm_decode_component|   ; 6 (0)             ; 0 (0)        ; 0                 ; 0            ; 0       ; 0         ; 0         ; 0    ; 0            ; |stack_unit|stack_memory:inst|lpm_decode0:inst2|lpm_decode:lpm_decode_component                           ; work         ;
;             |decode_5sf:auto_generated|      ; 6 (6)             ; 0 (0)        ; 0                 ; 0            ; 0       ; 0         ; 0         ; 0    ; 0            ; |stack_unit|stack_memory:inst|lpm_decode0:inst2|lpm_decode:lpm_decode_component|decode_5sf:auto_generated ; work         ;
;       |lpm_ff0:inst3|                        ; 0 (0)             ; 8 (0)        ; 0                 ; 0            ; 0       ; 0         ; 0         ; 0    ; 0            ; |stack_unit|stack_memory:inst|lpm_ff0:inst3                                                               ; work         ;
;          |lpm_ff:lpm_ff_component|           ; 0 (0)             ; 8 (8)        ; 0                 ; 0            ; 0       ; 0         ; 0         ; 0    ; 0            ; |stack_unit|stack_memory:inst|lpm_ff0:inst3|lpm_ff:lpm_ff_component                                       ; work         ;
;       |lpm_ff1:inst4|                        ; 0 (0)             ; 8 (0)        ; 0                 ; 0            ; 0       ; 0         ; 0         ; 0    ; 0            ; |stack_unit|stack_memory:inst|lpm_ff1:inst4                                                               ; work         ;
;          |lpm_ff:lpm_ff_component|           ; 0 (0)             ; 8 (8)        ; 0                 ; 0            ; 0       ; 0         ; 0         ; 0    ; 0            ; |stack_unit|stack_memory:inst|lpm_ff1:inst4|lpm_ff:lpm_ff_component                                       ; work         ;
;       |lpm_ff2:inst5|                        ; 0 (0)             ; 8 (0)        ; 0                 ; 0            ; 0       ; 0         ; 0         ; 0    ; 0            ; |stack_unit|stack_memory:inst|lpm_ff2:inst5                                                               ; work         ;
;          |lpm_ff:lpm_ff_component|           ; 0 (0)             ; 8 (8)        ; 0                 ; 0            ; 0       ; 0         ; 0         ; 0    ; 0            ; |stack_unit|stack_memory:inst|lpm_ff2:inst5|lpm_ff:lpm_ff_component                                       ; work         ;
;       |lpm_ff3:inst6|                        ; 0 (0)             ; 8 (0)        ; 0                 ; 0            ; 0       ; 0         ; 0         ; 0    ; 0            ; |stack_unit|stack_memory:inst|lpm_ff3:inst6                                                               ; work         ;
;          |lpm_ff:lpm_ff_component|           ; 0 (0)             ; 8 (8)        ; 0                 ; 0            ; 0       ; 0         ; 0         ; 0    ; 0            ; |stack_unit|stack_memory:inst|lpm_ff3:inst6|lpm_ff:lpm_ff_component                                       ; work         ;
;       |lpm_ff4:inst8|                        ; 0 (0)             ; 8 (0)        ; 0                 ; 0            ; 0       ; 0         ; 0         ; 0    ; 0            ; |stack_unit|stack_memory:inst|lpm_ff4:inst8                                                               ; work         ;
;          |lpm_ff:lpm_ff_component|           ; 0 (0)             ; 8 (8)        ; 0                 ; 0            ; 0       ; 0         ; 0         ; 0    ; 0            ; |stack_unit|stack_memory:inst|lpm_ff4:inst8|lpm_ff:lpm_ff_component                                       ; work         ;
;       |lpm_ff5:inst9|                        ; 0 (0)             ; 8 (0)        ; 0                 ; 0            ; 0       ; 0         ; 0         ; 0    ; 0            ; |stack_unit|stack_memory:inst|lpm_ff5:inst9                                                               ; work         ;
;          |lpm_ff:lpm_ff_component|           ; 0 (0)             ; 8 (8)        ; 0                 ; 0            ; 0       ; 0         ; 0         ; 0    ; 0            ; |stack_unit|stack_memory:inst|lpm_ff5:inst9|lpm_ff:lpm_ff_component                                       ; work         ;
;       |lpm_mux0:inst11|                      ; 26 (0)            ; 0 (0)        ; 0                 ; 0            ; 0       ; 0         ; 0         ; 0    ; 0            ; |stack_unit|stack_memory:inst|lpm_mux0:inst11                                                             ; work         ;
;          |lpm_mux:lpm_mux_component|         ; 26 (0)            ; 0 (0)        ; 0                 ; 0            ; 0       ; 0         ; 0         ; 0    ; 0            ; |stack_unit|stack_memory:inst|lpm_mux0:inst11|lpm_mux:lpm_mux_component                                   ; work         ;
;             |mux_h4e:auto_generated|         ; 26 (26)           ; 0 (0)        ; 0                 ; 0            ; 0       ; 0         ; 0         ; 0    ; 0            ; |stack_unit|stack_memory:inst|lpm_mux0:inst11|lpm_mux:lpm_mux_component|mux_h4e:auto_generated            ; work         ;
+----------------------------------------------+-------------------+--------------+-------------------+--------------+---------+-----------+-----------+------+--------------+-----------------------------------------------------------------------------------------------------------+--------------+
Note: For table entries with two numbers listed, the numbers in parentheses indicate the number of resources of the given type used by the specific entity alone. The numbers listed outside of parentheses indicate the total resources of the given type used by the specific entity and all of its sub-entities in the hierarchy.


+-------------------------------------------------------------------------------------------------------------------+
; Registers Removed During Synthesis                                                                                ;
+---------------------------------------------------------------------+---------------------------------------------+
; Register name                                                       ; Reason for Removal                          ;
+---------------------------------------------------------------------+---------------------------------------------+
; stack_memory:inst|lpm_ff6:inst10|lpm_ff:lpm_ff_component|dffs[0..7] ; Stuck at GND due to stuck port clock_enable ;
; Total Number of Removed Registers = 8                               ;                                             ;
+---------------------------------------------------------------------+---------------------------------------------+


+------------------------------------------------------+
; General Register Statistics                          ;
+----------------------------------------------+-------+
; Statistic                                    ; Value ;
+----------------------------------------------+-------+
; Total registers                              ; 51    ;
; Number of registers using Synchronous Clear  ; 0     ;
; Number of registers using Synchronous Load   ; 0     ;
; Number of registers using Asynchronous Clear ; 0     ;
; Number of registers using Asynchronous Load  ; 0     ;
; Number of registers using Clock Enable       ; 51    ;
; Number of registers using Preset             ; 0     ;
+----------------------------------------------+-------+


+-----------------------------------------------------------------------------------------------------------------------------------------------------------------------------------------------------------------------------------+
; Multiplexer Restructuring Statistics (Restructuring Performed)                                                                                                                                                                    ;
+--------------------+-----------+---------------+----------------------+------------------------+------------+---------------------------------------------------------------------------------------------------------------------+
; Multiplexer Inputs ; Bus Width ; Baseline Area ; Area if Restructured ; Saving if Restructured ; Registered ; Example Multiplexer Output                                                                                          ;
+--------------------+-----------+---------------+----------------------+------------------------+------------+---------------------------------------------------------------------------------------------------------------------+
; 7:1                ; 8 bits    ; 32 ALUTs      ; 32 ALUTs             ; 0 ALUTs                ; No         ; |stack_unit|stack_memory:inst|lpm_mux0:inst11|lpm_mux:lpm_mux_component|mux_h4e:auto_generated|l3_w7_n0_mux_dataout ;
+--------------------+-----------+---------------+----------------------+------------------------+------------+---------------------------------------------------------------------------------------------------------------------+


+----------------------------------------------------------------------------------------------+
; Source assignments for stack_memory:inst|lpm_counter0:inst|lpm_counter:lpm_counter_component ;
+---------------------------+-------+------+---------------------------------------------------+
; Assignment                ; Value ; From ; To                                                ;
+---------------------------+-------+------+---------------------------------------------------+
; SUPPRESS_DA_RULE_INTERNAL ; a101  ; -    ; -                                                 ;
; SUPPRESS_DA_RULE_INTERNAL ; s102  ; -    ; -                                                 ;
; SUPPRESS_DA_RULE_INTERNAL ; s103  ; -    ; -                                                 ;
+---------------------------+-------+------+---------------------------------------------------+


+--------------------------------------------------------------------------------------------------------------------+
; Parameter Settings for User Entity Instance: stack_memory:inst|lpm_counter0:inst|lpm_counter:lpm_counter_component ;
+------------------------+------------+------------------------------------------------------------------------------+
; Parameter Name         ; Value      ; Type                                                                         ;
+------------------------+------------+------------------------------------------------------------------------------+
; AUTO_CARRY_CHAINS      ; ON         ; AUTO_CARRY                                                                   ;
; IGNORE_CARRY_BUFFERS   ; OFF        ; IGNORE_CARRY                                                                 ;
; AUTO_CASCADE_CHAINS    ; ON         ; AUTO_CASCADE                                                                 ;
; IGNORE_CASCADE_BUFFERS ; OFF        ; IGNORE_CASCADE                                                               ;
; LPM_WIDTH              ; 3          ; Signed Integer                                                               ;
; LPM_DIRECTION          ; DEFAULT    ; Untyped                                                                      ;
; LPM_MODULUS            ; 0          ; Untyped                                                                      ;
; LPM_AVALUE             ; UNUSED     ; Untyped                                                                      ;
; LPM_SVALUE             ; UNUSED     ; Untyped                                                                      ;
; LPM_PORT_UPDOWN        ; PORT_USED  ; Untyped                                                                      ;
; DEVICE_FAMILY          ; Stratix II ; Untyped                                                                      ;
; CARRY_CHAIN            ; MANUAL     ; Untyped                                                                      ;
; CARRY_CHAIN_LENGTH     ; 48         ; CARRY_CHAIN_LENGTH                                                           ;
; NOT_GATE_PUSH_BACK     ; ON         ; NOT_GATE_PUSH_BACK                                                           ;
; CARRY_CNT_EN           ; SMART      ; Untyped                                                                      ;
; LABWIDE_SCLR           ; ON         ; Untyped                                                                      ;
; USE_NEW_VERSION        ; TRUE       ; Untyped                                                                      ;
; CBXI_PARAMETER         ; cntr_g1h   ; Untyped                                                                      ;
+------------------------+------------+------------------------------------------------------------------------------+
Note: In order to hide this table in the UI and the text report file, please set the "Show Parameter Settings Tables in Synthesis Report" option in "Analysis and Synthesis Settings -> More Settings" to "Off".


+----------------------------------------------------------------------------------------------------------+
; Parameter Settings for User Entity Instance: stack_memory:inst|lpm_mux0:inst11|LPM_MUX:lpm_mux_component ;
+------------------------+------------+--------------------------------------------------------------------+
; Parameter Name         ; Value      ; Type                                                               ;
+------------------------+------------+--------------------------------------------------------------------+
; AUTO_CARRY_CHAINS      ; ON         ; AUTO_CARRY                                                         ;
; IGNORE_CARRY_BUFFERS   ; OFF        ; IGNORE_CARRY                                                       ;
; AUTO_CASCADE_CHAINS    ; ON         ; AUTO_CASCADE                                                       ;
; IGNORE_CASCADE_BUFFERS ; OFF        ; IGNORE_CASCADE                                                     ;
; LPM_WIDTH              ; 8          ; Signed Integer                                                     ;
; LPM_SIZE               ; 8          ; Signed Integer                                                     ;
; LPM_WIDTHS             ; 3          ; Signed Integer                                                     ;
; LPM_PIPELINE           ; 0          ; Signed Integer                                                     ;
; CBXI_PARAMETER         ; mux_h4e    ; Untyped                                                            ;
; DEVICE_FAMILY          ; Stratix II ; Untyped                                                            ;
+------------------------+------------+--------------------------------------------------------------------+
Note: In order to hide this table in the UI and the text report file, please set the "Show Parameter Settings Tables in Synthesis Report" option in "Analysis and Synthesis Settings -> More Settings" to "Off".


+------------------------------------------------------------------------------------------------------+
; Parameter Settings for User Entity Instance: stack_memory:inst|lpm_ff0:inst3|lpm_ff:lpm_ff_component ;
+------------------------+------------+----------------------------------------------------------------+
; Parameter Name         ; Value      ; Type                                                           ;
+------------------------+------------+----------------------------------------------------------------+
; LPM_WIDTH              ; 8          ; Signed Integer                                                 ;
; LPM_AVALUE             ; UNUSED     ; Untyped                                                        ;
; LPM_SVALUE             ; UNUSED     ; Untyped                                                        ;
; LPM_FFTYPE             ; DFF        ; Untyped                                                        ;
; DEVICE_FAMILY          ; Stratix II ; Untyped                                                        ;
; CBXI_PARAMETER         ; NOTHING    ; Untyped                                                        ;
; AUTO_CARRY_CHAINS      ; ON         ; AUTO_CARRY                                                     ;
; IGNORE_CARRY_BUFFERS   ; OFF        ; IGNORE_CARRY                                                   ;
; AUTO_CASCADE_CHAINS    ; ON         ; AUTO_CASCADE                                                   ;
; IGNORE_CASCADE_BUFFERS ; OFF        ; IGNORE_CASCADE                                                 ;
+------------------------+------------+----------------------------------------------------------------+
Note: In order to hide this table in the UI and the text report file, please set the "Show Parameter Settings Tables in Synthesis Report" option in "Analysis and Synthesis Settings -> More Settings" to "Off".


+------------------------------------------------------------------------------------------------------------------+
; Parameter Settings for User Entity Instance: stack_memory:inst|lpm_decode0:inst2|lpm_decode:lpm_decode_component ;
+------------------------+------------+----------------------------------------------------------------------------+
; Parameter Name         ; Value      ; Type                                                                       ;
+------------------------+------------+----------------------------------------------------------------------------+
; LPM_WIDTH              ; 3          ; Signed Integer                                                             ;
; LPM_DECODES            ; 8          ; Signed Integer                                                             ;
; LPM_PIPELINE           ; 0          ; Untyped                                                                    ;
; CASCADE_CHAIN          ; MANUAL     ; Untyped                                                                    ;
; DEVICE_FAMILY          ; Stratix II ; Untyped                                                                    ;
; CBXI_PARAMETER         ; decode_5sf ; Untyped                                                                    ;
; AUTO_CARRY_CHAINS      ; ON         ; AUTO_CARRY                                                                 ;
; IGNORE_CARRY_BUFFERS   ; OFF        ; IGNORE_CARRY                                                               ;
; AUTO_CASCADE_CHAINS    ; ON         ; AUTO_CASCADE                                                               ;
; IGNORE_CASCADE_BUFFERS ; OFF        ; IGNORE_CASCADE                                                             ;
+------------------------+------------+----------------------------------------------------------------------------+
Note: In order to hide this table in the UI and the text report file, please set the "Show Parameter Settings Tables in Synthesis Report" option in "Analysis and Synthesis Settings -> More Settings" to "Off".


+------------------------------------------------------------------------------------------------------+
; Parameter Settings for User Entity Instance: stack_memory:inst|lpm_ff1:inst4|lpm_ff:lpm_ff_component ;
+------------------------+------------+----------------------------------------------------------------+
; Parameter Name         ; Value      ; Type                                                           ;
+------------------------+------------+----------------------------------------------------------------+
; LPM_WIDTH              ; 8          ; Signed Integer                                                 ;
; LPM_AVALUE             ; UNUSED     ; Untyped                                                        ;
; LPM_SVALUE             ; UNUSED     ; Untyped                                                        ;
; LPM_FFTYPE             ; DFF        ; Untyped                                                        ;
; DEVICE_FAMILY          ; Stratix II ; Untyped                                                        ;
; CBXI_PARAMETER         ; NOTHING    ; Untyped                                                        ;
; AUTO_CARRY_CHAINS      ; ON         ; AUTO_CARRY                                                     ;
; IGNORE_CARRY_BUFFERS   ; OFF        ; IGNORE_CARRY                                                   ;
; AUTO_CASCADE_CHAINS    ; ON         ; AUTO_CASCADE                                                   ;
; IGNORE_CASCADE_BUFFERS ; OFF        ; IGNORE_CASCADE                                                 ;
+------------------------+------------+----------------------------------------------------------------+
Note: In order to hide this table in the UI and the text report file, please set the "Show Parameter Settings Tables in Synthesis Report" option in "Analysis and Synthesis Settings -> More Settings" to "Off".


+------------------------------------------------------------------------------------------------------+
; Parameter Settings for User Entity Instance: stack_memory:inst|lpm_ff2:inst5|lpm_ff:lpm_ff_component ;
+------------------------+------------+----------------------------------------------------------------+
; Parameter Name         ; Value      ; Type                                                           ;
+------------------------+------------+----------------------------------------------------------------+
; LPM_WIDTH              ; 8          ; Signed Integer                                                 ;
; LPM_AVALUE             ; UNUSED     ; Untyped                                                        ;
; LPM_SVALUE             ; UNUSED     ; Untyped                                                        ;
; LPM_FFTYPE             ; DFF        ; Untyped                                                        ;
; DEVICE_FAMILY          ; Stratix II ; Untyped                                                        ;
; CBXI_PARAMETER         ; NOTHING    ; Untyped                                                        ;
; AUTO_CARRY_CHAINS      ; ON         ; AUTO_CARRY                                                     ;
; IGNORE_CARRY_BUFFERS   ; OFF        ; IGNORE_CARRY                                                   ;
; AUTO_CASCADE_CHAINS    ; ON         ; AUTO_CASCADE                                                   ;
; IGNORE_CASCADE_BUFFERS ; OFF        ; IGNORE_CASCADE                                                 ;
+------------------------+------------+----------------------------------------------------------------+
Note: In order to hide this table in the UI and the text report file, please set the "Show Parameter Settings Tables in Synthesis Report" option in "Analysis and Synthesis Settings -> More Settings" to "Off".


+------------------------------------------------------------------------------------------------------+
; Parameter Settings for User Entity Instance: stack_memory:inst|lpm_ff3:inst6|lpm_ff:lpm_ff_component ;
+------------------------+------------+----------------------------------------------------------------+
; Parameter Name         ; Value      ; Type                                                           ;
+------------------------+------------+----------------------------------------------------------------+
; LPM_WIDTH              ; 8          ; Signed Integer                                                 ;
; LPM_AVALUE             ; UNUSED     ; Untyped                                                        ;
; LPM_SVALUE             ; UNUSED     ; Untyped                                                        ;
; LPM_FFTYPE             ; DFF        ; Untyped                                                        ;
; DEVICE_FAMILY          ; Stratix II ; Untyped                                                        ;
; CBXI_PARAMETER         ; NOTHING    ; Untyped                                                        ;
; AUTO_CARRY_CHAINS      ; ON         ; AUTO_CARRY                                                     ;
; IGNORE_CARRY_BUFFERS   ; OFF        ; IGNORE_CARRY                                                   ;
; AUTO_CASCADE_CHAINS    ; ON         ; AUTO_CASCADE                                                   ;
; IGNORE_CASCADE_BUFFERS ; OFF        ; IGNORE_CASCADE                                                 ;
+------------------------+------------+----------------------------------------------------------------+
Note: In order to hide this table in the UI and the text report file, please set the "Show Parameter Settings Tables in Synthesis Report" option in "Analysis and Synthesis Settings -> More Settings" to "Off".


+------------------------------------------------------------------------------------------------------+
; Parameter Settings for User Entity Instance: stack_memory:inst|lpm_ff4:inst8|lpm_ff:lpm_ff_component ;
+------------------------+------------+----------------------------------------------------------------+
; Parameter Name         ; Value      ; Type                                                           ;
+------------------------+------------+----------------------------------------------------------------+
; LPM_WIDTH              ; 8          ; Signed Integer                                                 ;
; LPM_AVALUE             ; UNUSED     ; Untyped                                                        ;
; LPM_SVALUE             ; UNUSED     ; Untyped                                                        ;
; LPM_FFTYPE             ; DFF        ; Untyped                                                        ;
; DEVICE_FAMILY          ; Stratix II ; Untyped                                                        ;
; CBXI_PARAMETER         ; NOTHING    ; Untyped                                                        ;
; AUTO_CARRY_CHAINS      ; ON         ; AUTO_CARRY                                                     ;
; IGNORE_CARRY_BUFFERS   ; OFF        ; IGNORE_CARRY                                                   ;
; AUTO_CASCADE_CHAINS    ; ON         ; AUTO_CASCADE                                                   ;
; IGNORE_CASCADE_BUFFERS ; OFF        ; IGNORE_CASCADE                                                 ;
+------------------------+------------+----------------------------------------------------------------+
Note: In order to hide this table in the UI and the text report file, please set the "Show Parameter Settings Tables in Synthesis Report" option in "Analysis and Synthesis Settings -> More Settings" to "Off".


+------------------------------------------------------------------------------------------------------+
; Parameter Settings for User Entity Instance: stack_memory:inst|lpm_ff5:inst9|lpm_ff:lpm_ff_component ;
+------------------------+------------+----------------------------------------------------------------+
; Parameter Name         ; Value      ; Type                                                           ;
+------------------------+------------+----------------------------------------------------------------+
; LPM_WIDTH              ; 8          ; Signed Integer                                                 ;
; LPM_AVALUE             ; UNUSED     ; Untyped                                                        ;
; LPM_SVALUE             ; UNUSED     ; Untyped                                                        ;
; LPM_FFTYPE             ; DFF        ; Untyped                                                        ;
; DEVICE_FAMILY          ; Stratix II ; Untyped                                                        ;
; CBXI_PARAMETER         ; NOTHING    ; Untyped                                                        ;
; AUTO_CARRY_CHAINS      ; ON         ; AUTO_CARRY                                                     ;
; IGNORE_CARRY_BUFFERS   ; OFF        ; IGNORE_CARRY                                                   ;
; AUTO_CASCADE_CHAINS    ; ON         ; AUTO_CASCADE                                                   ;
; IGNORE_CASCADE_BUFFERS ; OFF        ; IGNORE_CASCADE                                                 ;
+------------------------+------------+----------------------------------------------------------------+
Note: In order to hide this table in the UI and the text report file, please set the "Show Parameter Settings Tables in Synthesis Report" option in "Analysis and Synthesis Settings -> More Settings" to "Off".


+-------------------------------------------------------------------------------------------------------+
; Parameter Settings for User Entity Instance: stack_memory:inst|lpm_ff6:inst10|lpm_ff:lpm_ff_component ;
+------------------------+------------+-----------------------------------------------------------------+
; Parameter Name         ; Value      ; Type                                                            ;
+------------------------+------------+-----------------------------------------------------------------+
; LPM_WIDTH              ; 8          ; Signed Integer                                                  ;
; LPM_AVALUE             ; UNUSED     ; Untyped                                                         ;
; LPM_SVALUE             ; UNUSED     ; Untyped                                                         ;
; LPM_FFTYPE             ; DFF        ; Untyped                                                         ;
; DEVICE_FAMILY          ; Stratix II ; Untyped                                                         ;
; CBXI_PARAMETER         ; NOTHING    ; Untyped                                                         ;
; AUTO_CARRY_CHAINS      ; ON         ; AUTO_CARRY                                                      ;
; IGNORE_CARRY_BUFFERS   ; OFF        ; IGNORE_CARRY                                                    ;
; AUTO_CASCADE_CHAINS    ; ON         ; AUTO_CASCADE                                                    ;
; IGNORE_CASCADE_BUFFERS ; OFF        ; IGNORE_CASCADE                                                  ;
+------------------------+------------+-----------------------------------------------------------------+
Note: In order to hide this table in the UI and the text report file, please set the "Show Parameter Settings Tables in Synthesis Report" option in "Analysis and Synthesis Settings -> More Settings" to "Off".


+-------------------------------------------------------------------------------------------------------------------+
; Parameter Settings for User Entity Instance: stack_control:inst1|lpm_decode1:inst|lpm_decode:lpm_decode_component ;
+------------------------+------------+-----------------------------------------------------------------------------+
; Parameter Name         ; Value      ; Type                                                                        ;
+------------------------+------------+-----------------------------------------------------------------------------+
; LPM_WIDTH              ; 2          ; Signed Integer                                                              ;
; LPM_DECODES            ; 4          ; Signed Integer                                                              ;
; LPM_PIPELINE           ; 0          ; Untyped                                                                     ;
; CASCADE_CHAIN          ; MANUAL     ; Untyped                                                                     ;
; DEVICE_FAMILY          ; Stratix II ; Untyped                                                                     ;
; CBXI_PARAMETER         ; decode_0sf ; Untyped                                                                     ;
; AUTO_CARRY_CHAINS      ; ON         ; AUTO_CARRY                                                                  ;
; IGNORE_CARRY_BUFFERS   ; OFF        ; IGNORE_CARRY                                                                ;
; AUTO_CASCADE_CHAINS    ; ON         ; AUTO_CASCADE                                                                ;
; IGNORE_CASCADE_BUFFERS ; OFF        ; IGNORE_CASCADE                                                              ;
+------------------------+------------+-----------------------------------------------------------------------------+
Note: In order to hide this table in the UI and the text report file, please set the "Show Parameter Settings Tables in Synthesis Report" option in "Analysis and Synthesis Settings -> More Settings" to "Off".


+-------------------------------+
; Analysis & Synthesis Messages ;
+-------------------------------+
Info: *******************************************************************
Info: Running Quartus II Analysis & Synthesis
    Info: Version 9.1 Build 222 10/21/2009 SJ Web Edition
    Info: Processing started: Thu Apr 30 18:14:01 2026
Info: Command: quartus_map --read_settings_files=on --write_settings_files=off lab6_var4_v1 -c lab6_var4_v1
Info: Found 2 design units, including 1 entities, in source file lpm_counter0.vhd
    Info: Found design unit 1: lpm_counter0-SYN
    Info: Found entity 1: lpm_counter0
Info: Found 1 design units, including 1 entities, in source file lab6_var4_v1.bdf
    Info: Found entity 1: lab6_var4_v1
Info: Found 2 design units, including 1 entities, in source file lpm_decode0.vhd
    Info: Found design unit 1: lpm_decode0-SYN
    Info: Found entity 1: lpm_decode0
Info: Found 2 design units, including 1 entities, in source file lpm_ff0.vhd
    Info: Found design unit 1: lpm_ff0-SYN
    Info: Found entity 1: lpm_ff0
Info: Found 2 design units, including 1 entities, in source file lpm_ff1.vhd
    Info: Found design unit 1: lpm_ff1-SYN
    Info: Found entity 1: lpm_ff1
Info: Found 2 design units, including 1 entities, in source file lpm_ff2.vhd
    Info: Found design unit 1: lpm_ff2-SYN
    Info: Found entity 1: lpm_ff2
Info: Found 2 design units, including 1 entities, in source file lpm_ff3.vhd
    Info: Found design unit 1: lpm_ff3-SYN
    Info: Found entity 1: lpm_ff3
Info: Found 2 design units, including 1 entities, in source file lpm_ff4.vhd
    Info: Found design unit 1: lpm_ff4-SYN
    Info: Found entity 1: lpm_ff4
Info: Found 2 design units, including 1 entities, in source file lpm_ff5.vhd
    Info: Found design unit 1: lpm_ff5-SYN
    Info: Found entity 1: lpm_ff5
Info: Found 2 design units, including 1 entities, in source file lpm_ff6.vhd
    Info: Found design unit 1: lpm_ff6-SYN
    Info: Found entity 1: lpm_ff6
Info: Found 2 design units, including 1 entities, in source file lpm_mux0.vhd
    Info: Found design unit 1: lpm_mux0-SYN
    Info: Found entity 1: lpm_mux0
Info: Found 2 design units, including 1 entities, in source file lpm_constant0.vhd
    Info: Found design unit 1: lpm_constant0-SYN
    Info: Found entity 1: lpm_constant0
Info: Found 1 design units, including 1 entities, in source file stack_memory.bdf
    Info: Found entity 1: stack_memory
Info: Found 1 design units, including 1 entities, in source file stack_control.bdf
    Info: Found entity 1: stack_control
Info: Found 2 design units, including 1 entities, in source file lpm_decode1.vhd
    Info: Found design unit 1: lpm_decode1-SYN
    Info: Found entity 1: lpm_decode1
Info: Found 1 design units, including 1 entities, in source file stack_unit.bdf
    Info: Found entity 1: stack_unit
Info: Elaborating entity "stack_unit" for the top level hierarchy
Info: Elaborating entity "stack_memory" for hierarchy "stack_memory:inst"
Info: Elaborating entity "lpm_counter0" for hierarchy "stack_memory:inst|lpm_counter0:inst"
Info: Elaborating entity "lpm_counter" for hierarchy "stack_memory:inst|lpm_counter0:inst|lpm_counter:lpm_counter_component"
Info: Elaborated megafunction instantiation "stack_memory:inst|lpm_counter0:inst|lpm_counter:lpm_counter_component"
Info: Instantiated megafunction "stack_memory:inst|lpm_counter0:inst|lpm_counter:lpm_counter_component" with the following parameter:
    Info: Parameter "lpm_direction" = "UNUSED"
    Info: Parameter "lpm_port_updown" = "PORT_USED"
    Info: Parameter "lpm_type" = "LPM_COUNTER"
    Info: Parameter "lpm_width" = "3"
Info: Found 1 design units, including 1 entities, in source file db/cntr_g1h.tdf
    Info: Found entity 1: cntr_g1h
Info: Elaborating entity "cntr_g1h" for hierarchy "stack_memory:inst|lpm_counter0:inst|lpm_counter:lpm_counter_component|cntr_g1h:auto_generated"
Info: Elaborating entity "lpm_mux0" for hierarchy "stack_memory:inst|lpm_mux0:inst11"
Info: Elaborating entity "LPM_MUX" for hierarchy "stack_memory:inst|lpm_mux0:inst11|LPM_MUX:lpm_mux_component"
Info: Elaborated megafunction instantiation "stack_memory:inst|lpm_mux0:inst11|LPM_MUX:lpm_mux_component"
Info: Instantiated megafunction "stack_memory:inst|lpm_mux0:inst11|LPM_MUX:lpm_mux_component" with the following parameter:
    Info: Parameter "LPM_WIDTH" = "8"
    Info: Parameter "LPM_SIZE" = "8"
    Info: Parameter "LPM_WIDTHS" = "3"
    Info: Parameter "LPM_PIPELINE" = "0"
    Info: Parameter "LPM_TYPE" = "LPM_MUX"
    Info: Parameter "LPM_HINT" = "UNUSED"
Info: Found 1 design units, including 1 entities, in source file db/mux_h4e.tdf
    Info: Found entity 1: mux_h4e
Info: Elaborating entity "mux_h4e" for hierarchy "stack_memory:inst|lpm_mux0:inst11|LPM_MUX:lpm_mux_component|mux_h4e:auto_generated"
Info: Elaborating entity "lpm_ff0" for hierarchy "stack_memory:inst|lpm_ff0:inst3"
Info: Elaborating entity "lpm_ff" for hierarchy "stack_memory:inst|lpm_ff0:inst3|lpm_ff:lpm_ff_component"
Info: Elaborated megafunction instantiation "stack_memory:inst|lpm_ff0:inst3|lpm_ff:lpm_ff_component"
Info: Instantiated megafunction "stack_memory:inst|lpm_ff0:inst3|lpm_ff:lpm_ff_component" with the following parameter:
    Info: Parameter "lpm_fftype" = "DFF"
    Info: Parameter "lpm_type" = "LPM_FF"
    Info: Parameter "lpm_width" = "8"
Info: Elaborating entity "lpm_decode0" for hierarchy "stack_memory:inst|lpm_decode0:inst2"
Info: Elaborating entity "lpm_decode" for hierarchy "stack_memory:inst|lpm_decode0:inst2|lpm_decode:lpm_decode_component"
Info: Elaborated megafunction instantiation "stack_memory:inst|lpm_decode0:inst2|lpm_decode:lpm_decode_component"
Info: Instantiated megafunction "stack_memory:inst|lpm_decode0:inst2|lpm_decode:lpm_decode_component" with the following parameter:
    Info: Parameter "lpm_decodes" = "8"
    Info: Parameter "lpm_type" = "LPM_DECODE"
    Info: Parameter "lpm_width" = "3"
Info: Found 1 design units, including 1 entities, in source file db/decode_5sf.tdf
    Info: Found entity 1: decode_5sf
Info: Elaborating entity "decode_5sf" for hierarchy "stack_memory:inst|lpm_decode0:inst2|lpm_decode:lpm_decode_component|decode_5sf:auto_generated"
Info: Elaborating entity "lpm_ff1" for hierarchy "stack_memory:inst|lpm_ff1:inst4"
Info: Elaborating entity "lpm_ff2" for hierarchy "stack_memory:inst|lpm_ff2:inst5"
Info: Elaborating entity "lpm_ff3" for hierarchy "stack_memory:inst|lpm_ff3:inst6"
Info: Elaborating entity "lpm_ff4" for hierarchy "stack_memory:inst|lpm_ff4:inst8"
Info: Elaborating entity "lpm_ff5" for hierarchy "stack_memory:inst|lpm_ff5:inst9"
Info: Elaborating entity "lpm_ff6" for hierarchy "stack_memory:inst|lpm_ff6:inst10"
Info: Elaborating entity "stack_control" for hierarchy "stack_control:inst1"
Info: Elaborating entity "lpm_decode1" for hierarchy "stack_control:inst1|lpm_decode1:inst"
Info: Elaborating entity "lpm_decode" for hierarchy "stack_control:inst1|lpm_decode1:inst|lpm_decode:lpm_decode_component"
Info: Elaborated megafunction instantiation "stack_control:inst1|lpm_decode1:inst|lpm_decode:lpm_decode_component"
Info: Instantiated megafunction "stack_control:inst1|lpm_decode1:inst|lpm_decode:lpm_decode_component" with the following parameter:
    Info: Parameter "lpm_decodes" = "4"
    Info: Parameter "lpm_type" = "LPM_DECODE"
    Info: Parameter "lpm_width" = "2"
Info: Found 1 design units, including 1 entities, in source file db/decode_0sf.tdf
    Info: Found entity 1: decode_0sf
Info: Elaborating entity "decode_0sf" for hierarchy "stack_control:inst1|lpm_decode1:inst|lpm_decode:lpm_decode_component|decode_0sf:auto_generated"
Info: Implemented 109 device resources after synthesis - the final resource count might be different
    Info: Implemented 12 input pins
    Info: Implemented 10 output pins
    Info: Implemented 87 logic cells
Info: Quartus II Analysis & Synthesis was successful. 0 errors, 0 warnings
    Info: Peak virtual memory: 260 megabytes
    Info: Processing ended: Thu Apr 30 18:14:03 2026
    Info: Elapsed time: 00:00:02
    Info: Total CPU time (on all processors): 00:00:03


