Analysis & Synthesis report for laba7_var1
Tue Apr 28 01:49:03 2026
Quartus II Version 9.1 Build 222 10/21/2009 SJ Web Edition


---------------------
; Table of Contents ;
---------------------
  1. Legal Notice
  2. Analysis & Synthesis Summary
  3. Analysis & Synthesis Settings
  4. Parallel Compilation
  5. Analysis & Synthesis Source Files Read
  6. Analysis & Synthesis Resource Usage Summary
  7. Analysis & Synthesis Resource Utilization by Entity
  8. Logic Cells Representing Combinational Loops
  9. General Register Statistics
 10. Source assignments for master_block_4:inst9|lpm_counter3:inst2|lpm_counter:lpm_counter_component
 11. Source assignments for master_block_3:inst7|lpm_counter2:inst1|lpm_counter:lpm_counter_component
 12. Source assignments for master_block_2:inst3|lpm_counter0:inst|lpm_counter:lpm_counter_component
 13. Source assignments for master_block_1:inst|lpm_counter1:inst1|lpm_counter:lpm_counter_component
 14. Parameter Settings for User Entity Instance: master_block_4:inst9|lpm_counter3:inst2|lpm_counter:lpm_counter_component
 15. Parameter Settings for User Entity Instance: master_block_4:inst9|lpm_bustri0:inst4|lpm_bustri:lpm_bustri_component
 16. Parameter Settings for User Entity Instance: master_block_3:inst7|lpm_counter2:inst1|lpm_counter:lpm_counter_component
 17. Parameter Settings for User Entity Instance: master_block_3:inst7|lpm_bustri0:inst4|lpm_bustri:lpm_bustri_component
 18. Parameter Settings for User Entity Instance: master_block_2:inst3|lpm_counter0:inst|lpm_counter:lpm_counter_component
 19. Parameter Settings for User Entity Instance: master_block_2:inst3|lpm_bustri0:inst4|lpm_bustri:lpm_bustri_component
 20. Parameter Settings for User Entity Instance: master_block_1:inst|lpm_counter1:inst1|lpm_counter:lpm_counter_component
 21. Parameter Settings for User Entity Instance: master_block_1:inst|lpm_bustri0:inst4|lpm_bustri:lpm_bustri_component
 22. Parameter Settings for User Entity Instance: lpm_ff0:inst10|lpm_ff:lpm_ff_component
 23. Analysis & Synthesis Messages



----------------
; Legal Notice ;
----------------
Copyright (C) 1991-2009 Altera Corporation
Your use of Altera Corporation's design tools, logic functions 
and other software and tools, and its AMPP partner logic 
functions, and any output files from any of the foregoing 
(including device programming or simulation files), and any 
associated documentation or information are expressly subject 
to the terms and conditions of the Altera Program License 
Subscription Agreement, Altera MegaCore Function License 
Agreement, or other applicable license agreement, including, 
without limitation, that your use is for the sole purpose of 
programming logic devices manufactured by Altera and sold by 
Altera or its authorized distributors.  Please refer to the 
applicable agreement for further details.



+-------------------------------------------------------------------------+
; Analysis & Synthesis Summary                                            ;
+-------------------------------+-----------------------------------------+
; Analysis & Synthesis Status   ; Successful - Tue Apr 28 01:49:03 2026   ;
; Quartus II Version            ; 9.1 Build 222 10/21/2009 SJ Web Edition ;
; Revision Name                 ; laba7_var1                              ;
; Top-level Entity Name         ; laba7_var1                              ;
; Family                        ; Stratix II                              ;
; Logic utilization             ; N/A                                     ;
;     Combinational ALUTs       ; 35                                      ;
;     Dedicated logic registers ; 17                                      ;
; Total registers               ; 17                                      ;
; Total pins                    ; 11                                      ;
; Total virtual pins            ; 0                                       ;
; Total block memory bits       ; 0                                       ;
; DSP block 9-bit elements      ; 0                                       ;
; Total PLLs                    ; 0                                       ;
; Total DLLs                    ; 0                                       ;
+-------------------------------+-----------------------------------------+


+----------------------------------------------------------------------------------------------------------------------+
; Analysis & Synthesis Settings                                                                                        ;
+----------------------------------------------------------------------------+--------------------+--------------------+
; Option                                                                     ; Setting            ; Default Value      ;
+----------------------------------------------------------------------------+--------------------+--------------------+
; Top-level entity name                                                      ; laba7_var1         ; laba7_var1         ;
; Family name                                                                ; Stratix II         ; Stratix II         ;
; Use Generated Physical Constraints File                                    ; Off                ;                    ;
; Use smart compilation                                                      ; Off                ; Off                ;
; Enable parallel Assembler and TimeQuest Timing Analyzer during compilation ; On                 ; On                 ;
; Enable compact report table                                                ; Off                ; Off                ;
; Restructure Multiplexers                                                   ; Auto               ; Auto               ;
; Create Debugging Nodes for IP Cores                                        ; Off                ; Off                ;
; Preserve fewer node names                                                  ; On                 ; On                 ;
; Disable OpenCore Plus hardware evaluation                                  ; Off                ; Off                ;
; Verilog Version                                                            ; Verilog_2001       ; Verilog_2001       ;
; VHDL Version                                                               ; VHDL_1993          ; VHDL_1993          ;
; State Machine Processing                                                   ; Auto               ; Auto               ;
; Safe State Machine                                                         ; Off                ; Off                ;
; Extract Verilog State Machines                                             ; On                 ; On                 ;
; Extract VHDL State Machines                                                ; On                 ; On                 ;
; Ignore Verilog initial constructs                                          ; Off                ; Off                ;
; Iteration limit for constant Verilog loops                                 ; 5000               ; 5000               ;
; Iteration limit for non-constant Verilog loops                             ; 250                ; 250                ;
; Add Pass-Through Logic to Inferred RAMs                                    ; On                 ; On                 ;
; Parallel Synthesis                                                         ; On                 ; On                 ;
; DSP Block Balancing                                                        ; Auto               ; Auto               ;
; NOT Gate Push-Back                                                         ; On                 ; On                 ;
; Power-Up Don't Care                                                        ; On                 ; On                 ;
; Remove Redundant Logic Cells                                               ; Off                ; Off                ;
; Remove Duplicate Registers                                                 ; On                 ; On                 ;
; Ignore CARRY Buffers                                                       ; Off                ; Off                ;
; Ignore CASCADE Buffers                                                     ; Off                ; Off                ;
; Ignore GLOBAL Buffers                                                      ; Off                ; Off                ;
; Ignore ROW GLOBAL Buffers                                                  ; Off                ; Off                ;
; Ignore LCELL Buffers                                                       ; Off                ; Off                ;
; Ignore SOFT Buffers                                                        ; On                 ; On                 ;
; Limit AHDL Integers to 32 Bits                                             ; Off                ; Off                ;
; Optimization Technique                                                     ; Balanced           ; Balanced           ;
; Carry Chain Length                                                         ; 70                 ; 70                 ;
; Auto Carry Chains                                                          ; On                 ; On                 ;
; Auto Open-Drain Pins                                                       ; On                 ; On                 ;
; Perform WYSIWYG Primitive Resynthesis                                      ; Off                ; Off                ;
; Auto ROM Replacement                                                       ; On                 ; On                 ;
; Auto RAM Replacement                                                       ; On                 ; On                 ;
; Auto DSP Block Replacement                                                 ; On                 ; On                 ;
; Auto Shift Register Replacement                                            ; Auto               ; Auto               ;
; Auto Clock Enable Replacement                                              ; On                 ; On                 ;
; Strict RAM Replacement                                                     ; Off                ; Off                ;
; Allow Synchronous Control Signals                                          ; On                 ; On                 ;
; Force Use of Synchronous Clear Signals                                     ; Off                ; Off                ;
; Auto RAM Block Balancing                                                   ; On                 ; On                 ;
; Auto RAM to Logic Cell Conversion                                          ; Off                ; Off                ;
; Auto Resource Sharing                                                      ; Off                ; Off                ;
; Allow Any RAM Size For Recognition                                         ; Off                ; Off                ;
; Allow Any ROM Size For Recognition                                         ; Off                ; Off                ;
; Allow Any Shift Register Size For Recognition                              ; Off                ; Off                ;
; Use LogicLock Constraints during Resource Balancing                        ; On                 ; On                 ;
; Ignore translate_off and synthesis_off directives                          ; Off                ; Off                ;
; Timing-Driven Synthesis                                                    ; Off                ; Off                ;
; Show Parameter Settings Tables in Synthesis Report                         ; On                 ; On                 ;
; Ignore Maximum Fan-Out Assignments                                         ; Off                ; Off                ;
; Synchronization Register Chain Length                                      ; 2                  ; 2                  ;
; PowerPlay Power Optimization                                               ; Normal compilation ; Normal compilation ;
; HDL message level                                                          ; Level2             ; Level2             ;
; Suppress Register Optimization Related Messages                            ; Off                ; Off                ;
; Number of Removed Registers Reported in Synthesis Report                   ; 100                ; 100                ;
; Number of Inverted Registers Reported in Synthesis Report                  ; 100                ; 100                ;
; Clock MUX Protection                                                       ; On                 ; On                 ;
; Auto Gated Clock Conversion                                                ; Off                ; Off                ;
; Block Design Naming                                                        ; Auto               ; Auto               ;
; SDC constraint protection                                                  ; Off                ; Off                ;
; Synthesis Effort                                                           ; Auto               ; Auto               ;
; Shift Register Replacement - Allow Asynchronous Clear Signal               ; On                 ; On                 ;
; Analysis & Synthesis Message Level                                         ; Medium             ; Medium             ;
; Disable Register Merging Across Hierarchies                                ; Auto               ; Auto               ;
; Resource Aware Inference For Block RAM                                     ; On                 ; On                 ;
+----------------------------------------------------------------------------+--------------------+--------------------+


Parallel compilation was disabled, but you have multiple processors available. Enable parallel compilation to reduce compilation time.
+-------------------------------------+
; Parallel Compilation                ;
+----------------------------+--------+
; Processors                 ; Number ;
+----------------------------+--------+
; Number detected on machine ; 6      ;
; Maximum allowed            ; 1      ;
+----------------------------+--------+


+----------------------------------------------------------------------------------------------------------------------------------------------------------------+
; Analysis & Synthesis Source Files Read                                                                                                                         ;
+----------------------------------+-----------------+------------------------------------+----------------------------------------------------------------------+
; File Name with User-Entered Path ; Used in Netlist ; File Type                          ; File Name with Absolute Path                                         ;
+----------------------------------+-----------------+------------------------------------+----------------------------------------------------------------------+
; laba7_var1.bdf                   ; yes             ; User Block Diagram/Schematic File  ; C:/Users/lapshet/Desktop/LABS SIFOVM/Laba 7/laba7/laba7_var1.bdf     ;
; lpm_counter0.vhd                 ; yes             ; User Wizard-Generated File         ; C:/Users/lapshet/Desktop/LABS SIFOVM/Laba 7/laba7/lpm_counter0.vhd   ;
; lpm_bustri0.vhd                  ; yes             ; User Wizard-Generated File         ; C:/Users/lapshet/Desktop/LABS SIFOVM/Laba 7/laba7/lpm_bustri0.vhd    ;
; master_block_1.bdf               ; yes             ; User Block Diagram/Schematic File  ; C:/Users/lapshet/Desktop/LABS SIFOVM/Laba 7/laba7/master_block_1.bdf ;
; master_block_2.bdf               ; yes             ; User Block Diagram/Schematic File  ; C:/Users/lapshet/Desktop/LABS SIFOVM/Laba 7/laba7/master_block_2.bdf ;
; lpm_counter2.vhd                 ; yes             ; User Wizard-Generated File         ; C:/Users/lapshet/Desktop/LABS SIFOVM/Laba 7/laba7/lpm_counter2.vhd   ;
; master_block_3.bdf               ; yes             ; User Block Diagram/Schematic File  ; C:/Users/lapshet/Desktop/LABS SIFOVM/Laba 7/laba7/master_block_3.bdf ;
; lpm_counter3.vhd                 ; yes             ; User Wizard-Generated File         ; C:/Users/lapshet/Desktop/LABS SIFOVM/Laba 7/laba7/lpm_counter3.vhd   ;
; master_block_4.bdf               ; yes             ; User Block Diagram/Schematic File  ; C:/Users/lapshet/Desktop/LABS SIFOVM/Laba 7/laba7/master_block_4.bdf ;
; lpm_ff0.vhd                      ; yes             ; User Wizard-Generated File         ; C:/Users/lapshet/Desktop/LABS SIFOVM/Laba 7/laba7/lpm_ff0.vhd        ;
; lpm_counter.tdf                  ; yes             ; Megafunction                       ; c:/altera/91/quartus/libraries/megafunctions/lpm_counter.tdf         ;
; db/cntr_sej.tdf                  ; yes             ; Auto-Generated Megafunction        ; C:/Users/lapshet/Desktop/LABS SIFOVM/Laba 7/laba7/db/cntr_sej.tdf    ;
; db/cmpr_adc.tdf                  ; yes             ; Auto-Generated Megafunction        ; C:/Users/lapshet/Desktop/LABS SIFOVM/Laba 7/laba7/db/cmpr_adc.tdf    ;
; lpm_bustri.tdf                   ; yes             ; Megafunction                       ; c:/altera/91/quartus/libraries/megafunctions/lpm_bustri.tdf          ;
; db/cntr_nej.tdf                  ; yes             ; Auto-Generated Megafunction        ; C:/Users/lapshet/Desktop/LABS SIFOVM/Laba 7/laba7/db/cntr_nej.tdf    ;
; db/cmpr_9dc.tdf                  ; yes             ; Auto-Generated Megafunction        ; C:/Users/lapshet/Desktop/LABS SIFOVM/Laba 7/laba7/db/cmpr_9dc.tdf    ;
; db/cntr_eql.tdf                  ; yes             ; Auto-Generated Megafunction        ; C:/Users/lapshet/Desktop/LABS SIFOVM/Laba 7/laba7/db/cntr_eql.tdf    ;
; lpm_counter1.vhd                 ; yes             ; Auto-Found Wizard-Generated File   ; C:/Users/lapshet/Desktop/LABS SIFOVM/Laba 7/laba7/lpm_counter1.vhd   ;
; db/cntr_ukk.tdf                  ; yes             ; Auto-Generated Megafunction        ; C:/Users/lapshet/Desktop/LABS SIFOVM/Laba 7/laba7/db/cntr_ukk.tdf    ;
; lpm_ff.tdf                       ; yes             ; Megafunction                       ; c:/altera/91/quartus/libraries/megafunctions/lpm_ff.tdf              ;
+----------------------------------+-----------------+------------------------------------+----------------------------------------------------------------------+


+-------------------------------------------------------+
; Analysis & Synthesis Resource Usage Summary           ;
+-----------------------------------------------+-------+
; Resource                                      ; Usage ;
+-----------------------------------------------+-------+
; Estimated ALUTs Used                          ; 35    ;
; Dedicated logic registers                     ; 17    ;
;                                               ;       ;
; Estimated ALUTs Unavailable                   ; 3     ;
;                                               ;       ;
; Total combinational functions                 ; 35    ;
; Combinational ALUT usage by number of inputs  ;       ;
;     -- 7 input functions                      ; 0     ;
;     -- 6 input functions                      ; 3     ;
;     -- 5 input functions                      ; 4     ;
;     -- 4 input functions                      ; 7     ;
;     -- <=3 input functions                    ; 21    ;
;                                               ;       ;
; Combinational ALUTs by mode                   ;       ;
;     -- normal mode                            ; 18    ;
;     -- extended LUT mode                      ; 0     ;
;     -- arithmetic mode                        ; 17    ;
;     -- shared arithmetic mode                 ; 0     ;
;                                               ;       ;
; Estimated ALUT/register pairs used            ; 38    ;
;                                               ;       ;
; Total registers                               ; 17    ;
;     -- Dedicated logic registers              ; 17    ;
;     -- I/O registers                          ; 0     ;
;                                               ;       ;
; Estimated ALMs:  partially or completely used ; 19    ;
;                                               ;       ;
; I/O pins                                      ; 11    ;
; Maximum fan-out node                          ; ~GND  ;
; Maximum fan-out                               ; 13    ;
; Total fan-out                                 ; 172   ;
; Average fan-out                               ; 2.73  ;
+-----------------------------------------------+-------+


+--------------------------------------------------------------------------------------------------------------------------------------------------------------------------------------------------------------------------------------------------------------------------------------------------------------------------+
; Analysis & Synthesis Resource Utilization by Entity                                                                                                                                                                                                                                                                      ;
+----------------------------------------------+-------------------+--------------+-------------------+--------------+---------+-----------+-----------+------+--------------+------------------------------------------------------------------------------------------------------------------------------+--------------+
; Compilation Hierarchy Node                   ; LC Combinationals ; LC Registers ; Block Memory Bits ; DSP Elements ; DSP 9x9 ; DSP 18x18 ; DSP 36x36 ; Pins ; Virtual Pins ; Full Hierarchy Name                                                                                                          ; Library Name ;
+----------------------------------------------+-------------------+--------------+-------------------+--------------+---------+-----------+-----------+------+--------------+------------------------------------------------------------------------------------------------------------------------------+--------------+
; |laba7_var1                                  ; 35 (2)            ; 17 (0)       ; 0                 ; 0            ; 0       ; 0         ; 0         ; 11   ; 0            ; |laba7_var1                                                                                                                  ; work         ;
;    |lpm_ff0:inst10|                          ; 0 (0)             ; 4 (0)        ; 0                 ; 0            ; 0       ; 0         ; 0         ; 0    ; 0            ; |laba7_var1|lpm_ff0:inst10                                                                                                   ; work         ;
;       |lpm_ff:lpm_ff_component|              ; 0 (0)             ; 4 (4)        ; 0                 ; 0            ; 0       ; 0         ; 0         ; 0    ; 0            ; |laba7_var1|lpm_ff0:inst10|lpm_ff:lpm_ff_component                                                                           ; work         ;
;    |master_block_1:inst|                     ; 6 (1)             ; 3 (0)        ; 0                 ; 0            ; 0       ; 0         ; 0         ; 0    ; 0            ; |laba7_var1|master_block_1:inst                                                                                              ; work         ;
;       |lpm_counter1:inst1|                   ; 5 (0)             ; 3 (0)        ; 0                 ; 0            ; 0       ; 0         ; 0         ; 0    ; 0            ; |laba7_var1|master_block_1:inst|lpm_counter1:inst1                                                                           ; work         ;
;          |lpm_counter:lpm_counter_component| ; 5 (0)             ; 3 (0)        ; 0                 ; 0            ; 0       ; 0         ; 0         ; 0    ; 0            ; |laba7_var1|master_block_1:inst|lpm_counter1:inst1|lpm_counter:lpm_counter_component                                         ; work         ;
;             |cntr_ukk:auto_generated|        ; 5 (5)             ; 3 (3)        ; 0                 ; 0            ; 0       ; 0         ; 0         ; 0    ; 0            ; |laba7_var1|master_block_1:inst|lpm_counter1:inst1|lpm_counter:lpm_counter_component|cntr_ukk:auto_generated                 ; work         ;
;    |master_block_2:inst3|                    ; 7 (2)             ; 3 (0)        ; 0                 ; 0            ; 0       ; 0         ; 0         ; 0    ; 0            ; |laba7_var1|master_block_2:inst3                                                                                             ;              ;
;       |lpm_counter0:inst|                    ; 5 (0)             ; 3 (0)        ; 0                 ; 0            ; 0       ; 0         ; 0         ; 0    ; 0            ; |laba7_var1|master_block_2:inst3|lpm_counter0:inst                                                                           ; work         ;
;          |lpm_counter:lpm_counter_component| ; 5 (0)             ; 3 (0)        ; 0                 ; 0            ; 0       ; 0         ; 0         ; 0    ; 0            ; |laba7_var1|master_block_2:inst3|lpm_counter0:inst|lpm_counter:lpm_counter_component                                         ;              ;
;             |cntr_eql:auto_generated|        ; 5 (5)             ; 3 (3)        ; 0                 ; 0            ; 0       ; 0         ; 0         ; 0    ; 0            ; |laba7_var1|master_block_2:inst3|lpm_counter0:inst|lpm_counter:lpm_counter_component|cntr_eql:auto_generated                 ; work         ;
;    |master_block_3:inst7|                    ; 9 (0)             ; 3 (0)        ; 0                 ; 0            ; 0       ; 0         ; 0         ; 0    ; 0            ; |laba7_var1|master_block_3:inst7                                                                                             ;              ;
;       |lpm_bustri0:inst4|                    ; 4 (0)             ; 0 (0)        ; 0                 ; 0            ; 0       ; 0         ; 0         ; 0    ; 0            ; |laba7_var1|master_block_3:inst7|lpm_bustri0:inst4                                                                           ; work         ;
;          |lpm_bustri:lpm_bustri_component|   ; 4 (4)             ; 0 (0)        ; 0                 ; 0            ; 0       ; 0         ; 0         ; 0    ; 0            ; |laba7_var1|master_block_3:inst7|lpm_bustri0:inst4|lpm_bustri:lpm_bustri_component                                           ; work         ;
;       |lpm_counter2:inst1|                   ; 5 (0)             ; 3 (0)        ; 0                 ; 0            ; 0       ; 0         ; 0         ; 0    ; 0            ; |laba7_var1|master_block_3:inst7|lpm_counter2:inst1                                                                          ; work         ;
;          |lpm_counter:lpm_counter_component| ; 5 (0)             ; 3 (0)        ; 0                 ; 0            ; 0       ; 0         ; 0         ; 0    ; 0            ; |laba7_var1|master_block_3:inst7|lpm_counter2:inst1|lpm_counter:lpm_counter_component                                        ;              ;
;             |cntr_nej:auto_generated|        ; 5 (5)             ; 3 (3)        ; 0                 ; 0            ; 0       ; 0         ; 0         ; 0    ; 0            ; |laba7_var1|master_block_3:inst7|lpm_counter2:inst1|lpm_counter:lpm_counter_component|cntr_nej:auto_generated                ; work         ;
;    |master_block_4:inst9|                    ; 11 (1)            ; 4 (0)        ; 0                 ; 0            ; 0       ; 0         ; 0         ; 0    ; 0            ; |laba7_var1|master_block_4:inst9                                                                                             ;              ;
;       |lpm_bustri0:inst4|                    ; 3 (0)             ; 0 (0)        ; 0                 ; 0            ; 0       ; 0         ; 0         ; 0    ; 0            ; |laba7_var1|master_block_4:inst9|lpm_bustri0:inst4                                                                           ;              ;
;          |lpm_bustri:lpm_bustri_component|   ; 3 (3)             ; 0 (0)        ; 0                 ; 0            ; 0       ; 0         ; 0         ; 0    ; 0            ; |laba7_var1|master_block_4:inst9|lpm_bustri0:inst4|lpm_bustri:lpm_bustri_component                                           ; work         ;
;       |lpm_counter3:inst2|                   ; 7 (0)             ; 4 (0)        ; 0                 ; 0            ; 0       ; 0         ; 0         ; 0    ; 0            ; |laba7_var1|master_block_4:inst9|lpm_counter3:inst2                                                                          ; work         ;
;          |lpm_counter:lpm_counter_component| ; 7 (0)             ; 4 (0)        ; 0                 ; 0            ; 0       ; 0         ; 0         ; 0    ; 0            ; |laba7_var1|master_block_4:inst9|lpm_counter3:inst2|lpm_counter:lpm_counter_component                                        ; work         ;
;             |cntr_sej:auto_generated|        ; 7 (6)             ; 4 (4)        ; 0                 ; 0            ; 0       ; 0         ; 0         ; 0    ; 0            ; |laba7_var1|master_block_4:inst9|lpm_counter3:inst2|lpm_counter:lpm_counter_component|cntr_sej:auto_generated                ;              ;
;                |cmpr_adc:cmpr2|              ; 1 (1)             ; 0 (0)        ; 0                 ; 0            ; 0       ; 0         ; 0         ; 0    ; 0            ; |laba7_var1|master_block_4:inst9|lpm_counter3:inst2|lpm_counter:lpm_counter_component|cntr_sej:auto_generated|cmpr_adc:cmpr2 ; work         ;
+----------------------------------------------+-------------------+--------------+-------------------+--------------+---------+-----------+-----------+------+--------------+------------------------------------------------------------------------------------------------------------------------------+--------------+
Note: For table entries with two numbers listed, the numbers in parentheses indicate the number of resources of the given type used by the specific entity alone. The numbers listed outside of parentheses indicate the total resources of the given type used by the specific entity and all of its sub-entities in the hierarchy.


+------------------------------------------------------------+
; Logic Cells Representing Combinational Loops               ;
+--------------------------------------------------------+---+
; Logic Cell Name                                        ;   ;
+--------------------------------------------------------+---+
; master_block_4:inst9|inst9~0                           ;   ;
; Number of logic cells representing combinational loops ; 1 ;
+--------------------------------------------------------+---+
Note: All cells listed above may not be present at the end of synthesis due to various synthesis optimizations.


+------------------------------------------------------+
; General Register Statistics                          ;
+----------------------------------------------+-------+
; Statistic                                    ; Value ;
+----------------------------------------------+-------+
; Total registers                              ; 17    ;
; Number of registers using Synchronous Clear  ; 0     ;
; Number of registers using Synchronous Load   ; 13    ;
; Number of registers using Asynchronous Clear ; 0     ;
; Number of registers using Asynchronous Load  ; 0     ;
; Number of registers using Clock Enable       ; 0     ;
; Number of registers using Preset             ; 0     ;
+----------------------------------------------+-------+


+--------------------------------------------------------------------------------------------------+
; Source assignments for master_block_4:inst9|lpm_counter3:inst2|lpm_counter:lpm_counter_component ;
+---------------------------+-------+------+-------------------------------------------------------+
; Assignment                ; Value ; From ; To                                                    ;
+---------------------------+-------+------+-------------------------------------------------------+
; SUPPRESS_DA_RULE_INTERNAL ; a101  ; -    ; -                                                     ;
; SUPPRESS_DA_RULE_INTERNAL ; s102  ; -    ; -                                                     ;
; SUPPRESS_DA_RULE_INTERNAL ; s103  ; -    ; -                                                     ;
+---------------------------+-------+------+-------------------------------------------------------+


+--------------------------------------------------------------------------------------------------+
; Source assignments for master_block_3:inst7|lpm_counter2:inst1|lpm_counter:lpm_counter_component ;
+---------------------------+-------+------+-------------------------------------------------------+
; Assignment                ; Value ; From ; To                                                    ;
+---------------------------+-------+------+-------------------------------------------------------+
; SUPPRESS_DA_RULE_INTERNAL ; a101  ; -    ; -                                                     ;
; SUPPRESS_DA_RULE_INTERNAL ; s102  ; -    ; -                                                     ;
; SUPPRESS_DA_RULE_INTERNAL ; s103  ; -    ; -                                                     ;
+---------------------------+-------+------+-------------------------------------------------------+


+-------------------------------------------------------------------------------------------------+
; Source assignments for master_block_2:inst3|lpm_counter0:inst|lpm_counter:lpm_counter_component ;
+---------------------------+-------+------+------------------------------------------------------+
; Assignment                ; Value ; From ; To                                                   ;
+---------------------------+-------+------+------------------------------------------------------+
; SUPPRESS_DA_RULE_INTERNAL ; a101  ; -    ; -                                                    ;
; SUPPRESS_DA_RULE_INTERNAL ; s102  ; -    ; -                                                    ;
; SUPPRESS_DA_RULE_INTERNAL ; s103  ; -    ; -                                                    ;
+---------------------------+-------+------+------------------------------------------------------+


+-------------------------------------------------------------------------------------------------+
; Source assignments for master_block_1:inst|lpm_counter1:inst1|lpm_counter:lpm_counter_component ;
+---------------------------+-------+------+------------------------------------------------------+
; Assignment                ; Value ; From ; To                                                   ;
+---------------------------+-------+------+------------------------------------------------------+
; SUPPRESS_DA_RULE_INTERNAL ; a101  ; -    ; -                                                    ;
; SUPPRESS_DA_RULE_INTERNAL ; s102  ; -    ; -                                                    ;
; SUPPRESS_DA_RULE_INTERNAL ; s103  ; -    ; -                                                    ;
+---------------------------+-------+------+------------------------------------------------------+


+------------------------------------------------------------------------------------------------------------------------+
; Parameter Settings for User Entity Instance: master_block_4:inst9|lpm_counter3:inst2|lpm_counter:lpm_counter_component ;
+------------------------+-------------+---------------------------------------------------------------------------------+
; Parameter Name         ; Value       ; Type                                                                            ;
+------------------------+-------------+---------------------------------------------------------------------------------+
; AUTO_CARRY_CHAINS      ; ON          ; AUTO_CARRY                                                                      ;
; IGNORE_CARRY_BUFFERS   ; OFF         ; IGNORE_CARRY                                                                    ;
; AUTO_CASCADE_CHAINS    ; ON          ; AUTO_CASCADE                                                                    ;
; IGNORE_CASCADE_BUFFERS ; OFF         ; IGNORE_CASCADE                                                                  ;
; LPM_WIDTH              ; 4           ; Signed Integer                                                                  ;
; LPM_DIRECTION          ; UP          ; Untyped                                                                         ;
; LPM_MODULUS            ; 9           ; Signed Integer                                                                  ;
; LPM_AVALUE             ; UNUSED      ; Untyped                                                                         ;
; LPM_SVALUE             ; UNUSED      ; Untyped                                                                         ;
; LPM_PORT_UPDOWN        ; PORT_UNUSED ; Untyped                                                                         ;
; DEVICE_FAMILY          ; Stratix II  ; Untyped                                                                         ;
; CARRY_CHAIN            ; MANUAL      ; Untyped                                                                         ;
; CARRY_CHAIN_LENGTH     ; 48          ; CARRY_CHAIN_LENGTH                                                              ;
; NOT_GATE_PUSH_BACK     ; ON          ; NOT_GATE_PUSH_BACK                                                              ;
; CARRY_CNT_EN           ; SMART       ; Untyped                                                                         ;
; LABWIDE_SCLR           ; ON          ; Untyped                                                                         ;
; USE_NEW_VERSION        ; TRUE        ; Untyped                                                                         ;
; CBXI_PARAMETER         ; cntr_sej    ; Untyped                                                                         ;
+------------------------+-------------+---------------------------------------------------------------------------------+
Note: In order to hide this table in the UI and the text report file, please set the "Show Parameter Settings Tables in Synthesis Report" option in "Analysis and Synthesis Settings -> More Settings" to "Off".


+---------------------------------------------------------------------------------------------------------------------+
; Parameter Settings for User Entity Instance: master_block_4:inst9|lpm_bustri0:inst4|lpm_bustri:lpm_bustri_component ;
+----------------+-------+--------------------------------------------------------------------------------------------+
; Parameter Name ; Value ; Type                                                                                       ;
+----------------+-------+--------------------------------------------------------------------------------------------+
; LPM_WIDTH      ; 4     ; Signed Integer                                                                             ;
+----------------+-------+--------------------------------------------------------------------------------------------+
Note: In order to hide this table in the UI and the text report file, please set the "Show Parameter Settings Tables in Synthesis Report" option in "Analysis and Synthesis Settings -> More Settings" to "Off".


+------------------------------------------------------------------------------------------------------------------------+
; Parameter Settings for User Entity Instance: master_block_3:inst7|lpm_counter2:inst1|lpm_counter:lpm_counter_component ;
+------------------------+-------------+---------------------------------------------------------------------------------+
; Parameter Name         ; Value       ; Type                                                                            ;
+------------------------+-------------+---------------------------------------------------------------------------------+
; AUTO_CARRY_CHAINS      ; ON          ; AUTO_CARRY                                                                      ;
; IGNORE_CARRY_BUFFERS   ; OFF         ; IGNORE_CARRY                                                                    ;
; AUTO_CASCADE_CHAINS    ; ON          ; AUTO_CASCADE                                                                    ;
; IGNORE_CASCADE_BUFFERS ; OFF         ; IGNORE_CASCADE                                                                  ;
; LPM_WIDTH              ; 3           ; Signed Integer                                                                  ;
; LPM_DIRECTION          ; UP          ; Untyped                                                                         ;
; LPM_MODULUS            ; 5           ; Signed Integer                                                                  ;
; LPM_AVALUE             ; UNUSED      ; Untyped                                                                         ;
; LPM_SVALUE             ; UNUSED      ; Untyped                                                                         ;
; LPM_PORT_UPDOWN        ; PORT_UNUSED ; Untyped                                                                         ;
; DEVICE_FAMILY          ; Stratix II  ; Untyped                                                                         ;
; CARRY_CHAIN            ; MANUAL      ; Untyped                                                                         ;
; CARRY_CHAIN_LENGTH     ; 48          ; CARRY_CHAIN_LENGTH                                                              ;
; NOT_GATE_PUSH_BACK     ; ON          ; NOT_GATE_PUSH_BACK                                                              ;
; CARRY_CNT_EN           ; SMART       ; Untyped                                                                         ;
; LABWIDE_SCLR           ; ON          ; Untyped                                                                         ;
; USE_NEW_VERSION        ; TRUE        ; Untyped                                                                         ;
; CBXI_PARAMETER         ; cntr_nej    ; Untyped                                                                         ;
+------------------------+-------------+---------------------------------------------------------------------------------+
Note: In order to hide this table in the UI and the text report file, please set the "Show Parameter Settings Tables in Synthesis Report" option in "Analysis and Synthesis Settings -> More Settings" to "Off".


+---------------------------------------------------------------------------------------------------------------------+
; Parameter Settings for User Entity Instance: master_block_3:inst7|lpm_bustri0:inst4|lpm_bustri:lpm_bustri_component ;
+----------------+-------+--------------------------------------------------------------------------------------------+
; Parameter Name ; Value ; Type                                                                                       ;
+----------------+-------+--------------------------------------------------------------------------------------------+
; LPM_WIDTH      ; 4     ; Signed Integer                                                                             ;
+----------------+-------+--------------------------------------------------------------------------------------------+
Note: In order to hide this table in the UI and the text report file, please set the "Show Parameter Settings Tables in Synthesis Report" option in "Analysis and Synthesis Settings -> More Settings" to "Off".


+-----------------------------------------------------------------------------------------------------------------------+
; Parameter Settings for User Entity Instance: master_block_2:inst3|lpm_counter0:inst|lpm_counter:lpm_counter_component ;
+------------------------+-------------+--------------------------------------------------------------------------------+
; Parameter Name         ; Value       ; Type                                                                           ;
+------------------------+-------------+--------------------------------------------------------------------------------+
; AUTO_CARRY_CHAINS      ; ON          ; AUTO_CARRY                                                                     ;
; IGNORE_CARRY_BUFFERS   ; OFF         ; IGNORE_CARRY                                                                   ;
; AUTO_CASCADE_CHAINS    ; ON          ; AUTO_CASCADE                                                                   ;
; IGNORE_CASCADE_BUFFERS ; OFF         ; IGNORE_CASCADE                                                                 ;
; LPM_WIDTH              ; 3           ; Signed Integer                                                                 ;
; LPM_DIRECTION          ; UP          ; Untyped                                                                        ;
; LPM_MODULUS            ; 4           ; Signed Integer                                                                 ;
; LPM_AVALUE             ; 0           ; Untyped                                                                        ;
; LPM_SVALUE             ; 0           ; Untyped                                                                        ;
; LPM_PORT_UPDOWN        ; PORT_UNUSED ; Untyped                                                                        ;
; DEVICE_FAMILY          ; Stratix II  ; Untyped                                                                        ;
; CARRY_CHAIN            ; MANUAL      ; Untyped                                                                        ;
; CARRY_CHAIN_LENGTH     ; 48          ; CARRY_CHAIN_LENGTH                                                             ;
; NOT_GATE_PUSH_BACK     ; ON          ; NOT_GATE_PUSH_BACK                                                             ;
; CARRY_CNT_EN           ; SMART       ; Untyped                                                                        ;
; LABWIDE_SCLR           ; ON          ; Untyped                                                                        ;
; USE_NEW_VERSION        ; TRUE        ; Untyped                                                                        ;
; CBXI_PARAMETER         ; cntr_eql    ; Untyped                                                                        ;
+------------------------+-------------+--------------------------------------------------------------------------------+
Note: In order to hide this table in the UI and the text report file, please set the "Show Parameter Settings Tables in Synthesis Report" option in "Analysis and Synthesis Settings -> More Settings" to "Off".


+---------------------------------------------------------------------------------------------------------------------+
; Parameter Settings for User Entity Instance: master_block_2:inst3|lpm_bustri0:inst4|lpm_bustri:lpm_bustri_component ;
+----------------+-------+--------------------------------------------------------------------------------------------+
; Parameter Name ; Value ; Type                                                                                       ;
+----------------+-------+--------------------------------------------------------------------------------------------+
; LPM_WIDTH      ; 4     ; Signed Integer                                                                             ;
+----------------+-------+--------------------------------------------------------------------------------------------+
Note: In order to hide this table in the UI and the text report file, please set the "Show Parameter Settings Tables in Synthesis Report" option in "Analysis and Synthesis Settings -> More Settings" to "Off".


+-----------------------------------------------------------------------------------------------------------------------+
; Parameter Settings for User Entity Instance: master_block_1:inst|lpm_counter1:inst1|lpm_counter:lpm_counter_component ;
+------------------------+-------------+--------------------------------------------------------------------------------+
; Parameter Name         ; Value       ; Type                                                                           ;
+------------------------+-------------+--------------------------------------------------------------------------------+
; AUTO_CARRY_CHAINS      ; ON          ; AUTO_CARRY                                                                     ;
; IGNORE_CARRY_BUFFERS   ; OFF         ; IGNORE_CARRY                                                                   ;
; AUTO_CASCADE_CHAINS    ; ON          ; AUTO_CASCADE                                                                   ;
; IGNORE_CASCADE_BUFFERS ; OFF         ; IGNORE_CASCADE                                                                 ;
; LPM_WIDTH              ; 3           ; Signed Integer                                                                 ;
; LPM_DIRECTION          ; UP          ; Untyped                                                                        ;
; LPM_MODULUS            ; 7           ; Signed Integer                                                                 ;
; LPM_AVALUE             ; UNUSED      ; Untyped                                                                        ;
; LPM_SVALUE             ; 0           ; Untyped                                                                        ;
; LPM_PORT_UPDOWN        ; PORT_UNUSED ; Untyped                                                                        ;
; DEVICE_FAMILY          ; Stratix II  ; Untyped                                                                        ;
; CARRY_CHAIN            ; MANUAL      ; Untyped                                                                        ;
; CARRY_CHAIN_LENGTH     ; 48          ; CARRY_CHAIN_LENGTH                                                             ;
; NOT_GATE_PUSH_BACK     ; ON          ; NOT_GATE_PUSH_BACK                                                             ;
; CARRY_CNT_EN           ; SMART       ; Untyped                                                                        ;
; LABWIDE_SCLR           ; ON          ; Untyped                                                                        ;
; USE_NEW_VERSION        ; TRUE        ; Untyped                                                                        ;
; CBXI_PARAMETER         ; cntr_ukk    ; Untyped                                                                        ;
+------------------------+-------------+--------------------------------------------------------------------------------+
Note: In order to hide this table in the UI and the text report file, please set the "Show Parameter Settings Tables in Synthesis Report" option in "Analysis and Synthesis Settings -> More Settings" to "Off".


+--------------------------------------------------------------------------------------------------------------------+
; Parameter Settings for User Entity Instance: master_block_1:inst|lpm_bustri0:inst4|lpm_bustri:lpm_bustri_component ;
+----------------+-------+-------------------------------------------------------------------------------------------+
; Parameter Name ; Value ; Type                                                                                      ;
+----------------+-------+-------------------------------------------------------------------------------------------+
; LPM_WIDTH      ; 4     ; Signed Integer                                                                            ;
+----------------+-------+-------------------------------------------------------------------------------------------+
Note: In order to hide this table in the UI and the text report file, please set the "Show Parameter Settings Tables in Synthesis Report" option in "Analysis and Synthesis Settings -> More Settings" to "Off".


+-------------------------------------------------------------------------------------+
; Parameter Settings for User Entity Instance: lpm_ff0:inst10|lpm_ff:lpm_ff_component ;
+------------------------+------------+-----------------------------------------------+
; Parameter Name         ; Value      ; Type                                          ;
+------------------------+------------+-----------------------------------------------+
; LPM_WIDTH              ; 4          ; Signed Integer                                ;
; LPM_AVALUE             ; UNUSED     ; Untyped                                       ;
; LPM_SVALUE             ; UNUSED     ; Untyped                                       ;
; LPM_FFTYPE             ; DFF        ; Untyped                                       ;
; DEVICE_FAMILY          ; Stratix II ; Untyped                                       ;
; CBXI_PARAMETER         ; NOTHING    ; Untyped                                       ;
; AUTO_CARRY_CHAINS      ; ON         ; AUTO_CARRY                                    ;
; IGNORE_CARRY_BUFFERS   ; OFF        ; IGNORE_CARRY                                  ;
; AUTO_CASCADE_CHAINS    ; ON         ; AUTO_CASCADE                                  ;
; IGNORE_CASCADE_BUFFERS ; OFF        ; IGNORE_CASCADE                                ;
+------------------------+------------+-----------------------------------------------+
Note: In order to hide this table in the UI and the text report file, please set the "Show Parameter Settings Tables in Synthesis Report" option in "Analysis and Synthesis Settings -> More Settings" to "Off".


+-------------------------------+
; Analysis & Synthesis Messages ;
+-------------------------------+
Info: *******************************************************************
Info: Running Quartus II Analysis & Synthesis
    Info: Version 9.1 Build 222 10/21/2009 SJ Web Edition
    Info: Processing started: Tue Apr 28 01:49:01 2026
Info: Command: quartus_map --read_settings_files=on --write_settings_files=off laba7_var1 -c laba7_var1
Info: Found 1 design units, including 1 entities, in source file laba7_var1.bdf
    Info: Found entity 1: laba7_var1
Info: Found 2 design units, including 1 entities, in source file lpm_counter0.vhd
    Info: Found design unit 1: lpm_counter0-SYN
    Info: Found entity 1: lpm_counter0
Info: Found 2 design units, including 1 entities, in source file lpm_bustri0.vhd
    Info: Found design unit 1: lpm_bustri0-SYN
    Info: Found entity 1: lpm_bustri0
Warning: Can't analyze file -- file master_block.bdf is missing
Info: Found 1 design units, including 1 entities, in source file master_block_1.bdf
    Info: Found entity 1: master_block_1
Info: Found 1 design units, including 1 entities, in source file master_block_2.bdf
    Info: Found entity 1: master_block_2
Info: Found 2 design units, including 1 entities, in source file lpm_counter2.vhd
    Info: Found design unit 1: lpm_counter2-SYN
    Info: Found entity 1: lpm_counter2
Info: Found 1 design units, including 1 entities, in source file master_block_3.bdf
    Info: Found entity 1: master_block_3
Info: Found 2 design units, including 1 entities, in source file lpm_counter3.vhd
    Info: Found design unit 1: lpm_counter3-SYN
    Info: Found entity 1: lpm_counter3
Info: Found 1 design units, including 1 entities, in source file master_block_4.bdf
    Info: Found entity 1: master_block_4
Info: Found 2 design units, including 1 entities, in source file lpm_ff0.vhd
    Info: Found design unit 1: lpm_ff0-SYN
    Info: Found entity 1: lpm_ff0
Info: Elaborating entity "laba7_var1" for the top level hierarchy
Info: Elaborating entity "master_block_4" for hierarchy "master_block_4:inst9"
Info: Elaborating entity "lpm_counter3" for hierarchy "master_block_4:inst9|lpm_counter3:inst2"
Info: Elaborating entity "lpm_counter" for hierarchy "master_block_4:inst9|lpm_counter3:inst2|lpm_counter:lpm_counter_component"
Info: Elaborated megafunction instantiation "master_block_4:inst9|lpm_counter3:inst2|lpm_counter:lpm_counter_component"
Info: Instantiated megafunction "master_block_4:inst9|lpm_counter3:inst2|lpm_counter:lpm_counter_component" with the following parameter:
    Info: Parameter "lpm_direction" = "UP"
    Info: Parameter "lpm_modulus" = "9"
    Info: Parameter "lpm_port_updown" = "PORT_UNUSED"
    Info: Parameter "lpm_type" = "LPM_COUNTER"
    Info: Parameter "lpm_width" = "4"
Info: Found 1 design units, including 1 entities, in source file db/cntr_sej.tdf
    Info: Found entity 1: cntr_sej
Info: Elaborating entity "cntr_sej" for hierarchy "master_block_4:inst9|lpm_counter3:inst2|lpm_counter:lpm_counter_component|cntr_sej:auto_generated"
Info: Found 1 design units, including 1 entities, in source file db/cmpr_adc.tdf
    Info: Found entity 1: cmpr_adc
Info: Elaborating entity "cmpr_adc" for hierarchy "master_block_4:inst9|lpm_counter3:inst2|lpm_counter:lpm_counter_component|cntr_sej:auto_generated|cmpr_adc:cmpr2"
Info: Elaborating entity "lpm_bustri0" for hierarchy "master_block_4:inst9|lpm_bustri0:inst4"
Info: Elaborating entity "lpm_bustri" for hierarchy "master_block_4:inst9|lpm_bustri0:inst4|lpm_bustri:lpm_bustri_component"
Info: Elaborated megafunction instantiation "master_block_4:inst9|lpm_bustri0:inst4|lpm_bustri:lpm_bustri_component"
Info: Instantiated megafunction "master_block_4:inst9|lpm_bustri0:inst4|lpm_bustri:lpm_bustri_component" with the following parameter:
    Info: Parameter "lpm_type" = "LPM_BUSTRI"
    Info: Parameter "lpm_width" = "4"
Info: Elaborating entity "master_block_3" for hierarchy "master_block_3:inst7"
Info: Elaborating entity "lpm_counter2" for hierarchy "master_block_3:inst7|lpm_counter2:inst1"
Info: Elaborating entity "lpm_counter" for hierarchy "master_block_3:inst7|lpm_counter2:inst1|lpm_counter:lpm_counter_component"
Info: Elaborated megafunction instantiation "master_block_3:inst7|lpm_counter2:inst1|lpm_counter:lpm_counter_component"
Info: Instantiated megafunction "master_block_3:inst7|lpm_counter2:inst1|lpm_counter:lpm_counter_component" with the following parameter:
    Info: Parameter "lpm_direction" = "UP"
    Info: Parameter "lpm_modulus" = "5"
    Info: Parameter "lpm_port_updown" = "PORT_UNUSED"
    Info: Parameter "lpm_type" = "LPM_COUNTER"
    Info: Parameter "lpm_width" = "3"
Info: Found 1 design units, including 1 entities, in source file db/cntr_nej.tdf
    Info: Found entity 1: cntr_nej
Info: Elaborating entity "cntr_nej" for hierarchy "master_block_3:inst7|lpm_counter2:inst1|lpm_counter:lpm_counter_component|cntr_nej:auto_generated"
Info: Found 1 design units, including 1 entities, in source file db/cmpr_9dc.tdf
    Info: Found entity 1: cmpr_9dc
Info: Elaborating entity "cmpr_9dc" for hierarchy "master_block_3:inst7|lpm_counter2:inst1|lpm_counter:lpm_counter_component|cntr_nej:auto_generated|cmpr_9dc:cmpr2"
Info: Elaborating entity "master_block_2" for hierarchy "master_block_2:inst3"
Info: Elaborating entity "lpm_counter0" for hierarchy "master_block_2:inst3|lpm_counter0:inst"
Info: Elaborating entity "lpm_counter" for hierarchy "master_block_2:inst3|lpm_counter0:inst|lpm_counter:lpm_counter_component"
Info: Elaborated megafunction instantiation "master_block_2:inst3|lpm_counter0:inst|lpm_counter:lpm_counter_component"
Info: Instantiated megafunction "master_block_2:inst3|lpm_counter0:inst|lpm_counter:lpm_counter_component" with the following parameter:
    Info: Parameter "lpm_direction" = "UP"
    Info: Parameter "lpm_modulus" = "4"
    Info: Parameter "lpm_port_updown" = "PORT_UNUSED"
    Info: Parameter "lpm_type" = "LPM_COUNTER"
    Info: Parameter "lpm_width" = "3"
Info: Found 1 design units, including 1 entities, in source file db/cntr_eql.tdf
    Info: Found entity 1: cntr_eql
Info: Elaborating entity "cntr_eql" for hierarchy "master_block_2:inst3|lpm_counter0:inst|lpm_counter:lpm_counter_component|cntr_eql:auto_generated"
Info: Elaborating entity "master_block_1" for hierarchy "master_block_1:inst"
Warning: Undeclared parameter UP
Warning: Can't find a definition for parameter LMP_DIRECTION -- assuming UP was intended to be a quoted string
Warning: Undeclared parameter PORT_UNUSED
Warning: Can't find a definition for parameter LPM_PORT_UPDOWN -- assuming PORT_UNUSED was intended to be a quoted string
Warning: Using design file lpm_counter1.vhd, which is not specified as a design file for the current project, but contains definitions for 2 design units and 1 entities in project
    Info: Found design unit 1: lpm_counter1-SYN
    Info: Found entity 1: lpm_counter1
Info: Elaborating entity "lpm_counter1" for hierarchy "master_block_1:inst|lpm_counter1:inst1"
Info: Elaborating entity "lpm_counter" for hierarchy "master_block_1:inst|lpm_counter1:inst1|lpm_counter:lpm_counter_component"
Info: Elaborated megafunction instantiation "master_block_1:inst|lpm_counter1:inst1|lpm_counter:lpm_counter_component"
Info: Instantiated megafunction "master_block_1:inst|lpm_counter1:inst1|lpm_counter:lpm_counter_component" with the following parameter:
    Info: Parameter "lpm_direction" = "UP"
    Info: Parameter "lpm_modulus" = "7"
    Info: Parameter "lpm_port_updown" = "PORT_UNUSED"
    Info: Parameter "lpm_type" = "LPM_COUNTER"
    Info: Parameter "lpm_width" = "3"
Info: Found 1 design units, including 1 entities, in source file db/cntr_ukk.tdf
    Info: Found entity 1: cntr_ukk
Info: Elaborating entity "cntr_ukk" for hierarchy "master_block_1:inst|lpm_counter1:inst1|lpm_counter:lpm_counter_component|cntr_ukk:auto_generated"
Info: Elaborating entity "lpm_ff0" for hierarchy "lpm_ff0:inst10"
Info: Elaborating entity "lpm_ff" for hierarchy "lpm_ff0:inst10|lpm_ff:lpm_ff_component"
Info: Elaborated megafunction instantiation "lpm_ff0:inst10|lpm_ff:lpm_ff_component"
Info: Instantiated megafunction "lpm_ff0:inst10|lpm_ff:lpm_ff_component" with the following parameter:
    Info: Parameter "lpm_fftype" = "DFF"
    Info: Parameter "lpm_type" = "LPM_FF"
    Info: Parameter "lpm_width" = "4"
Warning: Tri-state node(s) do not directly drive top-level pin(s)
    Warning: Converted the fan-out from the tri-state buffer "master_block_4:inst9|lpm_bustri0:inst4|lpm_bustri:lpm_bustri_component|dout[3]" to the node "lpm_ff0:inst10|lpm_ff:lpm_ff_component|dffs[3]" into an OR gate
    Warning: Converted the fan-out from the tri-state buffer "master_block_3:inst7|lpm_bustri0:inst4|lpm_bustri:lpm_bustri_component|dout[2]" to the node "lpm_ff0:inst10|lpm_ff:lpm_ff_component|dffs[2]" into an OR gate
    Warning: Converted the fan-out from the tri-state buffer "master_block_3:inst7|lpm_bustri0:inst4|lpm_bustri:lpm_bustri_component|dout[1]" to the node "lpm_ff0:inst10|lpm_ff:lpm_ff_component|dffs[1]" into an OR gate
    Warning: Converted the fan-out from the tri-state buffer "master_block_1:inst|lpm_bustri0:inst4|lpm_bustri:lpm_bustri_component|dout[0]" to the node "lpm_ff0:inst10|lpm_ff:lpm_ff_component|dffs[0]" into an OR gate
Info: Implemented 47 device resources after synthesis - the final resource count might be different
    Info: Implemented 2 input pins
    Info: Implemented 9 output pins
    Info: Implemented 36 logic cells
Info: Quartus II Analysis & Synthesis was successful. 0 errors, 11 warnings
    Info: Peak virtual memory: 264 megabytes
    Info: Processing ended: Tue Apr 28 01:49:03 2026
    Info: Elapsed time: 00:00:02
    Info: Total CPU time (on all processors): 00:00:03


