Simulator report for laba7_var1
Fri May 01 22:11:17 2026
Quartus II Version 9.1 Build 222 10/21/2009 SJ Web Edition


---------------------
; Table of Contents ;
---------------------
  1. Legal Notice
  2. Simulator Summary
  3. Simulator Settings
  4. Simulation Waveforms
  5. Coverage Summary
  6. Complete 1/0-Value Coverage
  7. Missing 1-Value Coverage
  8. Missing 0-Value Coverage
  9. Simulator INI Usage
 10. Simulator Messages



----------------
; Legal Notice ;
----------------
Copyright (C) 1991-2009 Altera Corporation
Your use of Altera Corporation's design tools, logic functions 
and other software and tools, and its AMPP partner logic 
functions, and any output files from any of the foregoing 
(including device programming or simulation files), and any 
associated documentation or information are expressly subject 
to the terms and conditions of the Altera Program License 
Subscription Agreement, Altera MegaCore Function License 
Agreement, or other applicable license agreement, including, 
without limitation, that your use is for the sole purpose of 
programming logic devices manufactured by Altera and sold by 
Altera or its authorized distributors.  Please refer to the 
applicable agreement for further details.



+--------------------------------------------+
; Simulator Summary                          ;
+-----------------------------+--------------+
; Type                        ; Value        ;
+-----------------------------+--------------+
; Simulation Start Time       ; 0 ps         ;
; Simulation End Time         ; 10.0 us      ;
; Simulation Netlist Size     ; 88 nodes     ;
; Simulation Coverage         ;      63.37 % ;
; Total Number of Transitions ; 18996        ;
; Simulation Breakpoints      ; 0            ;
; Family                      ; Stratix II   ;
+-----------------------------+--------------+


+-----------------------------------------------------------------------------------------------------------------------------+
; Simulator Settings                                                                                                          ;
+--------------------------------------------------------------------------------------------+----------------+---------------+
; Option                                                                                     ; Setting        ; Default Value ;
+--------------------------------------------------------------------------------------------+----------------+---------------+
; Simulation mode                                                                            ; Functional     ; Timing        ;
; Start time                                                                                 ; 0 ns           ; 0 ns          ;
; Simulation results format                                                                  ; CVWF           ;               ;
; Vector input source                                                                        ; laba7_var1.vwf ;               ;
; Add pins automatically to simulation output waveforms                                      ; On             ; On            ;
; Check outputs                                                                              ; Off            ; Off           ;
; Report simulation coverage                                                                 ; On             ; On            ;
; Display complete 1/0 value coverage report                                                 ; On             ; On            ;
; Display missing 1-value coverage report                                                    ; On             ; On            ;
; Display missing 0-value coverage report                                                    ; On             ; On            ;
; Detect setup and hold time violations                                                      ; Off            ; Off           ;
; Detect glitches                                                                            ; Off            ; Off           ;
; Disable timing delays in Timing Simulation                                                 ; Off            ; Off           ;
; Generate Signal Activity File                                                              ; Off            ; Off           ;
; Generate VCD File for PowerPlay Power Analyzer                                             ; Off            ; Off           ;
; Group bus channels in simulation results                                                   ; Off            ; Off           ;
; Preserve fewer signal transitions to reduce memory requirements                            ; On             ; On            ;
; Trigger vector comparison with the specified mode                                          ; INPUT_EDGE     ; INPUT_EDGE    ;
; Disable setup and hold time violations detection in input registers of bi-directional pins ; Off            ; Off           ;
; Overwrite Waveform Inputs With Simulation Outputs                                          ; Off            ;               ;
; Perform Glitch Filtering in Timing Simulation                                              ; Auto           ; Auto          ;
+--------------------------------------------------------------------------------------------+----------------+---------------+


+----------------------+
; Simulation Waveforms ;
+----------------------+
Waveform report data cannot be output to ASCII.
Please use Quartus II to view the waveform report data.


+--------------------------------------------------------------------+
; Coverage Summary                                                   ;
+-----------------------------------------------------+--------------+
; Type                                                ; Value        ;
+-----------------------------------------------------+--------------+
; Total coverage as a percentage                      ;      63.37 % ;
; Total nodes checked                                 ; 88           ;
; Total output ports checked                          ; 101          ;
; Total output ports with complete 1/0-value coverage ; 64           ;
; Total output ports with no 1/0-value coverage       ; 13           ;
; Total output ports with no 1-value coverage         ; 25           ;
; Total output ports with no 0-value coverage         ; 25           ;
+-----------------------------------------------------+--------------+


The following table displays output ports that toggle between 1 and 0 during simulation.
+----------------------------------------------------------------------------------------------------------------------------------------------------------------------------------------------------------------------------------------------------------------------------------------------------------------------------+
; Complete 1/0-Value Coverage                                                                                                                                                                                                                                                                                                ;
+----------------------------------------------------------------------------------------------------------------------------------------------------+----------------------------------------------------------------------------------------------------------------------------------------------------+------------------+
; Node Name                                                                                                                                          ; Output Port Name                                                                                                                                   ; Output Port Type ;
+----------------------------------------------------------------------------------------------------------------------------------------------------+----------------------------------------------------------------------------------------------------------------------------------------------------+------------------+
; |laba7_var1|sign                                                                                                                                   ; |laba7_var1|sign                                                                                                                                   ; pin_out          ;
; |laba7_var1|inst11                                                                                                                                 ; |laba7_var1|inst11                                                                                                                                 ; out0             ;
; |laba7_var1|clk                                                                                                                                    ; |laba7_var1|clk                                                                                                                                    ; out              ;
; |laba7_var1|inst2                                                                                                                                  ; |laba7_var1|inst2                                                                                                                                  ; out0             ;
; |laba7_var1|start                                                                                                                                  ; |laba7_var1|start                                                                                                                                  ; out              ;
; |laba7_var1|master_block_1:inst|inst9                                                                                                              ; |laba7_var1|master_block_1:inst|inst9                                                                                                              ; out0             ;
; |laba7_var1|master_block_1:inst|inst2                                                                                                              ; |laba7_var1|master_block_1:inst|inst2                                                                                                              ; out0             ;
; |laba7_var1|master_block_1:inst|inst6                                                                                                              ; |laba7_var1|master_block_1:inst|inst6                                                                                                              ; out0             ;
; |laba7_var1|master_block_1:inst|lpm_counter1:inst1|lpm_counter:lpm_counter_component|cntr_a9l:auto_generated|cout_actual                           ; |laba7_var1|master_block_1:inst|lpm_counter1:inst1|lpm_counter:lpm_counter_component|cntr_a9l:auto_generated|cout_actual                           ; out0             ;
; |laba7_var1|master_block_1:inst|lpm_counter1:inst1|lpm_counter:lpm_counter_component|cntr_a9l:auto_generated|counter_comb_bita0                    ; |laba7_var1|master_block_1:inst|lpm_counter1:inst1|lpm_counter:lpm_counter_component|cntr_a9l:auto_generated|counter_comb_bita0                    ; sumout           ;
; |laba7_var1|master_block_1:inst|lpm_counter1:inst1|lpm_counter:lpm_counter_component|cntr_a9l:auto_generated|counter_comb_bita0                    ; |laba7_var1|master_block_1:inst|lpm_counter1:inst1|lpm_counter:lpm_counter_component|cntr_a9l:auto_generated|counter_comb_bita0~COUT               ; cout             ;
; |laba7_var1|master_block_1:inst|lpm_counter1:inst1|lpm_counter:lpm_counter_component|cntr_a9l:auto_generated|counter_comb_bita1                    ; |laba7_var1|master_block_1:inst|lpm_counter1:inst1|lpm_counter:lpm_counter_component|cntr_a9l:auto_generated|counter_comb_bita1                    ; sumout           ;
; |laba7_var1|master_block_1:inst|lpm_counter1:inst1|lpm_counter:lpm_counter_component|cntr_a9l:auto_generated|counter_comb_bita1                    ; |laba7_var1|master_block_1:inst|lpm_counter1:inst1|lpm_counter:lpm_counter_component|cntr_a9l:auto_generated|counter_comb_bita1~COUT               ; cout             ;
; |laba7_var1|master_block_1:inst|lpm_counter1:inst1|lpm_counter:lpm_counter_component|cntr_a9l:auto_generated|counter_comb_bita2                    ; |laba7_var1|master_block_1:inst|lpm_counter1:inst1|lpm_counter:lpm_counter_component|cntr_a9l:auto_generated|counter_comb_bita2                    ; sumout           ;
; |laba7_var1|master_block_1:inst|lpm_counter1:inst1|lpm_counter:lpm_counter_component|cntr_a9l:auto_generated|counter_comb_bita2                    ; |laba7_var1|master_block_1:inst|lpm_counter1:inst1|lpm_counter:lpm_counter_component|cntr_a9l:auto_generated|counter_comb_bita2~COUT               ; cout             ;
; |laba7_var1|master_block_1:inst|lpm_counter1:inst1|lpm_counter:lpm_counter_component|cntr_a9l:auto_generated|counter_reg_bit1a[2]                  ; |laba7_var1|master_block_1:inst|lpm_counter1:inst1|lpm_counter:lpm_counter_component|cntr_a9l:auto_generated|safe_q[2]                             ; regout           ;
; |laba7_var1|master_block_1:inst|lpm_counter1:inst1|lpm_counter:lpm_counter_component|cntr_a9l:auto_generated|counter_reg_bit1a[1]                  ; |laba7_var1|master_block_1:inst|lpm_counter1:inst1|lpm_counter:lpm_counter_component|cntr_a9l:auto_generated|safe_q[1]                             ; regout           ;
; |laba7_var1|master_block_1:inst|lpm_counter1:inst1|lpm_counter:lpm_counter_component|cntr_a9l:auto_generated|counter_reg_bit1a[0]                  ; |laba7_var1|master_block_1:inst|lpm_counter1:inst1|lpm_counter:lpm_counter_component|cntr_a9l:auto_generated|safe_q[0]                             ; regout           ;
; |laba7_var1|master_block_1:inst|lpm_counter1:inst1|lpm_counter:lpm_counter_component|cntr_a9l:auto_generated|cmpr_9dc:cmpr2|aneb_result_wire[0]    ; |laba7_var1|master_block_1:inst|lpm_counter1:inst1|lpm_counter:lpm_counter_component|cntr_a9l:auto_generated|cmpr_9dc:cmpr2|aneb_result_wire[0]    ; out0             ;
; |laba7_var1|master_block_1:inst|lpm_counter1:inst1|lpm_counter:lpm_counter_component|cntr_a9l:auto_generated|cmpr_9dc:cmpr2|data_wire[0]           ; |laba7_var1|master_block_1:inst|lpm_counter1:inst1|lpm_counter:lpm_counter_component|cntr_a9l:auto_generated|cmpr_9dc:cmpr2|data_wire[0]           ; out0             ;
; |laba7_var1|master_block_2:inst17|inst11                                                                                                           ; |laba7_var1|master_block_2:inst17|inst11                                                                                                           ; out0             ;
; |laba7_var1|master_block_2:inst17|inst7                                                                                                            ; |laba7_var1|master_block_2:inst17|inst7                                                                                                            ; out0             ;
; |laba7_var1|master_block_2:inst17|lpm_counter0:inst17|lpm_counter:lpm_counter_component|cntr_qem:auto_generated|cout_actual                        ; |laba7_var1|master_block_2:inst17|lpm_counter0:inst17|lpm_counter:lpm_counter_component|cntr_qem:auto_generated|cout_actual                        ; out0             ;
; |laba7_var1|master_block_2:inst17|lpm_counter0:inst17|lpm_counter:lpm_counter_component|cntr_qem:auto_generated|counter_comb_bita0                 ; |laba7_var1|master_block_2:inst17|lpm_counter0:inst17|lpm_counter:lpm_counter_component|cntr_qem:auto_generated|counter_comb_bita0                 ; sumout           ;
; |laba7_var1|master_block_2:inst17|lpm_counter0:inst17|lpm_counter:lpm_counter_component|cntr_qem:auto_generated|counter_comb_bita0                 ; |laba7_var1|master_block_2:inst17|lpm_counter0:inst17|lpm_counter:lpm_counter_component|cntr_qem:auto_generated|counter_comb_bita0~COUT            ; cout             ;
; |laba7_var1|master_block_2:inst17|lpm_counter0:inst17|lpm_counter:lpm_counter_component|cntr_qem:auto_generated|counter_comb_bita1                 ; |laba7_var1|master_block_2:inst17|lpm_counter0:inst17|lpm_counter:lpm_counter_component|cntr_qem:auto_generated|counter_comb_bita1                 ; sumout           ;
; |laba7_var1|master_block_2:inst17|lpm_counter0:inst17|lpm_counter:lpm_counter_component|cntr_qem:auto_generated|counter_comb_bita1                 ; |laba7_var1|master_block_2:inst17|lpm_counter0:inst17|lpm_counter:lpm_counter_component|cntr_qem:auto_generated|counter_comb_bita1~COUT            ; cout             ;
; |laba7_var1|master_block_2:inst17|lpm_counter0:inst17|lpm_counter:lpm_counter_component|cntr_qem:auto_generated|counter_comb_bita2                 ; |laba7_var1|master_block_2:inst17|lpm_counter0:inst17|lpm_counter:lpm_counter_component|cntr_qem:auto_generated|counter_comb_bita2                 ; sumout           ;
; |laba7_var1|master_block_2:inst17|lpm_counter0:inst17|lpm_counter:lpm_counter_component|cntr_qem:auto_generated|counter_reg_bit1a[1]               ; |laba7_var1|master_block_2:inst17|lpm_counter0:inst17|lpm_counter:lpm_counter_component|cntr_qem:auto_generated|safe_q[1]                          ; regout           ;
; |laba7_var1|master_block_2:inst17|lpm_counter0:inst17|lpm_counter:lpm_counter_component|cntr_qem:auto_generated|counter_reg_bit1a[0]               ; |laba7_var1|master_block_2:inst17|lpm_counter0:inst17|lpm_counter:lpm_counter_component|cntr_qem:auto_generated|safe_q[0]                          ; regout           ;
; |laba7_var1|master_block_2:inst17|lpm_counter0:inst17|lpm_counter:lpm_counter_component|cntr_qem:auto_generated|cmpr_9dc:cmpr2|aneb_result_wire[0] ; |laba7_var1|master_block_2:inst17|lpm_counter0:inst17|lpm_counter:lpm_counter_component|cntr_qem:auto_generated|cmpr_9dc:cmpr2|aneb_result_wire[0] ; out0             ;
; |laba7_var1|master_block_2:inst17|lpm_counter0:inst17|lpm_counter:lpm_counter_component|cntr_qem:auto_generated|cmpr_9dc:cmpr2|data_wire[0]        ; |laba7_var1|master_block_2:inst17|lpm_counter0:inst17|lpm_counter:lpm_counter_component|cntr_qem:auto_generated|cmpr_9dc:cmpr2|data_wire[0]        ; out0             ;
; |laba7_var1|master_block_3:inst18|inst11                                                                                                           ; |laba7_var1|master_block_3:inst18|inst11                                                                                                           ; out0             ;
; |laba7_var1|master_block_3:inst18|inst7                                                                                                            ; |laba7_var1|master_block_3:inst18|inst7                                                                                                            ; out0             ;
; |laba7_var1|master_block_3:inst18|lpm_counter2:inst3|lpm_counter:lpm_counter_component|cntr_33k:auto_generated|cout_actual                         ; |laba7_var1|master_block_3:inst18|lpm_counter2:inst3|lpm_counter:lpm_counter_component|cntr_33k:auto_generated|cout_actual                         ; out0             ;
; |laba7_var1|master_block_3:inst18|lpm_counter2:inst3|lpm_counter:lpm_counter_component|cntr_33k:auto_generated|counter_comb_bita0                  ; |laba7_var1|master_block_3:inst18|lpm_counter2:inst3|lpm_counter:lpm_counter_component|cntr_33k:auto_generated|counter_comb_bita0                  ; sumout           ;
; |laba7_var1|master_block_3:inst18|lpm_counter2:inst3|lpm_counter:lpm_counter_component|cntr_33k:auto_generated|counter_comb_bita0                  ; |laba7_var1|master_block_3:inst18|lpm_counter2:inst3|lpm_counter:lpm_counter_component|cntr_33k:auto_generated|counter_comb_bita0~COUT             ; cout             ;
; |laba7_var1|master_block_3:inst18|lpm_counter2:inst3|lpm_counter:lpm_counter_component|cntr_33k:auto_generated|counter_comb_bita1                  ; |laba7_var1|master_block_3:inst18|lpm_counter2:inst3|lpm_counter:lpm_counter_component|cntr_33k:auto_generated|counter_comb_bita1                  ; sumout           ;
; |laba7_var1|master_block_3:inst18|lpm_counter2:inst3|lpm_counter:lpm_counter_component|cntr_33k:auto_generated|counter_comb_bita1                  ; |laba7_var1|master_block_3:inst18|lpm_counter2:inst3|lpm_counter:lpm_counter_component|cntr_33k:auto_generated|counter_comb_bita1~COUT             ; cout             ;
; |laba7_var1|master_block_3:inst18|lpm_counter2:inst3|lpm_counter:lpm_counter_component|cntr_33k:auto_generated|counter_comb_bita2                  ; |laba7_var1|master_block_3:inst18|lpm_counter2:inst3|lpm_counter:lpm_counter_component|cntr_33k:auto_generated|counter_comb_bita2                  ; sumout           ;
; |laba7_var1|master_block_3:inst18|lpm_counter2:inst3|lpm_counter:lpm_counter_component|cntr_33k:auto_generated|counter_comb_bita2                  ; |laba7_var1|master_block_3:inst18|lpm_counter2:inst3|lpm_counter:lpm_counter_component|cntr_33k:auto_generated|counter_comb_bita2~COUT             ; cout             ;
; |laba7_var1|master_block_3:inst18|lpm_counter2:inst3|lpm_counter:lpm_counter_component|cntr_33k:auto_generated|counter_reg_bit1a[2]                ; |laba7_var1|master_block_3:inst18|lpm_counter2:inst3|lpm_counter:lpm_counter_component|cntr_33k:auto_generated|safe_q[2]                           ; regout           ;
; |laba7_var1|master_block_3:inst18|lpm_counter2:inst3|lpm_counter:lpm_counter_component|cntr_33k:auto_generated|counter_reg_bit1a[1]                ; |laba7_var1|master_block_3:inst18|lpm_counter2:inst3|lpm_counter:lpm_counter_component|cntr_33k:auto_generated|safe_q[1]                           ; regout           ;
; |laba7_var1|master_block_3:inst18|lpm_counter2:inst3|lpm_counter:lpm_counter_component|cntr_33k:auto_generated|counter_reg_bit1a[0]                ; |laba7_var1|master_block_3:inst18|lpm_counter2:inst3|lpm_counter:lpm_counter_component|cntr_33k:auto_generated|safe_q[0]                           ; regout           ;
; |laba7_var1|master_block_3:inst18|lpm_counter2:inst3|lpm_counter:lpm_counter_component|cntr_33k:auto_generated|cmpr_9dc:cmpr2|aneb_result_wire[0]  ; |laba7_var1|master_block_3:inst18|lpm_counter2:inst3|lpm_counter:lpm_counter_component|cntr_33k:auto_generated|cmpr_9dc:cmpr2|aneb_result_wire[0]  ; out0             ;
; |laba7_var1|master_block_3:inst18|lpm_counter2:inst3|lpm_counter:lpm_counter_component|cntr_33k:auto_generated|cmpr_9dc:cmpr2|data_wire[0]         ; |laba7_var1|master_block_3:inst18|lpm_counter2:inst3|lpm_counter:lpm_counter_component|cntr_33k:auto_generated|cmpr_9dc:cmpr2|data_wire[0]         ; out0             ;
; |laba7_var1|master_block_4:inst19|inst11                                                                                                           ; |laba7_var1|master_block_4:inst19|inst11                                                                                                           ; out0             ;
; |laba7_var1|master_block_4:inst19|inst7                                                                                                            ; |laba7_var1|master_block_4:inst19|inst7                                                                                                            ; out0             ;
; |laba7_var1|master_block_4:inst19|lpm_counter3:inst17|lpm_counter:lpm_counter_component|cntr_83k:auto_generated|cout_actual                        ; |laba7_var1|master_block_4:inst19|lpm_counter3:inst17|lpm_counter:lpm_counter_component|cntr_83k:auto_generated|cout_actual                        ; out0             ;
; |laba7_var1|master_block_4:inst19|lpm_counter3:inst17|lpm_counter:lpm_counter_component|cntr_83k:auto_generated|counter_comb_bita0                 ; |laba7_var1|master_block_4:inst19|lpm_counter3:inst17|lpm_counter:lpm_counter_component|cntr_83k:auto_generated|counter_comb_bita0                 ; sumout           ;
; |laba7_var1|master_block_4:inst19|lpm_counter3:inst17|lpm_counter:lpm_counter_component|cntr_83k:auto_generated|counter_comb_bita0                 ; |laba7_var1|master_block_4:inst19|lpm_counter3:inst17|lpm_counter:lpm_counter_component|cntr_83k:auto_generated|counter_comb_bita0~COUT            ; cout             ;
; |laba7_var1|master_block_4:inst19|lpm_counter3:inst17|lpm_counter:lpm_counter_component|cntr_83k:auto_generated|counter_comb_bita1                 ; |laba7_var1|master_block_4:inst19|lpm_counter3:inst17|lpm_counter:lpm_counter_component|cntr_83k:auto_generated|counter_comb_bita1                 ; sumout           ;
; |laba7_var1|master_block_4:inst19|lpm_counter3:inst17|lpm_counter:lpm_counter_component|cntr_83k:auto_generated|counter_comb_bita1                 ; |laba7_var1|master_block_4:inst19|lpm_counter3:inst17|lpm_counter:lpm_counter_component|cntr_83k:auto_generated|counter_comb_bita1~COUT            ; cout             ;
; |laba7_var1|master_block_4:inst19|lpm_counter3:inst17|lpm_counter:lpm_counter_component|cntr_83k:auto_generated|counter_comb_bita2                 ; |laba7_var1|master_block_4:inst19|lpm_counter3:inst17|lpm_counter:lpm_counter_component|cntr_83k:auto_generated|counter_comb_bita2                 ; sumout           ;
; |laba7_var1|master_block_4:inst19|lpm_counter3:inst17|lpm_counter:lpm_counter_component|cntr_83k:auto_generated|counter_comb_bita2                 ; |laba7_var1|master_block_4:inst19|lpm_counter3:inst17|lpm_counter:lpm_counter_component|cntr_83k:auto_generated|counter_comb_bita2~COUT            ; cout             ;
; |laba7_var1|master_block_4:inst19|lpm_counter3:inst17|lpm_counter:lpm_counter_component|cntr_83k:auto_generated|counter_comb_bita3                 ; |laba7_var1|master_block_4:inst19|lpm_counter3:inst17|lpm_counter:lpm_counter_component|cntr_83k:auto_generated|counter_comb_bita3                 ; sumout           ;
; |laba7_var1|master_block_4:inst19|lpm_counter3:inst17|lpm_counter:lpm_counter_component|cntr_83k:auto_generated|counter_comb_bita3                 ; |laba7_var1|master_block_4:inst19|lpm_counter3:inst17|lpm_counter:lpm_counter_component|cntr_83k:auto_generated|counter_comb_bita3~COUT            ; cout             ;
; |laba7_var1|master_block_4:inst19|lpm_counter3:inst17|lpm_counter:lpm_counter_component|cntr_83k:auto_generated|counter_reg_bit1a[3]               ; |laba7_var1|master_block_4:inst19|lpm_counter3:inst17|lpm_counter:lpm_counter_component|cntr_83k:auto_generated|safe_q[3]                          ; regout           ;
; |laba7_var1|master_block_4:inst19|lpm_counter3:inst17|lpm_counter:lpm_counter_component|cntr_83k:auto_generated|counter_reg_bit1a[2]               ; |laba7_var1|master_block_4:inst19|lpm_counter3:inst17|lpm_counter:lpm_counter_component|cntr_83k:auto_generated|safe_q[2]                          ; regout           ;
; |laba7_var1|master_block_4:inst19|lpm_counter3:inst17|lpm_counter:lpm_counter_component|cntr_83k:auto_generated|counter_reg_bit1a[1]               ; |laba7_var1|master_block_4:inst19|lpm_counter3:inst17|lpm_counter:lpm_counter_component|cntr_83k:auto_generated|safe_q[1]                          ; regout           ;
; |laba7_var1|master_block_4:inst19|lpm_counter3:inst17|lpm_counter:lpm_counter_component|cntr_83k:auto_generated|counter_reg_bit1a[0]               ; |laba7_var1|master_block_4:inst19|lpm_counter3:inst17|lpm_counter:lpm_counter_component|cntr_83k:auto_generated|safe_q[0]                          ; regout           ;
; |laba7_var1|master_block_4:inst19|lpm_counter3:inst17|lpm_counter:lpm_counter_component|cntr_83k:auto_generated|cmpr_adc:cmpr2|aneb_result_wire[0] ; |laba7_var1|master_block_4:inst19|lpm_counter3:inst17|lpm_counter:lpm_counter_component|cntr_83k:auto_generated|cmpr_adc:cmpr2|aneb_result_wire[0] ; out0             ;
; |laba7_var1|master_block_4:inst19|lpm_counter3:inst17|lpm_counter:lpm_counter_component|cntr_83k:auto_generated|cmpr_adc:cmpr2|data_wire[1]        ; |laba7_var1|master_block_4:inst19|lpm_counter3:inst17|lpm_counter:lpm_counter_component|cntr_83k:auto_generated|cmpr_adc:cmpr2|data_wire[1]        ; out0             ;
; |laba7_var1|master_block_4:inst19|lpm_counter3:inst17|lpm_counter:lpm_counter_component|cntr_83k:auto_generated|cmpr_adc:cmpr2|data_wire[0]        ; |laba7_var1|master_block_4:inst19|lpm_counter3:inst17|lpm_counter:lpm_counter_component|cntr_83k:auto_generated|cmpr_adc:cmpr2|data_wire[0]        ; out0             ;
+----------------------------------------------------------------------------------------------------------------------------------------------------+----------------------------------------------------------------------------------------------------------------------------------------------------+------------------+


The following table displays output ports that do not toggle to 1 during simulation.
+---------------------------------------------------------------------------------------------------------------------------------------------------------------------------------------------------------------------------------------------------------------------------------------------------+
; Missing 1-Value Coverage                                                                                                                                                                                                                                                                          ;
+--------------------------------------------------------------------------------------------------------------------------------------+-----------------------------------------------------------------------------------------------------------------------------------------+------------------+
; Node Name                                                                                                                            ; Output Port Name                                                                                                                        ; Output Port Type ;
+--------------------------------------------------------------------------------------------------------------------------------------+-----------------------------------------------------------------------------------------------------------------------------------------+------------------+
; |laba7_var1|data_main_out[3]                                                                                                         ; |laba7_var1|data_main_out[3]                                                                                                            ; pin_out          ;
; |laba7_var1|data_main_out[2]                                                                                                         ; |laba7_var1|data_main_out[2]                                                                                                            ; pin_out          ;
; |laba7_var1|data_main_out[1]                                                                                                         ; |laba7_var1|data_main_out[1]                                                                                                            ; pin_out          ;
; |laba7_var1|data_main_out[0]                                                                                                         ; |laba7_var1|data_main_out[0]                                                                                                            ; pin_out          ;
; |laba7_var1|gdfx_temp0[2]                                                                                                            ; |laba7_var1|gdfx_temp0[2]                                                                                                               ; out0             ;
; |laba7_var1|gdfx_temp0[0]                                                                                                            ; |laba7_var1|gdfx_temp0[0]                                                                                                               ; out0             ;
; |laba7_var1|data_out12[2]                                                                                                            ; |laba7_var1|data_out12[2]                                                                                                               ; pin_out          ;
; |laba7_var1|data_out12[0]                                                                                                            ; |laba7_var1|data_out12[0]                                                                                                               ; pin_out          ;
; |laba7_var1|lpm_ff0:inst10|lpm_ff:lpm_ff_component|dffs[3]                                                                           ; |laba7_var1|lpm_ff0:inst10|lpm_ff:lpm_ff_component|dffs[3]                                                                              ; regout           ;
; |laba7_var1|lpm_ff0:inst10|lpm_ff:lpm_ff_component|dffs[2]                                                                           ; |laba7_var1|lpm_ff0:inst10|lpm_ff:lpm_ff_component|dffs[2]                                                                              ; regout           ;
; |laba7_var1|lpm_ff0:inst10|lpm_ff:lpm_ff_component|dffs[1]                                                                           ; |laba7_var1|lpm_ff0:inst10|lpm_ff:lpm_ff_component|dffs[1]                                                                              ; regout           ;
; |laba7_var1|lpm_ff0:inst10|lpm_ff:lpm_ff_component|dffs[0]                                                                           ; |laba7_var1|lpm_ff0:inst10|lpm_ff:lpm_ff_component|dffs[0]                                                                              ; regout           ;
; |laba7_var1|master_block_1:inst|lpm_bustri0:inst4|lpm_bustri:lpm_bustri_component|dout[2]                                            ; |laba7_var1|master_block_1:inst|lpm_bustri0:inst4|lpm_bustri:lpm_bustri_component|dout[2]                                               ; out              ;
; |laba7_var1|master_block_1:inst|lpm_bustri0:inst4|lpm_bustri:lpm_bustri_component|dout[0]                                            ; |laba7_var1|master_block_1:inst|lpm_bustri0:inst4|lpm_bustri:lpm_bustri_component|dout[0]                                               ; out              ;
; |laba7_var1|master_block_2:inst17|inst2                                                                                              ; |laba7_var1|master_block_2:inst17|inst2                                                                                                 ; out0             ;
; |laba7_var1|master_block_2:inst17|lpm_bustri0:inst5|lpm_bustri:lpm_bustri_component|dout[2]                                          ; |laba7_var1|master_block_2:inst17|lpm_bustri0:inst5|lpm_bustri:lpm_bustri_component|dout[2]                                             ; out              ;
; |laba7_var1|master_block_2:inst17|lpm_bustri0:inst5|lpm_bustri:lpm_bustri_component|dout[0]                                          ; |laba7_var1|master_block_2:inst17|lpm_bustri0:inst5|lpm_bustri:lpm_bustri_component|dout[0]                                             ; out              ;
; |laba7_var1|master_block_2:inst17|lpm_counter0:inst17|lpm_counter:lpm_counter_component|cntr_qem:auto_generated|counter_comb_bita2   ; |laba7_var1|master_block_2:inst17|lpm_counter0:inst17|lpm_counter:lpm_counter_component|cntr_qem:auto_generated|counter_comb_bita2~COUT ; cout             ;
; |laba7_var1|master_block_2:inst17|lpm_counter0:inst17|lpm_counter:lpm_counter_component|cntr_qem:auto_generated|counter_reg_bit1a[2] ; |laba7_var1|master_block_2:inst17|lpm_counter0:inst17|lpm_counter:lpm_counter_component|cntr_qem:auto_generated|safe_q[2]               ; regout           ;
; |laba7_var1|master_block_3:inst18|inst2                                                                                              ; |laba7_var1|master_block_3:inst18|inst2                                                                                                 ; out0             ;
; |laba7_var1|master_block_3:inst18|lpm_bustri0:inst5|lpm_bustri:lpm_bustri_component|dout[2]                                          ; |laba7_var1|master_block_3:inst18|lpm_bustri0:inst5|lpm_bustri:lpm_bustri_component|dout[2]                                             ; out              ;
; |laba7_var1|master_block_3:inst18|lpm_bustri0:inst5|lpm_bustri:lpm_bustri_component|dout[0]                                          ; |laba7_var1|master_block_3:inst18|lpm_bustri0:inst5|lpm_bustri:lpm_bustri_component|dout[0]                                             ; out              ;
; |laba7_var1|master_block_4:inst19|inst3                                                                                              ; |laba7_var1|master_block_4:inst19|inst3                                                                                                 ; out0             ;
; |laba7_var1|master_block_4:inst19|lpm_bustri0:inst5|lpm_bustri:lpm_bustri_component|dout[2]                                          ; |laba7_var1|master_block_4:inst19|lpm_bustri0:inst5|lpm_bustri:lpm_bustri_component|dout[2]                                             ; out              ;
; |laba7_var1|master_block_4:inst19|lpm_bustri0:inst5|lpm_bustri:lpm_bustri_component|dout[0]                                          ; |laba7_var1|master_block_4:inst19|lpm_bustri0:inst5|lpm_bustri:lpm_bustri_component|dout[0]                                             ; out              ;
+--------------------------------------------------------------------------------------------------------------------------------------+-----------------------------------------------------------------------------------------------------------------------------------------+------------------+


The following table displays output ports that do not toggle to 0 during simulation.
+---------------------------------------------------------------------------------------------------------------------------------------------------------------------------------------------------------------------------------------------------------------------------------------------------+
; Missing 0-Value Coverage                                                                                                                                                                                                                                                                          ;
+--------------------------------------------------------------------------------------------------------------------------------------+-----------------------------------------------------------------------------------------------------------------------------------------+------------------+
; Node Name                                                                                                                            ; Output Port Name                                                                                                                        ; Output Port Type ;
+--------------------------------------------------------------------------------------------------------------------------------------+-----------------------------------------------------------------------------------------------------------------------------------------+------------------+
; |laba7_var1|data_main_out[3]                                                                                                         ; |laba7_var1|data_main_out[3]                                                                                                            ; pin_out          ;
; |laba7_var1|data_main_out[2]                                                                                                         ; |laba7_var1|data_main_out[2]                                                                                                            ; pin_out          ;
; |laba7_var1|data_main_out[1]                                                                                                         ; |laba7_var1|data_main_out[1]                                                                                                            ; pin_out          ;
; |laba7_var1|data_main_out[0]                                                                                                         ; |laba7_var1|data_main_out[0]                                                                                                            ; pin_out          ;
; |laba7_var1|gdfx_temp0[3]                                                                                                            ; |laba7_var1|gdfx_temp0[3]                                                                                                               ; out0             ;
; |laba7_var1|gdfx_temp0[1]                                                                                                            ; |laba7_var1|gdfx_temp0[1]                                                                                                               ; out0             ;
; |laba7_var1|data_out12[3]                                                                                                            ; |laba7_var1|data_out12[3]                                                                                                               ; pin_out          ;
; |laba7_var1|data_out12[1]                                                                                                            ; |laba7_var1|data_out12[1]                                                                                                               ; pin_out          ;
; |laba7_var1|lpm_ff0:inst10|lpm_ff:lpm_ff_component|dffs[3]                                                                           ; |laba7_var1|lpm_ff0:inst10|lpm_ff:lpm_ff_component|dffs[3]                                                                              ; regout           ;
; |laba7_var1|lpm_ff0:inst10|lpm_ff:lpm_ff_component|dffs[2]                                                                           ; |laba7_var1|lpm_ff0:inst10|lpm_ff:lpm_ff_component|dffs[2]                                                                              ; regout           ;
; |laba7_var1|lpm_ff0:inst10|lpm_ff:lpm_ff_component|dffs[1]                                                                           ; |laba7_var1|lpm_ff0:inst10|lpm_ff:lpm_ff_component|dffs[1]                                                                              ; regout           ;
; |laba7_var1|lpm_ff0:inst10|lpm_ff:lpm_ff_component|dffs[0]                                                                           ; |laba7_var1|lpm_ff0:inst10|lpm_ff:lpm_ff_component|dffs[0]                                                                              ; regout           ;
; |laba7_var1|master_block_1:inst|lpm_bustri0:inst4|lpm_bustri:lpm_bustri_component|dout[3]                                            ; |laba7_var1|master_block_1:inst|lpm_bustri0:inst4|lpm_bustri:lpm_bustri_component|dout[3]                                               ; out              ;
; |laba7_var1|master_block_1:inst|lpm_bustri0:inst4|lpm_bustri:lpm_bustri_component|dout[1]                                            ; |laba7_var1|master_block_1:inst|lpm_bustri0:inst4|lpm_bustri:lpm_bustri_component|dout[1]                                               ; out              ;
; |laba7_var1|master_block_2:inst17|inst2                                                                                              ; |laba7_var1|master_block_2:inst17|inst2                                                                                                 ; out0             ;
; |laba7_var1|master_block_2:inst17|lpm_bustri0:inst5|lpm_bustri:lpm_bustri_component|dout[3]                                          ; |laba7_var1|master_block_2:inst17|lpm_bustri0:inst5|lpm_bustri:lpm_bustri_component|dout[3]                                             ; out              ;
; |laba7_var1|master_block_2:inst17|lpm_bustri0:inst5|lpm_bustri:lpm_bustri_component|dout[1]                                          ; |laba7_var1|master_block_2:inst17|lpm_bustri0:inst5|lpm_bustri:lpm_bustri_component|dout[1]                                             ; out              ;
; |laba7_var1|master_block_2:inst17|lpm_counter0:inst17|lpm_counter:lpm_counter_component|cntr_qem:auto_generated|counter_comb_bita2   ; |laba7_var1|master_block_2:inst17|lpm_counter0:inst17|lpm_counter:lpm_counter_component|cntr_qem:auto_generated|counter_comb_bita2~COUT ; cout             ;
; |laba7_var1|master_block_2:inst17|lpm_counter0:inst17|lpm_counter:lpm_counter_component|cntr_qem:auto_generated|counter_reg_bit1a[2] ; |laba7_var1|master_block_2:inst17|lpm_counter0:inst17|lpm_counter:lpm_counter_component|cntr_qem:auto_generated|safe_q[2]               ; regout           ;
; |laba7_var1|master_block_3:inst18|inst2                                                                                              ; |laba7_var1|master_block_3:inst18|inst2                                                                                                 ; out0             ;
; |laba7_var1|master_block_3:inst18|lpm_bustri0:inst5|lpm_bustri:lpm_bustri_component|dout[3]                                          ; |laba7_var1|master_block_3:inst18|lpm_bustri0:inst5|lpm_bustri:lpm_bustri_component|dout[3]                                             ; out              ;
; |laba7_var1|master_block_3:inst18|lpm_bustri0:inst5|lpm_bustri:lpm_bustri_component|dout[1]                                          ; |laba7_var1|master_block_3:inst18|lpm_bustri0:inst5|lpm_bustri:lpm_bustri_component|dout[1]                                             ; out              ;
; |laba7_var1|master_block_4:inst19|inst3                                                                                              ; |laba7_var1|master_block_4:inst19|inst3                                                                                                 ; out0             ;
; |laba7_var1|master_block_4:inst19|lpm_bustri0:inst5|lpm_bustri:lpm_bustri_component|dout[3]                                          ; |laba7_var1|master_block_4:inst19|lpm_bustri0:inst5|lpm_bustri:lpm_bustri_component|dout[3]                                             ; out              ;
; |laba7_var1|master_block_4:inst19|lpm_bustri0:inst5|lpm_bustri:lpm_bustri_component|dout[1]                                          ; |laba7_var1|master_block_4:inst19|lpm_bustri0:inst5|lpm_bustri:lpm_bustri_component|dout[1]                                             ; out              ;
+--------------------------------------------------------------------------------------------------------------------------------------+-----------------------------------------------------------------------------------------------------------------------------------------+------------------+


+---------------------+
; Simulator INI Usage ;
+--------+------------+
; Option ; Usage      ;
+--------+------------+


+--------------------+
; Simulator Messages ;
+--------------------+
Info: *******************************************************************
Info: Running Quartus II Simulator
    Info: Version 9.1 Build 222 10/21/2009 SJ Web Edition
    Info: Processing started: Fri May 01 22:11:16 2026
Info: Command: quartus_sim --read_settings_files=on --write_settings_files=off laba7_var1 -c laba7_var1
Info: Using vector source file "C:/Users/lapshet/Desktop/labs/Laba 7/laba7/laba7_var1.vwf"
Info: Option to preserve fewer signal transitions to reduce memory requirements is enabled
    Info: Simulation has been partitioned into sub-simulations according to the maximum transition count determined by the engine. Transitions from memory will be flushed out to disk at the end of each sub-simulation to reduce memory requirements.
Info: Simulation partitioned into 1 sub-simulations
Info: Simulation coverage is      63.37 %
Info: Number of transitions in simulation is 18996
Info: Quartus II Simulator was successful. 0 errors, 0 warnings
    Info: Peak virtual memory: 165 megabytes
    Info: Processing ended: Fri May 01 22:11:17 2026
    Info: Elapsed time: 00:00:01
    Info: Total CPU time (on all processors): 00:00:01


