Analysis & Synthesis report for lab3_var7_v1
Fri May 01 11:47:16 2026
Quartus II Version 9.1 Build 222 10/21/2009 SJ Web Edition


---------------------
; Table of Contents ;
---------------------
  1. Legal Notice
  2. Analysis & Synthesis Summary
  3. Analysis & Synthesis Settings
  4. Parallel Compilation
  5. Analysis & Synthesis Source Files Read
  6. Analysis & Synthesis Resource Usage Summary
  7. Analysis & Synthesis Resource Utilization by Entity
  8. Analysis & Synthesis RAM Summary
  9. General Register Statistics
 10. Source assignments for rom_ram_interface:inst|lpm_rom0:inst|altsyncram:altsyncram_component|altsyncram_9v71:auto_generated
 11. Source assignments for rom_ram_interface:inst|LPM_RAM_IO:inst2|altram:sram|altsyncram:ram_block|altsyncram_0k71:auto_generated
 12. Parameter Settings for User Entity Instance: rom_ram_interface:inst|lpm_ff0:inst1|lpm_ff:lpm_ff_component
 13. Parameter Settings for User Entity Instance: rom_ram_interface:inst|lpm_rom0:inst
 14. Parameter Settings for User Entity Instance: rom_ram_interface:inst|lpm_rom0:inst|altsyncram:altsyncram_component
 15. Parameter Settings for User Entity Instance: rom_ram_interface:inst|LPM_RAM_IO:inst2
 16. altsyncram Parameter Settings by Entity Instance
 17. Analysis & Synthesis Messages



----------------
; Legal Notice ;
----------------
Copyright (C) 1991-2009 Altera Corporation
Your use of Altera Corporation's design tools, logic functions 
and other software and tools, and its AMPP partner logic 
functions, and any output files from any of the foregoing 
(including device programming or simulation files), and any 
associated documentation or information are expressly subject 
to the terms and conditions of the Altera Program License 
Subscription Agreement, Altera MegaCore Function License 
Agreement, or other applicable license agreement, including, 
without limitation, that your use is for the sole purpose of 
programming logic devices manufactured by Altera and sold by 
Altera or its authorized distributors.  Please refer to the 
applicable agreement for further details.



+-------------------------------------------------------------------------+
; Analysis & Synthesis Summary                                            ;
+-------------------------------+-----------------------------------------+
; Analysis & Synthesis Status   ; Successful - Fri May 01 11:47:16 2026   ;
; Quartus II Version            ; 9.1 Build 222 10/21/2009 SJ Web Edition ;
; Revision Name                 ; lab3_var7_v1                            ;
; Top-level Entity Name         ; lab3_var7_v1                            ;
; Family                        ; Stratix II                              ;
; Logic utilization             ; N/A                                     ;
;     Combinational ALUTs       ; 10                                      ;
;     Dedicated logic registers ; 8                                       ;
; Total registers               ; 8                                       ;
; Total pins                    ; 32                                      ;
; Total virtual pins            ; 0                                       ;
; Total block memory bits       ; 256                                     ;
; DSP block 9-bit elements      ; 0                                       ;
; Total PLLs                    ; 0                                       ;
; Total DLLs                    ; 0                                       ;
+-------------------------------+-----------------------------------------+


+----------------------------------------------------------------------------------------------------------------------+
; Analysis & Synthesis Settings                                                                                        ;
+----------------------------------------------------------------------------+--------------------+--------------------+
; Option                                                                     ; Setting            ; Default Value      ;
+----------------------------------------------------------------------------+--------------------+--------------------+
; Top-level entity name                                                      ; lab3_var7_v1       ; lab3_var7_v1       ;
; Family name                                                                ; Stratix II         ; Stratix II         ;
; Use Generated Physical Constraints File                                    ; Off                ;                    ;
; Use smart compilation                                                      ; Off                ; Off                ;
; Enable parallel Assembler and TimeQuest Timing Analyzer during compilation ; On                 ; On                 ;
; Enable compact report table                                                ; Off                ; Off                ;
; Restructure Multiplexers                                                   ; Auto               ; Auto               ;
; Create Debugging Nodes for IP Cores                                        ; Off                ; Off                ;
; Preserve fewer node names                                                  ; On                 ; On                 ;
; Disable OpenCore Plus hardware evaluation                                  ; Off                ; Off                ;
; Verilog Version                                                            ; Verilog_2001       ; Verilog_2001       ;
; VHDL Version                                                               ; VHDL_1993          ; VHDL_1993          ;
; State Machine Processing                                                   ; Auto               ; Auto               ;
; Safe State Machine                                                         ; Off                ; Off                ;
; Extract Verilog State Machines                                             ; On                 ; On                 ;
; Extract VHDL State Machines                                                ; On                 ; On                 ;
; Ignore Verilog initial constructs                                          ; Off                ; Off                ;
; Iteration limit for constant Verilog loops                                 ; 5000               ; 5000               ;
; Iteration limit for non-constant Verilog loops                             ; 250                ; 250                ;
; Add Pass-Through Logic to Inferred RAMs                                    ; On                 ; On                 ;
; Parallel Synthesis                                                         ; On                 ; On                 ;
; DSP Block Balancing                                                        ; Auto               ; Auto               ;
; NOT Gate Push-Back                                                         ; On                 ; On                 ;
; Power-Up Don't Care                                                        ; On                 ; On                 ;
; Remove Redundant Logic Cells                                               ; Off                ; Off                ;
; Remove Duplicate Registers                                                 ; On                 ; On                 ;
; Ignore CARRY Buffers                                                       ; Off                ; Off                ;
; Ignore CASCADE Buffers                                                     ; Off                ; Off                ;
; Ignore GLOBAL Buffers                                                      ; Off                ; Off                ;
; Ignore ROW GLOBAL Buffers                                                  ; Off                ; Off                ;
; Ignore LCELL Buffers                                                       ; Off                ; Off                ;
; Ignore SOFT Buffers                                                        ; On                 ; On                 ;
; Limit AHDL Integers to 32 Bits                                             ; Off                ; Off                ;
; Optimization Technique                                                     ; Balanced           ; Balanced           ;
; Carry Chain Length                                                         ; 70                 ; 70                 ;
; Auto Carry Chains                                                          ; On                 ; On                 ;
; Auto Open-Drain Pins                                                       ; On                 ; On                 ;
; Perform WYSIWYG Primitive Resynthesis                                      ; Off                ; Off                ;
; Auto ROM Replacement                                                       ; On                 ; On                 ;
; Auto RAM Replacement                                                       ; On                 ; On                 ;
; Auto DSP Block Replacement                                                 ; On                 ; On                 ;
; Auto Shift Register Replacement                                            ; Auto               ; Auto               ;
; Auto Clock Enable Replacement                                              ; On                 ; On                 ;
; Strict RAM Replacement                                                     ; Off                ; Off                ;
; Allow Synchronous Control Signals                                          ; On                 ; On                 ;
; Force Use of Synchronous Clear Signals                                     ; Off                ; Off                ;
; Auto RAM Block Balancing                                                   ; On                 ; On                 ;
; Auto RAM to Logic Cell Conversion                                          ; Off                ; Off                ;
; Auto Resource Sharing                                                      ; Off                ; Off                ;
; Allow Any RAM Size For Recognition                                         ; Off                ; Off                ;
; Allow Any ROM Size For Recognition                                         ; Off                ; Off                ;
; Allow Any Shift Register Size For Recognition                              ; Off                ; Off                ;
; Use LogicLock Constraints during Resource Balancing                        ; On                 ; On                 ;
; Ignore translate_off and synthesis_off directives                          ; Off                ; Off                ;
; Timing-Driven Synthesis                                                    ; Off                ; Off                ;
; Show Parameter Settings Tables in Synthesis Report                         ; On                 ; On                 ;
; Ignore Maximum Fan-Out Assignments                                         ; Off                ; Off                ;
; Synchronization Register Chain Length                                      ; 2                  ; 2                  ;
; PowerPlay Power Optimization                                               ; Normal compilation ; Normal compilation ;
; HDL message level                                                          ; Level2             ; Level2             ;
; Suppress Register Optimization Related Messages                            ; Off                ; Off                ;
; Number of Removed Registers Reported in Synthesis Report                   ; 100                ; 100                ;
; Number of Inverted Registers Reported in Synthesis Report                  ; 100                ; 100                ;
; Clock MUX Protection                                                       ; On                 ; On                 ;
; Auto Gated Clock Conversion                                                ; Off                ; Off                ;
; Block Design Naming                                                        ; Auto               ; Auto               ;
; SDC constraint protection                                                  ; Off                ; Off                ;
; Synthesis Effort                                                           ; Auto               ; Auto               ;
; Shift Register Replacement - Allow Asynchronous Clear Signal               ; On                 ; On                 ;
; Analysis & Synthesis Message Level                                         ; Medium             ; Medium             ;
; Disable Register Merging Across Hierarchies                                ; Auto               ; Auto               ;
; Resource Aware Inference For Block RAM                                     ; On                 ; On                 ;
+----------------------------------------------------------------------------+--------------------+--------------------+


Parallel compilation was disabled, but you have multiple processors available. Enable parallel compilation to reduce compilation time.
+-------------------------------------+
; Parallel Compilation                ;
+----------------------------+--------+
; Processors                 ; Number ;
+----------------------------+--------+
; Number detected on machine ; 2      ;
; Maximum allowed            ; 1      ;
+----------------------------+--------+


+---------------------------------------------------------------------------------------------------------------------------------------------------------------------+
; Analysis & Synthesis Source Files Read                                                                                                                              ;
+----------------------------------+-----------------+----------------------------------------+-----------------------------------------------------------------------+
; File Name with User-Entered Path ; Used in Netlist ; File Type                              ; File Name with Absolute Path                                          ;
+----------------------------------+-----------------+----------------------------------------+-----------------------------------------------------------------------+
; lpm_ff0.tdf                      ; yes             ; User Wizard-Generated File             ; C:/Users/user/Desktop/labs/Laba 3/lab3_var7_v1/lpm_ff0.tdf            ;
; lpm_rom0.tdf                     ; yes             ; User Wizard-Generated File             ; C:/Users/user/Desktop/labs/Laba 3/lab3_var7_v1/lpm_rom0.tdf           ;
; lab3_var7_v1.bdf                 ; yes             ; User Block Diagram/Schematic File      ; C:/Users/user/Desktop/labs/Laba 3/lab3_var7_v1/lab3_var7_v1.bdf       ;
; rom_ram_interface.bdf            ; yes             ; User Block Diagram/Schematic File      ; C:/Users/user/Desktop/labs/Laba 3/lab3_var7_v1/rom_ram_interface.bdf  ;
; lpm_ff.inc                       ; yes             ; Auto-Found AHDL File                   ; c:/altera/91/quartus/libraries/megafunctions/lpm_ff.inc               ;
; altsyncram.inc                   ; yes             ; Megafunction                           ; c:/altera/91/quartus/libraries/megafunctions/altsyncram.inc           ;
; lpm_ff.tdf                       ; yes             ; Megafunction                           ; c:/altera/91/quartus/libraries/megafunctions/lpm_ff.tdf               ;
; altsyncram.tdf                   ; yes             ; Megafunction                           ; c:/altera/91/quartus/libraries/megafunctions/altsyncram.tdf           ;
; db/altsyncram_9v71.tdf           ; yes             ; Auto-Generated Megafunction            ; C:/Users/user/Desktop/labs/Laba 3/lab3_var7_v1/db/altsyncram_9v71.tdf ;
; rom_var7.hex                     ; yes             ; Auto-Found Memory Initialization File  ; C:/Users/user/Desktop/labs/Laba 3/lab3_var7_v1/rom_var7.hex           ;
; lpm_ram_io.tdf                   ; yes             ; Megafunction                           ; c:/altera/91/quartus/libraries/megafunctions/lpm_ram_io.tdf           ;
; altram.tdf                       ; yes             ; Megafunction                           ; c:/altera/91/quartus/libraries/megafunctions/altram.tdf               ;
; db/altsyncram_0k71.tdf           ; yes             ; Auto-Generated Megafunction            ; C:/Users/user/Desktop/labs/Laba 3/lab3_var7_v1/db/altsyncram_0k71.tdf ;
+----------------------------------+-----------------+----------------------------------------+-----------------------------------------------------------------------+


+-------------------------------------------------------+
; Analysis & Synthesis Resource Usage Summary           ;
+-----------------------------------------------+-------+
; Resource                                      ; Usage ;
+-----------------------------------------------+-------+
; Estimated ALUTs Used                          ; 10    ;
; Dedicated logic registers                     ; 8     ;
;                                               ;       ;
; Estimated ALUTs Unavailable                   ; 0     ;
;                                               ;       ;
; Total combinational functions                 ; 10    ;
; Combinational ALUT usage by number of inputs  ;       ;
;     -- 7 input functions                      ; 0     ;
;     -- 6 input functions                      ; 0     ;
;     -- 5 input functions                      ; 8     ;
;     -- 4 input functions                      ; 0     ;
;     -- <=3 input functions                    ; 2     ;
;                                               ;       ;
; Combinational ALUTs by mode                   ;       ;
;     -- normal mode                            ; 10    ;
;     -- extended LUT mode                      ; 0     ;
;     -- arithmetic mode                        ; 0     ;
;     -- shared arithmetic mode                 ; 0     ;
;                                               ;       ;
; Estimated ALUT/register pairs used            ; 17    ;
;                                               ;       ;
; Total registers                               ; 8     ;
;     -- Dedicated logic registers              ; 8     ;
;     -- I/O registers                          ; 0     ;
;                                               ;       ;
; Estimated ALMs:  partially or completely used ; 9     ;
;                                               ;       ;
; I/O pins                                      ; 32    ;
; Total block memory bits                       ; 256   ;
; Maximum fan-out node                          ; clk   ;
; Maximum fan-out                               ; 24    ;
; Total fan-out                                 ; 190   ;
; Average fan-out                               ; 2.88  ;
+-----------------------------------------------+-------+


+----------------------------------------------------------------------------------------------------------------------------------------------------------------------------------------------------------------------------------------------------------------------------------------------------------------------+
; Analysis & Synthesis Resource Utilization by Entity                                                                                                                                                                                                                                                                  ;
+-------------------------------------------------+-------------------+--------------+-------------------+--------------+---------+-----------+-----------+------+--------------+-----------------------------------------------------------------------------------------------------------------------+--------------+
; Compilation Hierarchy Node                      ; LC Combinationals ; LC Registers ; Block Memory Bits ; DSP Elements ; DSP 9x9 ; DSP 18x18 ; DSP 36x36 ; Pins ; Virtual Pins ; Full Hierarchy Name                                                                                                   ; Library Name ;
+-------------------------------------------------+-------------------+--------------+-------------------+--------------+---------+-----------+-----------+------+--------------+-----------------------------------------------------------------------------------------------------------------------+--------------+
; |lab3_var7_v1                                   ; 10 (0)            ; 8 (0)        ; 256               ; 0            ; 0       ; 0         ; 0         ; 32   ; 0            ; |lab3_var7_v1                                                                                                         ; work         ;
;    |rom_ram_interface:inst|                     ; 10 (9)            ; 8 (0)        ; 256               ; 0            ; 0       ; 0         ; 0         ; 0    ; 0            ; |lab3_var7_v1|rom_ram_interface:inst                                                                                  ;              ;
;       |lpm_ff0:inst1|                           ; 0 (0)             ; 8 (0)        ; 0                 ; 0            ; 0       ; 0         ; 0         ; 0    ; 0            ; |lab3_var7_v1|rom_ram_interface:inst|lpm_ff0:inst1                                                                    ; work         ;
;          |lpm_ff:lpm_ff_component|              ; 0 (0)             ; 8 (8)        ; 0                 ; 0            ; 0       ; 0         ; 0         ; 0    ; 0            ; |lab3_var7_v1|rom_ram_interface:inst|lpm_ff0:inst1|lpm_ff:lpm_ff_component                                            ; work         ;
;       |lpm_ram_io:inst2|                        ; 1 (1)             ; 0 (0)        ; 128               ; 0            ; 0       ; 0         ; 0         ; 0    ; 0            ; |lab3_var7_v1|rom_ram_interface:inst|lpm_ram_io:inst2                                                                 ; work         ;
;          |altram:sram|                          ; 0 (0)             ; 0 (0)        ; 128               ; 0            ; 0       ; 0         ; 0         ; 0    ; 0            ; |lab3_var7_v1|rom_ram_interface:inst|lpm_ram_io:inst2|altram:sram                                                     ;              ;
;             |altsyncram:ram_block|              ; 0 (0)             ; 0 (0)        ; 128               ; 0            ; 0       ; 0         ; 0         ; 0    ; 0            ; |lab3_var7_v1|rom_ram_interface:inst|lpm_ram_io:inst2|altram:sram|altsyncram:ram_block                                ;              ;
;                |altsyncram_0k71:auto_generated| ; 0 (0)             ; 0 (0)        ; 128               ; 0            ; 0       ; 0         ; 0         ; 0    ; 0            ; |lab3_var7_v1|rom_ram_interface:inst|lpm_ram_io:inst2|altram:sram|altsyncram:ram_block|altsyncram_0k71:auto_generated ; work         ;
;       |lpm_rom0:inst|                           ; 0 (0)             ; 0 (0)        ; 128               ; 0            ; 0       ; 0         ; 0         ; 0    ; 0            ; |lab3_var7_v1|rom_ram_interface:inst|lpm_rom0:inst                                                                    ; work         ;
;          |altsyncram:altsyncram_component|      ; 0 (0)             ; 0 (0)        ; 128               ; 0            ; 0       ; 0         ; 0         ; 0    ; 0            ; |lab3_var7_v1|rom_ram_interface:inst|lpm_rom0:inst|altsyncram:altsyncram_component                                    ; work         ;
;             |altsyncram_9v71:auto_generated|    ; 0 (0)             ; 0 (0)        ; 128               ; 0            ; 0       ; 0         ; 0         ; 0    ; 0            ; |lab3_var7_v1|rom_ram_interface:inst|lpm_rom0:inst|altsyncram:altsyncram_component|altsyncram_9v71:auto_generated     ; work         ;
+-------------------------------------------------+-------------------+--------------+-------------------+--------------+---------+-----------+-----------+------+--------------+-----------------------------------------------------------------------------------------------------------------------+--------------+
Note: For table entries with two numbers listed, the numbers in parentheses indicate the number of resources of the given type used by the specific entity alone. The numbers listed outside of parentheses indicate the total resources of the given type used by the specific entity and all of its sub-entities in the hierarchy.


+---------------------------------------------------------------------------------------------------------------------------------------------------------------------------------------------------------------------------+
; Analysis & Synthesis RAM Summary                                                                                                                                                                                          ;
+--------------------------------------------------------------------------------------------------------------------+------+-------------+--------------+--------------+--------------+--------------+------+--------------+
; Name                                                                                                               ; Type ; Mode        ; Port A Depth ; Port A Width ; Port B Depth ; Port B Width ; Size ; MIF          ;
+--------------------------------------------------------------------------------------------------------------------+------+-------------+--------------+--------------+--------------+--------------+------+--------------+
; rom_ram_interface:inst|lpm_ram_io:inst2|altram:sram|altsyncram:ram_block|altsyncram_0k71:auto_generated|ALTSYNCRAM ; AUTO ; Single Port ; 16           ; 8            ; --           ; --           ; 128  ; None         ;
; rom_ram_interface:inst|lpm_rom0:inst|altsyncram:altsyncram_component|altsyncram_9v71:auto_generated|ALTSYNCRAM     ; AUTO ; ROM         ; 16           ; 8            ; --           ; --           ; 128  ; rom_var7.hex ;
+--------------------------------------------------------------------------------------------------------------------+------+-------------+--------------+--------------+--------------+--------------+------+--------------+


+------------------------------------------------------+
; General Register Statistics                          ;
+----------------------------------------------+-------+
; Statistic                                    ; Value ;
+----------------------------------------------+-------+
; Total registers                              ; 8     ;
; Number of registers using Synchronous Clear  ; 0     ;
; Number of registers using Synchronous Load   ; 0     ;
; Number of registers using Asynchronous Clear ; 0     ;
; Number of registers using Asynchronous Load  ; 0     ;
; Number of registers using Clock Enable       ; 0     ;
; Number of registers using Preset             ; 0     ;
+----------------------------------------------+-------+


+----------------------------------------------------------------------------------------------------------------------------+
; Source assignments for rom_ram_interface:inst|lpm_rom0:inst|altsyncram:altsyncram_component|altsyncram_9v71:auto_generated ;
+---------------------------------+--------------------+------+--------------------------------------------------------------+
; Assignment                      ; Value              ; From ; To                                                           ;
+---------------------------------+--------------------+------+--------------------------------------------------------------+
; OPTIMIZE_POWER_DURING_SYNTHESIS ; NORMAL_COMPILATION ; -    ; -                                                            ;
+---------------------------------+--------------------+------+--------------------------------------------------------------+


+--------------------------------------------------------------------------------------------------------------------------------+
; Source assignments for rom_ram_interface:inst|LPM_RAM_IO:inst2|altram:sram|altsyncram:ram_block|altsyncram_0k71:auto_generated ;
+---------------------------------+--------------------+------+------------------------------------------------------------------+
; Assignment                      ; Value              ; From ; To                                                               ;
+---------------------------------+--------------------+------+------------------------------------------------------------------+
; OPTIMIZE_POWER_DURING_SYNTHESIS ; NORMAL_COMPILATION ; -    ; -                                                                ;
+---------------------------------+--------------------+------+------------------------------------------------------------------+


+-----------------------------------------------------------------------------------------------------------+
; Parameter Settings for User Entity Instance: rom_ram_interface:inst|lpm_ff0:inst1|lpm_ff:lpm_ff_component ;
+------------------------+------------+---------------------------------------------------------------------+
; Parameter Name         ; Value      ; Type                                                                ;
+------------------------+------------+---------------------------------------------------------------------+
; LPM_WIDTH              ; 8          ; Untyped                                                             ;
; LPM_AVALUE             ; UNUSED     ; Untyped                                                             ;
; LPM_SVALUE             ; UNUSED     ; Untyped                                                             ;
; LPM_FFTYPE             ; DFF        ; Untyped                                                             ;
; DEVICE_FAMILY          ; Stratix II ; Untyped                                                             ;
; CBXI_PARAMETER         ; NOTHING    ; Untyped                                                             ;
; AUTO_CARRY_CHAINS      ; ON         ; AUTO_CARRY                                                          ;
; IGNORE_CARRY_BUFFERS   ; OFF        ; IGNORE_CARRY                                                        ;
; AUTO_CASCADE_CHAINS    ; ON         ; AUTO_CASCADE                                                        ;
; IGNORE_CASCADE_BUFFERS ; OFF        ; IGNORE_CASCADE                                                      ;
+------------------------+------------+---------------------------------------------------------------------+
Note: In order to hide this table in the UI and the text report file, please set the "Show Parameter Settings Tables in Synthesis Report" option in "Analysis and Synthesis Settings -> More Settings" to "Off".


+-----------------------------------------------------------------------------------+
; Parameter Settings for User Entity Instance: rom_ram_interface:inst|lpm_rom0:inst ;
+-----------------+-------+---------------------------------------------------------+
; Parameter Name  ; Value ; Type                                                    ;
+-----------------+-------+---------------------------------------------------------+
; WIDTH_BYTEENA_A ; 1     ; Untyped                                                 ;
; WIDTH_BYTEENA_B ; 1     ; Untyped                                                 ;
+-----------------+-------+---------------------------------------------------------+
Note: In order to hide this table in the UI and the text report file, please set the "Show Parameter Settings Tables in Synthesis Report" option in "Analysis and Synthesis Settings -> More Settings" to "Off".


+-------------------------------------------------------------------------------------------------------------------+
; Parameter Settings for User Entity Instance: rom_ram_interface:inst|lpm_rom0:inst|altsyncram:altsyncram_component ;
+------------------------------------+----------------------+-------------------------------------------------------+
; Parameter Name                     ; Value                ; Type                                                  ;
+------------------------------------+----------------------+-------------------------------------------------------+
; BYTE_SIZE_BLOCK                    ; 8                    ; Untyped                                               ;
; AUTO_CARRY_CHAINS                  ; ON                   ; AUTO_CARRY                                            ;
; IGNORE_CARRY_BUFFERS               ; OFF                  ; IGNORE_CARRY                                          ;
; AUTO_CASCADE_CHAINS                ; ON                   ; AUTO_CASCADE                                          ;
; IGNORE_CASCADE_BUFFERS             ; OFF                  ; IGNORE_CASCADE                                        ;
; WIDTH_BYTEENA                      ; 1                    ; Untyped                                               ;
; OPERATION_MODE                     ; ROM                  ; Untyped                                               ;
; WIDTH_A                            ; 8                    ; Untyped                                               ;
; WIDTHAD_A                          ; 4                    ; Untyped                                               ;
; NUMWORDS_A                         ; 16                   ; Untyped                                               ;
; OUTDATA_REG_A                      ; UNREGISTERED         ; Untyped                                               ;
; ADDRESS_ACLR_A                     ; NONE                 ; Untyped                                               ;
; OUTDATA_ACLR_A                     ; NONE                 ; Untyped                                               ;
; WRCONTROL_ACLR_A                   ; NONE                 ; Untyped                                               ;
; INDATA_ACLR_A                      ; NONE                 ; Untyped                                               ;
; BYTEENA_ACLR_A                     ; NONE                 ; Untyped                                               ;
; WIDTH_B                            ; 1                    ; Untyped                                               ;
; WIDTHAD_B                          ; 1                    ; Untyped                                               ;
; NUMWORDS_B                         ; 1                    ; Untyped                                               ;
; INDATA_REG_B                       ; CLOCK1               ; Untyped                                               ;
; WRCONTROL_WRADDRESS_REG_B          ; CLOCK1               ; Untyped                                               ;
; RDCONTROL_REG_B                    ; CLOCK1               ; Untyped                                               ;
; ADDRESS_REG_B                      ; CLOCK1               ; Untyped                                               ;
; OUTDATA_REG_B                      ; UNREGISTERED         ; Untyped                                               ;
; BYTEENA_REG_B                      ; CLOCK1               ; Untyped                                               ;
; INDATA_ACLR_B                      ; NONE                 ; Untyped                                               ;
; WRCONTROL_ACLR_B                   ; NONE                 ; Untyped                                               ;
; ADDRESS_ACLR_B                     ; NONE                 ; Untyped                                               ;
; OUTDATA_ACLR_B                     ; NONE                 ; Untyped                                               ;
; RDCONTROL_ACLR_B                   ; NONE                 ; Untyped                                               ;
; BYTEENA_ACLR_B                     ; NONE                 ; Untyped                                               ;
; WIDTH_BYTEENA_A                    ; 1                    ; Untyped                                               ;
; WIDTH_BYTEENA_B                    ; 1                    ; Untyped                                               ;
; RAM_BLOCK_TYPE                     ; AUTO                 ; Untyped                                               ;
; BYTE_SIZE                          ; 8                    ; Untyped                                               ;
; READ_DURING_WRITE_MODE_MIXED_PORTS ; DONT_CARE            ; Untyped                                               ;
; READ_DURING_WRITE_MODE_PORT_A      ; NEW_DATA_NO_NBE_READ ; Untyped                                               ;
; READ_DURING_WRITE_MODE_PORT_B      ; NEW_DATA_NO_NBE_READ ; Untyped                                               ;
; INIT_FILE                          ; rom_var7.hex         ; Untyped                                               ;
; INIT_FILE_LAYOUT                   ; PORT_A               ; Untyped                                               ;
; MAXIMUM_DEPTH                      ; 0                    ; Untyped                                               ;
; CLOCK_ENABLE_INPUT_A               ; BYPASS               ; Untyped                                               ;
; CLOCK_ENABLE_INPUT_B               ; NORMAL               ; Untyped                                               ;
; CLOCK_ENABLE_OUTPUT_A              ; BYPASS               ; Untyped                                               ;
; CLOCK_ENABLE_OUTPUT_B              ; NORMAL               ; Untyped                                               ;
; CLOCK_ENABLE_CORE_A                ; USE_INPUT_CLKEN      ; Untyped                                               ;
; CLOCK_ENABLE_CORE_B                ; USE_INPUT_CLKEN      ; Untyped                                               ;
; ENABLE_ECC                         ; FALSE                ; Untyped                                               ;
; DEVICE_FAMILY                      ; Stratix II           ; Untyped                                               ;
; CBXI_PARAMETER                     ; altsyncram_9v71      ; Untyped                                               ;
+------------------------------------+----------------------+-------------------------------------------------------+
Note: In order to hide this table in the UI and the text report file, please set the "Show Parameter Settings Tables in Synthesis Report" option in "Analysis and Synthesis Settings -> More Settings" to "Off".


+--------------------------------------------------------------------------------------+
; Parameter Settings for User Entity Instance: rom_ram_interface:inst|LPM_RAM_IO:inst2 ;
+------------------------+--------------+----------------------------------------------+
; Parameter Name         ; Value        ; Type                                         ;
+------------------------+--------------+----------------------------------------------+
; LPM_WIDTH              ; 8            ; Untyped                                      ;
; LPM_WIDTHAD            ; 4            ; Untyped                                      ;
; LPM_NUMWORDS           ; 16           ; Untyped                                      ;
; LPM_INDATA             ; REGISTERED   ; Untyped                                      ;
; LPM_ADDRESS_CONTROL    ; REGISTERED   ; Untyped                                      ;
; LPM_OUTDATA            ; UNREGISTERED ; Untyped                                      ;
; LPM_FILE               ; UNUSED       ; Untyped                                      ;
; USE_EAB                ; ON           ; Untyped                                      ;
; DEVICE_FAMILY          ; Stratix II   ; Untyped                                      ;
; AUTO_CARRY_CHAINS      ; ON           ; AUTO_CARRY                                   ;
; IGNORE_CARRY_BUFFERS   ; OFF          ; IGNORE_CARRY                                 ;
; AUTO_CASCADE_CHAINS    ; ON           ; AUTO_CASCADE                                 ;
; IGNORE_CASCADE_BUFFERS ; OFF          ; IGNORE_CASCADE                               ;
+------------------------+--------------+----------------------------------------------+
Note: In order to hide this table in the UI and the text report file, please set the "Show Parameter Settings Tables in Synthesis Report" option in "Analysis and Synthesis Settings -> More Settings" to "Off".


+------------------------------------------------------------------------------------------------------------------+
; altsyncram Parameter Settings by Entity Instance                                                                 ;
+-------------------------------------------+----------------------------------------------------------------------+
; Name                                      ; Value                                                                ;
+-------------------------------------------+----------------------------------------------------------------------+
; Number of entity instances                ; 1                                                                    ;
; Entity Instance                           ; rom_ram_interface:inst|lpm_rom0:inst|altsyncram:altsyncram_component ;
;     -- OPERATION_MODE                     ; ROM                                                                  ;
;     -- WIDTH_A                            ; 8                                                                    ;
;     -- NUMWORDS_A                         ; 16                                                                   ;
;     -- OUTDATA_REG_A                      ; UNREGISTERED                                                         ;
;     -- WIDTH_B                            ; 1                                                                    ;
;     -- NUMWORDS_B                         ; 1                                                                    ;
;     -- ADDRESS_REG_B                      ; CLOCK1                                                               ;
;     -- OUTDATA_REG_B                      ; UNREGISTERED                                                         ;
;     -- RAM_BLOCK_TYPE                     ; AUTO                                                                 ;
;     -- READ_DURING_WRITE_MODE_MIXED_PORTS ; DONT_CARE                                                            ;
+-------------------------------------------+----------------------------------------------------------------------+


+-------------------------------+
; Analysis & Synthesis Messages ;
+-------------------------------+
Info: *******************************************************************
Info: Running Quartus II Analysis & Synthesis
    Info: Version 9.1 Build 222 10/21/2009 SJ Web Edition
    Info: Processing started: Fri May 01 11:47:15 2026
Info: Command: quartus_map --read_settings_files=on --write_settings_files=off lab3_var7_v1 -c lab3_var7_v1
Info: Found 1 design units, including 1 entities, in source file lpm_bustri0.tdf
    Info: Found entity 1: lpm_bustri0
Info: Found 1 design units, including 1 entities, in source file lpm_bustri1.tdf
    Info: Found entity 1: lpm_bustri1
Warning: Can't analyze file -- file lpm_bustri1_syn.v is missing
Info: Found 1 design units, including 1 entities, in source file lpm_ff0.tdf
    Info: Found entity 1: lpm_ff0
Info: Found 1 design units, including 1 entities, in source file lpm_rom0.tdf
    Info: Found entity 1: lpm_rom0
Info: Found 1 design units, including 1 entities, in source file lab3_var7_v1.bdf
    Info: Found entity 1: lab3_var7_v1
Info: Found 1 design units, including 1 entities, in source file rom_ram_interface.bdf
    Info: Found entity 1: rom_ram_interface
Info: Elaborating entity "lab3_var7_v1" for the top level hierarchy
Info: Elaborating entity "rom_ram_interface" for hierarchy "rom_ram_interface:inst"
Info: Elaborating entity "lpm_ff0" for hierarchy "rom_ram_interface:inst|lpm_ff0:inst1"
Info: Elaborating entity "lpm_ff" for hierarchy "rom_ram_interface:inst|lpm_ff0:inst1|lpm_ff:lpm_ff_component"
Info: Elaborated megafunction instantiation "rom_ram_interface:inst|lpm_ff0:inst1|lpm_ff:lpm_ff_component"
Info: Instantiated megafunction "rom_ram_interface:inst|lpm_ff0:inst1|lpm_ff:lpm_ff_component" with the following parameter:
    Info: Parameter "LPM_TYPE" = "LPM_FF"
    Info: Parameter "LPM_WIDTH" = "8"
    Info: Parameter "LPM_FFTYPE" = "DFF"
Info: Elaborating entity "lpm_rom0" for hierarchy "rom_ram_interface:inst|lpm_rom0:inst"
Info: Elaborating entity "altsyncram" for hierarchy "rom_ram_interface:inst|lpm_rom0:inst|altsyncram:altsyncram_component"
Info: Elaborated megafunction instantiation "rom_ram_interface:inst|lpm_rom0:inst|altsyncram:altsyncram_component"
Info: Instantiated megafunction "rom_ram_interface:inst|lpm_rom0:inst|altsyncram:altsyncram_component" with the following parameter:
    Info: Parameter "LPM_TYPE" = "altsyncram"
    Info: Parameter "LPM_HINT" = "ENABLE_RUNTIME_MOD=NO"
    Info: Parameter "INTENDED_DEVICE_FAMILY" = "Stratix II"
    Info: Parameter "OPERATION_MODE" = "ROM"
    Info: Parameter "WIDTH_A" = "8"
    Info: Parameter "WIDTHAD_A" = "4"
    Info: Parameter "NUMWORDS_A" = "16"
    Info: Parameter "OUTDATA_REG_A" = "UNREGISTERED"
    Info: Parameter "OUTDATA_ACLR_A" = "NONE"
    Info: Parameter "INIT_FILE" = "rom_var7.hex"
    Info: Parameter "WIDTH_BYTEENA_A" = "1"
    Info: Parameter "CLOCK_ENABLE_INPUT_A" = "BYPASS"
    Info: Parameter "CLOCK_ENABLE_OUTPUT_A" = "BYPASS"
Info: Found 1 design units, including 1 entities, in source file db/altsyncram_9v71.tdf
    Info: Found entity 1: altsyncram_9v71
Info: Elaborating entity "altsyncram_9v71" for hierarchy "rom_ram_interface:inst|lpm_rom0:inst|altsyncram:altsyncram_component|altsyncram_9v71:auto_generated"
Warning: Byte addressed memory initialization file "rom_var7.hex" was read in the word-addressed format
Info: Elaborating entity "LPM_RAM_IO" for hierarchy "rom_ram_interface:inst|LPM_RAM_IO:inst2"
Info: Elaborated megafunction instantiation "rom_ram_interface:inst|LPM_RAM_IO:inst2"
Info: Instantiated megafunction "rom_ram_interface:inst|LPM_RAM_IO:inst2" with the following parameter:
    Info: Parameter "LPM_ADDRESS_CONTROL" = "REGISTERED"
    Info: Parameter "LPM_NUMWORDS" = "16"
    Info: Parameter "LPM_OUTDATA" = "UNREGISTERED"
    Info: Parameter "LPM_WIDTH" = "8"
    Info: Parameter "LPM_WIDTHAD" = "4"
Info: Elaborating entity "altram" for hierarchy "rom_ram_interface:inst|LPM_RAM_IO:inst2|altram:sram"
Warning: Assertion warning: altram does not support Stratix II device family -- attempting best-case memory conversions, but power-up states and read during write behavior will be different for Stratix II devices
Info: Elaborated megafunction instantiation "rom_ram_interface:inst|LPM_RAM_IO:inst2|altram:sram", which is child of megafunction instantiation "rom_ram_interface:inst|LPM_RAM_IO:inst2"
Info: Elaborating entity "altsyncram" for hierarchy "rom_ram_interface:inst|LPM_RAM_IO:inst2|altram:sram|altsyncram:ram_block"
Info: Elaborated megafunction instantiation "rom_ram_interface:inst|LPM_RAM_IO:inst2|altram:sram|altsyncram:ram_block", which is child of megafunction instantiation "rom_ram_interface:inst|LPM_RAM_IO:inst2"
Info: Found 1 design units, including 1 entities, in source file db/altsyncram_0k71.tdf
    Info: Found entity 1: altsyncram_0k71
Info: Elaborating entity "altsyncram_0k71" for hierarchy "rom_ram_interface:inst|LPM_RAM_IO:inst2|altram:sram|altsyncram:ram_block|altsyncram_0k71:auto_generated"
Warning: Tri-state node(s) do not directly drive top-level pin(s)
    Warning: Converted the fan-out from the tri-state buffer "rom_ram_interface:inst|inst9[7]" to the node "rom_ram_interface:inst|lpm_ram_io:inst2|altram:sram|altsyncram:ram_block|altsyncram_0k71:auto_generated|q_a[7]" into an OR gate
    Warning: Converted the fan-out from the tri-state buffer "rom_ram_interface:inst|inst9[6]" to the node "rom_ram_interface:inst|lpm_ram_io:inst2|altram:sram|altsyncram:ram_block|altsyncram_0k71:auto_generated|q_a[6]" into an OR gate
    Warning: Converted the fan-out from the tri-state buffer "rom_ram_interface:inst|inst9[5]" to the node "rom_ram_interface:inst|lpm_ram_io:inst2|altram:sram|altsyncram:ram_block|altsyncram_0k71:auto_generated|q_a[5]" into an OR gate
    Warning: Converted the fan-out from the tri-state buffer "rom_ram_interface:inst|inst9[4]" to the node "rom_ram_interface:inst|lpm_ram_io:inst2|altram:sram|altsyncram:ram_block|altsyncram_0k71:auto_generated|q_a[4]" into an OR gate
    Warning: Converted the fan-out from the tri-state buffer "rom_ram_interface:inst|inst9[3]" to the node "rom_ram_interface:inst|lpm_ram_io:inst2|altram:sram|altsyncram:ram_block|altsyncram_0k71:auto_generated|q_a[3]" into an OR gate
    Warning: Converted the fan-out from the tri-state buffer "rom_ram_interface:inst|inst9[2]" to the node "rom_ram_interface:inst|lpm_ram_io:inst2|altram:sram|altsyncram:ram_block|altsyncram_0k71:auto_generated|q_a[2]" into an OR gate
    Warning: Converted the fan-out from the tri-state buffer "rom_ram_interface:inst|inst9[1]" to the node "rom_ram_interface:inst|lpm_ram_io:inst2|altram:sram|altsyncram:ram_block|altsyncram_0k71:auto_generated|q_a[1]" into an OR gate
    Warning: Converted the fan-out from the tri-state buffer "rom_ram_interface:inst|inst9[0]" to the node "rom_ram_interface:inst|lpm_ram_io:inst2|altram:sram|altsyncram:ram_block|altsyncram_0k71:auto_generated|q_a[0]" into an OR gate
Info: Implemented 66 device resources after synthesis - the final resource count might be different
    Info: Implemented 8 input pins
    Info: Implemented 24 output pins
    Info: Implemented 18 logic cells
    Info: Implemented 16 RAM segments
Info: Quartus II Analysis & Synthesis was successful. 0 errors, 12 warnings
    Info: Peak virtual memory: 241 megabytes
    Info: Processing ended: Fri May 01 11:47:16 2026
    Info: Elapsed time: 00:00:01
    Info: Total CPU time (on all processors): 00:00:02


