Flow report for lab5_var4_v1
Fri May 22 23:09:40 2026
Quartus II Version 9.1 Build 222 10/21/2009 SJ Web Edition


---------------------
; Table of Contents ;
---------------------
  1. Legal Notice
  2. Flow Summary
  3. Flow Settings
  4. Flow Non-Default Global Settings
  5. Flow Elapsed Time
  6. Flow OS Summary
  7. Flow Log



----------------
; Legal Notice ;
----------------
Copyright (C) 1991-2009 Altera Corporation
Your use of Altera Corporation's design tools, logic functions 
and other software and tools, and its AMPP partner logic 
functions, and any output files from any of the foregoing 
(including device programming or simulation files), and any 
associated documentation or information are expressly subject 
to the terms and conditions of the Altera Program License 
Subscription Agreement, Altera MegaCore Function License 
Agreement, or other applicable license agreement, including, 
without limitation, that your use is for the sole purpose of 
programming logic devices manufactured by Altera and sold by 
Altera or its authorized distributors.  Please refer to the 
applicable agreement for further details.



+-------------------------------------------------------------------------+
; Flow Summary                                                            ;
+-------------------------------+-----------------------------------------+
; Flow Status                   ; Successful - Fri May 22 23:09:40 2026   ;
; Quartus II Version            ; 9.1 Build 222 10/21/2009 SJ Web Edition ;
; Revision Name                 ; lab5_var4_v1                            ;
; Top-level Entity Name         ; lab4_var2_v1                            ;
; Family                        ; Stratix II                              ;
; Met timing requirements       ; No                                      ;
; Logic utilization             ; < 1 %                                   ;
;     Combinational ALUTs       ; 61 / 12,480 ( < 1 % )                   ;
;     Dedicated logic registers ; 73 / 12,480 ( < 1 % )                   ;
; Total registers               ; 73                                      ;
; Total pins                    ; 76 / 343 ( 22 % )                       ;
; Total virtual pins            ; 0                                       ;
; Total block memory bits       ; 256 / 419,328 ( < 1 % )                 ;
; DSP block 9-bit elements      ; 0 / 96 ( 0 % )                          ;
; Total PLLs                    ; 0 / 6 ( 0 % )                           ;
; Total DLLs                    ; 0 / 2 ( 0 % )                           ;
; Device                        ; EP2S15F484C3                            ;
; Timing Models                 ; Final                                   ;
+-------------------------------+-----------------------------------------+


+-----------------------------------------+
; Flow Settings                           ;
+-------------------+---------------------+
; Option            ; Setting             ;
+-------------------+---------------------+
; Start date & time ; 05/22/2026 23:09:29 ;
; Main task         ; Compilation         ;
; Revision Name     ; lab5_var4_v1        ;
+-------------------+---------------------+


+----------------------------------------------------------------------------------------------------------------------+
; Flow Non-Default Global Settings                                                                                     ;
+------------------------------------+---------------------------------+---------------+--------------+----------------+
; Assignment Name                    ; Value                           ; Default Value ; Entity Name  ; Section Id     ;
+------------------------------------+---------------------------------+---------------+--------------+----------------+
; COMPILER_SIGNATURE_ID              ; 269058766353239.177948056918564 ; --            ; --           ; --             ;
; IP_TOOL_NAME                       ; LPM_MUX                         ; --            ; --           ; --             ;
; IP_TOOL_NAME                       ; LPM_FF                          ; --            ; --           ; --             ;
; IP_TOOL_NAME                       ; LPM_MUX                         ; --            ; --           ; --             ;
; IP_TOOL_NAME                       ; LPM_MUX                         ; --            ; --           ; --             ;
; IP_TOOL_NAME                       ; LPM_CONSTANT                    ; --            ; --           ; --             ;
; IP_TOOL_NAME                       ; LPM_COMPARE                     ; --            ; --           ; --             ;
; IP_TOOL_NAME                       ; LPM_FF                          ; --            ; --           ; --             ;
; IP_TOOL_NAME                       ; LPM_MUX                         ; --            ; --           ; --             ;
; IP_TOOL_NAME                       ; LPM_CONSTANT                    ; --            ; --           ; --             ;
; IP_TOOL_NAME                       ; LPM_MUX                         ; --            ; --           ; --             ;
; IP_TOOL_VERSION                    ; 9.1                             ; --            ; --           ; --             ;
; IP_TOOL_VERSION                    ; 9.1                             ; --            ; --           ; --             ;
; IP_TOOL_VERSION                    ; 9.1                             ; --            ; --           ; --             ;
; IP_TOOL_VERSION                    ; 9.1                             ; --            ; --           ; --             ;
; IP_TOOL_VERSION                    ; 9.1                             ; --            ; --           ; --             ;
; IP_TOOL_VERSION                    ; 9.1                             ; --            ; --           ; --             ;
; IP_TOOL_VERSION                    ; 9.1                             ; --            ; --           ; --             ;
; IP_TOOL_VERSION                    ; 9.1                             ; --            ; --           ; --             ;
; IP_TOOL_VERSION                    ; 9.1                             ; --            ; --           ; --             ;
; IP_TOOL_VERSION                    ; 9.1                             ; --            ; --           ; --             ;
; MISC_FILE                          ; lpm_mux0.bsf                    ; --            ; --           ; --             ;
; MISC_FILE                          ; lpm_mux0.inc                    ; --            ; --           ; --             ;
; MISC_FILE                          ; lpm_dff0.tdf                    ; --            ; --           ; --             ;
; MISC_FILE                          ; lpm_dff0.bsf                    ; --            ; --           ; --             ;
; MISC_FILE                          ; lpm_dff0.inc                    ; --            ; --           ; --             ;
; MISC_FILE                          ; lpm_mux1.bsf                    ; --            ; --           ; --             ;
; MISC_FILE                          ; lpm_mux1.inc                    ; --            ; --           ; --             ;
; MISC_FILE                          ; lpm_mux2.bsf                    ; --            ; --           ; --             ;
; MISC_FILE                          ; lpm_mux2.inc                    ; --            ; --           ; --             ;
; MISC_FILE                          ; lpm_constant0.bsf               ; --            ; --           ; --             ;
; MISC_FILE                          ; lpm_constant0.inc               ; --            ; --           ; --             ;
; MISC_FILE                          ; lpm_compare0.bsf                ; --            ; --           ; --             ;
; MISC_FILE                          ; lpm_compare0.inc                ; --            ; --           ; --             ;
; MISC_FILE                          ; lpm_dff1.bsf                    ; --            ; --           ; --             ;
; MISC_FILE                          ; lpm_dff1.inc                    ; --            ; --           ; --             ;
; MISC_FILE                          ; lpm_mux3.bsf                    ; --            ; --           ; --             ;
; MISC_FILE                          ; lpm_mux3.inc                    ; --            ; --           ; --             ;
; MISC_FILE                          ; lpm_constant2.bsf               ; --            ; --           ; --             ;
; MISC_FILE                          ; lpm_constant2.inc               ; --            ; --           ; --             ;
; MISC_FILE                          ; lpm_mux7.bsf                    ; --            ; --           ; --             ;
; MISC_FILE                          ; lpm_mux7.inc                    ; --            ; --           ; --             ;
; PARTITION_COLOR                    ; 16764057                        ; --            ; lab4_var2_v1 ; Top            ;
; PARTITION_NETLIST_TYPE             ; SOURCE                          ; --            ; lab4_var2_v1 ; Top            ;
; TOP_LEVEL_ENTITY                   ; lab4_var2_v1                    ; lab5_var4_v1  ; --           ; --             ;
; USE_GENERATED_PHYSICAL_CONSTRAINTS ; Off                             ; --            ; --           ; eda_blast_fpga ;
+------------------------------------+---------------------------------+---------------+--------------+----------------+


+-----------------------------------------------------------------------------------------------------------------------------+
; Flow Elapsed Time                                                                                                           ;
+-------------------------+--------------+-------------------------+---------------------+------------------------------------+
; Module Name             ; Elapsed Time ; Average Processors Used ; Peak Virtual Memory ; Total CPU Time (on all processors) ;
+-------------------------+--------------+-------------------------+---------------------+------------------------------------+
; Analysis & Synthesis    ; 00:00:03     ; 1.0                     ; 272 MB              ; 00:00:04                           ;
; Fitter                  ; 00:00:03     ; 1.0                     ; 296 MB              ; 00:00:04                           ;
; Assembler               ; 00:00:01     ; 1.0                     ; 255 MB              ; 00:00:01                           ;
; Classic Timing Analyzer ; 00:00:00     ; 1.0                     ; 186 MB              ; 00:00:00                           ;
; Total                   ; 00:00:07     ; --                      ; --                  ; 00:00:09                           ;
+-------------------------+--------------+-------------------------+---------------------+------------------------------------+


+------------------------------------------------------------------------------------------+
; Flow OS Summary                                                                          ;
+-------------------------+------------------+---------------+------------+----------------+
; Module Name             ; Machine Hostname ; OS Name       ; OS Version ; Processor type ;
+-------------------------+------------------+---------------+------------+----------------+
; Analysis & Synthesis    ; DESKTOP-RP38TMV  ; Windows Vista ; 6.2        ; x86_64         ;
; Fitter                  ; DESKTOP-RP38TMV  ; Windows Vista ; 6.2        ; x86_64         ;
; Assembler               ; DESKTOP-RP38TMV  ; Windows Vista ; 6.2        ; x86_64         ;
; Classic Timing Analyzer ; DESKTOP-RP38TMV  ; Windows Vista ; 6.2        ; x86_64         ;
+-------------------------+------------------+---------------+------------+----------------+


------------
; Flow Log ;
------------
quartus_map --read_settings_files=on --write_settings_files=off lab5_var4_v1 -c lab5_var4_v1
quartus_fit --read_settings_files=off --write_settings_files=off lab5_var4_v1 -c lab5_var4_v1
quartus_asm --read_settings_files=off --write_settings_files=off lab5_var4_v1 -c lab5_var4_v1
quartus_tan --read_settings_files=off --write_settings_files=off lab5_var4_v1 -c lab5_var4_v1 --timing_analysis_only



