Analysis & Synthesis report for lab5_var4_v1
Mon May 18 13:46:18 2026
Quartus II Version 9.1 Build 222 10/21/2009 SJ Web Edition


---------------------
; Table of Contents ;
---------------------
  1. Legal Notice
  2. Analysis & Synthesis Summary
  3. Analysis & Synthesis Settings
  4. Parallel Compilation
  5. Analysis & Synthesis Source Files Read
  6. Analysis & Synthesis Resource Usage Summary
  7. Analysis & Synthesis Resource Utilization by Entity
  8. General Register Statistics
  9. Multiplexer Restructuring Statistics (Restructuring Performed)
 10. Parameter Settings for User Entity Instance: lpm_mux2:inst|LPM_MUX:lpm_mux_component
 11. Parameter Settings for User Entity Instance: lpm_constant2:inst2|lpm_constant:lpm_constant_component
 12. Parameter Settings for User Entity Instance: lpm_mux3:inst13|LPM_MUX:lpm_mux_component
 13. Analysis & Synthesis Messages



----------------
; Legal Notice ;
----------------
Copyright (C) 1991-2009 Altera Corporation
Your use of Altera Corporation's design tools, logic functions 
and other software and tools, and its AMPP partner logic 
functions, and any output files from any of the foregoing 
(including device programming or simulation files), and any 
associated documentation or information are expressly subject 
to the terms and conditions of the Altera Program License 
Subscription Agreement, Altera MegaCore Function License 
Agreement, or other applicable license agreement, including, 
without limitation, that your use is for the sole purpose of 
programming logic devices manufactured by Altera and sold by 
Altera or its authorized distributors.  Please refer to the 
applicable agreement for further details.



+-------------------------------------------------------------------------+
; Analysis & Synthesis Summary                                            ;
+-------------------------------+-----------------------------------------+
; Analysis & Synthesis Status   ; Successful - Mon May 18 13:46:18 2026   ;
; Quartus II Version            ; 9.1 Build 222 10/21/2009 SJ Web Edition ;
; Revision Name                 ; lab5_var4_v1                            ;
; Top-level Entity Name         ; arithmetic_logic_unit                   ;
; Family                        ; Stratix II                              ;
; Logic utilization             ; N/A                                     ;
;     Combinational ALUTs       ; 30                                      ;
;     Dedicated logic registers ; 0                                       ;
; Total registers               ; 0                                       ;
; Total pins                    ; 30                                      ;
; Total virtual pins            ; 0                                       ;
; Total block memory bits       ; 0                                       ;
; DSP block 9-bit elements      ; 0                                       ;
; Total PLLs                    ; 0                                       ;
; Total DLLs                    ; 0                                       ;
+-------------------------------+-----------------------------------------+


+-------------------------------------------------------------------------------------------------------------------------+
; Analysis & Synthesis Settings                                                                                           ;
+----------------------------------------------------------------------------+-----------------------+--------------------+
; Option                                                                     ; Setting               ; Default Value      ;
+----------------------------------------------------------------------------+-----------------------+--------------------+
; Top-level entity name                                                      ; arithmetic_logic_unit ; lab5_var4_v1       ;
; Family name                                                                ; Stratix II            ; Stratix II         ;
; Use Generated Physical Constraints File                                    ; Off                   ;                    ;
; Use smart compilation                                                      ; Off                   ; Off                ;
; Enable parallel Assembler and TimeQuest Timing Analyzer during compilation ; On                    ; On                 ;
; Enable compact report table                                                ; Off                   ; Off                ;
; Restructure Multiplexers                                                   ; Auto                  ; Auto               ;
; Create Debugging Nodes for IP Cores                                        ; Off                   ; Off                ;
; Preserve fewer node names                                                  ; On                    ; On                 ;
; Disable OpenCore Plus hardware evaluation                                  ; Off                   ; Off                ;
; Verilog Version                                                            ; Verilog_2001          ; Verilog_2001       ;
; VHDL Version                                                               ; VHDL_1993             ; VHDL_1993          ;
; State Machine Processing                                                   ; Auto                  ; Auto               ;
; Safe State Machine                                                         ; Off                   ; Off                ;
; Extract Verilog State Machines                                             ; On                    ; On                 ;
; Extract VHDL State Machines                                                ; On                    ; On                 ;
; Ignore Verilog initial constructs                                          ; Off                   ; Off                ;
; Iteration limit for constant Verilog loops                                 ; 5000                  ; 5000               ;
; Iteration limit for non-constant Verilog loops                             ; 250                   ; 250                ;
; Add Pass-Through Logic to Inferred RAMs                                    ; On                    ; On                 ;
; Parallel Synthesis                                                         ; On                    ; On                 ;
; DSP Block Balancing                                                        ; Auto                  ; Auto               ;
; NOT Gate Push-Back                                                         ; On                    ; On                 ;
; Power-Up Don't Care                                                        ; On                    ; On                 ;
; Remove Redundant Logic Cells                                               ; Off                   ; Off                ;
; Remove Duplicate Registers                                                 ; On                    ; On                 ;
; Ignore CARRY Buffers                                                       ; Off                   ; Off                ;
; Ignore CASCADE Buffers                                                     ; Off                   ; Off                ;
; Ignore GLOBAL Buffers                                                      ; Off                   ; Off                ;
; Ignore ROW GLOBAL Buffers                                                  ; Off                   ; Off                ;
; Ignore LCELL Buffers                                                       ; Off                   ; Off                ;
; Ignore SOFT Buffers                                                        ; On                    ; On                 ;
; Limit AHDL Integers to 32 Bits                                             ; Off                   ; Off                ;
; Optimization Technique                                                     ; Balanced              ; Balanced           ;
; Carry Chain Length                                                         ; 70                    ; 70                 ;
; Auto Carry Chains                                                          ; On                    ; On                 ;
; Auto Open-Drain Pins                                                       ; On                    ; On                 ;
; Perform WYSIWYG Primitive Resynthesis                                      ; Off                   ; Off                ;
; Auto ROM Replacement                                                       ; On                    ; On                 ;
; Auto RAM Replacement                                                       ; On                    ; On                 ;
; Auto DSP Block Replacement                                                 ; On                    ; On                 ;
; Auto Shift Register Replacement                                            ; Auto                  ; Auto               ;
; Auto Clock Enable Replacement                                              ; On                    ; On                 ;
; Strict RAM Replacement                                                     ; Off                   ; Off                ;
; Allow Synchronous Control Signals                                          ; On                    ; On                 ;
; Force Use of Synchronous Clear Signals                                     ; Off                   ; Off                ;
; Auto RAM Block Balancing                                                   ; On                    ; On                 ;
; Auto RAM to Logic Cell Conversion                                          ; Off                   ; Off                ;
; Auto Resource Sharing                                                      ; Off                   ; Off                ;
; Allow Any RAM Size For Recognition                                         ; Off                   ; Off                ;
; Allow Any ROM Size For Recognition                                         ; Off                   ; Off                ;
; Allow Any Shift Register Size For Recognition                              ; Off                   ; Off                ;
; Use LogicLock Constraints during Resource Balancing                        ; On                    ; On                 ;
; Ignore translate_off and synthesis_off directives                          ; Off                   ; Off                ;
; Timing-Driven Synthesis                                                    ; Off                   ; Off                ;
; Show Parameter Settings Tables in Synthesis Report                         ; On                    ; On                 ;
; Ignore Maximum Fan-Out Assignments                                         ; Off                   ; Off                ;
; Synchronization Register Chain Length                                      ; 2                     ; 2                  ;
; PowerPlay Power Optimization                                               ; Normal compilation    ; Normal compilation ;
; HDL message level                                                          ; Level2                ; Level2             ;
; Suppress Register Optimization Related Messages                            ; Off                   ; Off                ;
; Number of Removed Registers Reported in Synthesis Report                   ; 100                   ; 100                ;
; Number of Inverted Registers Reported in Synthesis Report                  ; 100                   ; 100                ;
; Clock MUX Protection                                                       ; On                    ; On                 ;
; Auto Gated Clock Conversion                                                ; Off                   ; Off                ;
; Block Design Naming                                                        ; Auto                  ; Auto               ;
; SDC constraint protection                                                  ; Off                   ; Off                ;
; Synthesis Effort                                                           ; Auto                  ; Auto               ;
; Shift Register Replacement - Allow Asynchronous Clear Signal               ; On                    ; On                 ;
; Analysis & Synthesis Message Level                                         ; Medium                ; Medium             ;
; Disable Register Merging Across Hierarchies                                ; Auto                  ; Auto               ;
; Resource Aware Inference For Block RAM                                     ; On                    ; On                 ;
+----------------------------------------------------------------------------+-----------------------+--------------------+


Parallel compilation was disabled, but you have multiple processors available. Enable parallel compilation to reduce compilation time.
+-------------------------------------+
; Parallel Compilation                ;
+----------------------------+--------+
; Processors                 ; Number ;
+----------------------------+--------+
; Number detected on machine ; 2      ;
; Maximum allowed            ; 1      ;
+----------------------------+--------+


+----------------------------------------------------------------------------------------------------------------------------------------------------------------------------+
; Analysis & Synthesis Source Files Read                                                                                                                                     ;
+----------------------------------+-----------------+------------------------------------+----------------------------------------------------------------------------------+
; File Name with User-Entered Path ; Used in Netlist ; File Type                          ; File Name with Absolute Path                                                     ;
+----------------------------------+-----------------+------------------------------------+----------------------------------------------------------------------------------+
; fulladd.bdf                      ; yes             ; User Block Diagram/Schematic File  ; C:/Users/user/Desktop/SiFOVM_labs/Laba 5/lab5_var4_v1/fulladd.bdf                ;
; arithmetic_logic_unit.bdf        ; yes             ; User Block Diagram/Schematic File  ; C:/Users/user/Desktop/SiFOVM_labs/Laba 5/lab5_var4_v1/arithmetic_logic_unit.bdf  ;
; shift_right_arithmetic.bdf       ; yes             ; User Block Diagram/Schematic File  ; C:/Users/user/Desktop/SiFOVM_labs/Laba 5/lab5_var4_v1/shift_right_arithmetic.bdf ;
; CMP.bdf                          ; yes             ; User Block Diagram/Schematic File  ; C:/Users/user/Desktop/SiFOVM_labs/Laba 5/lab5_var4_v1/CMP.bdf                    ;
; logic_NOR.bdf                    ; yes             ; User Block Diagram/Schematic File  ; C:/Users/user/Desktop/SiFOVM_labs/Laba 5/lab5_var4_v1/logic_NOR.bdf              ;
; lpm_mux2.vhd                     ; yes             ; User Wizard-Generated File         ; C:/Users/user/Desktop/SiFOVM_labs/Laba 5/lab5_var4_v1/lpm_mux2.vhd               ;
; lpm_mux3.vhd                     ; yes             ; User Wizard-Generated File         ; C:/Users/user/Desktop/SiFOVM_labs/Laba 5/lab5_var4_v1/lpm_mux3.vhd               ;
; lpm_constant2.vhd                ; yes             ; User Wizard-Generated File         ; C:/Users/user/Desktop/SiFOVM_labs/Laba 5/lab5_var4_v1/lpm_constant2.vhd          ;
; lpm_mux.tdf                      ; yes             ; Megafunction                       ; c:/altera/91/quartus/libraries/megafunctions/lpm_mux.tdf                         ;
; db/mux_c4e.tdf                   ; yes             ; Auto-Generated Megafunction        ; C:/Users/user/Desktop/SiFOVM_labs/Laba 5/lab5_var4_v1/db/mux_c4e.tdf             ;
; lpm_constant.tdf                 ; yes             ; Megafunction                       ; c:/altera/91/quartus/libraries/megafunctions/lpm_constant.tdf                    ;
; db/mux_54e.tdf                   ; yes             ; Auto-Generated Megafunction        ; C:/Users/user/Desktop/SiFOVM_labs/Laba 5/lab5_var4_v1/db/mux_54e.tdf             ;
+----------------------------------+-----------------+------------------------------------+----------------------------------------------------------------------------------+


+-----------------------------------------------------------+
; Analysis & Synthesis Resource Usage Summary               ;
+-----------------------------------------------+-----------+
; Resource                                      ; Usage     ;
+-----------------------------------------------+-----------+
; Estimated ALUTs Used                          ; 30        ;
; Dedicated logic registers                     ; 0         ;
;                                               ;           ;
; Estimated ALUTs Unavailable                   ; 10        ;
;                                               ;           ;
; Total combinational functions                 ; 30        ;
; Combinational ALUT usage by number of inputs  ;           ;
;     -- 7 input functions                      ; 1         ;
;     -- 6 input functions                      ; 9         ;
;     -- 5 input functions                      ; 8         ;
;     -- 4 input functions                      ; 6         ;
;     -- <=3 input functions                    ; 6         ;
;                                               ;           ;
; Combinational ALUTs by mode                   ;           ;
;     -- normal mode                            ; 29        ;
;     -- extended LUT mode                      ; 1         ;
;     -- arithmetic mode                        ; 0         ;
;     -- shared arithmetic mode                 ; 0         ;
;                                               ;           ;
; Estimated ALUT/register pairs used            ; 40        ;
;                                               ;           ;
; Total registers                               ; 0         ;
;     -- Dedicated logic registers              ; 0         ;
;     -- I/O registers                          ; 0         ;
;                                               ;           ;
; Estimated ALMs:  partially or completely used ; 20        ;
;                                               ;           ;
; I/O pins                                      ; 30        ;
; Maximum fan-out node                          ; ALU_OP[1] ;
; Maximum fan-out                               ; 11        ;
; Total fan-out                                 ; 148       ;
; Average fan-out                               ; 2.47      ;
+-----------------------------------------------+-----------+


+--------------------------------------------------------------------------------------------------------------------------------------------------------------------------------------------------------------------------------------------------------------------------+
; Analysis & Synthesis Resource Utilization by Entity                                                                                                                                                                                                                      ;
+-----------------------------------+-------------------+--------------+-------------------+--------------+---------+-----------+-----------+------+--------------+-----------------------------------------------------------------------------------------+--------------+
; Compilation Hierarchy Node        ; LC Combinationals ; LC Registers ; Block Memory Bits ; DSP Elements ; DSP 9x9 ; DSP 18x18 ; DSP 36x36 ; Pins ; Virtual Pins ; Full Hierarchy Name                                                                     ; Library Name ;
+-----------------------------------+-------------------+--------------+-------------------+--------------+---------+-----------+-----------+------+--------------+-----------------------------------------------------------------------------------------+--------------+
; |arithmetic_logic_unit            ; 30 (3)            ; 0 (0)        ; 0                 ; 0            ; 0       ; 0         ; 0         ; 30   ; 0            ; |arithmetic_logic_unit                                                                  ; work         ;
;    |CMP:inst12|                   ; 9 (0)             ; 0 (0)        ; 0                 ; 0            ; 0       ; 0         ; 0         ; 0    ; 0            ; |arithmetic_logic_unit|CMP:inst12                                                       ; work         ;
;       |fulladd:1|                 ; 2 (2)             ; 0 (0)        ; 0                 ; 0            ; 0       ; 0         ; 0         ; 0    ; 0            ; |arithmetic_logic_unit|CMP:inst12|fulladd:1                                             ; work         ;
;       |fulladd:2|                 ; 1 (1)             ; 0 (0)        ; 0                 ; 0            ; 0       ; 0         ; 0         ; 0    ; 0            ; |arithmetic_logic_unit|CMP:inst12|fulladd:2                                             ; work         ;
;       |fulladd:4|                 ; 2 (2)             ; 0 (0)        ; 0                 ; 0            ; 0       ; 0         ; 0         ; 0    ; 0            ; |arithmetic_logic_unit|CMP:inst12|fulladd:4                                             ; work         ;
;       |fulladd:5|                 ; 3 (3)             ; 0 (0)        ; 0                 ; 0            ; 0       ; 0         ; 0         ; 0    ; 0            ; |arithmetic_logic_unit|CMP:inst12|fulladd:5                                             ; work         ;
;       |fulladd:7|                 ; 1 (1)             ; 0 (0)        ; 0                 ; 0            ; 0       ; 0         ; 0         ; 0    ; 0            ; |arithmetic_logic_unit|CMP:inst12|fulladd:7                                             ; work         ;
;    |lpm_mux2:inst|                ; 15 (0)            ; 0 (0)        ; 0                 ; 0            ; 0       ; 0         ; 0         ; 0    ; 0            ; |arithmetic_logic_unit|lpm_mux2:inst                                                    ;              ;
;       |lpm_mux:lpm_mux_component| ; 15 (0)            ; 0 (0)        ; 0                 ; 0            ; 0       ; 0         ; 0         ; 0    ; 0            ; |arithmetic_logic_unit|lpm_mux2:inst|lpm_mux:lpm_mux_component                          ; work         ;
;          |mux_c4e:auto_generated| ; 15 (15)           ; 0 (0)        ; 0                 ; 0            ; 0       ; 0         ; 0         ; 0    ; 0            ; |arithmetic_logic_unit|lpm_mux2:inst|lpm_mux:lpm_mux_component|mux_c4e:auto_generated   ; work         ;
;    |lpm_mux3:inst13|              ; 3 (0)             ; 0 (0)        ; 0                 ; 0            ; 0       ; 0         ; 0         ; 0    ; 0            ; |arithmetic_logic_unit|lpm_mux3:inst13                                                  ; work         ;
;       |lpm_mux:lpm_mux_component| ; 3 (0)             ; 0 (0)        ; 0                 ; 0            ; 0       ; 0         ; 0         ; 0    ; 0            ; |arithmetic_logic_unit|lpm_mux3:inst13|lpm_mux:lpm_mux_component                        ; work         ;
;          |mux_54e:auto_generated| ; 3 (3)             ; 0 (0)        ; 0                 ; 0            ; 0       ; 0         ; 0         ; 0    ; 0            ; |arithmetic_logic_unit|lpm_mux3:inst13|lpm_mux:lpm_mux_component|mux_54e:auto_generated ; work         ;
+-----------------------------------+-------------------+--------------+-------------------+--------------+---------+-----------+-----------+------+--------------+-----------------------------------------------------------------------------------------+--------------+
Note: For table entries with two numbers listed, the numbers in parentheses indicate the number of resources of the given type used by the specific entity alone. The numbers listed outside of parentheses indicate the total resources of the given type used by the specific entity and all of its sub-entities in the hierarchy.


+------------------------------------------------------+
; General Register Statistics                          ;
+----------------------------------------------+-------+
; Statistic                                    ; Value ;
+----------------------------------------------+-------+
; Total registers                              ; 0     ;
; Number of registers using Synchronous Clear  ; 0     ;
; Number of registers using Synchronous Load   ; 0     ;
; Number of registers using Asynchronous Clear ; 0     ;
; Number of registers using Asynchronous Load  ; 0     ;
; Number of registers using Clock Enable       ; 0     ;
; Number of registers using Preset             ; 0     ;
+----------------------------------------------+-------+


+--------------------------------------------------------------------------------------------------------------------------------------------------------------------------------------------------------------------------+
; Multiplexer Restructuring Statistics (Restructuring Performed)                                                                                                                                                           ;
+--------------------+-----------+---------------+----------------------+------------------------+------------+------------------------------------------------------------------------------------------------------------+
; Multiplexer Inputs ; Bus Width ; Baseline Area ; Area if Restructured ; Saving if Restructured ; Registered ; Example Multiplexer Output                                                                                 ;
+--------------------+-----------+---------------+----------------------+------------------------+------------+------------------------------------------------------------------------------------------------------------+
; 3:1                ; 8 bits    ; 16 ALUTs      ; 16 ALUTs             ; 0 ALUTs                ; No         ; |arithmetic_logic_unit|lpm_mux2:inst|lpm_mux:lpm_mux_component|mux_c4e:auto_generated|l2_w7_n0_mux_dataout ;
+--------------------+-----------+---------------+----------------------+------------------------+------------+------------------------------------------------------------------------------------------------------------+


+--------------------------------------------------------------------------------------+
; Parameter Settings for User Entity Instance: lpm_mux2:inst|LPM_MUX:lpm_mux_component ;
+------------------------+------------+------------------------------------------------+
; Parameter Name         ; Value      ; Type                                           ;
+------------------------+------------+------------------------------------------------+
; AUTO_CARRY_CHAINS      ; ON         ; AUTO_CARRY                                     ;
; IGNORE_CARRY_BUFFERS   ; OFF        ; IGNORE_CARRY                                   ;
; AUTO_CASCADE_CHAINS    ; ON         ; AUTO_CASCADE                                   ;
; IGNORE_CASCADE_BUFFERS ; OFF        ; IGNORE_CASCADE                                 ;
; LPM_WIDTH              ; 8          ; Signed Integer                                 ;
; LPM_SIZE               ; 4          ; Signed Integer                                 ;
; LPM_WIDTHS             ; 2          ; Signed Integer                                 ;
; LPM_PIPELINE           ; 0          ; Signed Integer                                 ;
; CBXI_PARAMETER         ; mux_c4e    ; Untyped                                        ;
; DEVICE_FAMILY          ; Stratix II ; Untyped                                        ;
+------------------------+------------+------------------------------------------------+
Note: In order to hide this table in the UI and the text report file, please set the "Show Parameter Settings Tables in Synthesis Report" option in "Analysis and Synthesis Settings -> More Settings" to "Off".


+------------------------------------------------------------------------------------------------------+
; Parameter Settings for User Entity Instance: lpm_constant2:inst2|lpm_constant:lpm_constant_component ;
+--------------------+------------------+--------------------------------------------------------------+
; Parameter Name     ; Value            ; Type                                                         ;
+--------------------+------------------+--------------------------------------------------------------+
; LPM_WIDTH          ; 1                ; Signed Integer                                               ;
; LPM_CVALUE         ; 0                ; Signed Integer                                               ;
; ENABLE_RUNTIME_MOD ; NO               ; Untyped                                                      ;
; CBXI_PARAMETER     ; lpm_constant_3e6 ; Untyped                                                      ;
+--------------------+------------------+--------------------------------------------------------------+
Note: In order to hide this table in the UI and the text report file, please set the "Show Parameter Settings Tables in Synthesis Report" option in "Analysis and Synthesis Settings -> More Settings" to "Off".


+----------------------------------------------------------------------------------------+
; Parameter Settings for User Entity Instance: lpm_mux3:inst13|LPM_MUX:lpm_mux_component ;
+------------------------+------------+--------------------------------------------------+
; Parameter Name         ; Value      ; Type                                             ;
+------------------------+------------+--------------------------------------------------+
; AUTO_CARRY_CHAINS      ; ON         ; AUTO_CARRY                                       ;
; IGNORE_CARRY_BUFFERS   ; OFF        ; IGNORE_CARRY                                     ;
; AUTO_CASCADE_CHAINS    ; ON         ; AUTO_CASCADE                                     ;
; IGNORE_CASCADE_BUFFERS ; OFF        ; IGNORE_CASCADE                                   ;
; LPM_WIDTH              ; 1          ; Signed Integer                                   ;
; LPM_SIZE               ; 4          ; Signed Integer                                   ;
; LPM_WIDTHS             ; 2          ; Signed Integer                                   ;
; LPM_PIPELINE           ; 0          ; Signed Integer                                   ;
; CBXI_PARAMETER         ; mux_54e    ; Untyped                                          ;
; DEVICE_FAMILY          ; Stratix II ; Untyped                                          ;
+------------------------+------------+--------------------------------------------------+
Note: In order to hide this table in the UI and the text report file, please set the "Show Parameter Settings Tables in Synthesis Report" option in "Analysis and Synthesis Settings -> More Settings" to "Off".


+-------------------------------+
; Analysis & Synthesis Messages ;
+-------------------------------+
Info: *******************************************************************
Info: Running Quartus II Analysis & Synthesis
    Info: Version 9.1 Build 222 10/21/2009 SJ Web Edition
    Info: Processing started: Mon May 18 13:46:15 2026
Info: Command: quartus_map --read_settings_files=on --write_settings_files=off lab5_var4_v1 -c lab5_var4_v1
Info: Found 1 design units, including 1 entities, in source file lab4_var2_v1.bdf
    Info: Found entity 1: lab4_var2_v1
Info: Found 1 design units, including 1 entities, in source file ar_unit.bdf
    Info: Found entity 1: ar_unit
Info: Found 1 design units, including 1 entities, in source file clock_generator.bdf
    Info: Found entity 1: clock_generator
Info: Found 1 design units, including 1 entities, in source file control_unit.bdf
    Info: Found entity 1: control_unit
Info: Found 1 design units, including 1 entities, in source file dca_gen.bdf
    Info: Found entity 1: DCA_gen
Info: Found 1 design units, including 1 entities, in source file dr_unit.bdf
    Info: Found entity 1: dr_unit
Info: Found 1 design units, including 1 entities, in source file fr_unit.bdf
    Info: Found entity 1: fr_unit
Info: Found 1 design units, including 1 entities, in source file ip_unit.bdf
    Info: Found entity 1: ip_unit
Info: Found 1 design units, including 1 entities, in source file ir_unit.bdf
    Info: Found entity 1: ir_unit
Info: Found 2 design units, including 1 entities, in source file lpm_add_sub0.vhd
    Info: Found design unit 1: lpm_add_sub0-SYN
    Info: Found entity 1: lpm_add_sub0
Info: Found 2 design units, including 1 entities, in source file lpm_add_sub1.vhd
    Info: Found design unit 1: lpm_add_sub1-SYN
    Info: Found entity 1: lpm_add_sub1
Info: Found 2 design units, including 1 entities, in source file lpm_add_sub2.vhd
    Info: Found design unit 1: lpm_add_sub2-SYN
    Info: Found entity 1: lpm_add_sub2
Info: Found 2 design units, including 1 entities, in source file lpm_add_sub3.vhd
    Info: Found design unit 1: lpm_add_sub3-SYN
    Info: Found entity 1: lpm_add_sub3
Info: Found 2 design units, including 1 entities, in source file lpm_add_sub4.vhd
    Info: Found design unit 1: lpm_add_sub4-SYN
    Info: Found entity 1: lpm_add_sub4
Info: Found 2 design units, including 1 entities, in source file lpm_add_sub5.vhd
    Info: Found design unit 1: lpm_add_sub5-SYN
    Info: Found entity 1: lpm_add_sub5
Info: Found 2 design units, including 1 entities, in source file lpm_and0.vhd
    Info: Found design unit 1: lpm_and0-SYN
    Info: Found entity 1: lpm_and0
Info: Found 2 design units, including 1 entities, in source file lpm_compare1.vhd
    Info: Found design unit 1: lpm_compare1-SYN
    Info: Found entity 1: lpm_compare1
Info: Found 2 design units, including 1 entities, in source file lpm_compare2.vhd
    Info: Found design unit 1: lpm_compare2-SYN
    Info: Found entity 1: lpm_compare2
Info: Found 2 design units, including 1 entities, in source file lpm_constant1.vhd
    Info: Found design unit 1: lpm_constant1-SYN
    Info: Found entity 1: lpm_constant1
Info: Found 1 design units, including 1 entities, in source file lpm_counter0.tdf
    Info: Found entity 1: lpm_counter0
Info: Found 2 design units, including 1 entities, in source file lpm_counter1.vhd
    Info: Found design unit 1: lpm_counter1-SYN
    Info: Found entity 1: lpm_counter1
Info: Found 2 design units, including 1 entities, in source file lpm_counter2.vhd
    Info: Found design unit 1: lpm_counter2-SYN
    Info: Found entity 1: lpm_counter2
Info: Found 2 design units, including 1 entities, in source file lpm_counter3.vhd
    Info: Found design unit 1: lpm_counter3-SYN
    Info: Found entity 1: lpm_counter3
Info: Found 2 design units, including 1 entities, in source file lpm_counter4.vhd
    Info: Found design unit 1: lpm_counter4-SYN
    Info: Found entity 1: lpm_counter4
Info: Found 2 design units, including 1 entities, in source file lpm_decode0.vhd
    Info: Found design unit 1: lpm_decode0-SYN
    Info: Found entity 1: lpm_decode0
Info: Found 2 design units, including 1 entities, in source file lpm_decode1.vhd
    Info: Found design unit 1: lpm_decode1-SYN
    Info: Found entity 1: lpm_decode1
Info: Found 2 design units, including 1 entities, in source file lpm_decode2.vhd
    Info: Found design unit 1: lpm_decode2-SYN
    Info: Found entity 1: lpm_decode2
Warning: Can't analyze file -- file lpm_dff0.tdf is missing
Info: Found 2 design units, including 1 entities, in source file lpm_dff0.vhd
    Info: Found design unit 1: lpm_dff0-SYN
    Info: Found entity 1: lpm_dff0
Warning: Can't analyze file -- file lpm_dff1.tdf is missing
Info: Found 2 design units, including 1 entities, in source file lpm_dff2.vhd
    Info: Found design unit 1: lpm_dff2-SYN
    Info: Found entity 1: lpm_dff2
Info: Found 2 design units, including 1 entities, in source file lpm_dff3.vhd
    Info: Found design unit 1: lpm_dff3-SYN
    Info: Found entity 1: lpm_dff3
Info: Found 2 design units, including 1 entities, in source file lpm_dff4.vhd
    Info: Found design unit 1: lpm_dff4-SYN
    Info: Found entity 1: lpm_dff4
Info: Found 2 design units, including 1 entities, in source file lpm_ff0.vhd
    Info: Found design unit 1: lpm_ff0-SYN
    Info: Found entity 1: lpm_ff0
Info: Found 2 design units, including 1 entities, in source file lpm_ff1.vhd
    Info: Found design unit 1: lpm_ff1-SYN
    Info: Found entity 1: lpm_ff1
Info: Found 2 design units, including 1 entities, in source file lpm_ff2.vhd
    Info: Found design unit 1: lpm_ff2-SYN
    Info: Found entity 1: lpm_ff2
Info: Found 2 design units, including 1 entities, in source file lpm_ff3.vhd
    Info: Found design unit 1: lpm_ff3-SYN
    Info: Found entity 1: lpm_ff3
Info: Found 2 design units, including 1 entities, in source file lpm_ff4.vhd
    Info: Found design unit 1: lpm_ff4-SYN
    Info: Found entity 1: lpm_ff4
Info: Found 2 design units, including 1 entities, in source file lpm_ff5.vhd
    Info: Found design unit 1: lpm_ff5-SYN
    Info: Found entity 1: lpm_ff5
Info: Found 2 design units, including 1 entities, in source file lpm_ff6.vhd
    Info: Found design unit 1: lpm_ff6-SYN
    Info: Found entity 1: lpm_ff6
Info: Found 2 design units, including 1 entities, in source file lpm_ff7.vhd
    Info: Found design unit 1: lpm_ff7-SYN
    Info: Found entity 1: lpm_ff7
Info: Found 2 design units, including 1 entities, in source file lpm_ff8.vhd
    Info: Found design unit 1: lpm_ff8-SYN
    Info: Found entity 1: lpm_ff8
Info: Found 2 design units, including 1 entities, in source file lpm_mux4.vhd
    Info: Found design unit 1: lpm_mux4-SYN
    Info: Found entity 1: lpm_mux4
Info: Found 2 design units, including 1 entities, in source file lpm_mux5.vhd
    Info: Found design unit 1: lpm_mux5-SYN
    Info: Found entity 1: lpm_mux5
Info: Found 2 design units, including 1 entities, in source file lpm_mux6.vhd
    Info: Found design unit 1: lpm_mux6-SYN
    Info: Found entity 1: lpm_mux6
Info: Found 1 design units, including 1 entities, in source file lpm_rom0.tdf
    Info: Found entity 1: lpm_rom0
Info: Found 1 design units, including 1 entities, in source file rom_ram_interface.bdf
    Info: Found entity 1: rom_ram_interface
Info: Found 1 design units, including 1 entities, in source file ron_unit.bdf
    Info: Found entity 1: ron_unit
Info: Found 1 design units, including 1 entities, in source file single_pulse.bdf
    Info: Found entity 1: single_pulse
Info: Found 2 design units, including 1 entities, in source file lpm_inv0.vhd
    Info: Found design unit 1: lpm_inv0-SYN
    Info: Found entity 1: lpm_inv0
Warning: Can't analyze file -- file lab4_var2_v1/lab4_var2_v1.bdf is missing
Info: Found 1 design units, including 1 entities, in source file lab5_var4_v1.bdf
    Info: Found entity 1: lab5_var4_v1
Info: Found 1 design units, including 1 entities, in source file fulladd.bdf
    Info: Found entity 1: fulladd
Info: Found 2 design units, including 1 entities, in source file lpm_mux0.vhd
    Info: Found design unit 1: lpm_mux0-SYN
    Info: Found entity 1: lpm_mux0
Info: Found 1 design units, including 1 entities, in source file arithmetic_logic_unit.bdf
    Info: Found entity 1: arithmetic_logic_unit
Info: Found 1 design units, including 1 entities, in source file shift_right_arithmetic.bdf
    Info: Found entity 1: shift_right_arithmetic
Info: Found 1 design units, including 1 entities, in source file cmp.bdf
    Info: Found entity 1: CMP
Warning: Entity "NOR" will be ignored because it conflicts with Quartus II primitive name
Info: Found 1 design units, including 1 entities, in source file nor.bdf
Info: Found 1 design units, including 1 entities, in source file logic_nor.bdf
    Info: Found entity 1: logic_NOR
Info: Found 2 design units, including 1 entities, in source file lpm_mux1.vhd
    Info: Found design unit 1: lpm_mux1-SYN
    Info: Found entity 1: lpm_mux1
Info: Found 2 design units, including 1 entities, in source file lpm_mux2.vhd
    Info: Found design unit 1: lpm_mux2-SYN
    Info: Found entity 1: lpm_mux2
Info: Found 2 design units, including 1 entities, in source file lpm_constant0.vhd
    Info: Found design unit 1: lpm_constant0-SYN
    Info: Found entity 1: lpm_constant0
Info: Found 2 design units, including 1 entities, in source file lpm_compare0.vhd
    Info: Found design unit 1: lpm_compare0-SYN
    Info: Found entity 1: lpm_compare0
Info: Found 2 design units, including 1 entities, in source file lpm_dff1.vhd
    Info: Found design unit 1: lpm_dff1-SYN
    Info: Found entity 1: lpm_dff1
Info: Found 2 design units, including 1 entities, in source file lpm_mux3.vhd
    Info: Found design unit 1: lpm_mux3-SYN
    Info: Found entity 1: lpm_mux3
Info: Found 2 design units, including 1 entities, in source file lpm_constant2.vhd
    Info: Found design unit 1: lpm_constant2-SYN
    Info: Found entity 1: lpm_constant2
Info: Elaborating entity "arithmetic_logic_unit" for the top level hierarchy
Info: Elaborating entity "lpm_mux2" for hierarchy "lpm_mux2:inst"
Info: Elaborating entity "LPM_MUX" for hierarchy "lpm_mux2:inst|LPM_MUX:lpm_mux_component"
Info: Elaborated megafunction instantiation "lpm_mux2:inst|LPM_MUX:lpm_mux_component"
Info: Instantiated megafunction "lpm_mux2:inst|LPM_MUX:lpm_mux_component" with the following parameter:
    Info: Parameter "LPM_WIDTH" = "8"
    Info: Parameter "LPM_SIZE" = "4"
    Info: Parameter "LPM_WIDTHS" = "2"
    Info: Parameter "LPM_PIPELINE" = "0"
    Info: Parameter "LPM_TYPE" = "LPM_MUX"
    Info: Parameter "LPM_HINT" = "UNUSED"
Info: Found 1 design units, including 1 entities, in source file db/mux_c4e.tdf
    Info: Found entity 1: mux_c4e
Info: Elaborating entity "mux_c4e" for hierarchy "lpm_mux2:inst|LPM_MUX:lpm_mux_component|mux_c4e:auto_generated"
Info: Elaborating entity "shift_right_arithmetic" for hierarchy "shift_right_arithmetic:inst8"
Info: Elaborating entity "logic_NOR" for hierarchy "logic_NOR:inst7"
Info: Elaborating entity "CMP" for hierarchy "CMP:inst12"
Info: Elaborating entity "fulladd" for hierarchy "CMP:inst12|fulladd:7"
Info: Elaborating entity "lpm_constant2" for hierarchy "lpm_constant2:inst2"
Info: Elaborating entity "lpm_constant" for hierarchy "lpm_constant2:inst2|lpm_constant:lpm_constant_component"
Info: Elaborated megafunction instantiation "lpm_constant2:inst2|lpm_constant:lpm_constant_component"
Info: Instantiated megafunction "lpm_constant2:inst2|lpm_constant:lpm_constant_component" with the following parameter:
    Info: Parameter "lpm_cvalue" = "0"
    Info: Parameter "lpm_hint" = "ENABLE_RUNTIME_MOD=NO"
    Info: Parameter "lpm_type" = "LPM_CONSTANT"
    Info: Parameter "lpm_width" = "1"
Info: Elaborating entity "lpm_mux3" for hierarchy "lpm_mux3:inst13"
Info: Elaborating entity "LPM_MUX" for hierarchy "lpm_mux3:inst13|LPM_MUX:lpm_mux_component"
Info: Elaborated megafunction instantiation "lpm_mux3:inst13|LPM_MUX:lpm_mux_component"
Info: Instantiated megafunction "lpm_mux3:inst13|LPM_MUX:lpm_mux_component" with the following parameter:
    Info: Parameter "LPM_WIDTH" = "1"
    Info: Parameter "LPM_SIZE" = "4"
    Info: Parameter "LPM_WIDTHS" = "2"
    Info: Parameter "LPM_PIPELINE" = "0"
    Info: Parameter "LPM_TYPE" = "LPM_MUX"
    Info: Parameter "LPM_HINT" = "UNUSED"
Info: Found 1 design units, including 1 entities, in source file db/mux_54e.tdf
    Info: Found entity 1: mux_54e
Info: Elaborating entity "mux_54e" for hierarchy "lpm_mux3:inst13|LPM_MUX:lpm_mux_component|mux_54e:auto_generated"
Warning: Output pins are stuck at VCC or GND
    Warning (13410): Pin "flags_out[3]" is stuck at GND
Info: Implemented 60 device resources after synthesis - the final resource count might be different
    Info: Implemented 18 input pins
    Info: Implemented 12 output pins
    Info: Implemented 30 logic cells
Info: Quartus II Analysis & Synthesis was successful. 0 errors, 6 warnings
    Info: Peak virtual memory: 256 megabytes
    Info: Processing ended: Mon May 18 13:46:18 2026
    Info: Elapsed time: 00:00:03
    Info: Total CPU time (on all processors): 00:00:02


