--------------------------------------------------------------------------------------
Timing Analyzer Summary
--------------------------------------------------------------------------------------

Type           : Worst-case tco
Slack          : N/A
Required Time  : None
Actual Time    : 13.480 ns
From           : ip_unit:inst7|lpm_dff4:inst4|lpm_ff:lpm_ff_component|dffs[1]
To             : rom_ram_address[1]
From Clock     : clk
To Clock       : --
Failed Paths   : 0

Type           : Clock Setup: 'clk'
Slack          : N/A
Required Time  : None
Actual Time    : 133.90 MHz ( period = 7.468 ns )
From           : ip_unit:inst7|lpm_dff4:inst4|lpm_ff:lpm_ff_component|dffs[1]
To             : memory_unit:inst2|lpm_rom1:ROM|altsyncram:altsyncram_component|altsyncram_3281:auto_generated|ram_block1a0~porta_address_reg1
From Clock     : clk
To Clock       : clk
Failed Paths   : 0

Type           : Clock Hold: 'clk'
Slack          : Not operational: Clock Skew > Data Delay
Required Time  : None
Actual Time    : N/A
From           : ir_unit:inst15|lpm_ff6:reg_ir_hi|lpm_ff:lpm_ff_component|dffs[2]
To             : ip_unit:inst7|lpm_dff4:inst4|lpm_ff:lpm_ff_component|dffs[2]
From Clock     : clk
To Clock       : clk
Failed Paths   : 34

Type           : Total number of failed paths
Slack          : 
Required Time  : 
Actual Time    : 
From           : 
To             : 
From Clock     : 
To Clock       : 
Failed Paths   : 34

--------------------------------------------------------------------------------------

