Classic Timing Analyzer report for laba7_var1
Tue Apr 28 01:49:10 2026
Quartus II Version 9.1 Build 222 10/21/2009 SJ Web Edition


---------------------
; Table of Contents ;
---------------------
  1. Legal Notice
  2. Timing Analyzer Summary
  3. Timing Analyzer Settings
  4. Clock Settings Summary
  5. Parallel Compilation
  6. Clock Setup: 'clk'
  7. Clock Hold: 'clk'
  8. tsu
  9. tco
 10. tpd
 11. th
 12. Timing Analyzer Messages



----------------
; Legal Notice ;
----------------
Copyright (C) 1991-2009 Altera Corporation
Your use of Altera Corporation's design tools, logic functions 
and other software and tools, and its AMPP partner logic 
functions, and any output files from any of the foregoing 
(including device programming or simulation files), and any 
associated documentation or information are expressly subject 
to the terms and conditions of the Altera Program License 
Subscription Agreement, Altera MegaCore Function License 
Agreement, or other applicable license agreement, including, 
without limitation, that your use is for the sole purpose of 
programming logic devices manufactured by Altera and sold by 
Altera or its authorized distributors.  Please refer to the 
applicable agreement for further details.



+-----------------------------------------------------------------------------------------------------------------------------------------------------------------------------------------------------------------------------------------------------------------------------------------------------------------------------------------------------------------------------------------------+
; Timing Analyzer Summary                                                                                                                                                                                                                                                                                                                                                                       ;
+------------------------------+------------------------------------------+---------------+----------------------------------+-------------------------------------------------------------------------------------------------------------+-------------------------------------------------------------------------------------------------------------+------------+----------+--------------+
; Type                         ; Slack                                    ; Required Time ; Actual Time                      ; From                                                                                                        ; To                                                                                                          ; From Clock ; To Clock ; Failed Paths ;
+------------------------------+------------------------------------------+---------------+----------------------------------+-------------------------------------------------------------------------------------------------------------+-------------------------------------------------------------------------------------------------------------+------------+----------+--------------+
; Worst-case tsu               ; N/A                                      ; None          ; -1.448 ns                        ; start                                                                                                       ; lpm_ff0:inst10|lpm_ff:lpm_ff_component|dffs[2]                                                              ; --         ; start    ; 0            ;
; Worst-case tco               ; N/A                                      ; None          ; 15.598 ns                        ; lpm_ff0:inst10|lpm_ff:lpm_ff_component|dffs[2]                                                              ; data_out[2]                                                                                                 ; start      ; --       ; 0            ;
; Worst-case tpd               ; N/A                                      ; None          ; 11.246 ns                        ; start                                                                                                       ; sign                                                                                                        ; --         ; --       ; 0            ;
; Worst-case th                ; N/A                                      ; None          ; 4.951 ns                         ; start                                                                                                       ; lpm_ff0:inst10|lpm_ff:lpm_ff_component|dffs[1]                                                              ; --         ; start    ; 0            ;
; Clock Setup: 'clk'           ; N/A                                      ; None          ; 429.74 MHz ( period = 2.327 ns ) ; master_block_3:inst7|lpm_counter2:inst1|lpm_counter:lpm_counter_component|cntr_nej:auto_generated|safe_q[0] ; master_block_3:inst7|lpm_counter2:inst1|lpm_counter:lpm_counter_component|cntr_nej:auto_generated|safe_q[1] ; clk        ; clk      ; 0            ;
; Clock Hold: 'clk'            ; Not operational: Clock Skew > Data Delay ; None          ; N/A                              ; master_block_1:inst|lpm_counter1:inst1|lpm_counter:lpm_counter_component|cntr_ukk:auto_generated|safe_q[0]  ; lpm_ff0:inst10|lpm_ff:lpm_ff_component|dffs[0]                                                              ; clk        ; clk      ; 52           ;
; Total number of failed paths ;                                          ;               ;                                  ;                                                                                                             ;                                                                                                             ;            ;          ; 52           ;
+------------------------------+------------------------------------------+---------------+----------------------------------+-------------------------------------------------------------------------------------------------------------+-------------------------------------------------------------------------------------------------------------+------------+----------+--------------+


+-----------------------------------------------------------------------------------------------------------------------------------------------------+
; Timing Analyzer Settings                                                                                                                            ;
+------------------------------------------------------------------------------------------------------+--------------------+------+----+-------------+
; Option                                                                                               ; Setting            ; From ; To ; Entity Name ;
+------------------------------------------------------------------------------------------------------+--------------------+------+----+-------------+
; Device Name                                                                                          ; EP2S15F484C3       ;      ;    ;             ;
; Timing Models                                                                                        ; Final              ;      ;    ;             ;
; Default hold multicycle                                                                              ; Same as Multicycle ;      ;    ;             ;
; Cut paths between unrelated clock domains                                                            ; On                 ;      ;    ;             ;
; Cut off read during write signal paths                                                               ; On                 ;      ;    ;             ;
; Cut off feedback from I/O pins                                                                       ; On                 ;      ;    ;             ;
; Report Combined Fast/Slow Timing                                                                     ; Off                ;      ;    ;             ;
; Ignore Clock Settings                                                                                ; Off                ;      ;    ;             ;
; Analyze latches as synchronous elements                                                              ; On                 ;      ;    ;             ;
; Enable Recovery/Removal analysis                                                                     ; Off                ;      ;    ;             ;
; Enable Clock Latency                                                                                 ; Off                ;      ;    ;             ;
; Use TimeQuest Timing Analyzer                                                                        ; Off                ;      ;    ;             ;
; Number of source nodes to report per destination node                                                ; 10                 ;      ;    ;             ;
; Number of destination nodes to report                                                                ; 10                 ;      ;    ;             ;
; Number of paths to report                                                                            ; 200                ;      ;    ;             ;
; Report Minimum Timing Checks                                                                         ; Off                ;      ;    ;             ;
; Use Fast Timing Models                                                                               ; Off                ;      ;    ;             ;
; Report IO Paths Separately                                                                           ; Off                ;      ;    ;             ;
; Perform Multicorner Analysis                                                                         ; On                 ;      ;    ;             ;
; Reports the worst-case path for each clock domain and analysis                                       ; Off                ;      ;    ;             ;
; Reports worst-case timing paths for each clock domain and analysis                                   ; Off                ;      ;    ;             ;
; Specifies the maximum number of worst-case timing paths to report for each clock domain and analysis ; 100                ;      ;    ;             ;
; Removes common clock path pessimism (CCPP) during slack computation                                  ; Off                ;      ;    ;             ;
; Output I/O Timing Endpoint                                                                           ; Near End           ;      ;    ;             ;
+------------------------------------------------------------------------------------------------------+--------------------+------+----+-------------+


+------------------------------------------------------------------------------------------------------------------------------------------------------------------------------------+
; Clock Settings Summary                                                                                                                                                             ;
+-----------------+--------------------+----------+------------------+---------------+--------------+----------+-----------------------+---------------------+--------+--------------+
; Clock Node Name ; Clock Setting Name ; Type     ; Fmax Requirement ; Early Latency ; Late Latency ; Based on ; Multiply Base Fmax by ; Divide Base Fmax by ; Offset ; Phase offset ;
+-----------------+--------------------+----------+------------------+---------------+--------------+----------+-----------------------+---------------------+--------+--------------+
; clk             ;                    ; User Pin ; None             ; 0.000 ns      ; 0.000 ns     ; --       ; N/A                   ; N/A                 ; N/A    ;              ;
; start           ;                    ; User Pin ; None             ; 0.000 ns      ; 0.000 ns     ; --       ; N/A                   ; N/A                 ; N/A    ;              ;
+-----------------+--------------------+----------+------------------+---------------+--------------+----------+-----------------------+---------------------+--------+--------------+


Parallel compilation was disabled, but you have multiple processors available. Enable parallel compilation to reduce compilation time.
+-------------------------------------+
; Parallel Compilation                ;
+----------------------------+--------+
; Processors                 ; Number ;
+----------------------------+--------+
; Number detected on machine ; 6      ;
; Maximum allowed            ; 1      ;
+----------------------------+--------+


+------------------------------------------------------------------------------------------------------------------------------------------------------------------------------------------------------------------------------------------------------------------------------------------------------------------------------------------------------------------------------------------------+
; Clock Setup: 'clk'                                                                                                                                                                                                                                                                                                                                                                             ;
+-------+------------------------------------------------+-------------------------------------------------------------------------------------------------------------+-------------------------------------------------------------------------------------------------------------+------------+----------+-----------------------------+---------------------------+-------------------------+
; Slack ; Actual fmax (period)                           ; From                                                                                                        ; To                                                                                                          ; From Clock ; To Clock ; Required Setup Relationship ; Required Longest P2P Time ; Actual Longest P2P Time ;
+-------+------------------------------------------------+-------------------------------------------------------------------------------------------------------------+-------------------------------------------------------------------------------------------------------------+------------+----------+-----------------------------+---------------------------+-------------------------+
; N/A   ; 429.74 MHz ( period = 2.327 ns )               ; master_block_3:inst7|lpm_counter2:inst1|lpm_counter:lpm_counter_component|cntr_nej:auto_generated|safe_q[0] ; master_block_3:inst7|lpm_counter2:inst1|lpm_counter:lpm_counter_component|cntr_nej:auto_generated|safe_q[2] ; clk        ; clk      ; None                        ; None                      ; 2.143 ns                ;
; N/A   ; 429.74 MHz ( period = 2.327 ns )               ; master_block_3:inst7|lpm_counter2:inst1|lpm_counter:lpm_counter_component|cntr_nej:auto_generated|safe_q[0] ; master_block_3:inst7|lpm_counter2:inst1|lpm_counter:lpm_counter_component|cntr_nej:auto_generated|safe_q[0] ; clk        ; clk      ; None                        ; None                      ; 2.143 ns                ;
; N/A   ; 429.74 MHz ( period = 2.327 ns )               ; master_block_3:inst7|lpm_counter2:inst1|lpm_counter:lpm_counter_component|cntr_nej:auto_generated|safe_q[0] ; master_block_3:inst7|lpm_counter2:inst1|lpm_counter:lpm_counter_component|cntr_nej:auto_generated|safe_q[1] ; clk        ; clk      ; None                        ; None                      ; 2.143 ns                ;
; N/A   ; 431.03 MHz ( period = 2.320 ns )               ; master_block_3:inst7|lpm_counter2:inst1|lpm_counter:lpm_counter_component|cntr_nej:auto_generated|safe_q[1] ; master_block_3:inst7|lpm_counter2:inst1|lpm_counter:lpm_counter_component|cntr_nej:auto_generated|safe_q[2] ; clk        ; clk      ; None                        ; None                      ; 2.136 ns                ;
; N/A   ; 431.03 MHz ( period = 2.320 ns )               ; master_block_3:inst7|lpm_counter2:inst1|lpm_counter:lpm_counter_component|cntr_nej:auto_generated|safe_q[1] ; master_block_3:inst7|lpm_counter2:inst1|lpm_counter:lpm_counter_component|cntr_nej:auto_generated|safe_q[0] ; clk        ; clk      ; None                        ; None                      ; 2.136 ns                ;
; N/A   ; 431.03 MHz ( period = 2.320 ns )               ; master_block_3:inst7|lpm_counter2:inst1|lpm_counter:lpm_counter_component|cntr_nej:auto_generated|safe_q[1] ; master_block_3:inst7|lpm_counter2:inst1|lpm_counter:lpm_counter_component|cntr_nej:auto_generated|safe_q[1] ; clk        ; clk      ; None                        ; None                      ; 2.136 ns                ;
; N/A   ; 431.41 MHz ( period = 2.318 ns )               ; master_block_2:inst3|lpm_counter0:inst|lpm_counter:lpm_counter_component|cntr_eql:auto_generated|safe_q[0]  ; master_block_2:inst3|lpm_counter0:inst|lpm_counter:lpm_counter_component|cntr_eql:auto_generated|safe_q[2]  ; clk        ; clk      ; None                        ; None                      ; 2.134 ns                ;
; N/A   ; 431.41 MHz ( period = 2.318 ns )               ; master_block_2:inst3|lpm_counter0:inst|lpm_counter:lpm_counter_component|cntr_eql:auto_generated|safe_q[0]  ; master_block_2:inst3|lpm_counter0:inst|lpm_counter:lpm_counter_component|cntr_eql:auto_generated|safe_q[0]  ; clk        ; clk      ; None                        ; None                      ; 2.134 ns                ;
; N/A   ; 431.41 MHz ( period = 2.318 ns )               ; master_block_2:inst3|lpm_counter0:inst|lpm_counter:lpm_counter_component|cntr_eql:auto_generated|safe_q[0]  ; master_block_2:inst3|lpm_counter0:inst|lpm_counter:lpm_counter_component|cntr_eql:auto_generated|safe_q[1]  ; clk        ; clk      ; None                        ; None                      ; 2.134 ns                ;
; N/A   ; 433.84 MHz ( period = 2.305 ns )               ; master_block_4:inst9|lpm_counter3:inst2|lpm_counter:lpm_counter_component|cntr_sej:auto_generated|safe_q[3] ; master_block_4:inst9|lpm_counter3:inst2|lpm_counter:lpm_counter_component|cntr_sej:auto_generated|safe_q[3] ; clk        ; clk      ; None                        ; None                      ; 2.121 ns                ;
; N/A   ; 433.84 MHz ( period = 2.305 ns )               ; master_block_4:inst9|lpm_counter3:inst2|lpm_counter:lpm_counter_component|cntr_sej:auto_generated|safe_q[3] ; master_block_4:inst9|lpm_counter3:inst2|lpm_counter:lpm_counter_component|cntr_sej:auto_generated|safe_q[2] ; clk        ; clk      ; None                        ; None                      ; 2.121 ns                ;
; N/A   ; 433.84 MHz ( period = 2.305 ns )               ; master_block_4:inst9|lpm_counter3:inst2|lpm_counter:lpm_counter_component|cntr_sej:auto_generated|safe_q[3] ; master_block_4:inst9|lpm_counter3:inst2|lpm_counter:lpm_counter_component|cntr_sej:auto_generated|safe_q[1] ; clk        ; clk      ; None                        ; None                      ; 2.121 ns                ;
; N/A   ; 433.84 MHz ( period = 2.305 ns )               ; master_block_4:inst9|lpm_counter3:inst2|lpm_counter:lpm_counter_component|cntr_sej:auto_generated|safe_q[3] ; master_block_4:inst9|lpm_counter3:inst2|lpm_counter:lpm_counter_component|cntr_sej:auto_generated|safe_q[0] ; clk        ; clk      ; None                        ; None                      ; 2.121 ns                ;
; N/A   ; 438.02 MHz ( period = 2.283 ns )               ; master_block_2:inst3|lpm_counter0:inst|lpm_counter:lpm_counter_component|cntr_eql:auto_generated|safe_q[1]  ; master_block_2:inst3|lpm_counter0:inst|lpm_counter:lpm_counter_component|cntr_eql:auto_generated|safe_q[2]  ; clk        ; clk      ; None                        ; None                      ; 2.099 ns                ;
; N/A   ; 438.02 MHz ( period = 2.283 ns )               ; master_block_2:inst3|lpm_counter0:inst|lpm_counter:lpm_counter_component|cntr_eql:auto_generated|safe_q[1]  ; master_block_2:inst3|lpm_counter0:inst|lpm_counter:lpm_counter_component|cntr_eql:auto_generated|safe_q[0]  ; clk        ; clk      ; None                        ; None                      ; 2.099 ns                ;
; N/A   ; 438.02 MHz ( period = 2.283 ns )               ; master_block_2:inst3|lpm_counter0:inst|lpm_counter:lpm_counter_component|cntr_eql:auto_generated|safe_q[1]  ; master_block_2:inst3|lpm_counter0:inst|lpm_counter:lpm_counter_component|cntr_eql:auto_generated|safe_q[1]  ; clk        ; clk      ; None                        ; None                      ; 2.099 ns                ;
; N/A   ; 440.14 MHz ( period = 2.272 ns )               ; master_block_4:inst9|lpm_counter3:inst2|lpm_counter:lpm_counter_component|cntr_sej:auto_generated|safe_q[2] ; master_block_4:inst9|lpm_counter3:inst2|lpm_counter:lpm_counter_component|cntr_sej:auto_generated|safe_q[3] ; clk        ; clk      ; None                        ; None                      ; 2.088 ns                ;
; N/A   ; 440.14 MHz ( period = 2.272 ns )               ; master_block_4:inst9|lpm_counter3:inst2|lpm_counter:lpm_counter_component|cntr_sej:auto_generated|safe_q[2] ; master_block_4:inst9|lpm_counter3:inst2|lpm_counter:lpm_counter_component|cntr_sej:auto_generated|safe_q[2] ; clk        ; clk      ; None                        ; None                      ; 2.088 ns                ;
; N/A   ; 440.14 MHz ( period = 2.272 ns )               ; master_block_4:inst9|lpm_counter3:inst2|lpm_counter:lpm_counter_component|cntr_sej:auto_generated|safe_q[2] ; master_block_4:inst9|lpm_counter3:inst2|lpm_counter:lpm_counter_component|cntr_sej:auto_generated|safe_q[1] ; clk        ; clk      ; None                        ; None                      ; 2.088 ns                ;
; N/A   ; 440.14 MHz ( period = 2.272 ns )               ; master_block_4:inst9|lpm_counter3:inst2|lpm_counter:lpm_counter_component|cntr_sej:auto_generated|safe_q[2] ; master_block_4:inst9|lpm_counter3:inst2|lpm_counter:lpm_counter_component|cntr_sej:auto_generated|safe_q[0] ; clk        ; clk      ; None                        ; None                      ; 2.088 ns                ;
; N/A   ; 440.92 MHz ( period = 2.268 ns )               ; master_block_4:inst9|lpm_counter3:inst2|lpm_counter:lpm_counter_component|cntr_sej:auto_generated|safe_q[1] ; master_block_4:inst9|lpm_counter3:inst2|lpm_counter:lpm_counter_component|cntr_sej:auto_generated|safe_q[3] ; clk        ; clk      ; None                        ; None                      ; 2.084 ns                ;
; N/A   ; 440.92 MHz ( period = 2.268 ns )               ; master_block_4:inst9|lpm_counter3:inst2|lpm_counter:lpm_counter_component|cntr_sej:auto_generated|safe_q[1] ; master_block_4:inst9|lpm_counter3:inst2|lpm_counter:lpm_counter_component|cntr_sej:auto_generated|safe_q[2] ; clk        ; clk      ; None                        ; None                      ; 2.084 ns                ;
; N/A   ; 440.92 MHz ( period = 2.268 ns )               ; master_block_4:inst9|lpm_counter3:inst2|lpm_counter:lpm_counter_component|cntr_sej:auto_generated|safe_q[1] ; master_block_4:inst9|lpm_counter3:inst2|lpm_counter:lpm_counter_component|cntr_sej:auto_generated|safe_q[1] ; clk        ; clk      ; None                        ; None                      ; 2.084 ns                ;
; N/A   ; 440.92 MHz ( period = 2.268 ns )               ; master_block_4:inst9|lpm_counter3:inst2|lpm_counter:lpm_counter_component|cntr_sej:auto_generated|safe_q[1] ; master_block_4:inst9|lpm_counter3:inst2|lpm_counter:lpm_counter_component|cntr_sej:auto_generated|safe_q[0] ; clk        ; clk      ; None                        ; None                      ; 2.084 ns                ;
; N/A   ; 441.11 MHz ( period = 2.267 ns )               ; master_block_2:inst3|lpm_counter0:inst|lpm_counter:lpm_counter_component|cntr_eql:auto_generated|safe_q[2]  ; master_block_2:inst3|lpm_counter0:inst|lpm_counter:lpm_counter_component|cntr_eql:auto_generated|safe_q[2]  ; clk        ; clk      ; None                        ; None                      ; 2.083 ns                ;
; N/A   ; 441.11 MHz ( period = 2.267 ns )               ; master_block_2:inst3|lpm_counter0:inst|lpm_counter:lpm_counter_component|cntr_eql:auto_generated|safe_q[2]  ; master_block_2:inst3|lpm_counter0:inst|lpm_counter:lpm_counter_component|cntr_eql:auto_generated|safe_q[0]  ; clk        ; clk      ; None                        ; None                      ; 2.083 ns                ;
; N/A   ; 441.11 MHz ( period = 2.267 ns )               ; master_block_2:inst3|lpm_counter0:inst|lpm_counter:lpm_counter_component|cntr_eql:auto_generated|safe_q[2]  ; master_block_2:inst3|lpm_counter0:inst|lpm_counter:lpm_counter_component|cntr_eql:auto_generated|safe_q[1]  ; clk        ; clk      ; None                        ; None                      ; 2.083 ns                ;
; N/A   ; 451.88 MHz ( period = 2.213 ns )               ; master_block_4:inst9|lpm_counter3:inst2|lpm_counter:lpm_counter_component|cntr_sej:auto_generated|safe_q[0] ; master_block_4:inst9|lpm_counter3:inst2|lpm_counter:lpm_counter_component|cntr_sej:auto_generated|safe_q[3] ; clk        ; clk      ; None                        ; None                      ; 2.029 ns                ;
; N/A   ; 451.88 MHz ( period = 2.213 ns )               ; master_block_4:inst9|lpm_counter3:inst2|lpm_counter:lpm_counter_component|cntr_sej:auto_generated|safe_q[0] ; master_block_4:inst9|lpm_counter3:inst2|lpm_counter:lpm_counter_component|cntr_sej:auto_generated|safe_q[2] ; clk        ; clk      ; None                        ; None                      ; 2.029 ns                ;
; N/A   ; 451.88 MHz ( period = 2.213 ns )               ; master_block_4:inst9|lpm_counter3:inst2|lpm_counter:lpm_counter_component|cntr_sej:auto_generated|safe_q[0] ; master_block_4:inst9|lpm_counter3:inst2|lpm_counter:lpm_counter_component|cntr_sej:auto_generated|safe_q[1] ; clk        ; clk      ; None                        ; None                      ; 2.029 ns                ;
; N/A   ; 451.88 MHz ( period = 2.213 ns )               ; master_block_4:inst9|lpm_counter3:inst2|lpm_counter:lpm_counter_component|cntr_sej:auto_generated|safe_q[0] ; master_block_4:inst9|lpm_counter3:inst2|lpm_counter:lpm_counter_component|cntr_sej:auto_generated|safe_q[0] ; clk        ; clk      ; None                        ; None                      ; 2.029 ns                ;
; N/A   ; 455.17 MHz ( period = 2.197 ns )               ; master_block_3:inst7|lpm_counter2:inst1|lpm_counter:lpm_counter_component|cntr_nej:auto_generated|safe_q[2] ; master_block_3:inst7|lpm_counter2:inst1|lpm_counter:lpm_counter_component|cntr_nej:auto_generated|safe_q[2] ; clk        ; clk      ; None                        ; None                      ; 2.013 ns                ;
; N/A   ; 455.17 MHz ( period = 2.197 ns )               ; master_block_3:inst7|lpm_counter2:inst1|lpm_counter:lpm_counter_component|cntr_nej:auto_generated|safe_q[2] ; master_block_3:inst7|lpm_counter2:inst1|lpm_counter:lpm_counter_component|cntr_nej:auto_generated|safe_q[0] ; clk        ; clk      ; None                        ; None                      ; 2.013 ns                ;
; N/A   ; 455.17 MHz ( period = 2.197 ns )               ; master_block_3:inst7|lpm_counter2:inst1|lpm_counter:lpm_counter_component|cntr_nej:auto_generated|safe_q[2] ; master_block_3:inst7|lpm_counter2:inst1|lpm_counter:lpm_counter_component|cntr_nej:auto_generated|safe_q[1] ; clk        ; clk      ; None                        ; None                      ; 2.013 ns                ;
; N/A   ; Restricted to 500.00 MHz ( period = 2.000 ns ) ; master_block_1:inst|lpm_counter1:inst1|lpm_counter:lpm_counter_component|cntr_ukk:auto_generated|safe_q[0]  ; master_block_1:inst|lpm_counter1:inst1|lpm_counter:lpm_counter_component|cntr_ukk:auto_generated|safe_q[2]  ; clk        ; clk      ; None                        ; None                      ; 1.800 ns                ;
; N/A   ; Restricted to 500.00 MHz ( period = 2.000 ns ) ; master_block_1:inst|lpm_counter1:inst1|lpm_counter:lpm_counter_component|cntr_ukk:auto_generated|safe_q[0]  ; master_block_1:inst|lpm_counter1:inst1|lpm_counter:lpm_counter_component|cntr_ukk:auto_generated|safe_q[0]  ; clk        ; clk      ; None                        ; None                      ; 1.800 ns                ;
; N/A   ; Restricted to 500.00 MHz ( period = 2.000 ns ) ; master_block_1:inst|lpm_counter1:inst1|lpm_counter:lpm_counter_component|cntr_ukk:auto_generated|safe_q[0]  ; master_block_1:inst|lpm_counter1:inst1|lpm_counter:lpm_counter_component|cntr_ukk:auto_generated|safe_q[1]  ; clk        ; clk      ; None                        ; None                      ; 1.800 ns                ;
; N/A   ; Restricted to 500.00 MHz ( period = 2.000 ns ) ; master_block_1:inst|lpm_counter1:inst1|lpm_counter:lpm_counter_component|cntr_ukk:auto_generated|safe_q[1]  ; master_block_1:inst|lpm_counter1:inst1|lpm_counter:lpm_counter_component|cntr_ukk:auto_generated|safe_q[2]  ; clk        ; clk      ; None                        ; None                      ; 1.765 ns                ;
; N/A   ; Restricted to 500.00 MHz ( period = 2.000 ns ) ; master_block_1:inst|lpm_counter1:inst1|lpm_counter:lpm_counter_component|cntr_ukk:auto_generated|safe_q[1]  ; master_block_1:inst|lpm_counter1:inst1|lpm_counter:lpm_counter_component|cntr_ukk:auto_generated|safe_q[0]  ; clk        ; clk      ; None                        ; None                      ; 1.765 ns                ;
; N/A   ; Restricted to 500.00 MHz ( period = 2.000 ns ) ; master_block_1:inst|lpm_counter1:inst1|lpm_counter:lpm_counter_component|cntr_ukk:auto_generated|safe_q[1]  ; master_block_1:inst|lpm_counter1:inst1|lpm_counter:lpm_counter_component|cntr_ukk:auto_generated|safe_q[1]  ; clk        ; clk      ; None                        ; None                      ; 1.765 ns                ;
; N/A   ; Restricted to 500.00 MHz ( period = 2.000 ns ) ; master_block_1:inst|lpm_counter1:inst1|lpm_counter:lpm_counter_component|cntr_ukk:auto_generated|safe_q[2]  ; master_block_1:inst|lpm_counter1:inst1|lpm_counter:lpm_counter_component|cntr_ukk:auto_generated|safe_q[2]  ; clk        ; clk      ; None                        ; None                      ; 1.730 ns                ;
; N/A   ; Restricted to 500.00 MHz ( period = 2.000 ns ) ; master_block_1:inst|lpm_counter1:inst1|lpm_counter:lpm_counter_component|cntr_ukk:auto_generated|safe_q[2]  ; master_block_1:inst|lpm_counter1:inst1|lpm_counter:lpm_counter_component|cntr_ukk:auto_generated|safe_q[0]  ; clk        ; clk      ; None                        ; None                      ; 1.730 ns                ;
; N/A   ; Restricted to 500.00 MHz ( period = 2.000 ns ) ; master_block_1:inst|lpm_counter1:inst1|lpm_counter:lpm_counter_component|cntr_ukk:auto_generated|safe_q[2]  ; master_block_1:inst|lpm_counter1:inst1|lpm_counter:lpm_counter_component|cntr_ukk:auto_generated|safe_q[1]  ; clk        ; clk      ; None                        ; None                      ; 1.730 ns                ;
+-------+------------------------------------------------+-------------------------------------------------------------------------------------------------------------+-------------------------------------------------------------------------------------------------------------+------------+----------+-----------------------------+---------------------------+-------------------------+


+----------------------------------------------------------------------------------------------------------------------------------------------------------------------------------------------------------------------------------------------------------------------------------------------------------------------+
; Clock Hold: 'clk'                                                                                                                                                                                                                                                                                                    ;
+------------------------------------------+-------------------------------------------------------------------------------------------------------------+------------------------------------------------+------------+----------+----------------------------+----------------------------+--------------------------+
; Minimum Slack                            ; From                                                                                                        ; To                                             ; From Clock ; To Clock ; Required Hold Relationship ; Required Shortest P2P Time ; Actual Shortest P2P Time ;
+------------------------------------------+-------------------------------------------------------------------------------------------------------------+------------------------------------------------+------------+----------+----------------------------+----------------------------+--------------------------+
; Not operational: Clock Skew > Data Delay ; master_block_1:inst|lpm_counter1:inst1|lpm_counter:lpm_counter_component|cntr_ukk:auto_generated|safe_q[0]  ; lpm_ff0:inst10|lpm_ff:lpm_ff_component|dffs[0] ; clk        ; clk      ; None                       ; None                       ; 0.454 ns                 ;
; Not operational: Clock Skew > Data Delay ; master_block_1:inst|lpm_counter1:inst1|lpm_counter:lpm_counter_component|cntr_ukk:auto_generated|safe_q[2]  ; lpm_ff0:inst10|lpm_ff:lpm_ff_component|dffs[0] ; clk        ; clk      ; None                       ; None                       ; 0.660 ns                 ;
; Not operational: Clock Skew > Data Delay ; master_block_1:inst|lpm_counter1:inst1|lpm_counter:lpm_counter_component|cntr_ukk:auto_generated|safe_q[1]  ; lpm_ff0:inst10|lpm_ff:lpm_ff_component|dffs[0] ; clk        ; clk      ; None                       ; None                       ; 1.105 ns                 ;
; Not operational: Clock Skew > Data Delay ; master_block_1:inst|lpm_counter1:inst1|lpm_counter:lpm_counter_component|cntr_ukk:auto_generated|safe_q[1]  ; lpm_ff0:inst10|lpm_ff:lpm_ff_component|dffs[2] ; clk        ; clk      ; None                       ; None                       ; 1.358 ns                 ;
; Not operational: Clock Skew > Data Delay ; master_block_1:inst|lpm_counter1:inst1|lpm_counter:lpm_counter_component|cntr_ukk:auto_generated|safe_q[0]  ; lpm_ff0:inst10|lpm_ff:lpm_ff_component|dffs[2] ; clk        ; clk      ; None                       ; None                       ; 1.405 ns                 ;
; Not operational: Clock Skew > Data Delay ; master_block_1:inst|lpm_counter1:inst1|lpm_counter:lpm_counter_component|cntr_ukk:auto_generated|safe_q[2]  ; lpm_ff0:inst10|lpm_ff:lpm_ff_component|dffs[2] ; clk        ; clk      ; None                       ; None                       ; 1.559 ns                 ;
; Not operational: Clock Skew > Data Delay ; master_block_1:inst|lpm_counter1:inst1|lpm_counter:lpm_counter_component|cntr_ukk:auto_generated|safe_q[1]  ; lpm_ff0:inst10|lpm_ff:lpm_ff_component|dffs[3] ; clk        ; clk      ; None                       ; None                       ; 1.604 ns                 ;
; Not operational: Clock Skew > Data Delay ; master_block_1:inst|lpm_counter1:inst1|lpm_counter:lpm_counter_component|cntr_ukk:auto_generated|safe_q[0]  ; lpm_ff0:inst10|lpm_ff:lpm_ff_component|dffs[3] ; clk        ; clk      ; None                       ; None                       ; 1.651 ns                 ;
; Not operational: Clock Skew > Data Delay ; master_block_1:inst|lpm_counter1:inst1|lpm_counter:lpm_counter_component|cntr_ukk:auto_generated|safe_q[1]  ; lpm_ff0:inst10|lpm_ff:lpm_ff_component|dffs[1] ; clk        ; clk      ; None                       ; None                       ; 1.689 ns                 ;
; Not operational: Clock Skew > Data Delay ; master_block_1:inst|lpm_counter1:inst1|lpm_counter:lpm_counter_component|cntr_ukk:auto_generated|safe_q[0]  ; lpm_ff0:inst10|lpm_ff:lpm_ff_component|dffs[1] ; clk        ; clk      ; None                       ; None                       ; 1.736 ns                 ;
; Not operational: Clock Skew > Data Delay ; master_block_1:inst|lpm_counter1:inst1|lpm_counter:lpm_counter_component|cntr_ukk:auto_generated|safe_q[2]  ; lpm_ff0:inst10|lpm_ff:lpm_ff_component|dffs[3] ; clk        ; clk      ; None                       ; None                       ; 1.805 ns                 ;
; Not operational: Clock Skew > Data Delay ; master_block_1:inst|lpm_counter1:inst1|lpm_counter:lpm_counter_component|cntr_ukk:auto_generated|safe_q[2]  ; lpm_ff0:inst10|lpm_ff:lpm_ff_component|dffs[1] ; clk        ; clk      ; None                       ; None                       ; 1.890 ns                 ;
; Not operational: Clock Skew > Data Delay ; master_block_4:inst9|lpm_counter3:inst2|lpm_counter:lpm_counter_component|cntr_sej:auto_generated|safe_q[3] ; lpm_ff0:inst10|lpm_ff:lpm_ff_component|dffs[3] ; clk        ; clk      ; None                       ; None                       ; 2.078 ns                 ;
; Not operational: Clock Skew > Data Delay ; master_block_4:inst9|lpm_counter3:inst2|lpm_counter:lpm_counter_component|cntr_sej:auto_generated|safe_q[2] ; lpm_ff0:inst10|lpm_ff:lpm_ff_component|dffs[3] ; clk        ; clk      ; None                       ; None                       ; 2.113 ns                 ;
; Not operational: Clock Skew > Data Delay ; master_block_4:inst9|lpm_counter3:inst2|lpm_counter:lpm_counter_component|cntr_sej:auto_generated|safe_q[1] ; lpm_ff0:inst10|lpm_ff:lpm_ff_component|dffs[3] ; clk        ; clk      ; None                       ; None                       ; 2.148 ns                 ;
; Not operational: Clock Skew > Data Delay ; master_block_4:inst9|lpm_counter3:inst2|lpm_counter:lpm_counter_component|cntr_sej:auto_generated|safe_q[0] ; lpm_ff0:inst10|lpm_ff:lpm_ff_component|dffs[3] ; clk        ; clk      ; None                       ; None                       ; 2.183 ns                 ;
; Not operational: Clock Skew > Data Delay ; master_block_2:inst3|lpm_counter0:inst|lpm_counter:lpm_counter_component|cntr_eql:auto_generated|safe_q[1]  ; lpm_ff0:inst10|lpm_ff:lpm_ff_component|dffs[1] ; clk        ; clk      ; None                       ; None                       ; 2.407 ns                 ;
; Not operational: Clock Skew > Data Delay ; master_block_3:inst7|lpm_counter2:inst1|lpm_counter:lpm_counter_component|cntr_nej:auto_generated|safe_q[2] ; lpm_ff0:inst10|lpm_ff:lpm_ff_component|dffs[2] ; clk        ; clk      ; None                       ; None                       ; 2.383 ns                 ;
; Not operational: Clock Skew > Data Delay ; master_block_2:inst3|lpm_counter0:inst|lpm_counter:lpm_counter_component|cntr_eql:auto_generated|safe_q[2]  ; lpm_ff0:inst10|lpm_ff:lpm_ff_component|dffs[1] ; clk        ; clk      ; None                       ; None                       ; 2.413 ns                 ;
; Not operational: Clock Skew > Data Delay ; master_block_2:inst3|lpm_counter0:inst|lpm_counter:lpm_counter_component|cntr_eql:auto_generated|safe_q[1]  ; lpm_ff0:inst10|lpm_ff:lpm_ff_component|dffs[2] ; clk        ; clk      ; None                       ; None                       ; 2.442 ns                 ;
; Not operational: Clock Skew > Data Delay ; master_block_3:inst7|lpm_counter2:inst1|lpm_counter:lpm_counter_component|cntr_nej:auto_generated|safe_q[1] ; lpm_ff0:inst10|lpm_ff:lpm_ff_component|dffs[2] ; clk        ; clk      ; None                       ; None                       ; 2.418 ns                 ;
; Not operational: Clock Skew > Data Delay ; master_block_2:inst3|lpm_counter0:inst|lpm_counter:lpm_counter_component|cntr_eql:auto_generated|safe_q[2]  ; lpm_ff0:inst10|lpm_ff:lpm_ff_component|dffs[2] ; clk        ; clk      ; None                       ; None                       ; 2.448 ns                 ;
; Not operational: Clock Skew > Data Delay ; master_block_3:inst7|lpm_counter2:inst1|lpm_counter:lpm_counter_component|cntr_nej:auto_generated|safe_q[2] ; lpm_ff0:inst10|lpm_ff:lpm_ff_component|dffs[1] ; clk        ; clk      ; None                       ; None                       ; 2.420 ns                 ;
; Not operational: Clock Skew > Data Delay ; master_block_2:inst3|lpm_counter0:inst|lpm_counter:lpm_counter_component|cntr_eql:auto_generated|safe_q[0]  ; lpm_ff0:inst10|lpm_ff:lpm_ff_component|dffs[1] ; clk        ; clk      ; None                       ; None                       ; 2.461 ns                 ;
; Not operational: Clock Skew > Data Delay ; master_block_3:inst7|lpm_counter2:inst1|lpm_counter:lpm_counter_component|cntr_nej:auto_generated|safe_q[0] ; lpm_ff0:inst10|lpm_ff:lpm_ff_component|dffs[2] ; clk        ; clk      ; None                       ; None                       ; 2.453 ns                 ;
; Not operational: Clock Skew > Data Delay ; master_block_3:inst7|lpm_counter2:inst1|lpm_counter:lpm_counter_component|cntr_nej:auto_generated|safe_q[1] ; lpm_ff0:inst10|lpm_ff:lpm_ff_component|dffs[1] ; clk        ; clk      ; None                       ; None                       ; 2.455 ns                 ;
; Not operational: Clock Skew > Data Delay ; master_block_2:inst3|lpm_counter0:inst|lpm_counter:lpm_counter_component|cntr_eql:auto_generated|safe_q[1]  ; lpm_ff0:inst10|lpm_ff:lpm_ff_component|dffs[3] ; clk        ; clk      ; None                       ; None                       ; 2.484 ns                 ;
; Not operational: Clock Skew > Data Delay ; master_block_2:inst3|lpm_counter0:inst|lpm_counter:lpm_counter_component|cntr_eql:auto_generated|safe_q[2]  ; lpm_ff0:inst10|lpm_ff:lpm_ff_component|dffs[3] ; clk        ; clk      ; None                       ; None                       ; 2.490 ns                 ;
; Not operational: Clock Skew > Data Delay ; master_block_2:inst3|lpm_counter0:inst|lpm_counter:lpm_counter_component|cntr_eql:auto_generated|safe_q[0]  ; lpm_ff0:inst10|lpm_ff:lpm_ff_component|dffs[2] ; clk        ; clk      ; None                       ; None                       ; 2.496 ns                 ;
; Not operational: Clock Skew > Data Delay ; master_block_3:inst7|lpm_counter2:inst1|lpm_counter:lpm_counter_component|cntr_nej:auto_generated|safe_q[0] ; lpm_ff0:inst10|lpm_ff:lpm_ff_component|dffs[1] ; clk        ; clk      ; None                       ; None                       ; 2.490 ns                 ;
; Not operational: Clock Skew > Data Delay ; master_block_2:inst3|lpm_counter0:inst|lpm_counter:lpm_counter_component|cntr_eql:auto_generated|safe_q[0]  ; lpm_ff0:inst10|lpm_ff:lpm_ff_component|dffs[3] ; clk        ; clk      ; None                       ; None                       ; 2.538 ns                 ;
; Not operational: Clock Skew > Data Delay ; master_block_3:inst7|lpm_counter2:inst1|lpm_counter:lpm_counter_component|cntr_nej:auto_generated|safe_q[2] ; lpm_ff0:inst10|lpm_ff:lpm_ff_component|dffs[3] ; clk        ; clk      ; None                       ; None                       ; 2.564 ns                 ;
; Not operational: Clock Skew > Data Delay ; master_block_3:inst7|lpm_counter2:inst1|lpm_counter:lpm_counter_component|cntr_nej:auto_generated|safe_q[1] ; lpm_ff0:inst10|lpm_ff:lpm_ff_component|dffs[3] ; clk        ; clk      ; None                       ; None                       ; 2.599 ns                 ;
; Not operational: Clock Skew > Data Delay ; master_block_3:inst7|lpm_counter2:inst1|lpm_counter:lpm_counter_component|cntr_nej:auto_generated|safe_q[0] ; lpm_ff0:inst10|lpm_ff:lpm_ff_component|dffs[3] ; clk        ; clk      ; None                       ; None                       ; 2.634 ns                 ;
; Not operational: Clock Skew > Data Delay ; master_block_4:inst9|lpm_counter3:inst2|lpm_counter:lpm_counter_component|cntr_sej:auto_generated|safe_q[3] ; lpm_ff0:inst10|lpm_ff:lpm_ff_component|dffs[1] ; clk        ; clk      ; None                       ; None                       ; 2.764 ns                 ;
; Not operational: Clock Skew > Data Delay ; master_block_4:inst9|lpm_counter3:inst2|lpm_counter:lpm_counter_component|cntr_sej:auto_generated|safe_q[2] ; lpm_ff0:inst10|lpm_ff:lpm_ff_component|dffs[1] ; clk        ; clk      ; None                       ; None                       ; 2.799 ns                 ;
; Not operational: Clock Skew > Data Delay ; master_block_4:inst9|lpm_counter3:inst2|lpm_counter:lpm_counter_component|cntr_sej:auto_generated|safe_q[1] ; lpm_ff0:inst10|lpm_ff:lpm_ff_component|dffs[1] ; clk        ; clk      ; None                       ; None                       ; 2.834 ns                 ;
; Not operational: Clock Skew > Data Delay ; master_block_4:inst9|lpm_counter3:inst2|lpm_counter:lpm_counter_component|cntr_sej:auto_generated|safe_q[0] ; lpm_ff0:inst10|lpm_ff:lpm_ff_component|dffs[1] ; clk        ; clk      ; None                       ; None                       ; 2.869 ns                 ;
; Not operational: Clock Skew > Data Delay ; master_block_4:inst9|lpm_counter3:inst2|lpm_counter:lpm_counter_component|cntr_sej:auto_generated|safe_q[3] ; lpm_ff0:inst10|lpm_ff:lpm_ff_component|dffs[0] ; clk        ; clk      ; None                       ; None                       ; 3.110 ns                 ;
; Not operational: Clock Skew > Data Delay ; master_block_4:inst9|lpm_counter3:inst2|lpm_counter:lpm_counter_component|cntr_sej:auto_generated|safe_q[3] ; lpm_ff0:inst10|lpm_ff:lpm_ff_component|dffs[2] ; clk        ; clk      ; None                       ; None                       ; 3.114 ns                 ;
; Not operational: Clock Skew > Data Delay ; master_block_4:inst9|lpm_counter3:inst2|lpm_counter:lpm_counter_component|cntr_sej:auto_generated|safe_q[2] ; lpm_ff0:inst10|lpm_ff:lpm_ff_component|dffs[0] ; clk        ; clk      ; None                       ; None                       ; 3.145 ns                 ;
; Not operational: Clock Skew > Data Delay ; master_block_4:inst9|lpm_counter3:inst2|lpm_counter:lpm_counter_component|cntr_sej:auto_generated|safe_q[2] ; lpm_ff0:inst10|lpm_ff:lpm_ff_component|dffs[2] ; clk        ; clk      ; None                       ; None                       ; 3.149 ns                 ;
; Not operational: Clock Skew > Data Delay ; master_block_4:inst9|lpm_counter3:inst2|lpm_counter:lpm_counter_component|cntr_sej:auto_generated|safe_q[1] ; lpm_ff0:inst10|lpm_ff:lpm_ff_component|dffs[0] ; clk        ; clk      ; None                       ; None                       ; 3.180 ns                 ;
; Not operational: Clock Skew > Data Delay ; master_block_4:inst9|lpm_counter3:inst2|lpm_counter:lpm_counter_component|cntr_sej:auto_generated|safe_q[1] ; lpm_ff0:inst10|lpm_ff:lpm_ff_component|dffs[2] ; clk        ; clk      ; None                       ; None                       ; 3.184 ns                 ;
; Not operational: Clock Skew > Data Delay ; master_block_4:inst9|lpm_counter3:inst2|lpm_counter:lpm_counter_component|cntr_sej:auto_generated|safe_q[0] ; lpm_ff0:inst10|lpm_ff:lpm_ff_component|dffs[0] ; clk        ; clk      ; None                       ; None                       ; 3.215 ns                 ;
; Not operational: Clock Skew > Data Delay ; master_block_4:inst9|lpm_counter3:inst2|lpm_counter:lpm_counter_component|cntr_sej:auto_generated|safe_q[0] ; lpm_ff0:inst10|lpm_ff:lpm_ff_component|dffs[2] ; clk        ; clk      ; None                       ; None                       ; 3.219 ns                 ;
; Not operational: Clock Skew > Data Delay ; master_block_3:inst7|lpm_counter2:inst1|lpm_counter:lpm_counter_component|cntr_nej:auto_generated|safe_q[2] ; lpm_ff0:inst10|lpm_ff:lpm_ff_component|dffs[0] ; clk        ; clk      ; None                       ; None                       ; 3.459 ns                 ;
; Not operational: Clock Skew > Data Delay ; master_block_3:inst7|lpm_counter2:inst1|lpm_counter:lpm_counter_component|cntr_nej:auto_generated|safe_q[1] ; lpm_ff0:inst10|lpm_ff:lpm_ff_component|dffs[0] ; clk        ; clk      ; None                       ; None                       ; 3.494 ns                 ;
; Not operational: Clock Skew > Data Delay ; master_block_3:inst7|lpm_counter2:inst1|lpm_counter:lpm_counter_component|cntr_nej:auto_generated|safe_q[0] ; lpm_ff0:inst10|lpm_ff:lpm_ff_component|dffs[0] ; clk        ; clk      ; None                       ; None                       ; 3.529 ns                 ;
; Not operational: Clock Skew > Data Delay ; master_block_2:inst3|lpm_counter0:inst|lpm_counter:lpm_counter_component|cntr_eql:auto_generated|safe_q[1]  ; lpm_ff0:inst10|lpm_ff:lpm_ff_component|dffs[0] ; clk        ; clk      ; None                       ; None                       ; 3.744 ns                 ;
; Not operational: Clock Skew > Data Delay ; master_block_2:inst3|lpm_counter0:inst|lpm_counter:lpm_counter_component|cntr_eql:auto_generated|safe_q[2]  ; lpm_ff0:inst10|lpm_ff:lpm_ff_component|dffs[0] ; clk        ; clk      ; None                       ; None                       ; 3.750 ns                 ;
; Not operational: Clock Skew > Data Delay ; master_block_2:inst3|lpm_counter0:inst|lpm_counter:lpm_counter_component|cntr_eql:auto_generated|safe_q[0]  ; lpm_ff0:inst10|lpm_ff:lpm_ff_component|dffs[0] ; clk        ; clk      ; None                       ; None                       ; 3.798 ns                 ;
+------------------------------------------+-------------------------------------------------------------------------------------------------------------+------------------------------------------------+------------+----------+----------------------------+----------------------------+--------------------------+


+-------------------------------------------------------------------------------------------------------+
; tsu                                                                                                   ;
+-------+--------------+------------+-------+------------------------------------------------+----------+
; Slack ; Required tsu ; Actual tsu ; From  ; To                                             ; To Clock ;
+-------+--------------+------------+-------+------------------------------------------------+----------+
; N/A   ; None         ; -1.448 ns  ; start ; lpm_ff0:inst10|lpm_ff:lpm_ff_component|dffs[2] ; start    ;
; N/A   ; None         ; -1.452 ns  ; start ; lpm_ff0:inst10|lpm_ff:lpm_ff_component|dffs[0] ; start    ;
; N/A   ; None         ; -1.538 ns  ; start ; lpm_ff0:inst10|lpm_ff:lpm_ff_component|dffs[2] ; clk      ;
; N/A   ; None         ; -1.542 ns  ; start ; lpm_ff0:inst10|lpm_ff:lpm_ff_component|dffs[0] ; clk      ;
; N/A   ; None         ; -1.796 ns  ; start ; lpm_ff0:inst10|lpm_ff:lpm_ff_component|dffs[3] ; start    ;
; N/A   ; None         ; -1.798 ns  ; start ; lpm_ff0:inst10|lpm_ff:lpm_ff_component|dffs[1] ; start    ;
; N/A   ; None         ; -1.886 ns  ; start ; lpm_ff0:inst10|lpm_ff:lpm_ff_component|dffs[3] ; clk      ;
; N/A   ; None         ; -1.888 ns  ; start ; lpm_ff0:inst10|lpm_ff:lpm_ff_component|dffs[1] ; clk      ;
+-------+--------------+------------+-------+------------------------------------------------+----------+


+------------------------------------------------------------------------------------------------------------------------------------------------------------------------------+
; tco                                                                                                                                                                          ;
+-------+--------------+------------+-------------------------------------------------------------------------------------------------------------+---------------+------------+
; Slack ; Required tco ; Actual tco ; From                                                                                                        ; To            ; From Clock ;
+-------+--------------+------------+-------------------------------------------------------------------------------------------------------------+---------------+------------+
; N/A   ; None         ; 15.598 ns  ; lpm_ff0:inst10|lpm_ff:lpm_ff_component|dffs[2]                                                              ; data_out[2]   ; start      ;
; N/A   ; None         ; 15.334 ns  ; lpm_ff0:inst10|lpm_ff:lpm_ff_component|dffs[0]                                                              ; data_out[0]   ; start      ;
; N/A   ; None         ; 15.123 ns  ; lpm_ff0:inst10|lpm_ff:lpm_ff_component|dffs[3]                                                              ; data_out[3]   ; start      ;
; N/A   ; None         ; 14.860 ns  ; lpm_ff0:inst10|lpm_ff:lpm_ff_component|dffs[1]                                                              ; data_out[1]   ; start      ;
; N/A   ; None         ; 14.390 ns  ; lpm_ff0:inst10|lpm_ff:lpm_ff_component|dffs[2]                                                              ; data_out[2]   ; clk        ;
; N/A   ; None         ; 14.126 ns  ; lpm_ff0:inst10|lpm_ff:lpm_ff_component|dffs[0]                                                              ; data_out[0]   ; clk        ;
; N/A   ; None         ; 13.915 ns  ; lpm_ff0:inst10|lpm_ff:lpm_ff_component|dffs[3]                                                              ; data_out[3]   ; clk        ;
; N/A   ; None         ; 13.652 ns  ; lpm_ff0:inst10|lpm_ff:lpm_ff_component|dffs[1]                                                              ; data_out[1]   ; clk        ;
; N/A   ; None         ; 10.396 ns  ; master_block_4:inst9|lpm_counter3:inst2|lpm_counter:lpm_counter_component|cntr_sej:auto_generated|safe_q[3] ; data_out12[3] ; clk        ;
; N/A   ; None         ; 10.373 ns  ; master_block_2:inst3|lpm_counter0:inst|lpm_counter:lpm_counter_component|cntr_eql:auto_generated|safe_q[0]  ; data_out12[3] ; clk        ;
; N/A   ; None         ; 10.363 ns  ; master_block_4:inst9|lpm_counter3:inst2|lpm_counter:lpm_counter_component|cntr_sej:auto_generated|safe_q[2] ; data_out12[3] ; clk        ;
; N/A   ; None         ; 10.359 ns  ; master_block_4:inst9|lpm_counter3:inst2|lpm_counter:lpm_counter_component|cntr_sej:auto_generated|safe_q[1] ; data_out12[3] ; clk        ;
; N/A   ; None         ; 10.338 ns  ; master_block_2:inst3|lpm_counter0:inst|lpm_counter:lpm_counter_component|cntr_eql:auto_generated|safe_q[1]  ; data_out12[3] ; clk        ;
; N/A   ; None         ; 10.322 ns  ; master_block_2:inst3|lpm_counter0:inst|lpm_counter:lpm_counter_component|cntr_eql:auto_generated|safe_q[2]  ; data_out12[3] ; clk        ;
; N/A   ; None         ; 10.304 ns  ; master_block_4:inst9|lpm_counter3:inst2|lpm_counter:lpm_counter_component|cntr_sej:auto_generated|safe_q[0] ; data_out12[3] ; clk        ;
; N/A   ; None         ; 10.258 ns  ; master_block_4:inst9|lpm_counter3:inst2|lpm_counter:lpm_counter_component|cntr_sej:auto_generated|safe_q[3] ; data_out12[1] ; clk        ;
; N/A   ; None         ; 10.235 ns  ; master_block_2:inst3|lpm_counter0:inst|lpm_counter:lpm_counter_component|cntr_eql:auto_generated|safe_q[0]  ; data_out12[1] ; clk        ;
; N/A   ; None         ; 10.225 ns  ; master_block_4:inst9|lpm_counter3:inst2|lpm_counter:lpm_counter_component|cntr_sej:auto_generated|safe_q[2] ; data_out12[1] ; clk        ;
; N/A   ; None         ; 10.221 ns  ; master_block_4:inst9|lpm_counter3:inst2|lpm_counter:lpm_counter_component|cntr_sej:auto_generated|safe_q[1] ; data_out12[1] ; clk        ;
; N/A   ; None         ; 10.212 ns  ; master_block_3:inst7|lpm_counter2:inst1|lpm_counter:lpm_counter_component|cntr_nej:auto_generated|safe_q[0] ; data_out12[3] ; clk        ;
; N/A   ; None         ; 10.205 ns  ; master_block_3:inst7|lpm_counter2:inst1|lpm_counter:lpm_counter_component|cntr_nej:auto_generated|safe_q[1] ; data_out12[3] ; clk        ;
; N/A   ; None         ; 10.200 ns  ; master_block_2:inst3|lpm_counter0:inst|lpm_counter:lpm_counter_component|cntr_eql:auto_generated|safe_q[1]  ; data_out12[1] ; clk        ;
; N/A   ; None         ; 10.184 ns  ; master_block_2:inst3|lpm_counter0:inst|lpm_counter:lpm_counter_component|cntr_eql:auto_generated|safe_q[2]  ; data_out12[1] ; clk        ;
; N/A   ; None         ; 10.166 ns  ; master_block_4:inst9|lpm_counter3:inst2|lpm_counter:lpm_counter_component|cntr_sej:auto_generated|safe_q[0] ; data_out12[1] ; clk        ;
; N/A   ; None         ; 10.082 ns  ; master_block_3:inst7|lpm_counter2:inst1|lpm_counter:lpm_counter_component|cntr_nej:auto_generated|safe_q[2] ; data_out12[3] ; clk        ;
; N/A   ; None         ; 10.074 ns  ; master_block_3:inst7|lpm_counter2:inst1|lpm_counter:lpm_counter_component|cntr_nej:auto_generated|safe_q[0] ; data_out12[1] ; clk        ;
; N/A   ; None         ; 10.067 ns  ; master_block_3:inst7|lpm_counter2:inst1|lpm_counter:lpm_counter_component|cntr_nej:auto_generated|safe_q[1] ; data_out12[1] ; clk        ;
; N/A   ; None         ; 10.038 ns  ; master_block_1:inst|lpm_counter1:inst1|lpm_counter:lpm_counter_component|cntr_ukk:auto_generated|safe_q[1]  ; sign          ; clk        ;
; N/A   ; None         ; 10.022 ns  ; master_block_1:inst|lpm_counter1:inst1|lpm_counter:lpm_counter_component|cntr_ukk:auto_generated|safe_q[0]  ; sign          ; clk        ;
; N/A   ; None         ; 9.998 ns   ; master_block_1:inst|lpm_counter1:inst1|lpm_counter:lpm_counter_component|cntr_ukk:auto_generated|safe_q[2]  ; sign          ; clk        ;
; N/A   ; None         ; 9.944 ns   ; master_block_3:inst7|lpm_counter2:inst1|lpm_counter:lpm_counter_component|cntr_nej:auto_generated|safe_q[2] ; data_out12[1] ; clk        ;
; N/A   ; None         ; 9.646 ns   ; master_block_4:inst9|lpm_counter3:inst2|lpm_counter:lpm_counter_component|cntr_sej:auto_generated|safe_q[3] ; sign          ; clk        ;
; N/A   ; None         ; 9.623 ns   ; master_block_2:inst3|lpm_counter0:inst|lpm_counter:lpm_counter_component|cntr_eql:auto_generated|safe_q[0]  ; sign          ; clk        ;
; N/A   ; None         ; 9.613 ns   ; master_block_4:inst9|lpm_counter3:inst2|lpm_counter:lpm_counter_component|cntr_sej:auto_generated|safe_q[2] ; sign          ; clk        ;
; N/A   ; None         ; 9.609 ns   ; master_block_4:inst9|lpm_counter3:inst2|lpm_counter:lpm_counter_component|cntr_sej:auto_generated|safe_q[1] ; sign          ; clk        ;
; N/A   ; None         ; 9.588 ns   ; master_block_2:inst3|lpm_counter0:inst|lpm_counter:lpm_counter_component|cntr_eql:auto_generated|safe_q[1]  ; sign          ; clk        ;
; N/A   ; None         ; 9.572 ns   ; master_block_2:inst3|lpm_counter0:inst|lpm_counter:lpm_counter_component|cntr_eql:auto_generated|safe_q[2]  ; sign          ; clk        ;
; N/A   ; None         ; 9.554 ns   ; master_block_4:inst9|lpm_counter3:inst2|lpm_counter:lpm_counter_component|cntr_sej:auto_generated|safe_q[0] ; sign          ; clk        ;
; N/A   ; None         ; 9.462 ns   ; master_block_3:inst7|lpm_counter2:inst1|lpm_counter:lpm_counter_component|cntr_nej:auto_generated|safe_q[0] ; sign          ; clk        ;
; N/A   ; None         ; 9.455 ns   ; master_block_3:inst7|lpm_counter2:inst1|lpm_counter:lpm_counter_component|cntr_nej:auto_generated|safe_q[1] ; sign          ; clk        ;
; N/A   ; None         ; 9.427 ns   ; master_block_4:inst9|lpm_counter3:inst2|lpm_counter:lpm_counter_component|cntr_sej:auto_generated|safe_q[3] ; data_out12[2] ; clk        ;
; N/A   ; None         ; 9.404 ns   ; master_block_2:inst3|lpm_counter0:inst|lpm_counter:lpm_counter_component|cntr_eql:auto_generated|safe_q[0]  ; data_out12[2] ; clk        ;
; N/A   ; None         ; 9.394 ns   ; master_block_4:inst9|lpm_counter3:inst2|lpm_counter:lpm_counter_component|cntr_sej:auto_generated|safe_q[2] ; data_out12[2] ; clk        ;
; N/A   ; None         ; 9.390 ns   ; master_block_4:inst9|lpm_counter3:inst2|lpm_counter:lpm_counter_component|cntr_sej:auto_generated|safe_q[1] ; data_out12[2] ; clk        ;
; N/A   ; None         ; 9.369 ns   ; master_block_2:inst3|lpm_counter0:inst|lpm_counter:lpm_counter_component|cntr_eql:auto_generated|safe_q[1]  ; data_out12[2] ; clk        ;
; N/A   ; None         ; 9.353 ns   ; master_block_2:inst3|lpm_counter0:inst|lpm_counter:lpm_counter_component|cntr_eql:auto_generated|safe_q[2]  ; data_out12[2] ; clk        ;
; N/A   ; None         ; 9.335 ns   ; master_block_4:inst9|lpm_counter3:inst2|lpm_counter:lpm_counter_component|cntr_sej:auto_generated|safe_q[0] ; data_out12[2] ; clk        ;
; N/A   ; None         ; 9.332 ns   ; master_block_3:inst7|lpm_counter2:inst1|lpm_counter:lpm_counter_component|cntr_nej:auto_generated|safe_q[2] ; sign          ; clk        ;
; N/A   ; None         ; 9.243 ns   ; master_block_3:inst7|lpm_counter2:inst1|lpm_counter:lpm_counter_component|cntr_nej:auto_generated|safe_q[0] ; data_out12[2] ; clk        ;
; N/A   ; None         ; 9.237 ns   ; master_block_4:inst9|lpm_counter3:inst2|lpm_counter:lpm_counter_component|cntr_sej:auto_generated|safe_q[3] ; data_out12[0] ; clk        ;
; N/A   ; None         ; 9.236 ns   ; master_block_3:inst7|lpm_counter2:inst1|lpm_counter:lpm_counter_component|cntr_nej:auto_generated|safe_q[1] ; data_out12[2] ; clk        ;
; N/A   ; None         ; 9.214 ns   ; master_block_2:inst3|lpm_counter0:inst|lpm_counter:lpm_counter_component|cntr_eql:auto_generated|safe_q[0]  ; data_out12[0] ; clk        ;
; N/A   ; None         ; 9.204 ns   ; master_block_4:inst9|lpm_counter3:inst2|lpm_counter:lpm_counter_component|cntr_sej:auto_generated|safe_q[2] ; data_out12[0] ; clk        ;
; N/A   ; None         ; 9.200 ns   ; master_block_4:inst9|lpm_counter3:inst2|lpm_counter:lpm_counter_component|cntr_sej:auto_generated|safe_q[1] ; data_out12[0] ; clk        ;
; N/A   ; None         ; 9.189 ns   ; master_block_1:inst|lpm_counter1:inst1|lpm_counter:lpm_counter_component|cntr_ukk:auto_generated|safe_q[0]  ; data_out12[3] ; clk        ;
; N/A   ; None         ; 9.179 ns   ; master_block_2:inst3|lpm_counter0:inst|lpm_counter:lpm_counter_component|cntr_eql:auto_generated|safe_q[1]  ; data_out12[0] ; clk        ;
; N/A   ; None         ; 9.163 ns   ; master_block_2:inst3|lpm_counter0:inst|lpm_counter:lpm_counter_component|cntr_eql:auto_generated|safe_q[2]  ; data_out12[0] ; clk        ;
; N/A   ; None         ; 9.154 ns   ; master_block_1:inst|lpm_counter1:inst1|lpm_counter:lpm_counter_component|cntr_ukk:auto_generated|safe_q[1]  ; data_out12[3] ; clk        ;
; N/A   ; None         ; 9.145 ns   ; master_block_4:inst9|lpm_counter3:inst2|lpm_counter:lpm_counter_component|cntr_sej:auto_generated|safe_q[0] ; data_out12[0] ; clk        ;
; N/A   ; None         ; 9.119 ns   ; master_block_1:inst|lpm_counter1:inst1|lpm_counter:lpm_counter_component|cntr_ukk:auto_generated|safe_q[2]  ; data_out12[3] ; clk        ;
; N/A   ; None         ; 9.113 ns   ; master_block_3:inst7|lpm_counter2:inst1|lpm_counter:lpm_counter_component|cntr_nej:auto_generated|safe_q[2] ; data_out12[2] ; clk        ;
; N/A   ; None         ; 9.098 ns   ; master_block_1:inst|lpm_counter1:inst1|lpm_counter:lpm_counter_component|cntr_ukk:auto_generated|safe_q[0]  ; data_out12[2] ; clk        ;
; N/A   ; None         ; 9.088 ns   ; master_block_1:inst|lpm_counter1:inst1|lpm_counter:lpm_counter_component|cntr_ukk:auto_generated|safe_q[0]  ; data_out12[1] ; clk        ;
; N/A   ; None         ; 9.063 ns   ; master_block_1:inst|lpm_counter1:inst1|lpm_counter:lpm_counter_component|cntr_ukk:auto_generated|safe_q[1]  ; data_out12[2] ; clk        ;
; N/A   ; None         ; 9.053 ns   ; master_block_3:inst7|lpm_counter2:inst1|lpm_counter:lpm_counter_component|cntr_nej:auto_generated|safe_q[0] ; data_out12[0] ; clk        ;
; N/A   ; None         ; 9.053 ns   ; master_block_1:inst|lpm_counter1:inst1|lpm_counter:lpm_counter_component|cntr_ukk:auto_generated|safe_q[1]  ; data_out12[1] ; clk        ;
; N/A   ; None         ; 9.046 ns   ; master_block_3:inst7|lpm_counter2:inst1|lpm_counter:lpm_counter_component|cntr_nej:auto_generated|safe_q[1] ; data_out12[0] ; clk        ;
; N/A   ; None         ; 9.028 ns   ; master_block_1:inst|lpm_counter1:inst1|lpm_counter:lpm_counter_component|cntr_ukk:auto_generated|safe_q[2]  ; data_out12[2] ; clk        ;
; N/A   ; None         ; 9.018 ns   ; master_block_1:inst|lpm_counter1:inst1|lpm_counter:lpm_counter_component|cntr_ukk:auto_generated|safe_q[2]  ; data_out12[1] ; clk        ;
; N/A   ; None         ; 8.923 ns   ; master_block_3:inst7|lpm_counter2:inst1|lpm_counter:lpm_counter_component|cntr_nej:auto_generated|safe_q[2] ; data_out12[0] ; clk        ;
; N/A   ; None         ; 8.908 ns   ; master_block_1:inst|lpm_counter1:inst1|lpm_counter:lpm_counter_component|cntr_ukk:auto_generated|safe_q[0]  ; data_out12[0] ; clk        ;
; N/A   ; None         ; 8.873 ns   ; master_block_1:inst|lpm_counter1:inst1|lpm_counter:lpm_counter_component|cntr_ukk:auto_generated|safe_q[1]  ; data_out12[0] ; clk        ;
; N/A   ; None         ; 8.838 ns   ; master_block_1:inst|lpm_counter1:inst1|lpm_counter:lpm_counter_component|cntr_ukk:auto_generated|safe_q[2]  ; data_out12[0] ; clk        ;
+-------+--------------+------------+-------------------------------------------------------------------------------------------------------------+---------------+------------+


+---------------------------------------------------------------------+
; tpd                                                                 ;
+-------+-------------------+-----------------+-------+---------------+
; Slack ; Required P2P Time ; Actual P2P Time ; From  ; To            ;
+-------+-------------------+-----------------+-------+---------------+
; N/A   ; None              ; 11.246 ns       ; start ; sign          ;
; N/A   ; None              ; 10.000 ns       ; start ; data_out12[3] ;
; N/A   ; None              ; 9.862 ns        ; start ; data_out12[1] ;
; N/A   ; None              ; 9.031 ns        ; start ; data_out12[2] ;
; N/A   ; None              ; 8.841 ns        ; start ; data_out12[0] ;
+-------+-------------------+-----------------+-------+---------------+


+-------------------------------------------------------------------------------------------------------------+
; th                                                                                                          ;
+---------------+-------------+-----------+-------+------------------------------------------------+----------+
; Minimum Slack ; Required th ; Actual th ; From  ; To                                             ; To Clock ;
+---------------+-------------+-----------+-------+------------------------------------------------+----------+
; N/A           ; None        ; 4.951 ns  ; start ; lpm_ff0:inst10|lpm_ff:lpm_ff_component|dffs[1] ; start    ;
; N/A           ; None        ; 4.949 ns  ; start ; lpm_ff0:inst10|lpm_ff:lpm_ff_component|dffs[3] ; start    ;
; N/A           ; None        ; 4.605 ns  ; start ; lpm_ff0:inst10|lpm_ff:lpm_ff_component|dffs[0] ; start    ;
; N/A           ; None        ; 4.601 ns  ; start ; lpm_ff0:inst10|lpm_ff:lpm_ff_component|dffs[2] ; start    ;
; N/A           ; None        ; 3.743 ns  ; start ; lpm_ff0:inst10|lpm_ff:lpm_ff_component|dffs[1] ; clk      ;
; N/A           ; None        ; 3.741 ns  ; start ; lpm_ff0:inst10|lpm_ff:lpm_ff_component|dffs[3] ; clk      ;
; N/A           ; None        ; 3.397 ns  ; start ; lpm_ff0:inst10|lpm_ff:lpm_ff_component|dffs[0] ; clk      ;
; N/A           ; None        ; 3.393 ns  ; start ; lpm_ff0:inst10|lpm_ff:lpm_ff_component|dffs[2] ; clk      ;
+---------------+-------------+-----------+-------+------------------------------------------------+----------+


+--------------------------+
; Timing Analyzer Messages ;
+--------------------------+
Info: *******************************************************************
Info: Running Quartus II Classic Timing Analyzer
    Info: Version 9.1 Build 222 10/21/2009 SJ Web Edition
    Info: Processing started: Tue Apr 28 01:49:10 2026
Info: Command: quartus_tan --read_settings_files=off --write_settings_files=off laba7_var1 -c laba7_var1 --timing_analysis_only
Warning: Found combinational loop of 3 nodes
    Warning: Node "master_block_2:inst3|inst9~0"
    Warning: Node "master_block_2:inst3|inst9~1"
    Warning: Node "master_block_4:inst9|inst9~1"
Warning: Found pins functioning as undefined clocks and/or memory enables
    Info: Assuming node "clk" is an undefined clock
    Info: Assuming node "start" is an undefined clock
Warning: Found 27 node(s) in clock paths which may be acting as ripple and/or gated clocks -- node(s) analyzed as buffer(s) resulting in clock skew
    Info: Detected gated clock "master_block_4:inst9|inst9~1" as buffer
    Info: Detected gated clock "inst11" as buffer
    Info: Detected gated clock "master_block_2:inst3|lpm_counter0:inst|lpm_counter:lpm_counter_component|cntr_eql:auto_generated|counter_comb_bita2~COUT" as buffer
    Info: Detected ripple clock "master_block_2:inst3|lpm_counter0:inst|lpm_counter:lpm_counter_component|cntr_eql:auto_generated|safe_q[1]" as buffer
    Info: Detected ripple clock "master_block_2:inst3|lpm_counter0:inst|lpm_counter:lpm_counter_component|cntr_eql:auto_generated|safe_q[0]" as buffer
    Info: Detected gated clock "master_block_2:inst3|lpm_counter0:inst|lpm_counter:lpm_counter_component|cntr_eql:auto_generated|counter_comb_bita1~COUT" as buffer
    Info: Detected gated clock "master_block_2:inst3|lpm_counter0:inst|lpm_counter:lpm_counter_component|cntr_eql:auto_generated|cout_actual" as buffer
    Info: Detected ripple clock "master_block_2:inst3|lpm_counter0:inst|lpm_counter:lpm_counter_component|cntr_eql:auto_generated|safe_q[2]" as buffer
    Info: Detected gated clock "master_block_3:inst7|lpm_counter2:inst1|lpm_counter:lpm_counter_component|cntr_nej:auto_generated|counter_comb_bita2~COUT" as buffer
    Info: Detected ripple clock "master_block_3:inst7|lpm_counter2:inst1|lpm_counter:lpm_counter_component|cntr_nej:auto_generated|safe_q[1]" as buffer
    Info: Detected ripple clock "master_block_3:inst7|lpm_counter2:inst1|lpm_counter:lpm_counter_component|cntr_nej:auto_generated|safe_q[0]" as buffer
    Info: Detected gated clock "master_block_3:inst7|lpm_counter2:inst1|lpm_counter:lpm_counter_component|cntr_nej:auto_generated|counter_comb_bita1~COUT" as buffer
    Info: Detected gated clock "master_block_3:inst7|lpm_counter2:inst1|lpm_counter:lpm_counter_component|cntr_nej:auto_generated|cout_actual" as buffer
    Info: Detected ripple clock "master_block_3:inst7|lpm_counter2:inst1|lpm_counter:lpm_counter_component|cntr_nej:auto_generated|safe_q[2]" as buffer
    Info: Detected ripple clock "master_block_4:inst9|lpm_counter3:inst2|lpm_counter:lpm_counter_component|cntr_sej:auto_generated|safe_q[0]" as buffer
    Info: Detected ripple clock "master_block_4:inst9|lpm_counter3:inst2|lpm_counter:lpm_counter_component|cntr_sej:auto_generated|safe_q[1]" as buffer
    Info: Detected gated clock "master_block_4:inst9|lpm_counter3:inst2|lpm_counter:lpm_counter_component|cntr_sej:auto_generated|counter_comb_bita3~COUT" as buffer
    Info: Detected gated clock "master_block_4:inst9|lpm_counter3:inst2|lpm_counter:lpm_counter_component|cntr_sej:auto_generated|counter_comb_bita1~COUT" as buffer
    Info: Detected ripple clock "master_block_4:inst9|lpm_counter3:inst2|lpm_counter:lpm_counter_component|cntr_sej:auto_generated|safe_q[2]" as buffer
    Info: Detected gated clock "master_block_4:inst9|lpm_counter3:inst2|lpm_counter:lpm_counter_component|cntr_sej:auto_generated|cmpr_adc:cmpr2|aneb_result_wire[0]~0" as buffer
    Info: Detected gated clock "master_block_4:inst9|lpm_counter3:inst2|lpm_counter:lpm_counter_component|cntr_sej:auto_generated|counter_comb_bita2~COUT" as buffer
    Info: Detected ripple clock "master_block_4:inst9|lpm_counter3:inst2|lpm_counter:lpm_counter_component|cntr_sej:auto_generated|safe_q[3]" as buffer
    Info: Detected gated clock "master_block_1:inst|lpm_counter1:inst1|lpm_counter:lpm_counter_component|cntr_ukk:auto_generated|counter_comb_bita2~COUT" as buffer
    Info: Detected ripple clock "master_block_1:inst|lpm_counter1:inst1|lpm_counter:lpm_counter_component|cntr_ukk:auto_generated|safe_q[1]" as buffer
    Info: Detected ripple clock "master_block_1:inst|lpm_counter1:inst1|lpm_counter:lpm_counter_component|cntr_ukk:auto_generated|safe_q[0]" as buffer
    Info: Detected gated clock "master_block_1:inst|lpm_counter1:inst1|lpm_counter:lpm_counter_component|cntr_ukk:auto_generated|counter_comb_bita1~COUT" as buffer
    Info: Detected ripple clock "master_block_1:inst|lpm_counter1:inst1|lpm_counter:lpm_counter_component|cntr_ukk:auto_generated|safe_q[2]" as buffer
Info: Clock "clk" has Internal fmax of 429.74 MHz between source register "master_block_3:inst7|lpm_counter2:inst1|lpm_counter:lpm_counter_component|cntr_nej:auto_generated|safe_q[0]" and destination register "master_block_3:inst7|lpm_counter2:inst1|lpm_counter:lpm_counter_component|cntr_nej:auto_generated|safe_q[2]" (period= 2.327 ns)
    Info: + Longest register to register delay is 2.143 ns
        Info: 1: + IC(0.000 ns) + CELL(0.000 ns) = 0.000 ns; Loc. = LCFF_X33_Y23_N1; Fanout = 3; REG Node = 'master_block_3:inst7|lpm_counter2:inst1|lpm_counter:lpm_counter_component|cntr_nej:auto_generated|safe_q[0]'
        Info: 2: + IC(0.964 ns) + CELL(0.346 ns) = 1.310 ns; Loc. = LCCOMB_X34_Y23_N24; Fanout = 14; COMB Node = 'master_block_3:inst7|lpm_counter2:inst1|lpm_counter:lpm_counter_component|cntr_nej:auto_generated|cout_actual'
        Info: 3: + IC(0.330 ns) + CELL(0.503 ns) = 2.143 ns; Loc. = LCFF_X33_Y23_N5; Fanout = 3; REG Node = 'master_block_3:inst7|lpm_counter2:inst1|lpm_counter:lpm_counter_component|cntr_nej:auto_generated|safe_q[2]'
        Info: Total cell delay = 0.849 ns ( 39.62 % )
        Info: Total interconnect delay = 1.294 ns ( 60.38 % )
    Info: - Smallest clock skew is 0.000 ns
        Info: + Shortest clock path from clock "clk" to destination register is 2.566 ns
            Info: 1: + IC(0.000 ns) + CELL(0.827 ns) = 0.827 ns; Loc. = PIN_E10; Fanout = 13; CLK Node = 'clk'
            Info: 2: + IC(1.121 ns) + CELL(0.618 ns) = 2.566 ns; Loc. = LCFF_X33_Y23_N5; Fanout = 3; REG Node = 'master_block_3:inst7|lpm_counter2:inst1|lpm_counter:lpm_counter_component|cntr_nej:auto_generated|safe_q[2]'
            Info: Total cell delay = 1.445 ns ( 56.31 % )
            Info: Total interconnect delay = 1.121 ns ( 43.69 % )
        Info: - Longest clock path from clock "clk" to source register is 2.566 ns
            Info: 1: + IC(0.000 ns) + CELL(0.827 ns) = 0.827 ns; Loc. = PIN_E10; Fanout = 13; CLK Node = 'clk'
            Info: 2: + IC(1.121 ns) + CELL(0.618 ns) = 2.566 ns; Loc. = LCFF_X33_Y23_N1; Fanout = 3; REG Node = 'master_block_3:inst7|lpm_counter2:inst1|lpm_counter:lpm_counter_component|cntr_nej:auto_generated|safe_q[0]'
            Info: Total cell delay = 1.445 ns ( 56.31 % )
            Info: Total interconnect delay = 1.121 ns ( 43.69 % )
    Info: + Micro clock to output delay of source is 0.094 ns
    Info: + Micro setup delay of destination is 0.090 ns
Info: No valid register-to-register data paths exist for clock "start"
Warning: Circuit may not operate. Detected 52 non-operational path(s) clocked by clock "clk" with clock skew larger than data delay. See Compilation Report for details.
Info: Found hold time violation between source  pin or register "master_block_1:inst|lpm_counter1:inst1|lpm_counter:lpm_counter_component|cntr_ukk:auto_generated|safe_q[0]" and destination pin or register "lpm_ff0:inst10|lpm_ff:lpm_ff_component|dffs[0]" for clock "clk" (Hold time is 6.208 ns)
    Info: + Largest clock skew is 6.607 ns
        Info: + Longest clock path from clock "clk" to destination register is 9.327 ns
            Info: 1: + IC(0.000 ns) + CELL(0.827 ns) = 0.827 ns; Loc. = PIN_E10; Fanout = 13; CLK Node = 'clk'
            Info: 2: + IC(1.275 ns) + CELL(0.712 ns) = 2.814 ns; Loc. = LCFF_X37_Y25_N19; Fanout = 9; REG Node = 'master_block_1:inst|lpm_counter1:inst1|lpm_counter:lpm_counter_component|cntr_ukk:auto_generated|safe_q[1]'
            Info: 3: + IC(2.561 ns) + CELL(0.357 ns) = 5.732 ns; Loc. = LCCOMB_X37_Y25_N28; Fanout = 2; COMB Node = 'inst11'
            Info: 4: + IC(2.306 ns) + CELL(0.000 ns) = 8.038 ns; Loc. = CLKCTRL_G4; Fanout = 4; COMB Node = 'inst11~clkctrl'
            Info: 5: + IC(0.671 ns) + CELL(0.618 ns) = 9.327 ns; Loc. = LCFF_X37_Y25_N1; Fanout = 1; REG Node = 'lpm_ff0:inst10|lpm_ff:lpm_ff_component|dffs[0]'
            Info: Total cell delay = 2.514 ns ( 26.95 % )
            Info: Total interconnect delay = 6.813 ns ( 73.05 % )
        Info: - Shortest clock path from clock "clk" to source register is 2.720 ns
            Info: 1: + IC(0.000 ns) + CELL(0.827 ns) = 0.827 ns; Loc. = PIN_E10; Fanout = 13; CLK Node = 'clk'
            Info: 2: + IC(1.275 ns) + CELL(0.618 ns) = 2.720 ns; Loc. = LCFF_X37_Y25_N17; Fanout = 9; REG Node = 'master_block_1:inst|lpm_counter1:inst1|lpm_counter:lpm_counter_component|cntr_ukk:auto_generated|safe_q[0]'
            Info: Total cell delay = 1.445 ns ( 53.13 % )
            Info: Total interconnect delay = 1.275 ns ( 46.88 % )
    Info: - Micro clock to output delay of source is 0.094 ns
    Info: - Shortest register to register delay is 0.454 ns
        Info: 1: + IC(0.000 ns) + CELL(0.000 ns) = 0.000 ns; Loc. = LCFF_X37_Y25_N17; Fanout = 9; REG Node = 'master_block_1:inst|lpm_counter1:inst1|lpm_counter:lpm_counter_component|cntr_ukk:auto_generated|safe_q[0]'
        Info: 2: + IC(0.246 ns) + CELL(0.053 ns) = 0.299 ns; Loc. = LCCOMB_X37_Y25_N0; Fanout = 2; COMB Node = 'master_block_1:inst|inst6~0'
        Info: 3: + IC(0.000 ns) + CELL(0.155 ns) = 0.454 ns; Loc. = LCFF_X37_Y25_N1; Fanout = 1; REG Node = 'lpm_ff0:inst10|lpm_ff:lpm_ff_component|dffs[0]'
        Info: Total cell delay = 0.208 ns ( 45.81 % )
        Info: Total interconnect delay = 0.246 ns ( 54.19 % )
    Info: + Micro hold delay of destination is 0.149 ns
Info: tsu for register "lpm_ff0:inst10|lpm_ff:lpm_ff_component|dffs[2]" (data pin = "start", clock pin = "start") is -1.448 ns
    Info: + Longest pin to register delay is 6.083 ns
        Info: 1: + IC(0.000 ns) + CELL(0.827 ns) = 0.827 ns; Loc. = PIN_E9; Fanout = 5; CLK Node = 'start'
        Info: 2: + IC(0.000 ns) + CELL(4.171 ns) = 4.998 ns; Loc. = LCCOMB_X37_Y25_N14; Fanout = 7; COMB LOOP Node = 'master_block_2:inst3|inst9~0'
            Info: Loc. = LCCOMB_X37_Y25_N14; Node "master_block_2:inst3|inst9~0"
            Info: Loc. = LCCOMB_X37_Y25_N12; Node "master_block_4:inst9|inst9~1"
            Info: Loc. = LCCOMB_X37_Y25_N26; Node "master_block_2:inst3|inst9~1"
        Info: 3: + IC(0.584 ns) + CELL(0.346 ns) = 5.928 ns; Loc. = LCCOMB_X37_Y25_N24; Fanout = 1; COMB Node = 'master_block_3:inst7|lpm_bustri0:inst4|lpm_bustri:lpm_bustri_component|dout[2]~2'
        Info: 4: + IC(0.000 ns) + CELL(0.155 ns) = 6.083 ns; Loc. = LCFF_X37_Y25_N25; Fanout = 1; REG Node = 'lpm_ff0:inst10|lpm_ff:lpm_ff_component|dffs[2]'
        Info: Total cell delay = 5.499 ns ( 90.40 % )
        Info: Total interconnect delay = 0.584 ns ( 9.60 % )
    Info: + Micro setup delay of destination is 0.090 ns
    Info: - Shortest clock path from clock "start" to destination register is 7.621 ns
        Info: 1: + IC(0.000 ns) + CELL(0.827 ns) = 0.827 ns; Loc. = PIN_E9; Fanout = 5; CLK Node = 'start'
        Info: 2: + IC(2.927 ns) + CELL(0.272 ns) = 4.026 ns; Loc. = LCCOMB_X37_Y25_N28; Fanout = 2; COMB Node = 'inst11'
        Info: 3: + IC(2.306 ns) + CELL(0.000 ns) = 6.332 ns; Loc. = CLKCTRL_G4; Fanout = 4; COMB Node = 'inst11~clkctrl'
        Info: 4: + IC(0.671 ns) + CELL(0.618 ns) = 7.621 ns; Loc. = LCFF_X37_Y25_N25; Fanout = 1; REG Node = 'lpm_ff0:inst10|lpm_ff:lpm_ff_component|dffs[2]'
        Info: Total cell delay = 1.717 ns ( 22.53 % )
        Info: Total interconnect delay = 5.904 ns ( 77.47 % )
Info: tco from clock "start" to destination pin "data_out[2]" through register "lpm_ff0:inst10|lpm_ff:lpm_ff_component|dffs[2]" is 15.598 ns
    Info: + Longest clock path from clock "start" to source register is 10.535 ns
        Info: 1: + IC(0.000 ns) + CELL(0.827 ns) = 0.827 ns; Loc. = PIN_E9; Fanout = 5; CLK Node = 'start'
        Info: 2: + IC(0.000 ns) + CELL(5.747 ns) = 6.574 ns; Loc. = LCCOMB_X37_Y25_N12; Fanout = 2; COMB LOOP Node = 'master_block_4:inst9|inst9~1'
            Info: Loc. = LCCOMB_X37_Y25_N14; Node "master_block_2:inst3|inst9~0"
            Info: Loc. = LCCOMB_X37_Y25_N12; Node "master_block_4:inst9|inst9~1"
            Info: Loc. = LCCOMB_X37_Y25_N26; Node "master_block_2:inst3|inst9~1"
        Info: 3: + IC(0.212 ns) + CELL(0.154 ns) = 6.940 ns; Loc. = LCCOMB_X37_Y25_N28; Fanout = 2; COMB Node = 'inst11'
        Info: 4: + IC(2.306 ns) + CELL(0.000 ns) = 9.246 ns; Loc. = CLKCTRL_G4; Fanout = 4; COMB Node = 'inst11~clkctrl'
        Info: 5: + IC(0.671 ns) + CELL(0.618 ns) = 10.535 ns; Loc. = LCFF_X37_Y25_N25; Fanout = 1; REG Node = 'lpm_ff0:inst10|lpm_ff:lpm_ff_component|dffs[2]'
        Info: Total cell delay = 7.346 ns ( 69.73 % )
        Info: Total interconnect delay = 3.189 ns ( 30.27 % )
    Info: + Micro clock to output delay of source is 0.094 ns
    Info: + Longest register to pin delay is 4.969 ns
        Info: 1: + IC(0.000 ns) + CELL(0.000 ns) = 0.000 ns; Loc. = LCFF_X37_Y25_N25; Fanout = 1; REG Node = 'lpm_ff0:inst10|lpm_ff:lpm_ff_component|dffs[2]'
        Info: 2: + IC(2.933 ns) + CELL(2.036 ns) = 4.969 ns; Loc. = PIN_W9; Fanout = 0; PIN Node = 'data_out[2]'
        Info: Total cell delay = 2.036 ns ( 40.97 % )
        Info: Total interconnect delay = 2.933 ns ( 59.03 % )
Info: Longest tpd from source pin "start" to destination pin "sign" is 11.246 ns
    Info: 1: + IC(0.000 ns) + CELL(0.827 ns) = 0.827 ns; Loc. = PIN_E9; Fanout = 5; CLK Node = 'start'
    Info: 2: + IC(0.000 ns) + CELL(5.747 ns) = 6.574 ns; Loc. = LCCOMB_X37_Y25_N12; Fanout = 2; COMB LOOP Node = 'master_block_4:inst9|inst9~1'
        Info: Loc. = LCCOMB_X37_Y25_N14; Node "master_block_2:inst3|inst9~0"
        Info: Loc. = LCCOMB_X37_Y25_N12; Node "master_block_4:inst9|inst9~1"
        Info: Loc. = LCCOMB_X37_Y25_N26; Node "master_block_2:inst3|inst9~1"
    Info: 3: + IC(0.212 ns) + CELL(0.154 ns) = 6.940 ns; Loc. = LCCOMB_X37_Y25_N28; Fanout = 2; COMB Node = 'inst11'
    Info: 4: + IC(2.260 ns) + CELL(2.046 ns) = 11.246 ns; Loc. = PIN_Y9; Fanout = 0; PIN Node = 'sign'
    Info: Total cell delay = 8.774 ns ( 78.02 % )
    Info: Total interconnect delay = 2.472 ns ( 21.98 % )
Info: th for register "lpm_ff0:inst10|lpm_ff:lpm_ff_component|dffs[1]" (data pin = "start", clock pin = "start") is 4.951 ns
    Info: + Longest clock path from clock "start" to destination register is 10.535 ns
        Info: 1: + IC(0.000 ns) + CELL(0.827 ns) = 0.827 ns; Loc. = PIN_E9; Fanout = 5; CLK Node = 'start'
        Info: 2: + IC(0.000 ns) + CELL(5.747 ns) = 6.574 ns; Loc. = LCCOMB_X37_Y25_N12; Fanout = 2; COMB LOOP Node = 'master_block_4:inst9|inst9~1'
            Info: Loc. = LCCOMB_X37_Y25_N14; Node "master_block_2:inst3|inst9~0"
            Info: Loc. = LCCOMB_X37_Y25_N12; Node "master_block_4:inst9|inst9~1"
            Info: Loc. = LCCOMB_X37_Y25_N26; Node "master_block_2:inst3|inst9~1"
        Info: 3: + IC(0.212 ns) + CELL(0.154 ns) = 6.940 ns; Loc. = LCCOMB_X37_Y25_N28; Fanout = 2; COMB Node = 'inst11'
        Info: 4: + IC(2.306 ns) + CELL(0.000 ns) = 9.246 ns; Loc. = CLKCTRL_G4; Fanout = 4; COMB Node = 'inst11~clkctrl'
        Info: 5: + IC(0.671 ns) + CELL(0.618 ns) = 10.535 ns; Loc. = LCFF_X37_Y25_N7; Fanout = 1; REG Node = 'lpm_ff0:inst10|lpm_ff:lpm_ff_component|dffs[1]'
        Info: Total cell delay = 7.346 ns ( 69.73 % )
        Info: Total interconnect delay = 3.189 ns ( 30.27 % )
    Info: + Micro hold delay of destination is 0.149 ns
    Info: - Shortest pin to register delay is 5.733 ns
        Info: 1: + IC(0.000 ns) + CELL(0.827 ns) = 0.827 ns; Loc. = PIN_E9; Fanout = 5; CLK Node = 'start'
        Info: 2: + IC(0.000 ns) + CELL(4.171 ns) = 4.998 ns; Loc. = LCCOMB_X37_Y25_N14; Fanout = 7; COMB LOOP Node = 'master_block_2:inst3|inst9~0'
            Info: Loc. = LCCOMB_X37_Y25_N14; Node "master_block_2:inst3|inst9~0"
            Info: Loc. = LCCOMB_X37_Y25_N12; Node "master_block_4:inst9|inst9~1"
            Info: Loc. = LCCOMB_X37_Y25_N26; Node "master_block_2:inst3|inst9~1"
        Info: 3: + IC(0.527 ns) + CELL(0.053 ns) = 5.578 ns; Loc. = LCCOMB_X37_Y25_N6; Fanout = 1; COMB Node = 'master_block_3:inst7|lpm_bustri0:inst4|lpm_bustri:lpm_bustri_component|dout[1]~3'
        Info: 4: + IC(0.000 ns) + CELL(0.155 ns) = 5.733 ns; Loc. = LCFF_X37_Y25_N7; Fanout = 1; REG Node = 'lpm_ff0:inst10|lpm_ff:lpm_ff_component|dffs[1]'
        Info: Total cell delay = 5.206 ns ( 90.81 % )
        Info: Total interconnect delay = 0.527 ns ( 9.19 % )
Info: Quartus II Classic Timing Analyzer was successful. 0 errors, 7 warnings
    Info: Peak virtual memory: 201 megabytes
    Info: Processing ended: Tue Apr 28 01:49:10 2026
    Info: Elapsed time: 00:00:00
    Info: Total CPU time (on all processors): 00:00:00


