Classic Timing Analyzer report for lab2_var2_v1
Mon May 04 19:22:47 2026
Quartus II Version 9.1 Build 222 10/21/2009 SJ Web Edition


---------------------
; Table of Contents ;
---------------------
  1. Legal Notice
  2. Timing Analyzer Summary
  3. Timing Analyzer Settings
  4. Clock Settings Summary
  5. Parallel Compilation
  6. Clock Setup: 'clk'
  7. Clock Hold: 'clk'
  8. tco
  9. Timing Analyzer Messages



----------------
; Legal Notice ;
----------------
Copyright (C) 1991-2009 Altera Corporation
Your use of Altera Corporation's design tools, logic functions 
and other software and tools, and its AMPP partner logic 
functions, and any output files from any of the foregoing 
(including device programming or simulation files), and any 
associated documentation or information are expressly subject 
to the terms and conditions of the Altera Program License 
Subscription Agreement, Altera MegaCore Function License 
Agreement, or other applicable license agreement, including, 
without limitation, that your use is for the sole purpose of 
programming logic devices manufactured by Altera and sold by 
Altera or its authorized distributors.  Please refer to the 
applicable agreement for further details.



+---------------------------------------------------------------------------------------------------------------------------------------------------------------------------------------------------------------------------------------------------------------------------------------------------------------------------------------------------------------------+
; Timing Analyzer Summary                                                                                                                                                                                                                                                                                                                                             ;
+------------------------------+-----------+----------------------------------+----------------------------------+------------------------------------------------------------------------------------------------------+------------------------------------------------------------------------------------------------------+------------+----------+--------------+
; Type                         ; Slack     ; Required Time                    ; Actual Time                      ; From                                                                                                 ; To                                                                                                   ; From Clock ; To Clock ; Failed Paths ;
+------------------------------+-----------+----------------------------------+----------------------------------+------------------------------------------------------------------------------------------------------+------------------------------------------------------------------------------------------------------+------------+----------+--------------+
; Worst-case tco               ; N/A       ; None                             ; 11.808 ns                        ; DCA_gen:inst6|lpm_counter1:inst3|lpm_counter:lpm_counter_component|cntr_6ai:auto_generated|safe_q[0] ; DCa[12]                                                                                              ; clk        ; --       ; 0            ;
; Clock Setup: 'clk'           ; 22.350 ns ; 40.00 MHz ( period = 25.000 ns ) ; 377.36 MHz ( period = 2.650 ns ) ; DCA_gen:inst6|lpm_counter0:inst|lpm_counter:lpm_counter_component|cntr_4gj:auto_generated|safe_q[0]  ; DCA_gen:inst6|lpm_counter1:inst3|lpm_counter:lpm_counter_component|cntr_6ai:auto_generated|safe_q[2] ; clk        ; clk      ; 0            ;
; Clock Hold: 'clk'            ; 0.297 ns  ; 40.00 MHz ( period = 25.000 ns ) ; N/A                              ; DCA_gen:inst6|lpm_counter1:inst3|lpm_counter:lpm_counter_component|cntr_6ai:auto_generated|safe_q[2] ; DCA_gen:inst6|lpm_counter1:inst3|lpm_counter:lpm_counter_component|cntr_6ai:auto_generated|safe_q[2] ; clk        ; clk      ; 0            ;
; Total number of failed paths ;           ;                                  ;                                  ;                                                                                                      ;                                                                                                      ;            ;          ; 0            ;
+------------------------------+-----------+----------------------------------+----------------------------------+------------------------------------------------------------------------------------------------------+------------------------------------------------------------------------------------------------------+------------+----------+--------------+


+-----------------------------------------------------------------------------------------------------------------------------------------------------+
; Timing Analyzer Settings                                                                                                                            ;
+------------------------------------------------------------------------------------------------------+--------------------+------+----+-------------+
; Option                                                                                               ; Setting            ; From ; To ; Entity Name ;
+------------------------------------------------------------------------------------------------------+--------------------+------+----+-------------+
; Device Name                                                                                          ; EP2S15F484C3       ;      ;    ;             ;
; Timing Models                                                                                        ; Final              ;      ;    ;             ;
; Default hold multicycle                                                                              ; Same as Multicycle ;      ;    ;             ;
; Cut paths between unrelated clock domains                                                            ; On                 ;      ;    ;             ;
; Cut off read during write signal paths                                                               ; On                 ;      ;    ;             ;
; Cut off feedback from I/O pins                                                                       ; On                 ;      ;    ;             ;
; Report Combined Fast/Slow Timing                                                                     ; Off                ;      ;    ;             ;
; fmax Requirement                                                                                     ; 40 MHz             ;      ;    ;             ;
; Ignore Clock Settings                                                                                ; On                 ;      ;    ;             ;
; Analyze latches as synchronous elements                                                              ; On                 ;      ;    ;             ;
; Enable Recovery/Removal analysis                                                                     ; Off                ;      ;    ;             ;
; Enable Clock Latency                                                                                 ; Off                ;      ;    ;             ;
; Use TimeQuest Timing Analyzer                                                                        ; Off                ;      ;    ;             ;
; Number of source nodes to report per destination node                                                ; 10                 ;      ;    ;             ;
; Number of destination nodes to report                                                                ; 10                 ;      ;    ;             ;
; Number of paths to report                                                                            ; 200                ;      ;    ;             ;
; Report Minimum Timing Checks                                                                         ; Off                ;      ;    ;             ;
; Use Fast Timing Models                                                                               ; Off                ;      ;    ;             ;
; Report IO Paths Separately                                                                           ; Off                ;      ;    ;             ;
; Perform Multicorner Analysis                                                                         ; On                 ;      ;    ;             ;
; Reports the worst-case path for each clock domain and analysis                                       ; Off                ;      ;    ;             ;
; Reports worst-case timing paths for each clock domain and analysis                                   ; Off                ;      ;    ;             ;
; Specifies the maximum number of worst-case timing paths to report for each clock domain and analysis ; 100                ;      ;    ;             ;
; Removes common clock path pessimism (CCPP) during slack computation                                  ; Off                ;      ;    ;             ;
; Output I/O Timing Endpoint                                                                           ; Near End           ;      ;    ;             ;
+------------------------------------------------------------------------------------------------------+--------------------+------+----+-------------+


+------------------------------------------------------------------------------------------------------------------------------------------------------------------------------------+
; Clock Settings Summary                                                                                                                                                             ;
+-----------------+--------------------+----------+------------------+---------------+--------------+----------+-----------------------+---------------------+--------+--------------+
; Clock Node Name ; Clock Setting Name ; Type     ; Fmax Requirement ; Early Latency ; Late Latency ; Based on ; Multiply Base Fmax by ; Divide Base Fmax by ; Offset ; Phase offset ;
+-----------------+--------------------+----------+------------------+---------------+--------------+----------+-----------------------+---------------------+--------+--------------+
; clk             ;                    ; User Pin ; 40.0 MHz         ; 0.000 ns      ; 0.000 ns     ; --       ; N/A                   ; N/A                 ; N/A    ;              ;
+-----------------+--------------------+----------+------------------+---------------+--------------+----------+-----------------------+---------------------+--------+--------------+


Parallel compilation was disabled, but you have multiple processors available. Enable parallel compilation to reduce compilation time.
+-------------------------------------+
; Parallel Compilation                ;
+----------------------------+--------+
; Processors                 ; Number ;
+----------------------------+--------+
; Number detected on machine ; 6      ;
; Maximum allowed            ; 1      ;
+----------------------------+--------+


+-----------------------------------------------------------------------------------------------------------------------------------------------------------------------------------------------------------------------------------------------------------------------------------------------------------------------------------------------------------------------------------------+
; Clock Setup: 'clk'                                                                                                                                                                                                                                                                                                                                                                      ;
+-----------+---------------------------------------------+---------------------------------------------------------------------------------------------------------+---------------------------------------------------------------------------------------------------------+------------+----------+-----------------------------+---------------------------+-------------------------+
; Slack     ; Actual fmax (period)                        ; From                                                                                                    ; To                                                                                                      ; From Clock ; To Clock ; Required Setup Relationship ; Required Longest P2P Time ; Actual Longest P2P Time ;
+-----------+---------------------------------------------+---------------------------------------------------------------------------------------------------------+---------------------------------------------------------------------------------------------------------+------------+----------+-----------------------------+---------------------------+-------------------------+
; 22.350 ns ; 377.36 MHz ( period = 2.650 ns )            ; DCA_gen:inst6|lpm_counter0:inst|lpm_counter:lpm_counter_component|cntr_4gj:auto_generated|safe_q[0]     ; DCA_gen:inst6|lpm_counter1:inst3|lpm_counter:lpm_counter_component|cntr_6ai:auto_generated|safe_q[2]    ; clk        ; clk      ; 25.000 ns                   ; 24.559 ns                 ; 2.209 ns                ;
; 22.350 ns ; 377.36 MHz ( period = 2.650 ns )            ; DCA_gen:inst6|lpm_counter0:inst|lpm_counter:lpm_counter_component|cntr_4gj:auto_generated|safe_q[0]     ; DCA_gen:inst6|lpm_counter1:inst3|lpm_counter:lpm_counter_component|cntr_6ai:auto_generated|safe_q[3]    ; clk        ; clk      ; 25.000 ns                   ; 24.559 ns                 ; 2.209 ns                ;
; 22.350 ns ; 377.36 MHz ( period = 2.650 ns )            ; DCA_gen:inst6|lpm_counter0:inst|lpm_counter:lpm_counter_component|cntr_4gj:auto_generated|safe_q[0]     ; DCA_gen:inst6|lpm_counter1:inst3|lpm_counter:lpm_counter_component|cntr_6ai:auto_generated|safe_q[1]    ; clk        ; clk      ; 25.000 ns                   ; 24.559 ns                 ; 2.209 ns                ;
; 22.350 ns ; 377.36 MHz ( period = 2.650 ns )            ; DCA_gen:inst6|lpm_counter0:inst|lpm_counter:lpm_counter_component|cntr_4gj:auto_generated|safe_q[0]     ; DCA_gen:inst6|lpm_counter1:inst3|lpm_counter:lpm_counter_component|cntr_6ai:auto_generated|safe_q[0]    ; clk        ; clk      ; 25.000 ns                   ; 24.559 ns                 ; 2.209 ns                ;
; 22.385 ns ; 382.41 MHz ( period = 2.615 ns )            ; DCA_gen:inst6|lpm_counter0:inst|lpm_counter:lpm_counter_component|cntr_4gj:auto_generated|safe_q[1]     ; DCA_gen:inst6|lpm_counter1:inst3|lpm_counter:lpm_counter_component|cntr_6ai:auto_generated|safe_q[2]    ; clk        ; clk      ; 25.000 ns                   ; 24.559 ns                 ; 2.174 ns                ;
; 22.385 ns ; 382.41 MHz ( period = 2.615 ns )            ; DCA_gen:inst6|lpm_counter0:inst|lpm_counter:lpm_counter_component|cntr_4gj:auto_generated|safe_q[1]     ; DCA_gen:inst6|lpm_counter1:inst3|lpm_counter:lpm_counter_component|cntr_6ai:auto_generated|safe_q[3]    ; clk        ; clk      ; 25.000 ns                   ; 24.559 ns                 ; 2.174 ns                ;
; 22.385 ns ; 382.41 MHz ( period = 2.615 ns )            ; DCA_gen:inst6|lpm_counter0:inst|lpm_counter:lpm_counter_component|cntr_4gj:auto_generated|safe_q[1]     ; DCA_gen:inst6|lpm_counter1:inst3|lpm_counter:lpm_counter_component|cntr_6ai:auto_generated|safe_q[1]    ; clk        ; clk      ; 25.000 ns                   ; 24.559 ns                 ; 2.174 ns                ;
; 22.385 ns ; 382.41 MHz ( period = 2.615 ns )            ; DCA_gen:inst6|lpm_counter0:inst|lpm_counter:lpm_counter_component|cntr_4gj:auto_generated|safe_q[1]     ; DCA_gen:inst6|lpm_counter1:inst3|lpm_counter:lpm_counter_component|cntr_6ai:auto_generated|safe_q[0]    ; clk        ; clk      ; 25.000 ns                   ; 24.559 ns                 ; 2.174 ns                ;
; 22.420 ns ; 387.60 MHz ( period = 2.580 ns )            ; DCA_gen:inst6|lpm_counter0:inst|lpm_counter:lpm_counter_component|cntr_4gj:auto_generated|safe_q[2]     ; DCA_gen:inst6|lpm_counter1:inst3|lpm_counter:lpm_counter_component|cntr_6ai:auto_generated|safe_q[2]    ; clk        ; clk      ; 25.000 ns                   ; 24.559 ns                 ; 2.139 ns                ;
; 22.420 ns ; 387.60 MHz ( period = 2.580 ns )            ; DCA_gen:inst6|lpm_counter0:inst|lpm_counter:lpm_counter_component|cntr_4gj:auto_generated|safe_q[2]     ; DCA_gen:inst6|lpm_counter1:inst3|lpm_counter:lpm_counter_component|cntr_6ai:auto_generated|safe_q[3]    ; clk        ; clk      ; 25.000 ns                   ; 24.559 ns                 ; 2.139 ns                ;
; 22.420 ns ; 387.60 MHz ( period = 2.580 ns )            ; DCA_gen:inst6|lpm_counter0:inst|lpm_counter:lpm_counter_component|cntr_4gj:auto_generated|safe_q[2]     ; DCA_gen:inst6|lpm_counter1:inst3|lpm_counter:lpm_counter_component|cntr_6ai:auto_generated|safe_q[1]    ; clk        ; clk      ; 25.000 ns                   ; 24.559 ns                 ; 2.139 ns                ;
; 22.420 ns ; 387.60 MHz ( period = 2.580 ns )            ; DCA_gen:inst6|lpm_counter0:inst|lpm_counter:lpm_counter_component|cntr_4gj:auto_generated|safe_q[2]     ; DCA_gen:inst6|lpm_counter1:inst3|lpm_counter:lpm_counter_component|cntr_6ai:auto_generated|safe_q[0]    ; clk        ; clk      ; 25.000 ns                   ; 24.559 ns                 ; 2.139 ns                ;
; 22.455 ns ; 392.93 MHz ( period = 2.545 ns )            ; DCA_gen:inst6|lpm_counter0:inst|lpm_counter:lpm_counter_component|cntr_4gj:auto_generated|safe_q[3]     ; DCA_gen:inst6|lpm_counter1:inst3|lpm_counter:lpm_counter_component|cntr_6ai:auto_generated|safe_q[2]    ; clk        ; clk      ; 25.000 ns                   ; 24.559 ns                 ; 2.104 ns                ;
; 22.455 ns ; 392.93 MHz ( period = 2.545 ns )            ; DCA_gen:inst6|lpm_counter0:inst|lpm_counter:lpm_counter_component|cntr_4gj:auto_generated|safe_q[3]     ; DCA_gen:inst6|lpm_counter1:inst3|lpm_counter:lpm_counter_component|cntr_6ai:auto_generated|safe_q[3]    ; clk        ; clk      ; 25.000 ns                   ; 24.559 ns                 ; 2.104 ns                ;
; 22.455 ns ; 392.93 MHz ( period = 2.545 ns )            ; DCA_gen:inst6|lpm_counter0:inst|lpm_counter:lpm_counter_component|cntr_4gj:auto_generated|safe_q[3]     ; DCA_gen:inst6|lpm_counter1:inst3|lpm_counter:lpm_counter_component|cntr_6ai:auto_generated|safe_q[1]    ; clk        ; clk      ; 25.000 ns                   ; 24.559 ns                 ; 2.104 ns                ;
; 22.455 ns ; 392.93 MHz ( period = 2.545 ns )            ; DCA_gen:inst6|lpm_counter0:inst|lpm_counter:lpm_counter_component|cntr_4gj:auto_generated|safe_q[3]     ; DCA_gen:inst6|lpm_counter1:inst3|lpm_counter:lpm_counter_component|cntr_6ai:auto_generated|safe_q[0]    ; clk        ; clk      ; 25.000 ns                   ; 24.559 ns                 ; 2.104 ns                ;
; 22.593 ns ; 415.45 MHz ( period = 2.407 ns )            ; DCA_gen:inst6|lpm_counter0:inst|lpm_counter:lpm_counter_component|cntr_4gj:auto_generated|safe_q[0]     ; DCA_gen:inst6|lpm_counter0:inst|lpm_counter:lpm_counter_component|cntr_4gj:auto_generated|safe_q[0]     ; clk        ; clk      ; 25.000 ns                   ; 24.559 ns                 ; 1.966 ns                ;
; 22.593 ns ; 415.45 MHz ( period = 2.407 ns )            ; DCA_gen:inst6|lpm_counter0:inst|lpm_counter:lpm_counter_component|cntr_4gj:auto_generated|safe_q[0]     ; DCA_gen:inst6|lpm_counter0:inst|lpm_counter:lpm_counter_component|cntr_4gj:auto_generated|safe_q[1]     ; clk        ; clk      ; 25.000 ns                   ; 24.559 ns                 ; 1.966 ns                ;
; 22.593 ns ; 415.45 MHz ( period = 2.407 ns )            ; DCA_gen:inst6|lpm_counter0:inst|lpm_counter:lpm_counter_component|cntr_4gj:auto_generated|safe_q[0]     ; DCA_gen:inst6|lpm_counter0:inst|lpm_counter:lpm_counter_component|cntr_4gj:auto_generated|safe_q[2]     ; clk        ; clk      ; 25.000 ns                   ; 24.559 ns                 ; 1.966 ns                ;
; 22.593 ns ; 415.45 MHz ( period = 2.407 ns )            ; DCA_gen:inst6|lpm_counter0:inst|lpm_counter:lpm_counter_component|cntr_4gj:auto_generated|safe_q[0]     ; DCA_gen:inst6|lpm_counter0:inst|lpm_counter:lpm_counter_component|cntr_4gj:auto_generated|safe_q[3]     ; clk        ; clk      ; 25.000 ns                   ; 24.559 ns                 ; 1.966 ns                ;
; 22.628 ns ; 421.59 MHz ( period = 2.372 ns )            ; DCA_gen:inst6|lpm_counter0:inst|lpm_counter:lpm_counter_component|cntr_4gj:auto_generated|safe_q[1]     ; DCA_gen:inst6|lpm_counter0:inst|lpm_counter:lpm_counter_component|cntr_4gj:auto_generated|safe_q[0]     ; clk        ; clk      ; 25.000 ns                   ; 24.559 ns                 ; 1.931 ns                ;
; 22.628 ns ; 421.59 MHz ( period = 2.372 ns )            ; DCA_gen:inst6|lpm_counter0:inst|lpm_counter:lpm_counter_component|cntr_4gj:auto_generated|safe_q[1]     ; DCA_gen:inst6|lpm_counter0:inst|lpm_counter:lpm_counter_component|cntr_4gj:auto_generated|safe_q[1]     ; clk        ; clk      ; 25.000 ns                   ; 24.559 ns                 ; 1.931 ns                ;
; 22.628 ns ; 421.59 MHz ( period = 2.372 ns )            ; DCA_gen:inst6|lpm_counter0:inst|lpm_counter:lpm_counter_component|cntr_4gj:auto_generated|safe_q[1]     ; DCA_gen:inst6|lpm_counter0:inst|lpm_counter:lpm_counter_component|cntr_4gj:auto_generated|safe_q[2]     ; clk        ; clk      ; 25.000 ns                   ; 24.559 ns                 ; 1.931 ns                ;
; 22.628 ns ; 421.59 MHz ( period = 2.372 ns )            ; DCA_gen:inst6|lpm_counter0:inst|lpm_counter:lpm_counter_component|cntr_4gj:auto_generated|safe_q[1]     ; DCA_gen:inst6|lpm_counter0:inst|lpm_counter:lpm_counter_component|cntr_4gj:auto_generated|safe_q[3]     ; clk        ; clk      ; 25.000 ns                   ; 24.559 ns                 ; 1.931 ns                ;
; 22.663 ns ; 427.90 MHz ( period = 2.337 ns )            ; DCA_gen:inst6|lpm_counter0:inst|lpm_counter:lpm_counter_component|cntr_4gj:auto_generated|safe_q[2]     ; DCA_gen:inst6|lpm_counter0:inst|lpm_counter:lpm_counter_component|cntr_4gj:auto_generated|safe_q[0]     ; clk        ; clk      ; 25.000 ns                   ; 24.559 ns                 ; 1.896 ns                ;
; 22.663 ns ; 427.90 MHz ( period = 2.337 ns )            ; DCA_gen:inst6|lpm_counter0:inst|lpm_counter:lpm_counter_component|cntr_4gj:auto_generated|safe_q[2]     ; DCA_gen:inst6|lpm_counter0:inst|lpm_counter:lpm_counter_component|cntr_4gj:auto_generated|safe_q[1]     ; clk        ; clk      ; 25.000 ns                   ; 24.559 ns                 ; 1.896 ns                ;
; 22.663 ns ; 427.90 MHz ( period = 2.337 ns )            ; DCA_gen:inst6|lpm_counter0:inst|lpm_counter:lpm_counter_component|cntr_4gj:auto_generated|safe_q[2]     ; DCA_gen:inst6|lpm_counter0:inst|lpm_counter:lpm_counter_component|cntr_4gj:auto_generated|safe_q[2]     ; clk        ; clk      ; 25.000 ns                   ; 24.559 ns                 ; 1.896 ns                ;
; 22.663 ns ; 427.90 MHz ( period = 2.337 ns )            ; DCA_gen:inst6|lpm_counter0:inst|lpm_counter:lpm_counter_component|cntr_4gj:auto_generated|safe_q[2]     ; DCA_gen:inst6|lpm_counter0:inst|lpm_counter:lpm_counter_component|cntr_4gj:auto_generated|safe_q[3]     ; clk        ; clk      ; 25.000 ns                   ; 24.559 ns                 ; 1.896 ns                ;
; 22.698 ns ; 434.40 MHz ( period = 2.302 ns )            ; DCA_gen:inst6|lpm_counter0:inst|lpm_counter:lpm_counter_component|cntr_4gj:auto_generated|safe_q[3]     ; DCA_gen:inst6|lpm_counter0:inst|lpm_counter:lpm_counter_component|cntr_4gj:auto_generated|safe_q[0]     ; clk        ; clk      ; 25.000 ns                   ; 24.559 ns                 ; 1.861 ns                ;
; 22.698 ns ; 434.40 MHz ( period = 2.302 ns )            ; DCA_gen:inst6|lpm_counter0:inst|lpm_counter:lpm_counter_component|cntr_4gj:auto_generated|safe_q[3]     ; DCA_gen:inst6|lpm_counter0:inst|lpm_counter:lpm_counter_component|cntr_4gj:auto_generated|safe_q[1]     ; clk        ; clk      ; 25.000 ns                   ; 24.559 ns                 ; 1.861 ns                ;
; 22.698 ns ; 434.40 MHz ( period = 2.302 ns )            ; DCA_gen:inst6|lpm_counter0:inst|lpm_counter:lpm_counter_component|cntr_4gj:auto_generated|safe_q[3]     ; DCA_gen:inst6|lpm_counter0:inst|lpm_counter:lpm_counter_component|cntr_4gj:auto_generated|safe_q[2]     ; clk        ; clk      ; 25.000 ns                   ; 24.559 ns                 ; 1.861 ns                ;
; 22.698 ns ; 434.40 MHz ( period = 2.302 ns )            ; DCA_gen:inst6|lpm_counter0:inst|lpm_counter:lpm_counter_component|cntr_4gj:auto_generated|safe_q[3]     ; DCA_gen:inst6|lpm_counter0:inst|lpm_counter:lpm_counter_component|cntr_4gj:auto_generated|safe_q[3]     ; clk        ; clk      ; 25.000 ns                   ; 24.559 ns                 ; 1.861 ns                ;
; 23.263 ns ; Restricted to 500.0 MHz ( period = 2.0 ns ) ; single_pulse:inst|lpm_counter2:inst|lpm_counter:lpm_counter_component|cntr_plh:auto_generated|safe_q[0] ; single_pulse:inst|lpm_counter2:inst|lpm_counter:lpm_counter_component|cntr_plh:auto_generated|safe_q[1] ; clk        ; clk      ; 25.000 ns                   ; 24.816 ns                 ; 1.553 ns                ;
; 23.332 ns ; Restricted to 500.0 MHz ( period = 2.0 ns ) ; single_pulse:inst|lpm_counter2:inst|lpm_counter:lpm_counter_component|cntr_plh:auto_generated|safe_q[0] ; single_pulse:inst|lpm_counter2:inst|lpm_counter:lpm_counter_component|cntr_plh:auto_generated|safe_q[2] ; clk        ; clk      ; 25.000 ns                   ; 24.816 ns                 ; 1.484 ns                ;
; 23.417 ns ; Restricted to 500.0 MHz ( period = 2.0 ns ) ; single_pulse:inst|lpm_counter2:inst|lpm_counter:lpm_counter_component|cntr_plh:auto_generated|safe_q[0] ; single_pulse:inst|lpm_counter2:inst|lpm_counter:lpm_counter_component|cntr_plh:auto_generated|safe_q[0] ; clk        ; clk      ; 25.000 ns                   ; 24.816 ns                 ; 1.399 ns                ;
; 23.584 ns ; Restricted to 500.0 MHz ( period = 2.0 ns ) ; single_pulse:inst|lpm_counter2:inst|lpm_counter:lpm_counter_component|cntr_plh:auto_generated|safe_q[1] ; single_pulse:inst|lpm_counter2:inst|lpm_counter:lpm_counter_component|cntr_plh:auto_generated|safe_q[1] ; clk        ; clk      ; 25.000 ns                   ; 24.816 ns                 ; 1.232 ns                ;
; 23.625 ns ; Restricted to 500.0 MHz ( period = 2.0 ns ) ; single_pulse:inst|lpm_counter2:inst|lpm_counter:lpm_counter_component|cntr_plh:auto_generated|safe_q[1] ; single_pulse:inst|lpm_counter2:inst|lpm_counter:lpm_counter_component|cntr_plh:auto_generated|safe_q[2] ; clk        ; clk      ; 25.000 ns                   ; 24.816 ns                 ; 1.191 ns                ;
; 23.680 ns ; Restricted to 500.0 MHz ( period = 2.0 ns ) ; single_pulse:inst|lpm_counter2:inst|lpm_counter:lpm_counter_component|cntr_plh:auto_generated|safe_q[2] ; single_pulse:inst|lpm_counter2:inst|lpm_counter:lpm_counter_component|cntr_plh:auto_generated|safe_q[2] ; clk        ; clk      ; 25.000 ns                   ; 24.816 ns                 ; 1.136 ns                ;
; 23.809 ns ; Restricted to 500.0 MHz ( period = 2.0 ns ) ; DCA_gen:inst6|lpm_counter1:inst3|lpm_counter:lpm_counter_component|cntr_6ai:auto_generated|safe_q[0]    ; DCA_gen:inst6|lpm_counter1:inst3|lpm_counter:lpm_counter_component|cntr_6ai:auto_generated|safe_q[3]    ; clk        ; clk      ; 25.000 ns                   ; 24.559 ns                 ; 0.750 ns                ;
; 23.844 ns ; Restricted to 500.0 MHz ( period = 2.0 ns ) ; DCA_gen:inst6|lpm_counter1:inst3|lpm_counter:lpm_counter_component|cntr_6ai:auto_generated|safe_q[0]    ; DCA_gen:inst6|lpm_counter1:inst3|lpm_counter:lpm_counter_component|cntr_6ai:auto_generated|safe_q[2]    ; clk        ; clk      ; 25.000 ns                   ; 24.559 ns                 ; 0.715 ns                ;
; 23.844 ns ; Restricted to 500.0 MHz ( period = 2.0 ns ) ; DCA_gen:inst6|lpm_counter1:inst3|lpm_counter:lpm_counter_component|cntr_6ai:auto_generated|safe_q[1]    ; DCA_gen:inst6|lpm_counter1:inst3|lpm_counter:lpm_counter_component|cntr_6ai:auto_generated|safe_q[3]    ; clk        ; clk      ; 25.000 ns                   ; 24.559 ns                 ; 0.715 ns                ;
; 23.879 ns ; Restricted to 500.0 MHz ( period = 2.0 ns ) ; DCA_gen:inst6|lpm_counter1:inst3|lpm_counter:lpm_counter_component|cntr_6ai:auto_generated|safe_q[1]    ; DCA_gen:inst6|lpm_counter1:inst3|lpm_counter:lpm_counter_component|cntr_6ai:auto_generated|safe_q[2]    ; clk        ; clk      ; 25.000 ns                   ; 24.559 ns                 ; 0.680 ns                ;
; 23.879 ns ; Restricted to 500.0 MHz ( period = 2.0 ns ) ; DCA_gen:inst6|lpm_counter1:inst3|lpm_counter:lpm_counter_component|cntr_6ai:auto_generated|safe_q[2]    ; DCA_gen:inst6|lpm_counter1:inst3|lpm_counter:lpm_counter_component|cntr_6ai:auto_generated|safe_q[3]    ; clk        ; clk      ; 25.000 ns                   ; 24.559 ns                 ; 0.680 ns                ;
; 23.879 ns ; Restricted to 500.0 MHz ( period = 2.0 ns ) ; DCA_gen:inst6|lpm_counter1:inst3|lpm_counter:lpm_counter_component|cntr_6ai:auto_generated|safe_q[0]    ; DCA_gen:inst6|lpm_counter1:inst3|lpm_counter:lpm_counter_component|cntr_6ai:auto_generated|safe_q[1]    ; clk        ; clk      ; 25.000 ns                   ; 24.559 ns                 ; 0.680 ns                ;
; 23.950 ns ; Restricted to 500.0 MHz ( period = 2.0 ns ) ; DCA_gen:inst6|lpm_counter1:inst3|lpm_counter:lpm_counter_component|cntr_6ai:auto_generated|safe_q[2]    ; DCA_gen:inst6|lpm_counter1:inst3|lpm_counter:lpm_counter_component|cntr_6ai:auto_generated|safe_q[2]    ; clk        ; clk      ; 25.000 ns                   ; 24.559 ns                 ; 0.609 ns                ;
; 23.950 ns ; Restricted to 500.0 MHz ( period = 2.0 ns ) ; DCA_gen:inst6|lpm_counter1:inst3|lpm_counter:lpm_counter_component|cntr_6ai:auto_generated|safe_q[3]    ; DCA_gen:inst6|lpm_counter1:inst3|lpm_counter:lpm_counter_component|cntr_6ai:auto_generated|safe_q[3]    ; clk        ; clk      ; 25.000 ns                   ; 24.559 ns                 ; 0.609 ns                ;
; 23.950 ns ; Restricted to 500.0 MHz ( period = 2.0 ns ) ; DCA_gen:inst6|lpm_counter1:inst3|lpm_counter:lpm_counter_component|cntr_6ai:auto_generated|safe_q[1]    ; DCA_gen:inst6|lpm_counter1:inst3|lpm_counter:lpm_counter_component|cntr_6ai:auto_generated|safe_q[1]    ; clk        ; clk      ; 25.000 ns                   ; 24.559 ns                 ; 0.609 ns                ;
; 23.950 ns ; Restricted to 500.0 MHz ( period = 2.0 ns ) ; DCA_gen:inst6|lpm_counter1:inst3|lpm_counter:lpm_counter_component|cntr_6ai:auto_generated|safe_q[0]    ; DCA_gen:inst6|lpm_counter1:inst3|lpm_counter:lpm_counter_component|cntr_6ai:auto_generated|safe_q[0]    ; clk        ; clk      ; 25.000 ns                   ; 24.559 ns                 ; 0.609 ns                ;
+-----------+---------------------------------------------+---------------------------------------------------------------------------------------------------------+---------------------------------------------------------------------------------------------------------+------------+----------+-----------------------------+---------------------------+-------------------------+


+------------------------------------------------------------------------------------------------------------------------------------------------------------------------------------------------------------------------------------------------------------------------------------------------------------------------------------------------+
; Clock Hold: 'clk'                                                                                                                                                                                                                                                                                                                              ;
+---------------+---------------------------------------------------------------------------------------------------------+---------------------------------------------------------------------------------------------------------+------------+----------+----------------------------+----------------------------+--------------------------+
; Minimum Slack ; From                                                                                                    ; To                                                                                                      ; From Clock ; To Clock ; Required Hold Relationship ; Required Shortest P2P Time ; Actual Shortest P2P Time ;
+---------------+---------------------------------------------------------------------------------------------------------+---------------------------------------------------------------------------------------------------------+------------+----------+----------------------------+----------------------------+--------------------------+
; 0.297 ns      ; DCA_gen:inst6|lpm_counter1:inst3|lpm_counter:lpm_counter_component|cntr_6ai:auto_generated|safe_q[2]    ; DCA_gen:inst6|lpm_counter1:inst3|lpm_counter:lpm_counter_component|cntr_6ai:auto_generated|safe_q[2]    ; clk        ; clk      ; 0.000 ns                   ; 0.312 ns                   ; 0.609 ns                 ;
; 0.297 ns      ; DCA_gen:inst6|lpm_counter1:inst3|lpm_counter:lpm_counter_component|cntr_6ai:auto_generated|safe_q[3]    ; DCA_gen:inst6|lpm_counter1:inst3|lpm_counter:lpm_counter_component|cntr_6ai:auto_generated|safe_q[3]    ; clk        ; clk      ; 0.000 ns                   ; 0.312 ns                   ; 0.609 ns                 ;
; 0.297 ns      ; DCA_gen:inst6|lpm_counter1:inst3|lpm_counter:lpm_counter_component|cntr_6ai:auto_generated|safe_q[1]    ; DCA_gen:inst6|lpm_counter1:inst3|lpm_counter:lpm_counter_component|cntr_6ai:auto_generated|safe_q[1]    ; clk        ; clk      ; 0.000 ns                   ; 0.312 ns                   ; 0.609 ns                 ;
; 0.297 ns      ; DCA_gen:inst6|lpm_counter0:inst|lpm_counter:lpm_counter_component|cntr_4gj:auto_generated|safe_q[0]     ; DCA_gen:inst6|lpm_counter0:inst|lpm_counter:lpm_counter_component|cntr_4gj:auto_generated|safe_q[0]     ; clk        ; clk      ; 0.000 ns                   ; 0.312 ns                   ; 0.609 ns                 ;
; 0.297 ns      ; DCA_gen:inst6|lpm_counter0:inst|lpm_counter:lpm_counter_component|cntr_4gj:auto_generated|safe_q[1]     ; DCA_gen:inst6|lpm_counter0:inst|lpm_counter:lpm_counter_component|cntr_4gj:auto_generated|safe_q[1]     ; clk        ; clk      ; 0.000 ns                   ; 0.312 ns                   ; 0.609 ns                 ;
; 0.297 ns      ; DCA_gen:inst6|lpm_counter0:inst|lpm_counter:lpm_counter_component|cntr_4gj:auto_generated|safe_q[2]     ; DCA_gen:inst6|lpm_counter0:inst|lpm_counter:lpm_counter_component|cntr_4gj:auto_generated|safe_q[2]     ; clk        ; clk      ; 0.000 ns                   ; 0.312 ns                   ; 0.609 ns                 ;
; 0.297 ns      ; DCA_gen:inst6|lpm_counter0:inst|lpm_counter:lpm_counter_component|cntr_4gj:auto_generated|safe_q[3]     ; DCA_gen:inst6|lpm_counter0:inst|lpm_counter:lpm_counter_component|cntr_4gj:auto_generated|safe_q[3]     ; clk        ; clk      ; 0.000 ns                   ; 0.312 ns                   ; 0.609 ns                 ;
; 0.297 ns      ; DCA_gen:inst6|lpm_counter1:inst3|lpm_counter:lpm_counter_component|cntr_6ai:auto_generated|safe_q[0]    ; DCA_gen:inst6|lpm_counter1:inst3|lpm_counter:lpm_counter_component|cntr_6ai:auto_generated|safe_q[0]    ; clk        ; clk      ; 0.000 ns                   ; 0.312 ns                   ; 0.609 ns                 ;
; 0.368 ns      ; DCA_gen:inst6|lpm_counter1:inst3|lpm_counter:lpm_counter_component|cntr_6ai:auto_generated|safe_q[1]    ; DCA_gen:inst6|lpm_counter1:inst3|lpm_counter:lpm_counter_component|cntr_6ai:auto_generated|safe_q[2]    ; clk        ; clk      ; 0.000 ns                   ; 0.312 ns                   ; 0.680 ns                 ;
; 0.368 ns      ; DCA_gen:inst6|lpm_counter1:inst3|lpm_counter:lpm_counter_component|cntr_6ai:auto_generated|safe_q[2]    ; DCA_gen:inst6|lpm_counter1:inst3|lpm_counter:lpm_counter_component|cntr_6ai:auto_generated|safe_q[3]    ; clk        ; clk      ; 0.000 ns                   ; 0.312 ns                   ; 0.680 ns                 ;
; 0.368 ns      ; DCA_gen:inst6|lpm_counter1:inst3|lpm_counter:lpm_counter_component|cntr_6ai:auto_generated|safe_q[0]    ; DCA_gen:inst6|lpm_counter1:inst3|lpm_counter:lpm_counter_component|cntr_6ai:auto_generated|safe_q[1]    ; clk        ; clk      ; 0.000 ns                   ; 0.312 ns                   ; 0.680 ns                 ;
; 0.368 ns      ; DCA_gen:inst6|lpm_counter0:inst|lpm_counter:lpm_counter_component|cntr_4gj:auto_generated|safe_q[0]     ; DCA_gen:inst6|lpm_counter0:inst|lpm_counter:lpm_counter_component|cntr_4gj:auto_generated|safe_q[1]     ; clk        ; clk      ; 0.000 ns                   ; 0.312 ns                   ; 0.680 ns                 ;
; 0.368 ns      ; DCA_gen:inst6|lpm_counter0:inst|lpm_counter:lpm_counter_component|cntr_4gj:auto_generated|safe_q[1]     ; DCA_gen:inst6|lpm_counter0:inst|lpm_counter:lpm_counter_component|cntr_4gj:auto_generated|safe_q[2]     ; clk        ; clk      ; 0.000 ns                   ; 0.312 ns                   ; 0.680 ns                 ;
; 0.368 ns      ; DCA_gen:inst6|lpm_counter0:inst|lpm_counter:lpm_counter_component|cntr_4gj:auto_generated|safe_q[2]     ; DCA_gen:inst6|lpm_counter0:inst|lpm_counter:lpm_counter_component|cntr_4gj:auto_generated|safe_q[3]     ; clk        ; clk      ; 0.000 ns                   ; 0.312 ns                   ; 0.680 ns                 ;
; 0.403 ns      ; DCA_gen:inst6|lpm_counter1:inst3|lpm_counter:lpm_counter_component|cntr_6ai:auto_generated|safe_q[0]    ; DCA_gen:inst6|lpm_counter1:inst3|lpm_counter:lpm_counter_component|cntr_6ai:auto_generated|safe_q[2]    ; clk        ; clk      ; 0.000 ns                   ; 0.312 ns                   ; 0.715 ns                 ;
; 0.403 ns      ; DCA_gen:inst6|lpm_counter1:inst3|lpm_counter:lpm_counter_component|cntr_6ai:auto_generated|safe_q[1]    ; DCA_gen:inst6|lpm_counter1:inst3|lpm_counter:lpm_counter_component|cntr_6ai:auto_generated|safe_q[3]    ; clk        ; clk      ; 0.000 ns                   ; 0.312 ns                   ; 0.715 ns                 ;
; 0.403 ns      ; DCA_gen:inst6|lpm_counter0:inst|lpm_counter:lpm_counter_component|cntr_4gj:auto_generated|safe_q[0]     ; DCA_gen:inst6|lpm_counter0:inst|lpm_counter:lpm_counter_component|cntr_4gj:auto_generated|safe_q[2]     ; clk        ; clk      ; 0.000 ns                   ; 0.312 ns                   ; 0.715 ns                 ;
; 0.403 ns      ; DCA_gen:inst6|lpm_counter0:inst|lpm_counter:lpm_counter_component|cntr_4gj:auto_generated|safe_q[1]     ; DCA_gen:inst6|lpm_counter0:inst|lpm_counter:lpm_counter_component|cntr_4gj:auto_generated|safe_q[3]     ; clk        ; clk      ; 0.000 ns                   ; 0.312 ns                   ; 0.715 ns                 ;
; 0.438 ns      ; DCA_gen:inst6|lpm_counter1:inst3|lpm_counter:lpm_counter_component|cntr_6ai:auto_generated|safe_q[0]    ; DCA_gen:inst6|lpm_counter1:inst3|lpm_counter:lpm_counter_component|cntr_6ai:auto_generated|safe_q[3]    ; clk        ; clk      ; 0.000 ns                   ; 0.312 ns                   ; 0.750 ns                 ;
; 0.438 ns      ; DCA_gen:inst6|lpm_counter0:inst|lpm_counter:lpm_counter_component|cntr_4gj:auto_generated|safe_q[0]     ; DCA_gen:inst6|lpm_counter0:inst|lpm_counter:lpm_counter_component|cntr_4gj:auto_generated|safe_q[3]     ; clk        ; clk      ; 0.000 ns                   ; 0.312 ns                   ; 0.750 ns                 ;
; 0.769 ns      ; DCA_gen:inst6|lpm_counter0:inst|lpm_counter:lpm_counter_component|cntr_4gj:auto_generated|safe_q[1]     ; DCA_gen:inst6|lpm_counter0:inst|lpm_counter:lpm_counter_component|cntr_4gj:auto_generated|safe_q[0]     ; clk        ; clk      ; 0.000 ns                   ; 0.312 ns                   ; 1.081 ns                 ;
; 0.902 ns      ; DCA_gen:inst6|lpm_counter0:inst|lpm_counter:lpm_counter_component|cntr_4gj:auto_generated|safe_q[0]     ; DCA_gen:inst6|lpm_counter1:inst3|lpm_counter:lpm_counter_component|cntr_6ai:auto_generated|safe_q[2]    ; clk        ; clk      ; 0.000 ns                   ; 0.312 ns                   ; 1.214 ns                 ;
; 0.902 ns      ; DCA_gen:inst6|lpm_counter0:inst|lpm_counter:lpm_counter_component|cntr_4gj:auto_generated|safe_q[0]     ; DCA_gen:inst6|lpm_counter1:inst3|lpm_counter:lpm_counter_component|cntr_6ai:auto_generated|safe_q[3]    ; clk        ; clk      ; 0.000 ns                   ; 0.312 ns                   ; 1.214 ns                 ;
; 0.902 ns      ; DCA_gen:inst6|lpm_counter0:inst|lpm_counter:lpm_counter_component|cntr_4gj:auto_generated|safe_q[0]     ; DCA_gen:inst6|lpm_counter1:inst3|lpm_counter:lpm_counter_component|cntr_6ai:auto_generated|safe_q[1]    ; clk        ; clk      ; 0.000 ns                   ; 0.312 ns                   ; 1.214 ns                 ;
; 0.902 ns      ; DCA_gen:inst6|lpm_counter0:inst|lpm_counter:lpm_counter_component|cntr_4gj:auto_generated|safe_q[0]     ; DCA_gen:inst6|lpm_counter1:inst3|lpm_counter:lpm_counter_component|cntr_6ai:auto_generated|safe_q[0]    ; clk        ; clk      ; 0.000 ns                   ; 0.312 ns                   ; 1.214 ns                 ;
; 0.922 ns      ; DCA_gen:inst6|lpm_counter0:inst|lpm_counter:lpm_counter_component|cntr_4gj:auto_generated|safe_q[2]     ; DCA_gen:inst6|lpm_counter0:inst|lpm_counter:lpm_counter_component|cntr_4gj:auto_generated|safe_q[0]     ; clk        ; clk      ; 0.000 ns                   ; 0.312 ns                   ; 1.234 ns                 ;
; 0.922 ns      ; DCA_gen:inst6|lpm_counter0:inst|lpm_counter:lpm_counter_component|cntr_4gj:auto_generated|safe_q[2]     ; DCA_gen:inst6|lpm_counter0:inst|lpm_counter:lpm_counter_component|cntr_4gj:auto_generated|safe_q[1]     ; clk        ; clk      ; 0.000 ns                   ; 0.312 ns                   ; 1.234 ns                 ;
; 1.012 ns      ; DCA_gen:inst6|lpm_counter0:inst|lpm_counter:lpm_counter_component|cntr_4gj:auto_generated|safe_q[1]     ; DCA_gen:inst6|lpm_counter1:inst3|lpm_counter:lpm_counter_component|cntr_6ai:auto_generated|safe_q[2]    ; clk        ; clk      ; 0.000 ns                   ; 0.312 ns                   ; 1.324 ns                 ;
; 1.012 ns      ; DCA_gen:inst6|lpm_counter0:inst|lpm_counter:lpm_counter_component|cntr_4gj:auto_generated|safe_q[1]     ; DCA_gen:inst6|lpm_counter1:inst3|lpm_counter:lpm_counter_component|cntr_6ai:auto_generated|safe_q[3]    ; clk        ; clk      ; 0.000 ns                   ; 0.312 ns                   ; 1.324 ns                 ;
; 1.012 ns      ; DCA_gen:inst6|lpm_counter0:inst|lpm_counter:lpm_counter_component|cntr_4gj:auto_generated|safe_q[1]     ; DCA_gen:inst6|lpm_counter1:inst3|lpm_counter:lpm_counter_component|cntr_6ai:auto_generated|safe_q[1]    ; clk        ; clk      ; 0.000 ns                   ; 0.312 ns                   ; 1.324 ns                 ;
; 1.012 ns      ; DCA_gen:inst6|lpm_counter0:inst|lpm_counter:lpm_counter_component|cntr_4gj:auto_generated|safe_q[1]     ; DCA_gen:inst6|lpm_counter1:inst3|lpm_counter:lpm_counter_component|cntr_6ai:auto_generated|safe_q[0]    ; clk        ; clk      ; 0.000 ns                   ; 0.312 ns                   ; 1.324 ns                 ;
; 1.016 ns      ; DCA_gen:inst6|lpm_counter0:inst|lpm_counter:lpm_counter_component|cntr_4gj:auto_generated|safe_q[3]     ; DCA_gen:inst6|lpm_counter0:inst|lpm_counter:lpm_counter_component|cntr_4gj:auto_generated|safe_q[0]     ; clk        ; clk      ; 0.000 ns                   ; 0.312 ns                   ; 1.328 ns                 ;
; 1.016 ns      ; DCA_gen:inst6|lpm_counter0:inst|lpm_counter:lpm_counter_component|cntr_4gj:auto_generated|safe_q[3]     ; DCA_gen:inst6|lpm_counter0:inst|lpm_counter:lpm_counter_component|cntr_4gj:auto_generated|safe_q[1]     ; clk        ; clk      ; 0.000 ns                   ; 0.312 ns                   ; 1.328 ns                 ;
; 1.016 ns      ; DCA_gen:inst6|lpm_counter0:inst|lpm_counter:lpm_counter_component|cntr_4gj:auto_generated|safe_q[3]     ; DCA_gen:inst6|lpm_counter0:inst|lpm_counter:lpm_counter_component|cntr_4gj:auto_generated|safe_q[2]     ; clk        ; clk      ; 0.000 ns                   ; 0.312 ns                   ; 1.328 ns                 ;
; 1.081 ns      ; single_pulse:inst|lpm_counter2:inst|lpm_counter:lpm_counter_component|cntr_plh:auto_generated|safe_q[2] ; single_pulse:inst|lpm_counter2:inst|lpm_counter:lpm_counter_component|cntr_plh:auto_generated|safe_q[2] ; clk        ; clk      ; 0.000 ns                   ; 0.055 ns                   ; 1.136 ns                 ;
; 1.136 ns      ; single_pulse:inst|lpm_counter2:inst|lpm_counter:lpm_counter_component|cntr_plh:auto_generated|safe_q[1] ; single_pulse:inst|lpm_counter2:inst|lpm_counter:lpm_counter_component|cntr_plh:auto_generated|safe_q[2] ; clk        ; clk      ; 0.000 ns                   ; 0.055 ns                   ; 1.191 ns                 ;
; 1.165 ns      ; DCA_gen:inst6|lpm_counter0:inst|lpm_counter:lpm_counter_component|cntr_4gj:auto_generated|safe_q[2]     ; DCA_gen:inst6|lpm_counter1:inst3|lpm_counter:lpm_counter_component|cntr_6ai:auto_generated|safe_q[2]    ; clk        ; clk      ; 0.000 ns                   ; 0.312 ns                   ; 1.477 ns                 ;
; 1.165 ns      ; DCA_gen:inst6|lpm_counter0:inst|lpm_counter:lpm_counter_component|cntr_4gj:auto_generated|safe_q[2]     ; DCA_gen:inst6|lpm_counter1:inst3|lpm_counter:lpm_counter_component|cntr_6ai:auto_generated|safe_q[3]    ; clk        ; clk      ; 0.000 ns                   ; 0.312 ns                   ; 1.477 ns                 ;
; 1.165 ns      ; DCA_gen:inst6|lpm_counter0:inst|lpm_counter:lpm_counter_component|cntr_4gj:auto_generated|safe_q[2]     ; DCA_gen:inst6|lpm_counter1:inst3|lpm_counter:lpm_counter_component|cntr_6ai:auto_generated|safe_q[1]    ; clk        ; clk      ; 0.000 ns                   ; 0.312 ns                   ; 1.477 ns                 ;
; 1.165 ns      ; DCA_gen:inst6|lpm_counter0:inst|lpm_counter:lpm_counter_component|cntr_4gj:auto_generated|safe_q[2]     ; DCA_gen:inst6|lpm_counter1:inst3|lpm_counter:lpm_counter_component|cntr_6ai:auto_generated|safe_q[0]    ; clk        ; clk      ; 0.000 ns                   ; 0.312 ns                   ; 1.477 ns                 ;
; 1.177 ns      ; single_pulse:inst|lpm_counter2:inst|lpm_counter:lpm_counter_component|cntr_plh:auto_generated|safe_q[1] ; single_pulse:inst|lpm_counter2:inst|lpm_counter:lpm_counter_component|cntr_plh:auto_generated|safe_q[1] ; clk        ; clk      ; 0.000 ns                   ; 0.055 ns                   ; 1.232 ns                 ;
; 1.259 ns      ; DCA_gen:inst6|lpm_counter0:inst|lpm_counter:lpm_counter_component|cntr_4gj:auto_generated|safe_q[3]     ; DCA_gen:inst6|lpm_counter1:inst3|lpm_counter:lpm_counter_component|cntr_6ai:auto_generated|safe_q[2]    ; clk        ; clk      ; 0.000 ns                   ; 0.312 ns                   ; 1.571 ns                 ;
; 1.259 ns      ; DCA_gen:inst6|lpm_counter0:inst|lpm_counter:lpm_counter_component|cntr_4gj:auto_generated|safe_q[3]     ; DCA_gen:inst6|lpm_counter1:inst3|lpm_counter:lpm_counter_component|cntr_6ai:auto_generated|safe_q[3]    ; clk        ; clk      ; 0.000 ns                   ; 0.312 ns                   ; 1.571 ns                 ;
; 1.259 ns      ; DCA_gen:inst6|lpm_counter0:inst|lpm_counter:lpm_counter_component|cntr_4gj:auto_generated|safe_q[3]     ; DCA_gen:inst6|lpm_counter1:inst3|lpm_counter:lpm_counter_component|cntr_6ai:auto_generated|safe_q[1]    ; clk        ; clk      ; 0.000 ns                   ; 0.312 ns                   ; 1.571 ns                 ;
; 1.259 ns      ; DCA_gen:inst6|lpm_counter0:inst|lpm_counter:lpm_counter_component|cntr_4gj:auto_generated|safe_q[3]     ; DCA_gen:inst6|lpm_counter1:inst3|lpm_counter:lpm_counter_component|cntr_6ai:auto_generated|safe_q[0]    ; clk        ; clk      ; 0.000 ns                   ; 0.312 ns                   ; 1.571 ns                 ;
; 1.344 ns      ; single_pulse:inst|lpm_counter2:inst|lpm_counter:lpm_counter_component|cntr_plh:auto_generated|safe_q[0] ; single_pulse:inst|lpm_counter2:inst|lpm_counter:lpm_counter_component|cntr_plh:auto_generated|safe_q[0] ; clk        ; clk      ; 0.000 ns                   ; 0.055 ns                   ; 1.399 ns                 ;
; 1.429 ns      ; single_pulse:inst|lpm_counter2:inst|lpm_counter:lpm_counter_component|cntr_plh:auto_generated|safe_q[0] ; single_pulse:inst|lpm_counter2:inst|lpm_counter:lpm_counter_component|cntr_plh:auto_generated|safe_q[2] ; clk        ; clk      ; 0.000 ns                   ; 0.055 ns                   ; 1.484 ns                 ;
; 1.498 ns      ; single_pulse:inst|lpm_counter2:inst|lpm_counter:lpm_counter_component|cntr_plh:auto_generated|safe_q[0] ; single_pulse:inst|lpm_counter2:inst|lpm_counter:lpm_counter_component|cntr_plh:auto_generated|safe_q[1] ; clk        ; clk      ; 0.000 ns                   ; 0.055 ns                   ; 1.553 ns                 ;
+---------------+---------------------------------------------------------------------------------------------------------+---------------------------------------------------------------------------------------------------------+------------+----------+----------------------------+----------------------------+--------------------------+


+-----------------------------------------------------------------------------------------------------------------------------------------------------------------+
; tco                                                                                                                                                             ;
+-------+--------------+------------+------------------------------------------------------------------------------------------------------+---------+------------+
; Slack ; Required tco ; Actual tco ; From                                                                                                 ; To      ; From Clock ;
+-------+--------------+------------+------------------------------------------------------------------------------------------------------+---------+------------+
; N/A   ; None         ; 11.808 ns  ; DCA_gen:inst6|lpm_counter1:inst3|lpm_counter:lpm_counter_component|cntr_6ai:auto_generated|safe_q[0] ; DCa[12] ; clk        ;
; N/A   ; None         ; 11.777 ns  ; DCA_gen:inst6|lpm_counter1:inst3|lpm_counter:lpm_counter_component|cntr_6ai:auto_generated|safe_q[0] ; DCa[5]  ; clk        ;
; N/A   ; None         ; 11.735 ns  ; DCA_gen:inst6|lpm_counter1:inst3|lpm_counter:lpm_counter_component|cntr_6ai:auto_generated|safe_q[1] ; DCa[5]  ; clk        ;
; N/A   ; None         ; 11.644 ns  ; DCA_gen:inst6|lpm_counter1:inst3|lpm_counter:lpm_counter_component|cntr_6ai:auto_generated|safe_q[2] ; DCa[12] ; clk        ;
; N/A   ; None         ; 11.635 ns  ; DCA_gen:inst6|lpm_counter1:inst3|lpm_counter:lpm_counter_component|cntr_6ai:auto_generated|safe_q[1] ; DCa[12] ; clk        ;
; N/A   ; None         ; 11.621 ns  ; DCA_gen:inst6|lpm_counter1:inst3|lpm_counter:lpm_counter_component|cntr_6ai:auto_generated|safe_q[0] ; DCa[3]  ; clk        ;
; N/A   ; None         ; 11.611 ns  ; DCA_gen:inst6|lpm_counter1:inst3|lpm_counter:lpm_counter_component|cntr_6ai:auto_generated|safe_q[2] ; DCa[5]  ; clk        ;
; N/A   ; None         ; 11.561 ns  ; DCA_gen:inst6|lpm_counter1:inst3|lpm_counter:lpm_counter_component|cntr_6ai:auto_generated|safe_q[1] ; DCa[3]  ; clk        ;
; N/A   ; None         ; 11.515 ns  ; DCA_gen:inst6|lpm_counter1:inst3|lpm_counter:lpm_counter_component|cntr_6ai:auto_generated|safe_q[0] ; DCa[9]  ; clk        ;
; N/A   ; None         ; 11.473 ns  ; DCA_gen:inst6|lpm_counter1:inst3|lpm_counter:lpm_counter_component|cntr_6ai:auto_generated|safe_q[3] ; DCa[12] ; clk        ;
; N/A   ; None         ; 11.472 ns  ; DCA_gen:inst6|lpm_counter1:inst3|lpm_counter:lpm_counter_component|cntr_6ai:auto_generated|safe_q[0] ; DCa[4]  ; clk        ;
; N/A   ; None         ; 11.468 ns  ; DCA_gen:inst6|lpm_counter1:inst3|lpm_counter:lpm_counter_component|cntr_6ai:auto_generated|safe_q[1] ; DCa[9]  ; clk        ;
; N/A   ; None         ; 11.442 ns  ; DCA_gen:inst6|lpm_counter1:inst3|lpm_counter:lpm_counter_component|cntr_6ai:auto_generated|safe_q[2] ; DCa[3]  ; clk        ;
; N/A   ; None         ; 11.441 ns  ; DCA_gen:inst6|lpm_counter1:inst3|lpm_counter:lpm_counter_component|cntr_6ai:auto_generated|safe_q[3] ; DCa[5]  ; clk        ;
; N/A   ; None         ; 11.412 ns  ; DCA_gen:inst6|lpm_counter1:inst3|lpm_counter:lpm_counter_component|cntr_6ai:auto_generated|safe_q[1] ; DCa[4]  ; clk        ;
; N/A   ; None         ; 11.393 ns  ; DCA_gen:inst6|lpm_counter1:inst3|lpm_counter:lpm_counter_component|cntr_6ai:auto_generated|safe_q[0] ; DCa[2]  ; clk        ;
; N/A   ; None         ; 11.391 ns  ; DCA_gen:inst6|lpm_counter1:inst3|lpm_counter:lpm_counter_component|cntr_6ai:auto_generated|safe_q[0] ; DCa[1]  ; clk        ;
; N/A   ; None         ; 11.352 ns  ; DCA_gen:inst6|lpm_counter1:inst3|lpm_counter:lpm_counter_component|cntr_6ai:auto_generated|safe_q[1] ; DCa[2]  ; clk        ;
; N/A   ; None         ; 11.350 ns  ; DCA_gen:inst6|lpm_counter1:inst3|lpm_counter:lpm_counter_component|cntr_6ai:auto_generated|safe_q[1] ; DCa[1]  ; clk        ;
; N/A   ; None         ; 11.344 ns  ; DCA_gen:inst6|lpm_counter1:inst3|lpm_counter:lpm_counter_component|cntr_6ai:auto_generated|safe_q[2] ; DCa[9]  ; clk        ;
; N/A   ; None         ; 11.294 ns  ; DCA_gen:inst6|lpm_counter1:inst3|lpm_counter:lpm_counter_component|cntr_6ai:auto_generated|safe_q[2] ; DCa[4]  ; clk        ;
; N/A   ; None         ; 11.274 ns  ; DCA_gen:inst6|lpm_counter1:inst3|lpm_counter:lpm_counter_component|cntr_6ai:auto_generated|safe_q[3] ; DCa[3]  ; clk        ;
; N/A   ; None         ; 11.229 ns  ; DCA_gen:inst6|lpm_counter1:inst3|lpm_counter:lpm_counter_component|cntr_6ai:auto_generated|safe_q[2] ; DCa[2]  ; clk        ;
; N/A   ; None         ; 11.226 ns  ; DCA_gen:inst6|lpm_counter1:inst3|lpm_counter:lpm_counter_component|cntr_6ai:auto_generated|safe_q[2] ; DCa[1]  ; clk        ;
; N/A   ; None         ; 11.173 ns  ; DCA_gen:inst6|lpm_counter1:inst3|lpm_counter:lpm_counter_component|cntr_6ai:auto_generated|safe_q[3] ; DCa[9]  ; clk        ;
; N/A   ; None         ; 11.146 ns  ; DCA_gen:inst6|lpm_counter1:inst3|lpm_counter:lpm_counter_component|cntr_6ai:auto_generated|safe_q[0] ; DCa[10] ; clk        ;
; N/A   ; None         ; 11.137 ns  ; DCA_gen:inst6|lpm_counter1:inst3|lpm_counter:lpm_counter_component|cntr_6ai:auto_generated|safe_q[0] ; DCa[8]  ; clk        ;
; N/A   ; None         ; 11.123 ns  ; DCA_gen:inst6|lpm_counter1:inst3|lpm_counter:lpm_counter_component|cntr_6ai:auto_generated|safe_q[3] ; DCa[4]  ; clk        ;
; N/A   ; None         ; 11.113 ns  ; DCA_gen:inst6|lpm_counter1:inst3|lpm_counter:lpm_counter_component|cntr_6ai:auto_generated|safe_q[0] ; DCa[7]  ; clk        ;
; N/A   ; None         ; 11.096 ns  ; DCA_gen:inst6|lpm_counter1:inst3|lpm_counter:lpm_counter_component|cntr_6ai:auto_generated|safe_q[3] ; DCa[0]  ; clk        ;
; N/A   ; None         ; 11.093 ns  ; DCA_gen:inst6|lpm_counter1:inst3|lpm_counter:lpm_counter_component|cntr_6ai:auto_generated|safe_q[1] ; DCa[10] ; clk        ;
; N/A   ; None         ; 11.090 ns  ; DCA_gen:inst6|lpm_counter1:inst3|lpm_counter:lpm_counter_component|cntr_6ai:auto_generated|safe_q[1] ; DCa[8]  ; clk        ;
; N/A   ; None         ; 11.072 ns  ; DCA_gen:inst6|lpm_counter1:inst3|lpm_counter:lpm_counter_component|cntr_6ai:auto_generated|safe_q[1] ; DCa[7]  ; clk        ;
; N/A   ; None         ; 11.058 ns  ; DCA_gen:inst6|lpm_counter1:inst3|lpm_counter:lpm_counter_component|cntr_6ai:auto_generated|safe_q[3] ; DCa[1]  ; clk        ;
; N/A   ; None         ; 11.058 ns  ; DCA_gen:inst6|lpm_counter1:inst3|lpm_counter:lpm_counter_component|cntr_6ai:auto_generated|safe_q[3] ; DCa[2]  ; clk        ;
; N/A   ; None         ; 11.002 ns  ; DCA_gen:inst6|lpm_counter1:inst3|lpm_counter:lpm_counter_component|cntr_6ai:auto_generated|safe_q[2] ; DCa[8]  ; clk        ;
; N/A   ; None         ; 10.985 ns  ; DCA_gen:inst6|lpm_counter1:inst3|lpm_counter:lpm_counter_component|cntr_6ai:auto_generated|safe_q[2] ; DCa[7]  ; clk        ;
; N/A   ; None         ; 10.968 ns  ; DCA_gen:inst6|lpm_counter1:inst3|lpm_counter:lpm_counter_component|cntr_6ai:auto_generated|safe_q[2] ; DCa[10] ; clk        ;
; N/A   ; None         ; 10.963 ns  ; DCA_gen:inst6|lpm_counter1:inst3|lpm_counter:lpm_counter_component|cntr_6ai:auto_generated|safe_q[3] ; DCa[15] ; clk        ;
; N/A   ; None         ; 10.962 ns  ; DCA_gen:inst6|lpm_counter1:inst3|lpm_counter:lpm_counter_component|cntr_6ai:auto_generated|safe_q[0] ; DCa[0]  ; clk        ;
; N/A   ; None         ; 10.947 ns  ; DCA_gen:inst6|lpm_counter1:inst3|lpm_counter:lpm_counter_component|cntr_6ai:auto_generated|safe_q[1] ; DCa[0]  ; clk        ;
; N/A   ; None         ; 10.841 ns  ; DCA_gen:inst6|lpm_counter1:inst3|lpm_counter:lpm_counter_component|cntr_6ai:auto_generated|safe_q[2] ; DCa[0]  ; clk        ;
; N/A   ; None         ; 10.797 ns  ; DCA_gen:inst6|lpm_counter1:inst3|lpm_counter:lpm_counter_component|cntr_6ai:auto_generated|safe_q[3] ; DCa[8]  ; clk        ;
; N/A   ; None         ; 10.797 ns  ; DCA_gen:inst6|lpm_counter1:inst3|lpm_counter:lpm_counter_component|cntr_6ai:auto_generated|safe_q[3] ; DCa[10] ; clk        ;
; N/A   ; None         ; 10.779 ns  ; DCA_gen:inst6|lpm_counter1:inst3|lpm_counter:lpm_counter_component|cntr_6ai:auto_generated|safe_q[3] ; DCa[7]  ; clk        ;
; N/A   ; None         ; 10.773 ns  ; DCA_gen:inst6|lpm_counter1:inst3|lpm_counter:lpm_counter_component|cntr_6ai:auto_generated|safe_q[2] ; DCa[15] ; clk        ;
; N/A   ; None         ; 10.744 ns  ; DCA_gen:inst6|lpm_counter1:inst3|lpm_counter:lpm_counter_component|cntr_6ai:auto_generated|safe_q[1] ; DCa[15] ; clk        ;
; N/A   ; None         ; 10.573 ns  ; DCA_gen:inst6|lpm_counter1:inst3|lpm_counter:lpm_counter_component|cntr_6ai:auto_generated|safe_q[0] ; DCa[15] ; clk        ;
; N/A   ; None         ; 10.321 ns  ; DCA_gen:inst6|lpm_counter1:inst3|lpm_counter:lpm_counter_component|cntr_6ai:auto_generated|safe_q[1] ; DCa[6]  ; clk        ;
; N/A   ; None         ; 10.204 ns  ; DCA_gen:inst6|lpm_counter1:inst3|lpm_counter:lpm_counter_component|cntr_6ai:auto_generated|safe_q[0] ; DCa[6]  ; clk        ;
; N/A   ; None         ; 10.196 ns  ; DCA_gen:inst6|lpm_counter1:inst3|lpm_counter:lpm_counter_component|cntr_6ai:auto_generated|safe_q[2] ; DCa[6]  ; clk        ;
; N/A   ; None         ; 10.029 ns  ; DCA_gen:inst6|lpm_counter1:inst3|lpm_counter:lpm_counter_component|cntr_6ai:auto_generated|safe_q[3] ; DCa[6]  ; clk        ;
; N/A   ; None         ; 9.592 ns   ; DCA_gen:inst6|lpm_counter1:inst3|lpm_counter:lpm_counter_component|cntr_6ai:auto_generated|safe_q[1] ; DCa[13] ; clk        ;
; N/A   ; None         ; 9.557 ns   ; DCA_gen:inst6|lpm_counter1:inst3|lpm_counter:lpm_counter_component|cntr_6ai:auto_generated|safe_q[2] ; DCa[13] ; clk        ;
; N/A   ; None         ; 9.511 ns   ; DCA_gen:inst6|lpm_counter1:inst3|lpm_counter:lpm_counter_component|cntr_6ai:auto_generated|safe_q[1] ; DCa[11] ; clk        ;
; N/A   ; None         ; 9.476 ns   ; DCA_gen:inst6|lpm_counter1:inst3|lpm_counter:lpm_counter_component|cntr_6ai:auto_generated|safe_q[1] ; DCa[14] ; clk        ;
; N/A   ; None         ; 9.457 ns   ; DCA_gen:inst6|lpm_counter1:inst3|lpm_counter:lpm_counter_component|cntr_6ai:auto_generated|safe_q[3] ; DCa[13] ; clk        ;
; N/A   ; None         ; 9.441 ns   ; DCA_gen:inst6|lpm_counter1:inst3|lpm_counter:lpm_counter_component|cntr_6ai:auto_generated|safe_q[2] ; DCa[14] ; clk        ;
; N/A   ; None         ; 9.406 ns   ; DCA_gen:inst6|lpm_counter1:inst3|lpm_counter:lpm_counter_component|cntr_6ai:auto_generated|safe_q[0] ; DCa[11] ; clk        ;
; N/A   ; None         ; 9.385 ns   ; DCA_gen:inst6|lpm_counter1:inst3|lpm_counter:lpm_counter_component|cntr_6ai:auto_generated|safe_q[2] ; DCa[11] ; clk        ;
; N/A   ; None         ; 9.307 ns   ; DCA_gen:inst6|lpm_counter1:inst3|lpm_counter:lpm_counter_component|cntr_6ai:auto_generated|safe_q[3] ; DCa[14] ; clk        ;
; N/A   ; None         ; 9.229 ns   ; DCA_gen:inst6|lpm_counter1:inst3|lpm_counter:lpm_counter_component|cntr_6ai:auto_generated|safe_q[0] ; DCa[13] ; clk        ;
; N/A   ; None         ; 9.216 ns   ; DCA_gen:inst6|lpm_counter1:inst3|lpm_counter:lpm_counter_component|cntr_6ai:auto_generated|safe_q[3] ; DCa[11] ; clk        ;
; N/A   ; None         ; 9.112 ns   ; DCA_gen:inst6|lpm_counter1:inst3|lpm_counter:lpm_counter_component|cntr_6ai:auto_generated|safe_q[0] ; DCa[14] ; clk        ;
+-------+--------------+------------+------------------------------------------------------------------------------------------------------+---------+------------+


+--------------------------+
; Timing Analyzer Messages ;
+--------------------------+
Info: *******************************************************************
Info: Running Quartus II Classic Timing Analyzer
    Info: Version 9.1 Build 222 10/21/2009 SJ Web Edition
    Info: Processing started: Mon May 04 19:22:47 2026
Info: Command: quartus_tan --read_settings_files=off --write_settings_files=off lab2_var2_v1 -c lab2_var2_v1 --timing_analysis_only
Warning: Found pins functioning as undefined clocks and/or memory enables
    Info: Assuming node "clk" is an undefined clock
Warning: Found 4 node(s) in clock paths which may be acting as ripple and/or gated clocks -- node(s) analyzed as buffer(s) resulting in clock skew
    Info: Detected ripple clock "single_pulse:inst|lpm_counter2:inst|lpm_counter:lpm_counter_component|cntr_plh:auto_generated|safe_q[0]" as buffer
    Info: Detected ripple clock "single_pulse:inst|lpm_counter2:inst|lpm_counter:lpm_counter_component|cntr_plh:auto_generated|safe_q[1]" as buffer
    Info: Detected ripple clock "single_pulse:inst|lpm_counter2:inst|lpm_counter:lpm_counter_component|cntr_plh:auto_generated|safe_q[2]" as buffer
    Info: Detected gated clock "single_pulse:inst|lpm_compare0:inst5|lpm_compare:lpm_compare_component|cmpr_obj:auto_generated|ageb" as buffer
Info: Slack time is 22.35 ns for clock "clk" between source register "DCA_gen:inst6|lpm_counter0:inst|lpm_counter:lpm_counter_component|cntr_4gj:auto_generated|safe_q[0]" and destination register "DCA_gen:inst6|lpm_counter1:inst3|lpm_counter:lpm_counter_component|cntr_6ai:auto_generated|safe_q[2]"
    Info: Fmax is 377.36 MHz (period= 2.65 ns)
    Info: + Largest register to register requirement is 24.559 ns
        Info: + Setup relationship between source and destination is 25.000 ns
            Info: + Latch edge is 25.000 ns
                Info: Clock period of Destination clock "clk" is 25.000 ns with  offset of 0.000 ns and duty cycle of 50
                Info: Multicycle Setup factor for Destination register is 1
            Info: - Launch edge is 0.000 ns
                Info: Clock period of Source clock "clk" is 25.000 ns with  offset of 0.000 ns and duty cycle of 50
                Info: Multicycle Setup factor for Source register is 1
        Info: + Largest clock skew is -0.257 ns
            Info: + Shortest clock path from clock "clk" to destination register is 5.243 ns
                Info: 1: + IC(0.000 ns) + CELL(0.830 ns) = 0.830 ns; Loc. = PIN_D2; Fanout = 3; CLK Node = 'clk'
                Info: 2: + IC(0.580 ns) + CELL(0.712 ns) = 2.122 ns; Loc. = LCFF_X39_Y25_N31; Fanout = 3; REG Node = 'single_pulse:inst|lpm_counter2:inst|lpm_counter:lpm_counter_component|cntr_plh:auto_generated|safe_q[0]'
                Info: 3: + IC(0.210 ns) + CELL(0.053 ns) = 2.385 ns; Loc. = LCCOMB_X39_Y25_N12; Fanout = 1; COMB Node = 'single_pulse:inst|lpm_compare0:inst5|lpm_compare:lpm_compare_component|cmpr_obj:auto_generated|ageb'
                Info: 4: + IC(1.586 ns) + CELL(0.000 ns) = 3.971 ns; Loc. = CLKCTRL_G13; Fanout = 8; COMB Node = 'single_pulse:inst|lpm_compare0:inst5|lpm_compare:lpm_compare_component|cmpr_obj:auto_generated|ageb~clkctrl'
                Info: 5: + IC(0.654 ns) + CELL(0.618 ns) = 5.243 ns; Loc. = LCFF_X23_Y22_N5; Fanout = 18; REG Node = 'DCA_gen:inst6|lpm_counter1:inst3|lpm_counter:lpm_counter_component|cntr_6ai:auto_generated|safe_q[2]'
                Info: Total cell delay = 2.213 ns ( 42.21 % )
                Info: Total interconnect delay = 3.030 ns ( 57.79 % )
            Info: - Longest clock path from clock "clk" to source register is 5.500 ns
                Info: 1: + IC(0.000 ns) + CELL(0.830 ns) = 0.830 ns; Loc. = PIN_D2; Fanout = 3; CLK Node = 'clk'
                Info: 2: + IC(0.580 ns) + CELL(0.712 ns) = 2.122 ns; Loc. = LCFF_X39_Y25_N25; Fanout = 2; REG Node = 'single_pulse:inst|lpm_counter2:inst|lpm_counter:lpm_counter_component|cntr_plh:auto_generated|safe_q[2]'
                Info: 3: + IC(0.248 ns) + CELL(0.272 ns) = 2.642 ns; Loc. = LCCOMB_X39_Y25_N12; Fanout = 1; COMB Node = 'single_pulse:inst|lpm_compare0:inst5|lpm_compare:lpm_compare_component|cmpr_obj:auto_generated|ageb'
                Info: 4: + IC(1.586 ns) + CELL(0.000 ns) = 4.228 ns; Loc. = CLKCTRL_G13; Fanout = 8; COMB Node = 'single_pulse:inst|lpm_compare0:inst5|lpm_compare:lpm_compare_component|cmpr_obj:auto_generated|ageb~clkctrl'
                Info: 5: + IC(0.654 ns) + CELL(0.618 ns) = 5.500 ns; Loc. = LCFF_X23_Y22_N17; Fanout = 3; REG Node = 'DCA_gen:inst6|lpm_counter0:inst|lpm_counter:lpm_counter_component|cntr_4gj:auto_generated|safe_q[0]'
                Info: Total cell delay = 2.432 ns ( 44.22 % )
                Info: Total interconnect delay = 3.068 ns ( 55.78 % )
        Info: - Micro clock to output delay of source is 0.094 ns
        Info: - Micro setup delay of destination is 0.090 ns
    Info: - Longest register to register delay is 2.209 ns
        Info: 1: + IC(0.000 ns) + CELL(0.000 ns) = 0.000 ns; Loc. = LCFF_X23_Y22_N17; Fanout = 3; REG Node = 'DCA_gen:inst6|lpm_counter0:inst|lpm_counter:lpm_counter_component|cntr_4gj:auto_generated|safe_q[0]'
        Info: 2: + IC(0.000 ns) + CELL(0.458 ns) = 0.458 ns; Loc. = LCCOMB_X23_Y22_N16; Fanout = 2; COMB Node = 'DCA_gen:inst6|lpm_counter0:inst|lpm_counter:lpm_counter_component|cntr_4gj:auto_generated|counter_comb_bita0~COUT'
        Info: 3: + IC(0.000 ns) + CELL(0.035 ns) = 0.493 ns; Loc. = LCCOMB_X23_Y22_N18; Fanout = 2; COMB Node = 'DCA_gen:inst6|lpm_counter0:inst|lpm_counter:lpm_counter_component|cntr_4gj:auto_generated|counter_comb_bita1~COUT'
        Info: 4: + IC(0.000 ns) + CELL(0.035 ns) = 0.528 ns; Loc. = LCCOMB_X23_Y22_N20; Fanout = 2; COMB Node = 'DCA_gen:inst6|lpm_counter0:inst|lpm_counter:lpm_counter_component|cntr_4gj:auto_generated|counter_comb_bita2~COUT'
        Info: 5: + IC(0.000 ns) + CELL(0.035 ns) = 0.563 ns; Loc. = LCCOMB_X23_Y22_N22; Fanout = 1; COMB Node = 'DCA_gen:inst6|lpm_counter0:inst|lpm_counter:lpm_counter_component|cntr_4gj:auto_generated|counter_comb_bita3~COUT'
        Info: 6: + IC(0.000 ns) + CELL(0.125 ns) = 0.688 ns; Loc. = LCCOMB_X23_Y22_N24; Fanout = 1; COMB Node = 'DCA_gen:inst6|lpm_counter0:inst|lpm_counter:lpm_counter_component|cntr_4gj:auto_generated|counter_comb_bita3~1'
        Info: 7: + IC(0.288 ns) + CELL(0.272 ns) = 1.248 ns; Loc. = LCCOMB_X23_Y22_N30; Fanout = 8; COMB Node = 'DCA_gen:inst6|lpm_counter0:inst|lpm_counter:lpm_counter_component|cntr_4gj:auto_generated|cout_actual'
        Info: 8: + IC(0.215 ns) + CELL(0.746 ns) = 2.209 ns; Loc. = LCFF_X23_Y22_N5; Fanout = 18; REG Node = 'DCA_gen:inst6|lpm_counter1:inst3|lpm_counter:lpm_counter_component|cntr_6ai:auto_generated|safe_q[2]'
        Info: Total cell delay = 1.706 ns ( 77.23 % )
        Info: Total interconnect delay = 0.503 ns ( 22.77 % )
Info: Minimum slack time is 297 ps for clock "clk" between source register "DCA_gen:inst6|lpm_counter1:inst3|lpm_counter:lpm_counter_component|cntr_6ai:auto_generated|safe_q[2]" and destination register "DCA_gen:inst6|lpm_counter1:inst3|lpm_counter:lpm_counter_component|cntr_6ai:auto_generated|safe_q[2]"
    Info: + Shortest register to register delay is 0.609 ns
        Info: 1: + IC(0.000 ns) + CELL(0.000 ns) = 0.000 ns; Loc. = LCFF_X23_Y22_N5; Fanout = 18; REG Node = 'DCA_gen:inst6|lpm_counter1:inst3|lpm_counter:lpm_counter_component|cntr_6ai:auto_generated|safe_q[2]'
        Info: 2: + IC(0.000 ns) + CELL(0.512 ns) = 0.512 ns; Loc. = LCCOMB_X23_Y22_N4; Fanout = 1; COMB Node = 'DCA_gen:inst6|lpm_counter1:inst3|lpm_counter:lpm_counter_component|cntr_6ai:auto_generated|counter_comb_bita2'
        Info: 3: + IC(0.000 ns) + CELL(0.097 ns) = 0.609 ns; Loc. = LCFF_X23_Y22_N5; Fanout = 18; REG Node = 'DCA_gen:inst6|lpm_counter1:inst3|lpm_counter:lpm_counter_component|cntr_6ai:auto_generated|safe_q[2]'
        Info: Total cell delay = 0.609 ns ( 100.00 % )
    Info: - Smallest register to register requirement is 0.312 ns
        Info: + Hold relationship between source and destination is 0.000 ns
            Info: + Latch edge is 0.000 ns
                Info: Clock period of Destination clock "clk" is 25.000 ns with  offset of 0.000 ns and duty cycle of 50
                Info: Multicycle Setup factor for Destination register is 1
                Info: Multicycle Hold factor for Destination register is 1
            Info: - Launch edge is 0.000 ns
                Info: Clock period of Source clock "clk" is 25.000 ns with  offset of 0.000 ns and duty cycle of 50
                Info: Multicycle Setup factor for Source register is 1
                Info: Multicycle Hold factor for Source register is 1
        Info: + Smallest clock skew is 0.257 ns
            Info: + Longest clock path from clock "clk" to destination register is 5.500 ns
                Info: 1: + IC(0.000 ns) + CELL(0.830 ns) = 0.830 ns; Loc. = PIN_D2; Fanout = 3; CLK Node = 'clk'
                Info: 2: + IC(0.580 ns) + CELL(0.712 ns) = 2.122 ns; Loc. = LCFF_X39_Y25_N25; Fanout = 2; REG Node = 'single_pulse:inst|lpm_counter2:inst|lpm_counter:lpm_counter_component|cntr_plh:auto_generated|safe_q[2]'
                Info: 3: + IC(0.248 ns) + CELL(0.272 ns) = 2.642 ns; Loc. = LCCOMB_X39_Y25_N12; Fanout = 1; COMB Node = 'single_pulse:inst|lpm_compare0:inst5|lpm_compare:lpm_compare_component|cmpr_obj:auto_generated|ageb'
                Info: 4: + IC(1.586 ns) + CELL(0.000 ns) = 4.228 ns; Loc. = CLKCTRL_G13; Fanout = 8; COMB Node = 'single_pulse:inst|lpm_compare0:inst5|lpm_compare:lpm_compare_component|cmpr_obj:auto_generated|ageb~clkctrl'
                Info: 5: + IC(0.654 ns) + CELL(0.618 ns) = 5.500 ns; Loc. = LCFF_X23_Y22_N5; Fanout = 18; REG Node = 'DCA_gen:inst6|lpm_counter1:inst3|lpm_counter:lpm_counter_component|cntr_6ai:auto_generated|safe_q[2]'
                Info: Total cell delay = 2.432 ns ( 44.22 % )
                Info: Total interconnect delay = 3.068 ns ( 55.78 % )
            Info: - Shortest clock path from clock "clk" to source register is 5.243 ns
                Info: 1: + IC(0.000 ns) + CELL(0.830 ns) = 0.830 ns; Loc. = PIN_D2; Fanout = 3; CLK Node = 'clk'
                Info: 2: + IC(0.580 ns) + CELL(0.712 ns) = 2.122 ns; Loc. = LCFF_X39_Y25_N31; Fanout = 3; REG Node = 'single_pulse:inst|lpm_counter2:inst|lpm_counter:lpm_counter_component|cntr_plh:auto_generated|safe_q[0]'
                Info: 3: + IC(0.210 ns) + CELL(0.053 ns) = 2.385 ns; Loc. = LCCOMB_X39_Y25_N12; Fanout = 1; COMB Node = 'single_pulse:inst|lpm_compare0:inst5|lpm_compare:lpm_compare_component|cmpr_obj:auto_generated|ageb'
                Info: 4: + IC(1.586 ns) + CELL(0.000 ns) = 3.971 ns; Loc. = CLKCTRL_G13; Fanout = 8; COMB Node = 'single_pulse:inst|lpm_compare0:inst5|lpm_compare:lpm_compare_component|cmpr_obj:auto_generated|ageb~clkctrl'
                Info: 5: + IC(0.654 ns) + CELL(0.618 ns) = 5.243 ns; Loc. = LCFF_X23_Y22_N5; Fanout = 18; REG Node = 'DCA_gen:inst6|lpm_counter1:inst3|lpm_counter:lpm_counter_component|cntr_6ai:auto_generated|safe_q[2]'
                Info: Total cell delay = 2.213 ns ( 42.21 % )
                Info: Total interconnect delay = 3.030 ns ( 57.79 % )
        Info: - Micro clock to output delay of source is 0.094 ns
        Info: + Micro hold delay of destination is 0.149 ns
Info: tco from clock "clk" to destination pin "DCa[12]" through register "DCA_gen:inst6|lpm_counter1:inst3|lpm_counter:lpm_counter_component|cntr_6ai:auto_generated|safe_q[0]" is 11.808 ns
    Info: + Longest clock path from clock "clk" to source register is 5.500 ns
        Info: 1: + IC(0.000 ns) + CELL(0.830 ns) = 0.830 ns; Loc. = PIN_D2; Fanout = 3; CLK Node = 'clk'
        Info: 2: + IC(0.580 ns) + CELL(0.712 ns) = 2.122 ns; Loc. = LCFF_X39_Y25_N25; Fanout = 2; REG Node = 'single_pulse:inst|lpm_counter2:inst|lpm_counter:lpm_counter_component|cntr_plh:auto_generated|safe_q[2]'
        Info: 3: + IC(0.248 ns) + CELL(0.272 ns) = 2.642 ns; Loc. = LCCOMB_X39_Y25_N12; Fanout = 1; COMB Node = 'single_pulse:inst|lpm_compare0:inst5|lpm_compare:lpm_compare_component|cmpr_obj:auto_generated|ageb'
        Info: 4: + IC(1.586 ns) + CELL(0.000 ns) = 4.228 ns; Loc. = CLKCTRL_G13; Fanout = 8; COMB Node = 'single_pulse:inst|lpm_compare0:inst5|lpm_compare:lpm_compare_component|cmpr_obj:auto_generated|ageb~clkctrl'
        Info: 5: + IC(0.654 ns) + CELL(0.618 ns) = 5.500 ns; Loc. = LCFF_X23_Y22_N1; Fanout = 18; REG Node = 'DCA_gen:inst6|lpm_counter1:inst3|lpm_counter:lpm_counter_component|cntr_6ai:auto_generated|safe_q[0]'
        Info: Total cell delay = 2.432 ns ( 44.22 % )
        Info: Total interconnect delay = 3.068 ns ( 55.78 % )
    Info: + Micro clock to output delay of source is 0.094 ns
    Info: + Longest register to pin delay is 6.214 ns
        Info: 1: + IC(0.000 ns) + CELL(0.000 ns) = 0.000 ns; Loc. = LCFF_X23_Y22_N1; Fanout = 18; REG Node = 'DCA_gen:inst6|lpm_counter1:inst3|lpm_counter:lpm_counter_component|cntr_6ai:auto_generated|safe_q[0]'
        Info: 2: + IC(1.078 ns) + CELL(0.366 ns) = 1.444 ns; Loc. = LCCOMB_X30_Y24_N18; Fanout = 1; COMB Node = 'DCA_gen:inst6|lpm_decode0:inst4|lpm_decode:lpm_decode_component|decode_e9f:auto_generated|w_anode132w[3]~0'
        Info: 3: + IC(2.772 ns) + CELL(1.998 ns) = 6.214 ns; Loc. = PIN_AA13; Fanout = 0; PIN Node = 'DCa[12]'
        Info: Total cell delay = 2.364 ns ( 38.04 % )
        Info: Total interconnect delay = 3.850 ns ( 61.96 % )
Info: All timing requirements were met for slow timing model timing analysis. See Report window for more details.
Info: Quartus II Classic Timing Analyzer was successful. 0 errors, 2 warnings
    Info: Peak virtual memory: 201 megabytes
    Info: Processing ended: Mon May 04 19:22:47 2026
    Info: Elapsed time: 00:00:00
    Info: Total CPU time (on all processors): 00:00:00


