Analysis & Synthesis report for lab2_var2_v1
Mon May 04 19:22:40 2026
Quartus II Version 9.1 Build 222 10/21/2009 SJ Web Edition


---------------------
; Table of Contents ;
---------------------
  1. Legal Notice
  2. Analysis & Synthesis Summary
  3. Analysis & Synthesis Settings
  4. Parallel Compilation
  5. Analysis & Synthesis Source Files Read
  6. Analysis & Synthesis Resource Usage Summary
  7. Analysis & Synthesis Resource Utilization by Entity
  8. General Register Statistics
  9. Source assignments for DCA_gen:inst6|lpm_counter1:inst3|lpm_counter:lpm_counter_component
 10. Source assignments for DCA_gen:inst6|lpm_counter0:inst|lpm_counter:lpm_counter_component
 11. Source assignments for single_pulse:inst|lpm_counter2:inst|lpm_counter:lpm_counter_component
 12. Parameter Settings for User Entity Instance: DCA_gen:inst6|lpm_decode0:inst4|lpm_decode:lpm_decode_component
 13. Parameter Settings for User Entity Instance: DCA_gen:inst6|lpm_counter1:inst3|lpm_counter:lpm_counter_component
 14. Parameter Settings for User Entity Instance: DCA_gen:inst6|lpm_counter0:inst|lpm_counter:lpm_counter_component
 15. Parameter Settings for User Entity Instance: single_pulse:inst|lpm_compare0:inst5|lpm_compare:lpm_compare_component
 16. Parameter Settings for User Entity Instance: single_pulse:inst|lpm_counter2:inst|lpm_counter:lpm_counter_component
 17. Analysis & Synthesis Messages



----------------
; Legal Notice ;
----------------
Copyright (C) 1991-2009 Altera Corporation
Your use of Altera Corporation's design tools, logic functions 
and other software and tools, and its AMPP partner logic 
functions, and any output files from any of the foregoing 
(including device programming or simulation files), and any 
associated documentation or information are expressly subject 
to the terms and conditions of the Altera Program License 
Subscription Agreement, Altera MegaCore Function License 
Agreement, or other applicable license agreement, including, 
without limitation, that your use is for the sole purpose of 
programming logic devices manufactured by Altera and sold by 
Altera or its authorized distributors.  Please refer to the 
applicable agreement for further details.



+-------------------------------------------------------------------------+
; Analysis & Synthesis Summary                                            ;
+-------------------------------+-----------------------------------------+
; Analysis & Synthesis Status   ; Successful - Mon May 04 19:22:40 2026   ;
; Quartus II Version            ; 9.1 Build 222 10/21/2009 SJ Web Edition ;
; Revision Name                 ; lab2_var2_v1                            ;
; Top-level Entity Name         ; clock_generator                         ;
; Family                        ; Stratix II                              ;
; Logic utilization             ; N/A                                     ;
;     Combinational ALUTs       ; 31                                      ;
;     Dedicated logic registers ; 11                                      ;
; Total registers               ; 11                                      ;
; Total pins                    ; 17                                      ;
; Total virtual pins            ; 0                                       ;
; Total block memory bits       ; 0                                       ;
; DSP block 9-bit elements      ; 0                                       ;
; Total PLLs                    ; 0                                       ;
; Total DLLs                    ; 0                                       ;
+-------------------------------+-----------------------------------------+


+----------------------------------------------------------------------------------------------------------------------+
; Analysis & Synthesis Settings                                                                                        ;
+----------------------------------------------------------------------------+--------------------+--------------------+
; Option                                                                     ; Setting            ; Default Value      ;
+----------------------------------------------------------------------------+--------------------+--------------------+
; Top-level entity name                                                      ; clock_generator    ; lab2_var2_v1       ;
; Family name                                                                ; Stratix II         ; Stratix II         ;
; Use Generated Physical Constraints File                                    ; Off                ;                    ;
; Use smart compilation                                                      ; Off                ; Off                ;
; Enable parallel Assembler and TimeQuest Timing Analyzer during compilation ; On                 ; On                 ;
; Enable compact report table                                                ; Off                ; Off                ;
; Restructure Multiplexers                                                   ; Auto               ; Auto               ;
; Create Debugging Nodes for IP Cores                                        ; Off                ; Off                ;
; Preserve fewer node names                                                  ; On                 ; On                 ;
; Disable OpenCore Plus hardware evaluation                                  ; Off                ; Off                ;
; Verilog Version                                                            ; Verilog_2001       ; Verilog_2001       ;
; VHDL Version                                                               ; VHDL_1993          ; VHDL_1993          ;
; State Machine Processing                                                   ; Auto               ; Auto               ;
; Safe State Machine                                                         ; Off                ; Off                ;
; Extract Verilog State Machines                                             ; On                 ; On                 ;
; Extract VHDL State Machines                                                ; On                 ; On                 ;
; Ignore Verilog initial constructs                                          ; Off                ; Off                ;
; Iteration limit for constant Verilog loops                                 ; 5000               ; 5000               ;
; Iteration limit for non-constant Verilog loops                             ; 250                ; 250                ;
; Add Pass-Through Logic to Inferred RAMs                                    ; On                 ; On                 ;
; Parallel Synthesis                                                         ; On                 ; On                 ;
; DSP Block Balancing                                                        ; Auto               ; Auto               ;
; NOT Gate Push-Back                                                         ; On                 ; On                 ;
; Power-Up Don't Care                                                        ; On                 ; On                 ;
; Remove Redundant Logic Cells                                               ; Off                ; Off                ;
; Remove Duplicate Registers                                                 ; On                 ; On                 ;
; Ignore CARRY Buffers                                                       ; Off                ; Off                ;
; Ignore CASCADE Buffers                                                     ; Off                ; Off                ;
; Ignore GLOBAL Buffers                                                      ; Off                ; Off                ;
; Ignore ROW GLOBAL Buffers                                                  ; Off                ; Off                ;
; Ignore LCELL Buffers                                                       ; Off                ; Off                ;
; Ignore SOFT Buffers                                                        ; On                 ; On                 ;
; Limit AHDL Integers to 32 Bits                                             ; Off                ; Off                ;
; Optimization Technique                                                     ; Balanced           ; Balanced           ;
; Carry Chain Length                                                         ; 70                 ; 70                 ;
; Auto Carry Chains                                                          ; On                 ; On                 ;
; Auto Open-Drain Pins                                                       ; On                 ; On                 ;
; Perform WYSIWYG Primitive Resynthesis                                      ; Off                ; Off                ;
; Auto ROM Replacement                                                       ; On                 ; On                 ;
; Auto RAM Replacement                                                       ; On                 ; On                 ;
; Auto DSP Block Replacement                                                 ; On                 ; On                 ;
; Auto Shift Register Replacement                                            ; Auto               ; Auto               ;
; Auto Clock Enable Replacement                                              ; On                 ; On                 ;
; Strict RAM Replacement                                                     ; Off                ; Off                ;
; Allow Synchronous Control Signals                                          ; On                 ; On                 ;
; Force Use of Synchronous Clear Signals                                     ; Off                ; Off                ;
; Auto RAM Block Balancing                                                   ; On                 ; On                 ;
; Auto RAM to Logic Cell Conversion                                          ; Off                ; Off                ;
; Auto Resource Sharing                                                      ; Off                ; Off                ;
; Allow Any RAM Size For Recognition                                         ; Off                ; Off                ;
; Allow Any ROM Size For Recognition                                         ; Off                ; Off                ;
; Allow Any Shift Register Size For Recognition                              ; Off                ; Off                ;
; Use LogicLock Constraints during Resource Balancing                        ; On                 ; On                 ;
; Ignore translate_off and synthesis_off directives                          ; Off                ; Off                ;
; Timing-Driven Synthesis                                                    ; Off                ; Off                ;
; Show Parameter Settings Tables in Synthesis Report                         ; On                 ; On                 ;
; Ignore Maximum Fan-Out Assignments                                         ; Off                ; Off                ;
; Synchronization Register Chain Length                                      ; 2                  ; 2                  ;
; PowerPlay Power Optimization                                               ; Normal compilation ; Normal compilation ;
; HDL message level                                                          ; Level2             ; Level2             ;
; Suppress Register Optimization Related Messages                            ; Off                ; Off                ;
; Number of Removed Registers Reported in Synthesis Report                   ; 100                ; 100                ;
; Number of Inverted Registers Reported in Synthesis Report                  ; 100                ; 100                ;
; Clock MUX Protection                                                       ; On                 ; On                 ;
; Auto Gated Clock Conversion                                                ; Off                ; Off                ;
; Block Design Naming                                                        ; Auto               ; Auto               ;
; SDC constraint protection                                                  ; Off                ; Off                ;
; Synthesis Effort                                                           ; Auto               ; Auto               ;
; Shift Register Replacement - Allow Asynchronous Clear Signal               ; On                 ; On                 ;
; Analysis & Synthesis Message Level                                         ; Medium             ; Medium             ;
; Disable Register Merging Across Hierarchies                                ; Auto               ; Auto               ;
; Resource Aware Inference For Block RAM                                     ; On                 ; On                 ;
+----------------------------------------------------------------------------+--------------------+--------------------+


Parallel compilation was disabled, but you have multiple processors available. Enable parallel compilation to reduce compilation time.
+-------------------------------------+
; Parallel Compilation                ;
+----------------------------+--------+
; Processors                 ; Number ;
+----------------------------+--------+
; Number detected on machine ; 6      ;
; Maximum allowed            ; 1      ;
+----------------------------+--------+


+------------------------------------------------------------------------------------------------------------------------------------------------------------------------------+
; Analysis & Synthesis Source Files Read                                                                                                                                       ;
+----------------------------------+-----------------+------------------------------------+------------------------------------------------------------------------------------+
; File Name with User-Entered Path ; Used in Netlist ; File Type                          ; File Name with Absolute Path                                                       ;
+----------------------------------+-----------------+------------------------------------+------------------------------------------------------------------------------------+
; clock_generator.bdf              ; yes             ; User Block Diagram/Schematic File  ; C:/Users/lapshet/Desktop/labs/Laba 4/lab4_var2_v1/lab2_var2_v1/clock_generator.bdf ;
; lpm_counter0.tdf                 ; yes             ; User Wizard-Generated File         ; C:/Users/lapshet/Desktop/labs/Laba 4/lab4_var2_v1/lab2_var2_v1/lpm_counter0.tdf    ;
; lpm_counter1.vhd                 ; yes             ; User Wizard-Generated File         ; C:/Users/lapshet/Desktop/labs/Laba 4/lab4_var2_v1/lab2_var2_v1/lpm_counter1.vhd    ;
; lpm_decode0.vhd                  ; yes             ; User Wizard-Generated File         ; C:/Users/lapshet/Desktop/labs/Laba 4/lab4_var2_v1/lab2_var2_v1/lpm_decode0.vhd     ;
; DCA_gen.bdf                      ; yes             ; User Block Diagram/Schematic File  ; C:/Users/lapshet/Desktop/labs/Laba 4/lab4_var2_v1/lab2_var2_v1/DCA_gen.bdf         ;
; single_pulse.bdf                 ; yes             ; User Block Diagram/Schematic File  ; C:/Users/lapshet/Desktop/labs/Laba 4/lab4_var2_v1/lab2_var2_v1/single_pulse.bdf    ;
; lpm_counter2.vhd                 ; yes             ; User Wizard-Generated File         ; C:/Users/lapshet/Desktop/labs/Laba 4/lab4_var2_v1/lab2_var2_v1/lpm_counter2.vhd    ;
; lpm_compare0.vhd                 ; yes             ; User Wizard-Generated File         ; C:/Users/lapshet/Desktop/labs/Laba 4/lab4_var2_v1/lab2_var2_v1/lpm_compare0.vhd    ;
; lpm_counter.inc                  ; yes             ; Megafunction                       ; c:/altera/91/quartus/libraries/megafunctions/lpm_counter.inc                       ;
; lpm_decode.tdf                   ; yes             ; Megafunction                       ; c:/altera/91/quartus/libraries/megafunctions/lpm_decode.tdf                        ;
; db/decode_e9f.tdf                ; yes             ; Auto-Generated Megafunction        ; C:/Users/lapshet/Desktop/labs/Laba 4/lab4_var2_v1/lab2_var2_v1/db/decode_e9f.tdf   ;
; lpm_counter.tdf                  ; yes             ; Megafunction                       ; c:/altera/91/quartus/libraries/megafunctions/lpm_counter.tdf                       ;
; db/cntr_6ai.tdf                  ; yes             ; Auto-Generated Megafunction        ; C:/Users/lapshet/Desktop/labs/Laba 4/lab4_var2_v1/lab2_var2_v1/db/cntr_6ai.tdf     ;
; db/cntr_4gj.tdf                  ; yes             ; Auto-Generated Megafunction        ; C:/Users/lapshet/Desktop/labs/Laba 4/lab4_var2_v1/lab2_var2_v1/db/cntr_4gj.tdf     ;
; db/cmpr_adc.tdf                  ; yes             ; Auto-Generated Megafunction        ; C:/Users/lapshet/Desktop/labs/Laba 4/lab4_var2_v1/lab2_var2_v1/db/cmpr_adc.tdf     ;
; lpm_compare.tdf                  ; yes             ; Megafunction                       ; c:/altera/91/quartus/libraries/megafunctions/lpm_compare.tdf                       ;
; db/cmpr_obj.tdf                  ; yes             ; Auto-Generated Megafunction        ; C:/Users/lapshet/Desktop/labs/Laba 4/lab4_var2_v1/lab2_var2_v1/db/cmpr_obj.tdf     ;
; db/cntr_plh.tdf                  ; yes             ; Auto-Generated Megafunction        ; C:/Users/lapshet/Desktop/labs/Laba 4/lab4_var2_v1/lab2_var2_v1/db/cntr_plh.tdf     ;
+----------------------------------+-----------------+------------------------------------+------------------------------------------------------------------------------------+


+------------------------------------------------------------------------------------------------------------------------------------------------------+
; Analysis & Synthesis Resource Usage Summary                                                                                                          ;
+-----------------------------------------------+------------------------------------------------------------------------------------------------------+
; Resource                                      ; Usage                                                                                                ;
+-----------------------------------------------+------------------------------------------------------------------------------------------------------+
; Estimated ALUTs Used                          ; 31                                                                                                   ;
; Dedicated logic registers                     ; 11                                                                                                   ;
;                                               ;                                                                                                      ;
; Estimated ALUTs Unavailable                   ; 0                                                                                                    ;
;                                               ;                                                                                                      ;
; Total combinational functions                 ; 31                                                                                                   ;
; Combinational ALUT usage by number of inputs  ;                                                                                                      ;
;     -- 7 input functions                      ; 0                                                                                                    ;
;     -- 6 input functions                      ; 0                                                                                                    ;
;     -- 5 input functions                      ; 1                                                                                                    ;
;     -- 4 input functions                      ; 16                                                                                                   ;
;     -- <=3 input functions                    ; 14                                                                                                   ;
;                                               ;                                                                                                      ;
; Combinational ALUTs by mode                   ;                                                                                                      ;
;     -- normal mode                            ; 19                                                                                                   ;
;     -- extended LUT mode                      ; 0                                                                                                    ;
;     -- arithmetic mode                        ; 12                                                                                                   ;
;     -- shared arithmetic mode                 ; 0                                                                                                    ;
;                                               ;                                                                                                      ;
; Estimated ALUT/register pairs used            ; 31                                                                                                   ;
;                                               ;                                                                                                      ;
; Total registers                               ; 11                                                                                                   ;
;     -- Dedicated logic registers              ; 11                                                                                                   ;
;     -- I/O registers                          ; 0                                                                                                    ;
;                                               ;                                                                                                      ;
; Estimated ALMs:  partially or completely used ; 16                                                                                                   ;
;                                               ;                                                                                                      ;
; I/O pins                                      ; 17                                                                                                   ;
; Maximum fan-out node                          ; DCA_gen:inst6|lpm_counter1:inst3|lpm_counter:lpm_counter_component|cntr_6ai:auto_generated|safe_q[0] ;
; Maximum fan-out                               ; 17                                                                                                   ;
; Total fan-out                                 ; 142                                                                                                  ;
; Average fan-out                               ; 2.41                                                                                                 ;
+-----------------------------------------------+------------------------------------------------------------------------------------------------------+


+-------------------------------------------------------------------------------------------------------------------------------------------------------------------------------------------------------------------------------------------------------------------------------------------------------------+
; Analysis & Synthesis Resource Utilization by Entity                                                                                                                                                                                                                                                         ;
+----------------------------------------------+-------------------+--------------+-------------------+--------------+---------+-----------+-----------+------+--------------+-----------------------------------------------------------------------------------------------------------------+--------------+
; Compilation Hierarchy Node                   ; LC Combinationals ; LC Registers ; Block Memory Bits ; DSP Elements ; DSP 9x9 ; DSP 18x18 ; DSP 36x36 ; Pins ; Virtual Pins ; Full Hierarchy Name                                                                                             ; Library Name ;
+----------------------------------------------+-------------------+--------------+-------------------+--------------+---------+-----------+-----------+------+--------------+-----------------------------------------------------------------------------------------------------------------+--------------+
; |clock_generator                             ; 31 (1)            ; 11 (0)       ; 0                 ; 0            ; 0       ; 0         ; 0         ; 17   ; 0            ; |clock_generator                                                                                                ; work         ;
;    |DCA_gen:inst6|                           ; 26 (0)            ; 8 (0)        ; 0                 ; 0            ; 0       ; 0         ; 0         ; 0    ; 0            ; |clock_generator|DCA_gen:inst6                                                                                  ;              ;
;       |lpm_counter0:inst|                    ; 6 (0)             ; 4 (0)        ; 0                 ; 0            ; 0       ; 0         ; 0         ; 0    ; 0            ; |clock_generator|DCA_gen:inst6|lpm_counter0:inst                                                                ; work         ;
;          |lpm_counter:lpm_counter_component| ; 6 (0)             ; 4 (0)        ; 0                 ; 0            ; 0       ; 0         ; 0         ; 0    ; 0            ; |clock_generator|DCA_gen:inst6|lpm_counter0:inst|lpm_counter:lpm_counter_component                              ; work         ;
;             |cntr_4gj:auto_generated|        ; 6 (6)             ; 4 (4)        ; 0                 ; 0            ; 0       ; 0         ; 0         ; 0    ; 0            ; |clock_generator|DCA_gen:inst6|lpm_counter0:inst|lpm_counter:lpm_counter_component|cntr_4gj:auto_generated      ; work         ;
;       |lpm_counter1:inst3|                   ; 4 (0)             ; 4 (0)        ; 0                 ; 0            ; 0       ; 0         ; 0         ; 0    ; 0            ; |clock_generator|DCA_gen:inst6|lpm_counter1:inst3                                                               ; work         ;
;          |lpm_counter:lpm_counter_component| ; 4 (0)             ; 4 (0)        ; 0                 ; 0            ; 0       ; 0         ; 0         ; 0    ; 0            ; |clock_generator|DCA_gen:inst6|lpm_counter1:inst3|lpm_counter:lpm_counter_component                             ; work         ;
;             |cntr_6ai:auto_generated|        ; 4 (4)             ; 4 (4)        ; 0                 ; 0            ; 0       ; 0         ; 0         ; 0    ; 0            ; |clock_generator|DCA_gen:inst6|lpm_counter1:inst3|lpm_counter:lpm_counter_component|cntr_6ai:auto_generated     ; work         ;
;       |lpm_decode0:inst4|                    ; 16 (0)            ; 0 (0)        ; 0                 ; 0            ; 0       ; 0         ; 0         ; 0    ; 0            ; |clock_generator|DCA_gen:inst6|lpm_decode0:inst4                                                                ; work         ;
;          |lpm_decode:lpm_decode_component|   ; 16 (0)            ; 0 (0)        ; 0                 ; 0            ; 0       ; 0         ; 0         ; 0    ; 0            ; |clock_generator|DCA_gen:inst6|lpm_decode0:inst4|lpm_decode:lpm_decode_component                                ; work         ;
;             |decode_e9f:auto_generated|      ; 16 (16)           ; 0 (0)        ; 0                 ; 0            ; 0       ; 0         ; 0         ; 0    ; 0            ; |clock_generator|DCA_gen:inst6|lpm_decode0:inst4|lpm_decode:lpm_decode_component|decode_e9f:auto_generated      ; work         ;
;    |single_pulse:inst|                       ; 4 (0)             ; 3 (0)        ; 0                 ; 0            ; 0       ; 0         ; 0         ; 0    ; 0            ; |clock_generator|single_pulse:inst                                                                              ; work         ;
;       |lpm_compare0:inst5|                   ; 1 (0)             ; 0 (0)        ; 0                 ; 0            ; 0       ; 0         ; 0         ; 0    ; 0            ; |clock_generator|single_pulse:inst|lpm_compare0:inst5                                                           ; work         ;
;          |lpm_compare:lpm_compare_component| ; 1 (0)             ; 0 (0)        ; 0                 ; 0            ; 0       ; 0         ; 0         ; 0    ; 0            ; |clock_generator|single_pulse:inst|lpm_compare0:inst5|lpm_compare:lpm_compare_component                         ; work         ;
;             |cmpr_obj:auto_generated|        ; 1 (1)             ; 0 (0)        ; 0                 ; 0            ; 0       ; 0         ; 0         ; 0    ; 0            ; |clock_generator|single_pulse:inst|lpm_compare0:inst5|lpm_compare:lpm_compare_component|cmpr_obj:auto_generated ; work         ;
;       |lpm_counter2:inst|                    ; 3 (0)             ; 3 (0)        ; 0                 ; 0            ; 0       ; 0         ; 0         ; 0    ; 0            ; |clock_generator|single_pulse:inst|lpm_counter2:inst                                                            ; work         ;
;          |lpm_counter:lpm_counter_component| ; 3 (0)             ; 3 (0)        ; 0                 ; 0            ; 0       ; 0         ; 0         ; 0    ; 0            ; |clock_generator|single_pulse:inst|lpm_counter2:inst|lpm_counter:lpm_counter_component                          ; work         ;
;             |cntr_plh:auto_generated|        ; 3 (3)             ; 3 (3)        ; 0                 ; 0            ; 0       ; 0         ; 0         ; 0    ; 0            ; |clock_generator|single_pulse:inst|lpm_counter2:inst|lpm_counter:lpm_counter_component|cntr_plh:auto_generated  ; work         ;
+----------------------------------------------+-------------------+--------------+-------------------+--------------+---------+-----------+-----------+------+--------------+-----------------------------------------------------------------------------------------------------------------+--------------+
Note: For table entries with two numbers listed, the numbers in parentheses indicate the number of resources of the given type used by the specific entity alone. The numbers listed outside of parentheses indicate the total resources of the given type used by the specific entity and all of its sub-entities in the hierarchy.


+------------------------------------------------------+
; General Register Statistics                          ;
+----------------------------------------------+-------+
; Statistic                                    ; Value ;
+----------------------------------------------+-------+
; Total registers                              ; 11    ;
; Number of registers using Synchronous Clear  ; 0     ;
; Number of registers using Synchronous Load   ; 4     ;
; Number of registers using Asynchronous Clear ; 0     ;
; Number of registers using Asynchronous Load  ; 0     ;
; Number of registers using Clock Enable       ; 4     ;
; Number of registers using Preset             ; 0     ;
+----------------------------------------------+-------+


+-------------------------------------------------------------------------------------------+
; Source assignments for DCA_gen:inst6|lpm_counter1:inst3|lpm_counter:lpm_counter_component ;
+---------------------------+-------+------+------------------------------------------------+
; Assignment                ; Value ; From ; To                                             ;
+---------------------------+-------+------+------------------------------------------------+
; SUPPRESS_DA_RULE_INTERNAL ; a101  ; -    ; -                                              ;
; SUPPRESS_DA_RULE_INTERNAL ; s102  ; -    ; -                                              ;
; SUPPRESS_DA_RULE_INTERNAL ; s103  ; -    ; -                                              ;
+---------------------------+-------+------+------------------------------------------------+


+------------------------------------------------------------------------------------------+
; Source assignments for DCA_gen:inst6|lpm_counter0:inst|lpm_counter:lpm_counter_component ;
+---------------------------+-------+------+-----------------------------------------------+
; Assignment                ; Value ; From ; To                                            ;
+---------------------------+-------+------+-----------------------------------------------+
; SUPPRESS_DA_RULE_INTERNAL ; a101  ; -    ; -                                             ;
; SUPPRESS_DA_RULE_INTERNAL ; s102  ; -    ; -                                             ;
; SUPPRESS_DA_RULE_INTERNAL ; s103  ; -    ; -                                             ;
+---------------------------+-------+------+-----------------------------------------------+


+----------------------------------------------------------------------------------------------+
; Source assignments for single_pulse:inst|lpm_counter2:inst|lpm_counter:lpm_counter_component ;
+---------------------------+-------+------+---------------------------------------------------+
; Assignment                ; Value ; From ; To                                                ;
+---------------------------+-------+------+---------------------------------------------------+
; SUPPRESS_DA_RULE_INTERNAL ; a101  ; -    ; -                                                 ;
; SUPPRESS_DA_RULE_INTERNAL ; s102  ; -    ; -                                                 ;
; SUPPRESS_DA_RULE_INTERNAL ; s103  ; -    ; -                                                 ;
+---------------------------+-------+------+---------------------------------------------------+


+--------------------------------------------------------------------------------------------------------------+
; Parameter Settings for User Entity Instance: DCA_gen:inst6|lpm_decode0:inst4|lpm_decode:lpm_decode_component ;
+------------------------+------------+------------------------------------------------------------------------+
; Parameter Name         ; Value      ; Type                                                                   ;
+------------------------+------------+------------------------------------------------------------------------+
; LPM_WIDTH              ; 4          ; Signed Integer                                                         ;
; LPM_DECODES            ; 16         ; Signed Integer                                                         ;
; LPM_PIPELINE           ; 0          ; Untyped                                                                ;
; CASCADE_CHAIN          ; MANUAL     ; Untyped                                                                ;
; DEVICE_FAMILY          ; Stratix II ; Untyped                                                                ;
; CBXI_PARAMETER         ; decode_e9f ; Untyped                                                                ;
; AUTO_CARRY_CHAINS      ; ON         ; AUTO_CARRY                                                             ;
; IGNORE_CARRY_BUFFERS   ; OFF        ; IGNORE_CARRY                                                           ;
; AUTO_CASCADE_CHAINS    ; ON         ; AUTO_CASCADE                                                           ;
; IGNORE_CASCADE_BUFFERS ; OFF        ; IGNORE_CASCADE                                                         ;
+------------------------+------------+------------------------------------------------------------------------+
Note: In order to hide this table in the UI and the text report file, please set the "Show Parameter Settings Tables in Synthesis Report" option in "Analysis and Synthesis Settings -> More Settings" to "Off".


+-----------------------------------------------------------------------------------------------------------------+
; Parameter Settings for User Entity Instance: DCA_gen:inst6|lpm_counter1:inst3|lpm_counter:lpm_counter_component ;
+------------------------+-------------+--------------------------------------------------------------------------+
; Parameter Name         ; Value       ; Type                                                                     ;
+------------------------+-------------+--------------------------------------------------------------------------+
; AUTO_CARRY_CHAINS      ; ON          ; AUTO_CARRY                                                               ;
; IGNORE_CARRY_BUFFERS   ; OFF         ; IGNORE_CARRY                                                             ;
; AUTO_CASCADE_CHAINS    ; ON          ; AUTO_CASCADE                                                             ;
; IGNORE_CASCADE_BUFFERS ; OFF         ; IGNORE_CASCADE                                                           ;
; LPM_WIDTH              ; 4           ; Signed Integer                                                           ;
; LPM_DIRECTION          ; UP          ; Untyped                                                                  ;
; LPM_MODULUS            ; 0           ; Untyped                                                                  ;
; LPM_AVALUE             ; UNUSED      ; Untyped                                                                  ;
; LPM_SVALUE             ; UNUSED      ; Untyped                                                                  ;
; LPM_PORT_UPDOWN        ; PORT_UNUSED ; Untyped                                                                  ;
; DEVICE_FAMILY          ; Stratix II  ; Untyped                                                                  ;
; CARRY_CHAIN            ; MANUAL      ; Untyped                                                                  ;
; CARRY_CHAIN_LENGTH     ; 48          ; CARRY_CHAIN_LENGTH                                                       ;
; NOT_GATE_PUSH_BACK     ; ON          ; NOT_GATE_PUSH_BACK                                                       ;
; CARRY_CNT_EN           ; SMART       ; Untyped                                                                  ;
; LABWIDE_SCLR           ; ON          ; Untyped                                                                  ;
; USE_NEW_VERSION        ; TRUE        ; Untyped                                                                  ;
; CBXI_PARAMETER         ; cntr_6ai    ; Untyped                                                                  ;
+------------------------+-------------+--------------------------------------------------------------------------+
Note: In order to hide this table in the UI and the text report file, please set the "Show Parameter Settings Tables in Synthesis Report" option in "Analysis and Synthesis Settings -> More Settings" to "Off".


+----------------------------------------------------------------------------------------------------------------+
; Parameter Settings for User Entity Instance: DCA_gen:inst6|lpm_counter0:inst|lpm_counter:lpm_counter_component ;
+------------------------+-------------+-------------------------------------------------------------------------+
; Parameter Name         ; Value       ; Type                                                                    ;
+------------------------+-------------+-------------------------------------------------------------------------+
; AUTO_CARRY_CHAINS      ; ON          ; AUTO_CARRY                                                              ;
; IGNORE_CARRY_BUFFERS   ; OFF         ; IGNORE_CARRY                                                            ;
; AUTO_CASCADE_CHAINS    ; ON          ; AUTO_CASCADE                                                            ;
; IGNORE_CASCADE_BUFFERS ; OFF         ; IGNORE_CASCADE                                                          ;
; LPM_WIDTH              ; 4           ; Untyped                                                                 ;
; LPM_DIRECTION          ; UP          ; Untyped                                                                 ;
; LPM_MODULUS            ; 10          ; Untyped                                                                 ;
; LPM_AVALUE             ; UNUSED      ; Untyped                                                                 ;
; LPM_SVALUE             ; UNUSED      ; Untyped                                                                 ;
; LPM_PORT_UPDOWN        ; PORT_UNUSED ; Untyped                                                                 ;
; DEVICE_FAMILY          ; Stratix II  ; Untyped                                                                 ;
; CARRY_CHAIN            ; MANUAL      ; Untyped                                                                 ;
; CARRY_CHAIN_LENGTH     ; 48          ; CARRY_CHAIN_LENGTH                                                      ;
; NOT_GATE_PUSH_BACK     ; ON          ; NOT_GATE_PUSH_BACK                                                      ;
; CARRY_CNT_EN           ; SMART       ; Untyped                                                                 ;
; LABWIDE_SCLR           ; ON          ; Untyped                                                                 ;
; USE_NEW_VERSION        ; TRUE        ; Untyped                                                                 ;
; CBXI_PARAMETER         ; cntr_4gj    ; Untyped                                                                 ;
+------------------------+-------------+-------------------------------------------------------------------------+
Note: In order to hide this table in the UI and the text report file, please set the "Show Parameter Settings Tables in Synthesis Report" option in "Analysis and Synthesis Settings -> More Settings" to "Off".


+---------------------------------------------------------------------------------------------------------------------+
; Parameter Settings for User Entity Instance: single_pulse:inst|lpm_compare0:inst5|lpm_compare:lpm_compare_component ;
+------------------------+------------+-------------------------------------------------------------------------------+
; Parameter Name         ; Value      ; Type                                                                          ;
+------------------------+------------+-------------------------------------------------------------------------------+
; lpm_width              ; 3          ; Signed Integer                                                                ;
; LPM_REPRESENTATION     ; UNSIGNED   ; Untyped                                                                       ;
; LPM_PIPELINE           ; 0          ; Untyped                                                                       ;
; CHAIN_SIZE             ; 8          ; Untyped                                                                       ;
; ONE_INPUT_IS_CONSTANT  ; YES        ; Untyped                                                                       ;
; CARRY_CHAIN            ; MANUAL     ; Untyped                                                                       ;
; CASCADE_CHAIN          ; MANUAL     ; Untyped                                                                       ;
; CARRY_CHAIN_LENGTH     ; 48         ; CARRY_CHAIN_LENGTH                                                            ;
; CASCADE_CHAIN_LENGTH   ; 2          ; CASCADE_CHAIN_LENGTH                                                          ;
; DEVICE_FAMILY          ; Stratix II ; Untyped                                                                       ;
; CBXI_PARAMETER         ; cmpr_obj   ; Untyped                                                                       ;
; AUTO_CARRY_CHAINS      ; ON         ; AUTO_CARRY                                                                    ;
; IGNORE_CARRY_BUFFERS   ; OFF        ; IGNORE_CARRY                                                                  ;
; AUTO_CASCADE_CHAINS    ; ON         ; AUTO_CASCADE                                                                  ;
; IGNORE_CASCADE_BUFFERS ; OFF        ; IGNORE_CASCADE                                                                ;
+------------------------+------------+-------------------------------------------------------------------------------+
Note: In order to hide this table in the UI and the text report file, please set the "Show Parameter Settings Tables in Synthesis Report" option in "Analysis and Synthesis Settings -> More Settings" to "Off".


+--------------------------------------------------------------------------------------------------------------------+
; Parameter Settings for User Entity Instance: single_pulse:inst|lpm_counter2:inst|lpm_counter:lpm_counter_component ;
+------------------------+-------------+-----------------------------------------------------------------------------+
; Parameter Name         ; Value       ; Type                                                                        ;
+------------------------+-------------+-----------------------------------------------------------------------------+
; AUTO_CARRY_CHAINS      ; ON          ; AUTO_CARRY                                                                  ;
; IGNORE_CARRY_BUFFERS   ; OFF         ; IGNORE_CARRY                                                                ;
; AUTO_CASCADE_CHAINS    ; ON          ; AUTO_CASCADE                                                                ;
; IGNORE_CASCADE_BUFFERS ; OFF         ; IGNORE_CASCADE                                                              ;
; LPM_WIDTH              ; 3           ; Signed Integer                                                              ;
; LPM_DIRECTION          ; UP          ; Untyped                                                                     ;
; LPM_MODULUS            ; 0           ; Untyped                                                                     ;
; LPM_AVALUE             ; UNUSED      ; Untyped                                                                     ;
; LPM_SVALUE             ; UNUSED      ; Untyped                                                                     ;
; LPM_PORT_UPDOWN        ; PORT_UNUSED ; Untyped                                                                     ;
; DEVICE_FAMILY          ; Stratix II  ; Untyped                                                                     ;
; CARRY_CHAIN            ; MANUAL      ; Untyped                                                                     ;
; CARRY_CHAIN_LENGTH     ; 48          ; CARRY_CHAIN_LENGTH                                                          ;
; NOT_GATE_PUSH_BACK     ; ON          ; NOT_GATE_PUSH_BACK                                                          ;
; CARRY_CNT_EN           ; SMART       ; Untyped                                                                     ;
; LABWIDE_SCLR           ; ON          ; Untyped                                                                     ;
; USE_NEW_VERSION        ; TRUE        ; Untyped                                                                     ;
; CBXI_PARAMETER         ; cntr_plh    ; Untyped                                                                     ;
+------------------------+-------------+-----------------------------------------------------------------------------+
Note: In order to hide this table in the UI and the text report file, please set the "Show Parameter Settings Tables in Synthesis Report" option in "Analysis and Synthesis Settings -> More Settings" to "Off".


+-------------------------------+
; Analysis & Synthesis Messages ;
+-------------------------------+
Info: *******************************************************************
Info: Running Quartus II Analysis & Synthesis
    Info: Version 9.1 Build 222 10/21/2009 SJ Web Edition
    Info: Processing started: Mon May 04 19:22:39 2026
Info: Command: quartus_map --read_settings_files=on --write_settings_files=off lab2_var2_v1 -c lab2_var2_v1
Info: Found 1 design units, including 1 entities, in source file clock_generator.bdf
    Info: Found entity 1: clock_generator
Info: Found 1 design units, including 1 entities, in source file lpm_counter0.tdf
    Info: Found entity 1: lpm_counter0
Info: Found 2 design units, including 1 entities, in source file lpm_counter1.vhd
    Info: Found design unit 1: lpm_counter1-SYN
    Info: Found entity 1: lpm_counter1
Info: Found 2 design units, including 1 entities, in source file lpm_decode0.vhd
    Info: Found design unit 1: lpm_decode0-SYN
    Info: Found entity 1: lpm_decode0
Info: Found 1 design units, including 1 entities, in source file dca_gen.bdf
    Info: Found entity 1: DCA_gen
Info: Found 1 design units, including 1 entities, in source file single_pulse.bdf
    Info: Found entity 1: single_pulse
Info: Found 2 design units, including 1 entities, in source file lpm_counter2.vhd
    Info: Found design unit 1: lpm_counter2-SYN
    Info: Found entity 1: lpm_counter2
Info: Found 2 design units, including 1 entities, in source file lpm_compare0.vhd
    Info: Found design unit 1: lpm_compare0-SYN
    Info: Found entity 1: lpm_compare0
Info: Found 1 design units, including 1 entities, in source file lab2_var2_v1.bdf
    Info: Found entity 1: lab2_var2_v1
Info: Found 2 design units, including 1 entities, in source file lpm_ff0.vhd
    Info: Found design unit 1: lpm_ff0-SYN
    Info: Found entity 1: lpm_ff0
Info: Elaborating entity "clock_generator" for the top level hierarchy
Info: Elaborating entity "DCA_gen" for hierarchy "DCA_gen:inst6"
Info: Elaborating entity "lpm_decode0" for hierarchy "DCA_gen:inst6|lpm_decode0:inst4"
Info: Elaborating entity "lpm_decode" for hierarchy "DCA_gen:inst6|lpm_decode0:inst4|lpm_decode:lpm_decode_component"
Info: Elaborated megafunction instantiation "DCA_gen:inst6|lpm_decode0:inst4|lpm_decode:lpm_decode_component"
Info: Instantiated megafunction "DCA_gen:inst6|lpm_decode0:inst4|lpm_decode:lpm_decode_component" with the following parameter:
    Info: Parameter "lpm_decodes" = "16"
    Info: Parameter "lpm_type" = "LPM_DECODE"
    Info: Parameter "lpm_width" = "4"
Info: Found 1 design units, including 1 entities, in source file db/decode_e9f.tdf
    Info: Found entity 1: decode_e9f
Info: Elaborating entity "decode_e9f" for hierarchy "DCA_gen:inst6|lpm_decode0:inst4|lpm_decode:lpm_decode_component|decode_e9f:auto_generated"
Info: Elaborating entity "lpm_counter1" for hierarchy "DCA_gen:inst6|lpm_counter1:inst3"
Info: Elaborating entity "lpm_counter" for hierarchy "DCA_gen:inst6|lpm_counter1:inst3|lpm_counter:lpm_counter_component"
Info: Elaborated megafunction instantiation "DCA_gen:inst6|lpm_counter1:inst3|lpm_counter:lpm_counter_component"
Info: Instantiated megafunction "DCA_gen:inst6|lpm_counter1:inst3|lpm_counter:lpm_counter_component" with the following parameter:
    Info: Parameter "lpm_direction" = "UP"
    Info: Parameter "lpm_port_updown" = "PORT_UNUSED"
    Info: Parameter "lpm_type" = "LPM_COUNTER"
    Info: Parameter "lpm_width" = "4"
Info: Found 1 design units, including 1 entities, in source file db/cntr_6ai.tdf
    Info: Found entity 1: cntr_6ai
Info: Elaborating entity "cntr_6ai" for hierarchy "DCA_gen:inst6|lpm_counter1:inst3|lpm_counter:lpm_counter_component|cntr_6ai:auto_generated"
Info: Elaborating entity "lpm_counter0" for hierarchy "DCA_gen:inst6|lpm_counter0:inst"
Info: Elaborating entity "lpm_counter" for hierarchy "DCA_gen:inst6|lpm_counter0:inst|lpm_counter:lpm_counter_component"
Info: Elaborated megafunction instantiation "DCA_gen:inst6|lpm_counter0:inst|lpm_counter:lpm_counter_component"
Info: Instantiated megafunction "DCA_gen:inst6|lpm_counter0:inst|lpm_counter:lpm_counter_component" with the following parameter:
    Info: Parameter "LPM_TYPE" = "LPM_COUNTER"
    Info: Parameter "LPM_WIDTH" = "4"
    Info: Parameter "LPM_DIRECTION" = "UP"
    Info: Parameter "LPM_MODULUS" = "10"
    Info: Parameter "LPM_PORT_UPDOWN" = "PORT_UNUSED"
Info: Found 1 design units, including 1 entities, in source file db/cntr_4gj.tdf
    Info: Found entity 1: cntr_4gj
Info: Elaborating entity "cntr_4gj" for hierarchy "DCA_gen:inst6|lpm_counter0:inst|lpm_counter:lpm_counter_component|cntr_4gj:auto_generated"
Info: Found 1 design units, including 1 entities, in source file db/cmpr_adc.tdf
    Info: Found entity 1: cmpr_adc
Info: Elaborating entity "cmpr_adc" for hierarchy "DCA_gen:inst6|lpm_counter0:inst|lpm_counter:lpm_counter_component|cntr_4gj:auto_generated|cmpr_adc:cmpr2"
Info: Elaborating entity "single_pulse" for hierarchy "single_pulse:inst"
Info: Elaborating entity "lpm_compare0" for hierarchy "single_pulse:inst|lpm_compare0:inst5"
Info: Elaborating entity "lpm_compare" for hierarchy "single_pulse:inst|lpm_compare0:inst5|lpm_compare:lpm_compare_component"
Info: Elaborated megafunction instantiation "single_pulse:inst|lpm_compare0:inst5|lpm_compare:lpm_compare_component"
Info: Instantiated megafunction "single_pulse:inst|lpm_compare0:inst5|lpm_compare:lpm_compare_component" with the following parameter:
    Info: Parameter "lpm_hint" = "ONE_INPUT_IS_CONSTANT=YES"
    Info: Parameter "lpm_representation" = "UNSIGNED"
    Info: Parameter "lpm_type" = "LPM_COMPARE"
    Info: Parameter "lpm_width" = "3"
Info: Found 1 design units, including 1 entities, in source file db/cmpr_obj.tdf
    Info: Found entity 1: cmpr_obj
Info: Elaborating entity "cmpr_obj" for hierarchy "single_pulse:inst|lpm_compare0:inst5|lpm_compare:lpm_compare_component|cmpr_obj:auto_generated"
Info: Elaborating entity "lpm_counter2" for hierarchy "single_pulse:inst|lpm_counter2:inst"
Info: Elaborating entity "lpm_counter" for hierarchy "single_pulse:inst|lpm_counter2:inst|lpm_counter:lpm_counter_component"
Info: Elaborated megafunction instantiation "single_pulse:inst|lpm_counter2:inst|lpm_counter:lpm_counter_component"
Info: Instantiated megafunction "single_pulse:inst|lpm_counter2:inst|lpm_counter:lpm_counter_component" with the following parameter:
    Info: Parameter "lpm_direction" = "UP"
    Info: Parameter "lpm_port_updown" = "PORT_UNUSED"
    Info: Parameter "lpm_type" = "LPM_COUNTER"
    Info: Parameter "lpm_width" = "3"
Info: Found 1 design units, including 1 entities, in source file db/cntr_plh.tdf
    Info: Found entity 1: cntr_plh
Info: Elaborating entity "cntr_plh" for hierarchy "single_pulse:inst|lpm_counter2:inst|lpm_counter:lpm_counter_component|cntr_plh:auto_generated"
Info: Implemented 48 device resources after synthesis - the final resource count might be different
    Info: Implemented 1 input pins
    Info: Implemented 16 output pins
    Info: Implemented 31 logic cells
Info: Quartus II Analysis & Synthesis was successful. 0 errors, 0 warnings
    Info: Peak virtual memory: 264 megabytes
    Info: Processing ended: Mon May 04 19:22:40 2026
    Info: Elapsed time: 00:00:01
    Info: Total CPU time (on all processors): 00:00:02


