Analysis & Synthesis report for lab4_var2_v1
Fri May 01 22:13:22 2026
Quartus II Version 9.1 Build 222 10/21/2009 SJ Web Edition


---------------------
; Table of Contents ;
---------------------
  1. Legal Notice
  2. Analysis & Synthesis Summary
  3. Analysis & Synthesis Settings
  4. Parallel Compilation
  5. Analysis & Synthesis Source Files Read
  6. Analysis & Synthesis Resource Usage Summary
  7. Analysis & Synthesis Resource Utilization by Entity
  8. Registers Removed During Synthesis
  9. Removed Registers Triggering Further Register Optimizations
 10. General Register Statistics
 11. Source assignments for clock_generator:inst|DCA_gen:inst6|lpm_counter1:inst3|lpm_counter:lpm_counter_component
 12. Source assignments for clock_generator:inst|DCA_gen:inst6|lpm_counter0:inst|lpm_counter:lpm_counter_component
 13. Source assignments for clock_generator:inst|single_pulse:inst|lpm_counter2:inst|lpm_counter:lpm_counter_component
 14. Source assignments for lpm_counter3:inst4|lpm_counter:lpm_counter_component
 15. Source assignments for rom_ram_interface:inst8|lpm_rom0:inst|altsyncram:altsyncram_component|altsyncram_9v71:auto_generated
 16. Source assignments for rom_ram_interface:inst8|LPM_RAM_IO:inst2|altram:sram|altsyncram:ram_block|altsyncram_0k71:auto_generated
 17. Parameter Settings for User Entity Instance: clock_generator:inst|DCA_gen:inst6|lpm_decode0:inst4|lpm_decode:lpm_decode_component
 18. Parameter Settings for User Entity Instance: clock_generator:inst|DCA_gen:inst6|lpm_counter1:inst3|lpm_counter:lpm_counter_component
 19. Parameter Settings for User Entity Instance: clock_generator:inst|DCA_gen:inst6|lpm_counter0:inst|lpm_counter:lpm_counter_component
 20. Parameter Settings for User Entity Instance: clock_generator:inst|single_pulse:inst|lpm_compare0:inst5|lpm_compare:lpm_compare_component
 21. Parameter Settings for User Entity Instance: clock_generator:inst|single_pulse:inst|lpm_counter2:inst|lpm_counter:lpm_counter_component
 22. Parameter Settings for User Entity Instance: lpm_counter3:inst4|lpm_counter:lpm_counter_component
 23. Parameter Settings for User Entity Instance: lpm_ff1:POH|lpm_ff:lpm_ff_component
 24. Parameter Settings for User Entity Instance: lpm_ff2:IR|lpm_ff:lpm_ff_component
 25. Parameter Settings for User Entity Instance: rom_ram_interface:inst8|lpm_ff0:inst1|lpm_ff:lpm_ff_component
 26. Parameter Settings for User Entity Instance: rom_ram_interface:inst8|lpm_rom0:inst
 27. Parameter Settings for User Entity Instance: rom_ram_interface:inst8|lpm_rom0:inst|altsyncram:altsyncram_component
 28. Parameter Settings for User Entity Instance: rom_ram_interface:inst8|LPM_RAM_IO:inst2
 29. altsyncram Parameter Settings by Entity Instance
 30. Analysis & Synthesis Messages



----------------
; Legal Notice ;
----------------
Copyright (C) 1991-2009 Altera Corporation
Your use of Altera Corporation's design tools, logic functions 
and other software and tools, and its AMPP partner logic 
functions, and any output files from any of the foregoing 
(including device programming or simulation files), and any 
associated documentation or information are expressly subject 
to the terms and conditions of the Altera Program License 
Subscription Agreement, Altera MegaCore Function License 
Agreement, or other applicable license agreement, including, 
without limitation, that your use is for the sole purpose of 
programming logic devices manufactured by Altera and sold by 
Altera or its authorized distributors.  Please refer to the 
applicable agreement for further details.



+-------------------------------------------------------------------------+
; Analysis & Synthesis Summary                                            ;
+-------------------------------+-----------------------------------------+
; Analysis & Synthesis Status   ; Successful - Fri May 01 22:13:22 2026   ;
; Quartus II Version            ; 9.1 Build 222 10/21/2009 SJ Web Edition ;
; Revision Name                 ; lab4_var2_v1                            ;
; Top-level Entity Name         ; lab4_var2_v1                            ;
; Family                        ; Stratix II                              ;
; Logic utilization             ; N/A                                     ;
;     Combinational ALUTs       ; 0                                       ;
;     Dedicated logic registers ; 0                                       ;
; Total registers               ; 0                                       ;
; Total pins                    ; 1                                       ;
; Total virtual pins            ; 0                                       ;
; Total block memory bits       ; 0                                       ;
; DSP block 9-bit elements      ; 0                                       ;
; Total PLLs                    ; 0                                       ;
; Total DLLs                    ; 0                                       ;
+-------------------------------+-----------------------------------------+


+----------------------------------------------------------------------------------------------------------------------+
; Analysis & Synthesis Settings                                                                                        ;
+----------------------------------------------------------------------------+--------------------+--------------------+
; Option                                                                     ; Setting            ; Default Value      ;
+----------------------------------------------------------------------------+--------------------+--------------------+
; Top-level entity name                                                      ; lab4_var2_v1       ; lab4_var2_v1       ;
; Family name                                                                ; Stratix II         ; Stratix II         ;
; Use Generated Physical Constraints File                                    ; Off                ;                    ;
; Use smart compilation                                                      ; Off                ; Off                ;
; Enable parallel Assembler and TimeQuest Timing Analyzer during compilation ; On                 ; On                 ;
; Enable compact report table                                                ; Off                ; Off                ;
; Restructure Multiplexers                                                   ; Auto               ; Auto               ;
; Create Debugging Nodes for IP Cores                                        ; Off                ; Off                ;
; Preserve fewer node names                                                  ; On                 ; On                 ;
; Disable OpenCore Plus hardware evaluation                                  ; Off                ; Off                ;
; Verilog Version                                                            ; Verilog_2001       ; Verilog_2001       ;
; VHDL Version                                                               ; VHDL_1993          ; VHDL_1993          ;
; State Machine Processing                                                   ; Auto               ; Auto               ;
; Safe State Machine                                                         ; Off                ; Off                ;
; Extract Verilog State Machines                                             ; On                 ; On                 ;
; Extract VHDL State Machines                                                ; On                 ; On                 ;
; Ignore Verilog initial constructs                                          ; Off                ; Off                ;
; Iteration limit for constant Verilog loops                                 ; 5000               ; 5000               ;
; Iteration limit for non-constant Verilog loops                             ; 250                ; 250                ;
; Add Pass-Through Logic to Inferred RAMs                                    ; On                 ; On                 ;
; Parallel Synthesis                                                         ; On                 ; On                 ;
; DSP Block Balancing                                                        ; Auto               ; Auto               ;
; NOT Gate Push-Back                                                         ; On                 ; On                 ;
; Power-Up Don't Care                                                        ; On                 ; On                 ;
; Remove Redundant Logic Cells                                               ; Off                ; Off                ;
; Remove Duplicate Registers                                                 ; On                 ; On                 ;
; Ignore CARRY Buffers                                                       ; Off                ; Off                ;
; Ignore CASCADE Buffers                                                     ; Off                ; Off                ;
; Ignore GLOBAL Buffers                                                      ; Off                ; Off                ;
; Ignore ROW GLOBAL Buffers                                                  ; Off                ; Off                ;
; Ignore LCELL Buffers                                                       ; Off                ; Off                ;
; Ignore SOFT Buffers                                                        ; On                 ; On                 ;
; Limit AHDL Integers to 32 Bits                                             ; Off                ; Off                ;
; Optimization Technique                                                     ; Balanced           ; Balanced           ;
; Carry Chain Length                                                         ; 70                 ; 70                 ;
; Auto Carry Chains                                                          ; On                 ; On                 ;
; Auto Open-Drain Pins                                                       ; On                 ; On                 ;
; Perform WYSIWYG Primitive Resynthesis                                      ; Off                ; Off                ;
; Auto ROM Replacement                                                       ; On                 ; On                 ;
; Auto RAM Replacement                                                       ; On                 ; On                 ;
; Auto DSP Block Replacement                                                 ; On                 ; On                 ;
; Auto Shift Register Replacement                                            ; Auto               ; Auto               ;
; Auto Clock Enable Replacement                                              ; On                 ; On                 ;
; Strict RAM Replacement                                                     ; Off                ; Off                ;
; Allow Synchronous Control Signals                                          ; On                 ; On                 ;
; Force Use of Synchronous Clear Signals                                     ; Off                ; Off                ;
; Auto RAM Block Balancing                                                   ; On                 ; On                 ;
; Auto RAM to Logic Cell Conversion                                          ; Off                ; Off                ;
; Auto Resource Sharing                                                      ; Off                ; Off                ;
; Allow Any RAM Size For Recognition                                         ; Off                ; Off                ;
; Allow Any ROM Size For Recognition                                         ; Off                ; Off                ;
; Allow Any Shift Register Size For Recognition                              ; Off                ; Off                ;
; Use LogicLock Constraints during Resource Balancing                        ; On                 ; On                 ;
; Ignore translate_off and synthesis_off directives                          ; Off                ; Off                ;
; Timing-Driven Synthesis                                                    ; Off                ; Off                ;
; Show Parameter Settings Tables in Synthesis Report                         ; On                 ; On                 ;
; Ignore Maximum Fan-Out Assignments                                         ; Off                ; Off                ;
; Synchronization Register Chain Length                                      ; 2                  ; 2                  ;
; PowerPlay Power Optimization                                               ; Normal compilation ; Normal compilation ;
; HDL message level                                                          ; Level2             ; Level2             ;
; Suppress Register Optimization Related Messages                            ; Off                ; Off                ;
; Number of Removed Registers Reported in Synthesis Report                   ; 100                ; 100                ;
; Number of Inverted Registers Reported in Synthesis Report                  ; 100                ; 100                ;
; Clock MUX Protection                                                       ; On                 ; On                 ;
; Auto Gated Clock Conversion                                                ; Off                ; Off                ;
; Block Design Naming                                                        ; Auto               ; Auto               ;
; SDC constraint protection                                                  ; Off                ; Off                ;
; Synthesis Effort                                                           ; Auto               ; Auto               ;
; Shift Register Replacement - Allow Asynchronous Clear Signal               ; On                 ; On                 ;
; Analysis & Synthesis Message Level                                         ; Medium             ; Medium             ;
; Disable Register Merging Across Hierarchies                                ; Auto               ; Auto               ;
; Resource Aware Inference For Block RAM                                     ; On                 ; On                 ;
+----------------------------------------------------------------------------+--------------------+--------------------+


Parallel compilation was disabled, but you have multiple processors available. Enable parallel compilation to reduce compilation time.
+-------------------------------------+
; Parallel Compilation                ;
+----------------------------+--------+
; Processors                 ; Number ;
+----------------------------+--------+
; Number detected on machine ; 6      ;
; Maximum allowed            ; 1      ;
+----------------------------+--------+


+--------------------------------------------------------------------------------------------------------------------------------------------------------------------------------------+
; Analysis & Synthesis Source Files Read                                                                                                                                               ;
+----------------------------------+-----------------+------------------------------------------+--------------------------------------------------------------------------------------+
; File Name with User-Entered Path ; Used in Netlist ; File Type                                ; File Name with Absolute Path                                                         ;
+----------------------------------+-----------------+------------------------------------------+--------------------------------------------------------------------------------------+
; lab4_var2_v1.bdf                 ; yes             ; User Block Diagram/Schematic File        ; C:/Users/lapshet/Desktop/labs/Laba 4/lab4_var2_v1/lab4_var2_v1.bdf                   ;
; lpm_counter3.vhd                 ; yes             ; User Wizard-Generated File               ; C:/Users/lapshet/Desktop/labs/Laba 4/lab4_var2_v1/lpm_counter3.vhd                   ;
; lpm_ff1.vhd                      ; yes             ; User Wizard-Generated File               ; C:/Users/lapshet/Desktop/labs/Laba 4/lab4_var2_v1/lpm_ff1.vhd                        ;
; lpm_ff2.vhd                      ; yes             ; User Wizard-Generated File               ; C:/Users/lapshet/Desktop/labs/Laba 4/lab4_var2_v1/lpm_ff2.vhd                        ;
; clock_generator.bdf              ; yes             ; Auto-Found Block Diagram/Schematic File  ; C:/Users/lapshet/Desktop/labs/Laba 4/lab4_var2_v1/lab2_var2_v1/clock_generator.bdf   ;
; dca_gen.bdf                      ; yes             ; Auto-Found Block Diagram/Schematic File  ; C:/Users/lapshet/Desktop/labs/Laba 4/lab4_var2_v1/lab2_var2_v1/dca_gen.bdf           ;
; lpm_decode0.vhd                  ; yes             ; Auto-Found Wizard-Generated File         ; C:/Users/lapshet/Desktop/labs/Laba 4/lab4_var2_v1/lab2_var2_v1/lpm_decode0.vhd       ;
; lpm_decode.tdf                   ; yes             ; Megafunction                             ; c:/altera/91/quartus/libraries/megafunctions/lpm_decode.tdf                          ;
; db/decode_e9f.tdf                ; yes             ; Auto-Generated Megafunction              ; C:/Users/lapshet/Desktop/labs/Laba 4/lab4_var2_v1/db/decode_e9f.tdf                  ;
; lpm_counter1.vhd                 ; yes             ; Auto-Found Wizard-Generated File         ; C:/Users/lapshet/Desktop/labs/Laba 4/lab4_var2_v1/lab2_var2_v1/lpm_counter1.vhd      ;
; lpm_counter.tdf                  ; yes             ; Megafunction                             ; c:/altera/91/quartus/libraries/megafunctions/lpm_counter.tdf                         ;
; db/cntr_6ai.tdf                  ; yes             ; Auto-Generated Megafunction              ; C:/Users/lapshet/Desktop/labs/Laba 4/lab4_var2_v1/db/cntr_6ai.tdf                    ;
; lpm_counter0.tdf                 ; yes             ; Auto-Found Wizard-Generated File         ; C:/Users/lapshet/Desktop/labs/Laba 4/lab4_var2_v1/lab2_var2_v1/lpm_counter0.tdf      ;
; db/cntr_4gj.tdf                  ; yes             ; Auto-Generated Megafunction              ; C:/Users/lapshet/Desktop/labs/Laba 4/lab4_var2_v1/db/cntr_4gj.tdf                    ;
; db/cmpr_adc.tdf                  ; yes             ; Auto-Generated Megafunction              ; C:/Users/lapshet/Desktop/labs/Laba 4/lab4_var2_v1/db/cmpr_adc.tdf                    ;
; single_pulse.bdf                 ; yes             ; Auto-Found Block Diagram/Schematic File  ; C:/Users/lapshet/Desktop/labs/Laba 4/lab4_var2_v1/lab2_var2_v1/single_pulse.bdf      ;
; lpm_compare0.vhd                 ; yes             ; Auto-Found Wizard-Generated File         ; C:/Users/lapshet/Desktop/labs/Laba 4/lab4_var2_v1/lab2_var2_v1/lpm_compare0.vhd      ;
; lpm_compare.tdf                  ; yes             ; Megafunction                             ; c:/altera/91/quartus/libraries/megafunctions/lpm_compare.tdf                         ;
; db/cmpr_obj.tdf                  ; yes             ; Auto-Generated Megafunction              ; C:/Users/lapshet/Desktop/labs/Laba 4/lab4_var2_v1/db/cmpr_obj.tdf                    ;
; lpm_counter2.vhd                 ; yes             ; Auto-Found Wizard-Generated File         ; C:/Users/lapshet/Desktop/labs/Laba 4/lab4_var2_v1/lab2_var2_v1/lpm_counter2.vhd      ;
; db/cntr_plh.tdf                  ; yes             ; Auto-Generated Megafunction              ; C:/Users/lapshet/Desktop/labs/Laba 4/lab4_var2_v1/db/cntr_plh.tdf                    ;
; db/cntr_bli.tdf                  ; yes             ; Auto-Generated Megafunction              ; C:/Users/lapshet/Desktop/labs/Laba 4/lab4_var2_v1/db/cntr_bli.tdf                    ;
; lpm_ff.tdf                       ; yes             ; Megafunction                             ; c:/altera/91/quartus/libraries/megafunctions/lpm_ff.tdf                              ;
; rom_ram_interface.bdf            ; yes             ; Auto-Found Block Diagram/Schematic File  ; C:/Users/lapshet/Desktop/labs/Laba 4/lab4_var2_v1/lab3_var7_v1/rom_ram_interface.bdf ;
; lpm_ff0.tdf                      ; yes             ; Auto-Found Wizard-Generated File         ; C:/Users/lapshet/Desktop/labs/Laba 4/lab4_var2_v1/lab3_var7_v1/lpm_ff0.tdf           ;
; lpm_rom0.tdf                     ; yes             ; Auto-Found Wizard-Generated File         ; C:/Users/lapshet/Desktop/labs/Laba 4/lab4_var2_v1/lab3_var7_v1/lpm_rom0.tdf          ;
; altsyncram.tdf                   ; yes             ; Megafunction                             ; c:/altera/91/quartus/libraries/megafunctions/altsyncram.tdf                          ;
; db/altsyncram_9v71.tdf           ; yes             ; Auto-Generated Megafunction              ; C:/Users/lapshet/Desktop/labs/Laba 4/lab4_var2_v1/db/altsyncram_9v71.tdf             ;
; lpm_ram_io.tdf                   ; yes             ; Megafunction                             ; c:/altera/91/quartus/libraries/megafunctions/lpm_ram_io.tdf                          ;
; altram.tdf                       ; yes             ; Megafunction                             ; c:/altera/91/quartus/libraries/megafunctions/altram.tdf                              ;
; db/altsyncram_0k71.tdf           ; yes             ; Auto-Generated Megafunction              ; C:/Users/lapshet/Desktop/labs/Laba 4/lab4_var2_v1/db/altsyncram_0k71.tdf             ;
+----------------------------------+-----------------+------------------------------------------+--------------------------------------------------------------------------------------+


+------------------------------------------------------+
; Analysis & Synthesis Resource Usage Summary          ;
+----------------------------------------------+-------+
; Resource                                     ; Usage ;
+----------------------------------------------+-------+
; Estimated ALUTs Used                         ; 0     ;
; Dedicated logic registers                    ; 0     ;
;                                              ;       ;
; Estimated ALUTs Unavailable                  ; 0     ;
;                                              ;       ;
; Total combinational functions                ; 0     ;
; Combinational ALUT usage by number of inputs ;       ;
;     -- 7 input functions                     ; 0     ;
;     -- 6 input functions                     ; 0     ;
;     -- 5 input functions                     ; 0     ;
;     -- 4 input functions                     ; 0     ;
;     -- <=3 input functions                   ; 0     ;
;                                              ;       ;
; Combinational ALUTs by mode                  ;       ;
;     -- normal mode                           ; 0     ;
;     -- extended LUT mode                     ; 0     ;
;     -- arithmetic mode                       ; 0     ;
;     -- shared arithmetic mode                ; 0     ;
;                                              ;       ;
; Estimated ALUT/register pairs used           ; 0     ;
;                                              ;       ;
; Total registers                              ; 0     ;
;     -- Dedicated logic registers             ; 0     ;
;     -- I/O registers                         ; 0     ;
;                                              ;       ;
;                                              ;       ;
; I/O pins                                     ; 1     ;
+----------------------------------------------+-------+


+-----------------------------------------------------------------------------------------------------------------------------------------------------------------------------------------------+
; Analysis & Synthesis Resource Utilization by Entity                                                                                                                                           ;
+----------------------------+-------------------+--------------+-------------------+--------------+---------+-----------+-----------+------+--------------+---------------------+--------------+
; Compilation Hierarchy Node ; LC Combinationals ; LC Registers ; Block Memory Bits ; DSP Elements ; DSP 9x9 ; DSP 18x18 ; DSP 36x36 ; Pins ; Virtual Pins ; Full Hierarchy Name ; Library Name ;
+----------------------------+-------------------+--------------+-------------------+--------------+---------+-----------+-----------+------+--------------+---------------------+--------------+
; |lab4_var2_v1              ; 0 (0)             ; 0 (0)        ; 0                 ; 0            ; 0       ; 0         ; 0         ; 1    ; 0            ; |lab4_var2_v1       ; work         ;
+----------------------------+-------------------+--------------+-------------------+--------------+---------+-----------+-----------+------+--------------+---------------------+--------------+
Note: For table entries with two numbers listed, the numbers in parentheses indicate the number of resources of the given type used by the specific entity alone. The numbers listed outside of parentheses indicate the total resources of the given type used by the specific entity and all of its sub-entities in the hierarchy.


+------------------------------------------------------------------------------------------------------------------------------------------------------+
; Registers Removed During Synthesis                                                                                                                   ;
+---------------------------------------------------------------------------------------------------------------------------------+--------------------+
; Register name                                                                                                                   ; Reason for Removal ;
+---------------------------------------------------------------------------------------------------------------------------------+--------------------+
; rom_ram_interface:inst8|lpm_ff0:inst1|lpm_ff:lpm_ff_component|dffs[0..7]                                                        ; Lost fanout        ;
; lpm_ff2:IR|lpm_ff:lpm_ff_component|dffs[0..7]                                                                                   ; Lost fanout        ;
; lpm_ff1:POH|lpm_ff:lpm_ff_component|dffs[0..7]                                                                                  ; Lost fanout        ;
; lpm_counter3:inst4|lpm_counter:lpm_counter_component|cntr_bli:auto_generated|safe_q[0..7]                                       ; Lost fanout        ;
; clock_generator:inst|single_pulse:inst|lpm_counter2:inst|lpm_counter:lpm_counter_component|cntr_plh:auto_generated|safe_q[0..2] ; Lost fanout        ;
; clock_generator:inst|dca_gen:inst6|lpm_counter0:inst|lpm_counter:lpm_counter_component|cntr_4gj:auto_generated|safe_q[0..3]     ; Lost fanout        ;
; clock_generator:inst|dca_gen:inst6|lpm_counter1:inst3|lpm_counter:lpm_counter_component|cntr_6ai:auto_generated|safe_q[0..3]    ; Lost fanout        ;
; Total Number of Removed Registers = 43                                                                                          ;                    ;
+---------------------------------------------------------------------------------------------------------------------------------+--------------------+


+----------------------------------------------------------------------------------------------------------------------------------------------------------------------------------------------+
; Removed Registers Triggering Further Register Optimizations                                                                                                                                  ;
+--------------------------------------------+--------------------+----------------------------------------------------------------------------------------------------------------------------+
; Register name                              ; Reason for Removal ; Registers Removed due to This Register                                                                                     ;
+--------------------------------------------+--------------------+----------------------------------------------------------------------------------------------------------------------------+
; lpm_ff2:IR|lpm_ff:lpm_ff_component|dffs[7] ; Lost Fanouts       ; clock_generator:inst|dca_gen:inst6|lpm_counter1:inst3|lpm_counter:lpm_counter_component|cntr_6ai:auto_generated|safe_q[3], ;
;                                            ;                    ; clock_generator:inst|dca_gen:inst6|lpm_counter1:inst3|lpm_counter:lpm_counter_component|cntr_6ai:auto_generated|safe_q[2], ;
;                                            ;                    ; clock_generator:inst|dca_gen:inst6|lpm_counter1:inst3|lpm_counter:lpm_counter_component|cntr_6ai:auto_generated|safe_q[1], ;
;                                            ;                    ; clock_generator:inst|dca_gen:inst6|lpm_counter1:inst3|lpm_counter:lpm_counter_component|cntr_6ai:auto_generated|safe_q[0]  ;
+--------------------------------------------+--------------------+----------------------------------------------------------------------------------------------------------------------------+


+------------------------------------------------------+
; General Register Statistics                          ;
+----------------------------------------------+-------+
; Statistic                                    ; Value ;
+----------------------------------------------+-------+
; Total registers                              ; 0     ;
; Number of registers using Synchronous Clear  ; 0     ;
; Number of registers using Synchronous Load   ; 0     ;
; Number of registers using Asynchronous Clear ; 0     ;
; Number of registers using Asynchronous Load  ; 0     ;
; Number of registers using Clock Enable       ; 0     ;
; Number of registers using Preset             ; 0     ;
+----------------------------------------------+-------+


+----------------------------------------------------------------------------------------------------------------+
; Source assignments for clock_generator:inst|DCA_gen:inst6|lpm_counter1:inst3|lpm_counter:lpm_counter_component ;
+---------------------------+-------+------+---------------------------------------------------------------------+
; Assignment                ; Value ; From ; To                                                                  ;
+---------------------------+-------+------+---------------------------------------------------------------------+
; SUPPRESS_DA_RULE_INTERNAL ; a101  ; -    ; -                                                                   ;
; SUPPRESS_DA_RULE_INTERNAL ; s102  ; -    ; -                                                                   ;
; SUPPRESS_DA_RULE_INTERNAL ; s103  ; -    ; -                                                                   ;
+---------------------------+-------+------+---------------------------------------------------------------------+


+---------------------------------------------------------------------------------------------------------------+
; Source assignments for clock_generator:inst|DCA_gen:inst6|lpm_counter0:inst|lpm_counter:lpm_counter_component ;
+---------------------------+-------+------+--------------------------------------------------------------------+
; Assignment                ; Value ; From ; To                                                                 ;
+---------------------------+-------+------+--------------------------------------------------------------------+
; SUPPRESS_DA_RULE_INTERNAL ; a101  ; -    ; -                                                                  ;
; SUPPRESS_DA_RULE_INTERNAL ; s102  ; -    ; -                                                                  ;
; SUPPRESS_DA_RULE_INTERNAL ; s103  ; -    ; -                                                                  ;
+---------------------------+-------+------+--------------------------------------------------------------------+


+-------------------------------------------------------------------------------------------------------------------+
; Source assignments for clock_generator:inst|single_pulse:inst|lpm_counter2:inst|lpm_counter:lpm_counter_component ;
+---------------------------+-------+------+------------------------------------------------------------------------+
; Assignment                ; Value ; From ; To                                                                     ;
+---------------------------+-------+------+------------------------------------------------------------------------+
; SUPPRESS_DA_RULE_INTERNAL ; a101  ; -    ; -                                                                      ;
; SUPPRESS_DA_RULE_INTERNAL ; s102  ; -    ; -                                                                      ;
; SUPPRESS_DA_RULE_INTERNAL ; s103  ; -    ; -                                                                      ;
+---------------------------+-------+------+------------------------------------------------------------------------+


+-----------------------------------------------------------------------------+
; Source assignments for lpm_counter3:inst4|lpm_counter:lpm_counter_component ;
+---------------------------+-------+------+----------------------------------+
; Assignment                ; Value ; From ; To                               ;
+---------------------------+-------+------+----------------------------------+
; SUPPRESS_DA_RULE_INTERNAL ; a101  ; -    ; -                                ;
; SUPPRESS_DA_RULE_INTERNAL ; s102  ; -    ; -                                ;
; SUPPRESS_DA_RULE_INTERNAL ; s103  ; -    ; -                                ;
+---------------------------+-------+------+----------------------------------+


+-----------------------------------------------------------------------------------------------------------------------------+
; Source assignments for rom_ram_interface:inst8|lpm_rom0:inst|altsyncram:altsyncram_component|altsyncram_9v71:auto_generated ;
+---------------------------------+--------------------+------+---------------------------------------------------------------+
; Assignment                      ; Value              ; From ; To                                                            ;
+---------------------------------+--------------------+------+---------------------------------------------------------------+
; OPTIMIZE_POWER_DURING_SYNTHESIS ; NORMAL_COMPILATION ; -    ; -                                                             ;
+---------------------------------+--------------------+------+---------------------------------------------------------------+


+---------------------------------------------------------------------------------------------------------------------------------+
; Source assignments for rom_ram_interface:inst8|LPM_RAM_IO:inst2|altram:sram|altsyncram:ram_block|altsyncram_0k71:auto_generated ;
+---------------------------------+--------------------+------+-------------------------------------------------------------------+
; Assignment                      ; Value              ; From ; To                                                                ;
+---------------------------------+--------------------+------+-------------------------------------------------------------------+
; OPTIMIZE_POWER_DURING_SYNTHESIS ; NORMAL_COMPILATION ; -    ; -                                                                 ;
+---------------------------------+--------------------+------+-------------------------------------------------------------------+


+-----------------------------------------------------------------------------------------------------------------------------------+
; Parameter Settings for User Entity Instance: clock_generator:inst|DCA_gen:inst6|lpm_decode0:inst4|lpm_decode:lpm_decode_component ;
+------------------------+------------+---------------------------------------------------------------------------------------------+
; Parameter Name         ; Value      ; Type                                                                                        ;
+------------------------+------------+---------------------------------------------------------------------------------------------+
; LPM_WIDTH              ; 4          ; Signed Integer                                                                              ;
; LPM_DECODES            ; 16         ; Signed Integer                                                                              ;
; LPM_PIPELINE           ; 0          ; Untyped                                                                                     ;
; CASCADE_CHAIN          ; MANUAL     ; Untyped                                                                                     ;
; DEVICE_FAMILY          ; Stratix II ; Untyped                                                                                     ;
; CBXI_PARAMETER         ; decode_e9f ; Untyped                                                                                     ;
; AUTO_CARRY_CHAINS      ; ON         ; AUTO_CARRY                                                                                  ;
; IGNORE_CARRY_BUFFERS   ; OFF        ; IGNORE_CARRY                                                                                ;
; AUTO_CASCADE_CHAINS    ; ON         ; AUTO_CASCADE                                                                                ;
; IGNORE_CASCADE_BUFFERS ; OFF        ; IGNORE_CASCADE                                                                              ;
+------------------------+------------+---------------------------------------------------------------------------------------------+
Note: In order to hide this table in the UI and the text report file, please set the "Show Parameter Settings Tables in Synthesis Report" option in "Analysis and Synthesis Settings -> More Settings" to "Off".


+--------------------------------------------------------------------------------------------------------------------------------------+
; Parameter Settings for User Entity Instance: clock_generator:inst|DCA_gen:inst6|lpm_counter1:inst3|lpm_counter:lpm_counter_component ;
+------------------------+-------------+-----------------------------------------------------------------------------------------------+
; Parameter Name         ; Value       ; Type                                                                                          ;
+------------------------+-------------+-----------------------------------------------------------------------------------------------+
; AUTO_CARRY_CHAINS      ; ON          ; AUTO_CARRY                                                                                    ;
; IGNORE_CARRY_BUFFERS   ; OFF         ; IGNORE_CARRY                                                                                  ;
; AUTO_CASCADE_CHAINS    ; ON          ; AUTO_CASCADE                                                                                  ;
; IGNORE_CASCADE_BUFFERS ; OFF         ; IGNORE_CASCADE                                                                                ;
; LPM_WIDTH              ; 4           ; Signed Integer                                                                                ;
; LPM_DIRECTION          ; UP          ; Untyped                                                                                       ;
; LPM_MODULUS            ; 0           ; Untyped                                                                                       ;
; LPM_AVALUE             ; UNUSED      ; Untyped                                                                                       ;
; LPM_SVALUE             ; UNUSED      ; Untyped                                                                                       ;
; LPM_PORT_UPDOWN        ; PORT_UNUSED ; Untyped                                                                                       ;
; DEVICE_FAMILY          ; Stratix II  ; Untyped                                                                                       ;
; CARRY_CHAIN            ; MANUAL      ; Untyped                                                                                       ;
; CARRY_CHAIN_LENGTH     ; 48          ; CARRY_CHAIN_LENGTH                                                                            ;
; NOT_GATE_PUSH_BACK     ; ON          ; NOT_GATE_PUSH_BACK                                                                            ;
; CARRY_CNT_EN           ; SMART       ; Untyped                                                                                       ;
; LABWIDE_SCLR           ; ON          ; Untyped                                                                                       ;
; USE_NEW_VERSION        ; TRUE        ; Untyped                                                                                       ;
; CBXI_PARAMETER         ; cntr_6ai    ; Untyped                                                                                       ;
+------------------------+-------------+-----------------------------------------------------------------------------------------------+
Note: In order to hide this table in the UI and the text report file, please set the "Show Parameter Settings Tables in Synthesis Report" option in "Analysis and Synthesis Settings -> More Settings" to "Off".


+-------------------------------------------------------------------------------------------------------------------------------------+
; Parameter Settings for User Entity Instance: clock_generator:inst|DCA_gen:inst6|lpm_counter0:inst|lpm_counter:lpm_counter_component ;
+------------------------+-------------+----------------------------------------------------------------------------------------------+
; Parameter Name         ; Value       ; Type                                                                                         ;
+------------------------+-------------+----------------------------------------------------------------------------------------------+
; AUTO_CARRY_CHAINS      ; ON          ; AUTO_CARRY                                                                                   ;
; IGNORE_CARRY_BUFFERS   ; OFF         ; IGNORE_CARRY                                                                                 ;
; AUTO_CASCADE_CHAINS    ; ON          ; AUTO_CASCADE                                                                                 ;
; IGNORE_CASCADE_BUFFERS ; OFF         ; IGNORE_CASCADE                                                                               ;
; LPM_WIDTH              ; 4           ; Untyped                                                                                      ;
; LPM_DIRECTION          ; UP          ; Untyped                                                                                      ;
; LPM_MODULUS            ; 10          ; Untyped                                                                                      ;
; LPM_AVALUE             ; UNUSED      ; Untyped                                                                                      ;
; LPM_SVALUE             ; UNUSED      ; Untyped                                                                                      ;
; LPM_PORT_UPDOWN        ; PORT_UNUSED ; Untyped                                                                                      ;
; DEVICE_FAMILY          ; Stratix II  ; Untyped                                                                                      ;
; CARRY_CHAIN            ; MANUAL      ; Untyped                                                                                      ;
; CARRY_CHAIN_LENGTH     ; 48          ; CARRY_CHAIN_LENGTH                                                                           ;
; NOT_GATE_PUSH_BACK     ; ON          ; NOT_GATE_PUSH_BACK                                                                           ;
; CARRY_CNT_EN           ; SMART       ; Untyped                                                                                      ;
; LABWIDE_SCLR           ; ON          ; Untyped                                                                                      ;
; USE_NEW_VERSION        ; TRUE        ; Untyped                                                                                      ;
; CBXI_PARAMETER         ; cntr_4gj    ; Untyped                                                                                      ;
+------------------------+-------------+----------------------------------------------------------------------------------------------+
Note: In order to hide this table in the UI and the text report file, please set the "Show Parameter Settings Tables in Synthesis Report" option in "Analysis and Synthesis Settings -> More Settings" to "Off".


+------------------------------------------------------------------------------------------------------------------------------------------+
; Parameter Settings for User Entity Instance: clock_generator:inst|single_pulse:inst|lpm_compare0:inst5|lpm_compare:lpm_compare_component ;
+------------------------+------------+----------------------------------------------------------------------------------------------------+
; Parameter Name         ; Value      ; Type                                                                                               ;
+------------------------+------------+----------------------------------------------------------------------------------------------------+
; lpm_width              ; 3          ; Signed Integer                                                                                     ;
; LPM_REPRESENTATION     ; UNSIGNED   ; Untyped                                                                                            ;
; LPM_PIPELINE           ; 0          ; Untyped                                                                                            ;
; CHAIN_SIZE             ; 8          ; Untyped                                                                                            ;
; ONE_INPUT_IS_CONSTANT  ; YES        ; Untyped                                                                                            ;
; CARRY_CHAIN            ; MANUAL     ; Untyped                                                                                            ;
; CASCADE_CHAIN          ; MANUAL     ; Untyped                                                                                            ;
; CARRY_CHAIN_LENGTH     ; 48         ; CARRY_CHAIN_LENGTH                                                                                 ;
; CASCADE_CHAIN_LENGTH   ; 2          ; CASCADE_CHAIN_LENGTH                                                                               ;
; DEVICE_FAMILY          ; Stratix II ; Untyped                                                                                            ;
; CBXI_PARAMETER         ; cmpr_obj   ; Untyped                                                                                            ;
; AUTO_CARRY_CHAINS      ; ON         ; AUTO_CARRY                                                                                         ;
; IGNORE_CARRY_BUFFERS   ; OFF        ; IGNORE_CARRY                                                                                       ;
; AUTO_CASCADE_CHAINS    ; ON         ; AUTO_CASCADE                                                                                       ;
; IGNORE_CASCADE_BUFFERS ; OFF        ; IGNORE_CASCADE                                                                                     ;
+------------------------+------------+----------------------------------------------------------------------------------------------------+
Note: In order to hide this table in the UI and the text report file, please set the "Show Parameter Settings Tables in Synthesis Report" option in "Analysis and Synthesis Settings -> More Settings" to "Off".


+-----------------------------------------------------------------------------------------------------------------------------------------+
; Parameter Settings for User Entity Instance: clock_generator:inst|single_pulse:inst|lpm_counter2:inst|lpm_counter:lpm_counter_component ;
+------------------------+-------------+--------------------------------------------------------------------------------------------------+
; Parameter Name         ; Value       ; Type                                                                                             ;
+------------------------+-------------+--------------------------------------------------------------------------------------------------+
; AUTO_CARRY_CHAINS      ; ON          ; AUTO_CARRY                                                                                       ;
; IGNORE_CARRY_BUFFERS   ; OFF         ; IGNORE_CARRY                                                                                     ;
; AUTO_CASCADE_CHAINS    ; ON          ; AUTO_CASCADE                                                                                     ;
; IGNORE_CASCADE_BUFFERS ; OFF         ; IGNORE_CASCADE                                                                                   ;
; LPM_WIDTH              ; 3           ; Signed Integer                                                                                   ;
; LPM_DIRECTION          ; UP          ; Untyped                                                                                          ;
; LPM_MODULUS            ; 0           ; Untyped                                                                                          ;
; LPM_AVALUE             ; UNUSED      ; Untyped                                                                                          ;
; LPM_SVALUE             ; UNUSED      ; Untyped                                                                                          ;
; LPM_PORT_UPDOWN        ; PORT_UNUSED ; Untyped                                                                                          ;
; DEVICE_FAMILY          ; Stratix II  ; Untyped                                                                                          ;
; CARRY_CHAIN            ; MANUAL      ; Untyped                                                                                          ;
; CARRY_CHAIN_LENGTH     ; 48          ; CARRY_CHAIN_LENGTH                                                                               ;
; NOT_GATE_PUSH_BACK     ; ON          ; NOT_GATE_PUSH_BACK                                                                               ;
; CARRY_CNT_EN           ; SMART       ; Untyped                                                                                          ;
; LABWIDE_SCLR           ; ON          ; Untyped                                                                                          ;
; USE_NEW_VERSION        ; TRUE        ; Untyped                                                                                          ;
; CBXI_PARAMETER         ; cntr_plh    ; Untyped                                                                                          ;
+------------------------+-------------+--------------------------------------------------------------------------------------------------+
Note: In order to hide this table in the UI and the text report file, please set the "Show Parameter Settings Tables in Synthesis Report" option in "Analysis and Synthesis Settings -> More Settings" to "Off".


+---------------------------------------------------------------------------------------------------+
; Parameter Settings for User Entity Instance: lpm_counter3:inst4|lpm_counter:lpm_counter_component ;
+------------------------+-------------+------------------------------------------------------------+
; Parameter Name         ; Value       ; Type                                                       ;
+------------------------+-------------+------------------------------------------------------------+
; AUTO_CARRY_CHAINS      ; ON          ; AUTO_CARRY                                                 ;
; IGNORE_CARRY_BUFFERS   ; OFF         ; IGNORE_CARRY                                               ;
; AUTO_CASCADE_CHAINS    ; ON          ; AUTO_CASCADE                                               ;
; IGNORE_CASCADE_BUFFERS ; OFF         ; IGNORE_CASCADE                                             ;
; LPM_WIDTH              ; 8           ; Signed Integer                                             ;
; LPM_DIRECTION          ; UP          ; Untyped                                                    ;
; LPM_MODULUS            ; 0           ; Untyped                                                    ;
; LPM_AVALUE             ; UNUSED      ; Untyped                                                    ;
; LPM_SVALUE             ; UNUSED      ; Untyped                                                    ;
; LPM_PORT_UPDOWN        ; PORT_UNUSED ; Untyped                                                    ;
; DEVICE_FAMILY          ; Stratix II  ; Untyped                                                    ;
; CARRY_CHAIN            ; MANUAL      ; Untyped                                                    ;
; CARRY_CHAIN_LENGTH     ; 48          ; CARRY_CHAIN_LENGTH                                         ;
; NOT_GATE_PUSH_BACK     ; ON          ; NOT_GATE_PUSH_BACK                                         ;
; CARRY_CNT_EN           ; SMART       ; Untyped                                                    ;
; LABWIDE_SCLR           ; ON          ; Untyped                                                    ;
; USE_NEW_VERSION        ; TRUE        ; Untyped                                                    ;
; CBXI_PARAMETER         ; cntr_bli    ; Untyped                                                    ;
+------------------------+-------------+------------------------------------------------------------+
Note: In order to hide this table in the UI and the text report file, please set the "Show Parameter Settings Tables in Synthesis Report" option in "Analysis and Synthesis Settings -> More Settings" to "Off".


+----------------------------------------------------------------------------------+
; Parameter Settings for User Entity Instance: lpm_ff1:POH|lpm_ff:lpm_ff_component ;
+------------------------+------------+--------------------------------------------+
; Parameter Name         ; Value      ; Type                                       ;
+------------------------+------------+--------------------------------------------+
; LPM_WIDTH              ; 8          ; Signed Integer                             ;
; LPM_AVALUE             ; UNUSED     ; Untyped                                    ;
; LPM_SVALUE             ; UNUSED     ; Untyped                                    ;
; LPM_FFTYPE             ; DFF        ; Untyped                                    ;
; DEVICE_FAMILY          ; Stratix II ; Untyped                                    ;
; CBXI_PARAMETER         ; NOTHING    ; Untyped                                    ;
; AUTO_CARRY_CHAINS      ; ON         ; AUTO_CARRY                                 ;
; IGNORE_CARRY_BUFFERS   ; OFF        ; IGNORE_CARRY                               ;
; AUTO_CASCADE_CHAINS    ; ON         ; AUTO_CASCADE                               ;
; IGNORE_CASCADE_BUFFERS ; OFF        ; IGNORE_CASCADE                             ;
+------------------------+------------+--------------------------------------------+
Note: In order to hide this table in the UI and the text report file, please set the "Show Parameter Settings Tables in Synthesis Report" option in "Analysis and Synthesis Settings -> More Settings" to "Off".


+---------------------------------------------------------------------------------+
; Parameter Settings for User Entity Instance: lpm_ff2:IR|lpm_ff:lpm_ff_component ;
+------------------------+------------+-------------------------------------------+
; Parameter Name         ; Value      ; Type                                      ;
+------------------------+------------+-------------------------------------------+
; LPM_WIDTH              ; 8          ; Signed Integer                            ;
; LPM_AVALUE             ; UNUSED     ; Untyped                                   ;
; LPM_SVALUE             ; UNUSED     ; Untyped                                   ;
; LPM_FFTYPE             ; DFF        ; Untyped                                   ;
; DEVICE_FAMILY          ; Stratix II ; Untyped                                   ;
; CBXI_PARAMETER         ; NOTHING    ; Untyped                                   ;
; AUTO_CARRY_CHAINS      ; ON         ; AUTO_CARRY                                ;
; IGNORE_CARRY_BUFFERS   ; OFF        ; IGNORE_CARRY                              ;
; AUTO_CASCADE_CHAINS    ; ON         ; AUTO_CASCADE                              ;
; IGNORE_CASCADE_BUFFERS ; OFF        ; IGNORE_CASCADE                            ;
+------------------------+------------+-------------------------------------------+
Note: In order to hide this table in the UI and the text report file, please set the "Show Parameter Settings Tables in Synthesis Report" option in "Analysis and Synthesis Settings -> More Settings" to "Off".


+------------------------------------------------------------------------------------------------------------+
; Parameter Settings for User Entity Instance: rom_ram_interface:inst8|lpm_ff0:inst1|lpm_ff:lpm_ff_component ;
+------------------------+------------+----------------------------------------------------------------------+
; Parameter Name         ; Value      ; Type                                                                 ;
+------------------------+------------+----------------------------------------------------------------------+
; LPM_WIDTH              ; 8          ; Signed Integer                                                       ;
; LPM_AVALUE             ; UNUSED     ; Untyped                                                              ;
; LPM_SVALUE             ; UNUSED     ; Untyped                                                              ;
; LPM_FFTYPE             ; DFF        ; Untyped                                                              ;
; DEVICE_FAMILY          ; Stratix II ; Untyped                                                              ;
; CBXI_PARAMETER         ; NOTHING    ; Untyped                                                              ;
; AUTO_CARRY_CHAINS      ; ON         ; AUTO_CARRY                                                           ;
; IGNORE_CARRY_BUFFERS   ; OFF        ; IGNORE_CARRY                                                         ;
; AUTO_CASCADE_CHAINS    ; ON         ; AUTO_CASCADE                                                         ;
; IGNORE_CASCADE_BUFFERS ; OFF        ; IGNORE_CASCADE                                                       ;
+------------------------+------------+----------------------------------------------------------------------+
Note: In order to hide this table in the UI and the text report file, please set the "Show Parameter Settings Tables in Synthesis Report" option in "Analysis and Synthesis Settings -> More Settings" to "Off".


+------------------------------------------------------------------------------------+
; Parameter Settings for User Entity Instance: rom_ram_interface:inst8|lpm_rom0:inst ;
+-----------------+-------+----------------------------------------------------------+
; Parameter Name  ; Value ; Type                                                     ;
+-----------------+-------+----------------------------------------------------------+
; WIDTH_BYTEENA_A ; 1     ; Untyped                                                  ;
; WIDTH_BYTEENA_B ; 1     ; Untyped                                                  ;
+-----------------+-------+----------------------------------------------------------+
Note: In order to hide this table in the UI and the text report file, please set the "Show Parameter Settings Tables in Synthesis Report" option in "Analysis and Synthesis Settings -> More Settings" to "Off".


+--------------------------------------------------------------------------------------------------------------------+
; Parameter Settings for User Entity Instance: rom_ram_interface:inst8|lpm_rom0:inst|altsyncram:altsyncram_component ;
+------------------------------------+----------------------+--------------------------------------------------------+
; Parameter Name                     ; Value                ; Type                                                   ;
+------------------------------------+----------------------+--------------------------------------------------------+
; BYTE_SIZE_BLOCK                    ; 8                    ; Untyped                                                ;
; AUTO_CARRY_CHAINS                  ; ON                   ; AUTO_CARRY                                             ;
; IGNORE_CARRY_BUFFERS               ; OFF                  ; IGNORE_CARRY                                           ;
; AUTO_CASCADE_CHAINS                ; ON                   ; AUTO_CASCADE                                           ;
; IGNORE_CASCADE_BUFFERS             ; OFF                  ; IGNORE_CASCADE                                         ;
; WIDTH_BYTEENA                      ; 1                    ; Untyped                                                ;
; OPERATION_MODE                     ; ROM                  ; Untyped                                                ;
; WIDTH_A                            ; 8                    ; Untyped                                                ;
; WIDTHAD_A                          ; 4                    ; Untyped                                                ;
; NUMWORDS_A                         ; 16                   ; Untyped                                                ;
; OUTDATA_REG_A                      ; UNREGISTERED         ; Untyped                                                ;
; ADDRESS_ACLR_A                     ; NONE                 ; Untyped                                                ;
; OUTDATA_ACLR_A                     ; NONE                 ; Untyped                                                ;
; WRCONTROL_ACLR_A                   ; NONE                 ; Untyped                                                ;
; INDATA_ACLR_A                      ; NONE                 ; Untyped                                                ;
; BYTEENA_ACLR_A                     ; NONE                 ; Untyped                                                ;
; WIDTH_B                            ; 1                    ; Untyped                                                ;
; WIDTHAD_B                          ; 1                    ; Untyped                                                ;
; NUMWORDS_B                         ; 1                    ; Untyped                                                ;
; INDATA_REG_B                       ; CLOCK1               ; Untyped                                                ;
; WRCONTROL_WRADDRESS_REG_B          ; CLOCK1               ; Untyped                                                ;
; RDCONTROL_REG_B                    ; CLOCK1               ; Untyped                                                ;
; ADDRESS_REG_B                      ; CLOCK1               ; Untyped                                                ;
; OUTDATA_REG_B                      ; UNREGISTERED         ; Untyped                                                ;
; BYTEENA_REG_B                      ; CLOCK1               ; Untyped                                                ;
; INDATA_ACLR_B                      ; NONE                 ; Untyped                                                ;
; WRCONTROL_ACLR_B                   ; NONE                 ; Untyped                                                ;
; ADDRESS_ACLR_B                     ; NONE                 ; Untyped                                                ;
; OUTDATA_ACLR_B                     ; NONE                 ; Untyped                                                ;
; RDCONTROL_ACLR_B                   ; NONE                 ; Untyped                                                ;
; BYTEENA_ACLR_B                     ; NONE                 ; Untyped                                                ;
; WIDTH_BYTEENA_A                    ; 1                    ; Untyped                                                ;
; WIDTH_BYTEENA_B                    ; 1                    ; Untyped                                                ;
; RAM_BLOCK_TYPE                     ; AUTO                 ; Untyped                                                ;
; BYTE_SIZE                          ; 8                    ; Untyped                                                ;
; READ_DURING_WRITE_MODE_MIXED_PORTS ; DONT_CARE            ; Untyped                                                ;
; READ_DURING_WRITE_MODE_PORT_A      ; NEW_DATA_NO_NBE_READ ; Untyped                                                ;
; READ_DURING_WRITE_MODE_PORT_B      ; NEW_DATA_NO_NBE_READ ; Untyped                                                ;
; INIT_FILE                          ; rom_var7.hex         ; Untyped                                                ;
; INIT_FILE_LAYOUT                   ; PORT_A               ; Untyped                                                ;
; MAXIMUM_DEPTH                      ; 0                    ; Untyped                                                ;
; CLOCK_ENABLE_INPUT_A               ; BYPASS               ; Untyped                                                ;
; CLOCK_ENABLE_INPUT_B               ; NORMAL               ; Untyped                                                ;
; CLOCK_ENABLE_OUTPUT_A              ; BYPASS               ; Untyped                                                ;
; CLOCK_ENABLE_OUTPUT_B              ; NORMAL               ; Untyped                                                ;
; CLOCK_ENABLE_CORE_A                ; USE_INPUT_CLKEN      ; Untyped                                                ;
; CLOCK_ENABLE_CORE_B                ; USE_INPUT_CLKEN      ; Untyped                                                ;
; ENABLE_ECC                         ; FALSE                ; Untyped                                                ;
; DEVICE_FAMILY                      ; Stratix II           ; Untyped                                                ;
; CBXI_PARAMETER                     ; altsyncram_9v71      ; Untyped                                                ;
+------------------------------------+----------------------+--------------------------------------------------------+
Note: In order to hide this table in the UI and the text report file, please set the "Show Parameter Settings Tables in Synthesis Report" option in "Analysis and Synthesis Settings -> More Settings" to "Off".


+---------------------------------------------------------------------------------------+
; Parameter Settings for User Entity Instance: rom_ram_interface:inst8|LPM_RAM_IO:inst2 ;
+------------------------+--------------+-----------------------------------------------+
; Parameter Name         ; Value        ; Type                                          ;
+------------------------+--------------+-----------------------------------------------+
; LPM_WIDTH              ; 8            ; Untyped                                       ;
; LPM_WIDTHAD            ; 4            ; Untyped                                       ;
; LPM_NUMWORDS           ; 16           ; Untyped                                       ;
; LPM_INDATA             ; REGISTERED   ; Untyped                                       ;
; LPM_ADDRESS_CONTROL    ; REGISTERED   ; Untyped                                       ;
; LPM_OUTDATA            ; UNREGISTERED ; Untyped                                       ;
; LPM_FILE               ; UNUSED       ; Untyped                                       ;
; USE_EAB                ; ON           ; Untyped                                       ;
; DEVICE_FAMILY          ; Stratix II   ; Untyped                                       ;
; AUTO_CARRY_CHAINS      ; ON           ; AUTO_CARRY                                    ;
; IGNORE_CARRY_BUFFERS   ; OFF          ; IGNORE_CARRY                                  ;
; AUTO_CASCADE_CHAINS    ; ON           ; AUTO_CASCADE                                  ;
; IGNORE_CASCADE_BUFFERS ; OFF          ; IGNORE_CASCADE                                ;
+------------------------+--------------+-----------------------------------------------+
Note: In order to hide this table in the UI and the text report file, please set the "Show Parameter Settings Tables in Synthesis Report" option in "Analysis and Synthesis Settings -> More Settings" to "Off".


+-------------------------------------------------------------------------------------------------------------------+
; altsyncram Parameter Settings by Entity Instance                                                                  ;
+-------------------------------------------+-----------------------------------------------------------------------+
; Name                                      ; Value                                                                 ;
+-------------------------------------------+-----------------------------------------------------------------------+
; Number of entity instances                ; 1                                                                     ;
; Entity Instance                           ; rom_ram_interface:inst8|lpm_rom0:inst|altsyncram:altsyncram_component ;
;     -- OPERATION_MODE                     ; ROM                                                                   ;
;     -- WIDTH_A                            ; 8                                                                     ;
;     -- NUMWORDS_A                         ; 16                                                                    ;
;     -- OUTDATA_REG_A                      ; UNREGISTERED                                                          ;
;     -- WIDTH_B                            ; 1                                                                     ;
;     -- NUMWORDS_B                         ; 1                                                                     ;
;     -- ADDRESS_REG_B                      ; CLOCK1                                                                ;
;     -- OUTDATA_REG_B                      ; UNREGISTERED                                                          ;
;     -- RAM_BLOCK_TYPE                     ; AUTO                                                                  ;
;     -- READ_DURING_WRITE_MODE_MIXED_PORTS ; DONT_CARE                                                             ;
+-------------------------------------------+-----------------------------------------------------------------------+


+-------------------------------+
; Analysis & Synthesis Messages ;
+-------------------------------+
Info: *******************************************************************
Info: Running Quartus II Analysis & Synthesis
    Info: Version 9.1 Build 222 10/21/2009 SJ Web Edition
    Info: Processing started: Fri May 01 22:13:20 2026
Info: Command: quartus_map --read_settings_files=on --write_settings_files=off lab4_var2_v1 -c lab4_var2_v1
Warning: Tcl Script File lpm_ff0.qip not found
    Info: set_global_assignment -name QIP_FILE lpm_ff0.qip
Info: Found 1 design units, including 1 entities, in source file lab4_var2_v1.bdf
    Info: Found entity 1: lab4_var2_v1
Info: Found 2 design units, including 1 entities, in source file lpm_counter3.vhd
    Info: Found design unit 1: lpm_counter3-SYN
    Info: Found entity 1: lpm_counter3
Info: Found 2 design units, including 1 entities, in source file lpm_ff1.vhd
    Info: Found design unit 1: lpm_ff1-SYN
    Info: Found entity 1: lpm_ff1
Info: Found 2 design units, including 1 entities, in source file lpm_ff2.vhd
    Info: Found design unit 1: lpm_ff2-SYN
    Info: Found entity 1: lpm_ff2
Info: Elaborating entity "lab4_var2_v1" for the top level hierarchy
Warning: Using design file lab2_var2_v1/clock_generator.bdf, which is not specified as a design file for the current project, but contains definitions for 1 design units and 1 entities in project
    Info: Found entity 1: clock_generator
Info: Elaborating entity "clock_generator" for hierarchy "clock_generator:inst"
Warning: Using design file lab2_var2_v1/dca_gen.bdf, which is not specified as a design file for the current project, but contains definitions for 1 design units and 1 entities in project
    Info: Found entity 1: dca_gen
Info: Elaborating entity "DCA_gen" for hierarchy "clock_generator:inst|DCA_gen:inst6"
Warning: Using design file lab2_var2_v1/lpm_decode0.vhd, which is not specified as a design file for the current project, but contains definitions for 2 design units and 1 entities in project
    Info: Found design unit 1: lpm_decode0-SYN
    Info: Found entity 1: lpm_decode0
Info: Elaborating entity "lpm_decode0" for hierarchy "clock_generator:inst|DCA_gen:inst6|lpm_decode0:inst4"
Info: Elaborating entity "lpm_decode" for hierarchy "clock_generator:inst|DCA_gen:inst6|lpm_decode0:inst4|lpm_decode:lpm_decode_component"
Info: Elaborated megafunction instantiation "clock_generator:inst|DCA_gen:inst6|lpm_decode0:inst4|lpm_decode:lpm_decode_component"
Info: Instantiated megafunction "clock_generator:inst|DCA_gen:inst6|lpm_decode0:inst4|lpm_decode:lpm_decode_component" with the following parameter:
    Info: Parameter "lpm_decodes" = "16"
    Info: Parameter "lpm_type" = "LPM_DECODE"
    Info: Parameter "lpm_width" = "4"
Info: Found 1 design units, including 1 entities, in source file db/decode_e9f.tdf
    Info: Found entity 1: decode_e9f
Info: Elaborating entity "decode_e9f" for hierarchy "clock_generator:inst|DCA_gen:inst6|lpm_decode0:inst4|lpm_decode:lpm_decode_component|decode_e9f:auto_generated"
Warning: Using design file lab2_var2_v1/lpm_counter1.vhd, which is not specified as a design file for the current project, but contains definitions for 2 design units and 1 entities in project
    Info: Found design unit 1: lpm_counter1-SYN
    Info: Found entity 1: lpm_counter1
Info: Elaborating entity "lpm_counter1" for hierarchy "clock_generator:inst|DCA_gen:inst6|lpm_counter1:inst3"
Info: Elaborating entity "lpm_counter" for hierarchy "clock_generator:inst|DCA_gen:inst6|lpm_counter1:inst3|lpm_counter:lpm_counter_component"
Info: Elaborated megafunction instantiation "clock_generator:inst|DCA_gen:inst6|lpm_counter1:inst3|lpm_counter:lpm_counter_component"
Info: Instantiated megafunction "clock_generator:inst|DCA_gen:inst6|lpm_counter1:inst3|lpm_counter:lpm_counter_component" with the following parameter:
    Info: Parameter "lpm_direction" = "UP"
    Info: Parameter "lpm_port_updown" = "PORT_UNUSED"
    Info: Parameter "lpm_type" = "LPM_COUNTER"
    Info: Parameter "lpm_width" = "4"
Info: Found 1 design units, including 1 entities, in source file db/cntr_6ai.tdf
    Info: Found entity 1: cntr_6ai
Info: Elaborating entity "cntr_6ai" for hierarchy "clock_generator:inst|DCA_gen:inst6|lpm_counter1:inst3|lpm_counter:lpm_counter_component|cntr_6ai:auto_generated"
Warning: Using design file lab2_var2_v1/lpm_counter0.tdf, which is not specified as a design file for the current project, but contains definitions for 1 design units and 1 entities in project
    Info: Found entity 1: lpm_counter0
Info: Elaborating entity "lpm_counter0" for hierarchy "clock_generator:inst|DCA_gen:inst6|lpm_counter0:inst"
Info: Elaborating entity "lpm_counter" for hierarchy "clock_generator:inst|DCA_gen:inst6|lpm_counter0:inst|lpm_counter:lpm_counter_component"
Info: Elaborated megafunction instantiation "clock_generator:inst|DCA_gen:inst6|lpm_counter0:inst|lpm_counter:lpm_counter_component"
Info: Instantiated megafunction "clock_generator:inst|DCA_gen:inst6|lpm_counter0:inst|lpm_counter:lpm_counter_component" with the following parameter:
    Info: Parameter "LPM_TYPE" = "LPM_COUNTER"
    Info: Parameter "LPM_WIDTH" = "4"
    Info: Parameter "LPM_DIRECTION" = "UP"
    Info: Parameter "LPM_MODULUS" = "10"
    Info: Parameter "LPM_PORT_UPDOWN" = "PORT_UNUSED"
Info: Found 1 design units, including 1 entities, in source file db/cntr_4gj.tdf
    Info: Found entity 1: cntr_4gj
Info: Elaborating entity "cntr_4gj" for hierarchy "clock_generator:inst|DCA_gen:inst6|lpm_counter0:inst|lpm_counter:lpm_counter_component|cntr_4gj:auto_generated"
Info: Found 1 design units, including 1 entities, in source file db/cmpr_adc.tdf
    Info: Found entity 1: cmpr_adc
Info: Elaborating entity "cmpr_adc" for hierarchy "clock_generator:inst|DCA_gen:inst6|lpm_counter0:inst|lpm_counter:lpm_counter_component|cntr_4gj:auto_generated|cmpr_adc:cmpr2"
Warning: Using design file lab2_var2_v1/single_pulse.bdf, which is not specified as a design file for the current project, but contains definitions for 1 design units and 1 entities in project
    Info: Found entity 1: single_pulse
Info: Elaborating entity "single_pulse" for hierarchy "clock_generator:inst|single_pulse:inst"
Warning: Using design file lab2_var2_v1/lpm_compare0.vhd, which is not specified as a design file for the current project, but contains definitions for 2 design units and 1 entities in project
    Info: Found design unit 1: lpm_compare0-SYN
    Info: Found entity 1: lpm_compare0
Info: Elaborating entity "lpm_compare0" for hierarchy "clock_generator:inst|single_pulse:inst|lpm_compare0:inst5"
Info: Elaborating entity "lpm_compare" for hierarchy "clock_generator:inst|single_pulse:inst|lpm_compare0:inst5|lpm_compare:lpm_compare_component"
Info: Elaborated megafunction instantiation "clock_generator:inst|single_pulse:inst|lpm_compare0:inst5|lpm_compare:lpm_compare_component"
Info: Instantiated megafunction "clock_generator:inst|single_pulse:inst|lpm_compare0:inst5|lpm_compare:lpm_compare_component" with the following parameter:
    Info: Parameter "lpm_hint" = "ONE_INPUT_IS_CONSTANT=YES"
    Info: Parameter "lpm_representation" = "UNSIGNED"
    Info: Parameter "lpm_type" = "LPM_COMPARE"
    Info: Parameter "lpm_width" = "3"
Info: Found 1 design units, including 1 entities, in source file db/cmpr_obj.tdf
    Info: Found entity 1: cmpr_obj
Info: Elaborating entity "cmpr_obj" for hierarchy "clock_generator:inst|single_pulse:inst|lpm_compare0:inst5|lpm_compare:lpm_compare_component|cmpr_obj:auto_generated"
Warning: Using design file lab2_var2_v1/lpm_counter2.vhd, which is not specified as a design file for the current project, but contains definitions for 2 design units and 1 entities in project
    Info: Found design unit 1: lpm_counter2-SYN
    Info: Found entity 1: lpm_counter2
Info: Elaborating entity "lpm_counter2" for hierarchy "clock_generator:inst|single_pulse:inst|lpm_counter2:inst"
Info: Elaborating entity "lpm_counter" for hierarchy "clock_generator:inst|single_pulse:inst|lpm_counter2:inst|lpm_counter:lpm_counter_component"
Info: Elaborated megafunction instantiation "clock_generator:inst|single_pulse:inst|lpm_counter2:inst|lpm_counter:lpm_counter_component"
Info: Instantiated megafunction "clock_generator:inst|single_pulse:inst|lpm_counter2:inst|lpm_counter:lpm_counter_component" with the following parameter:
    Info: Parameter "lpm_direction" = "UP"
    Info: Parameter "lpm_port_updown" = "PORT_UNUSED"
    Info: Parameter "lpm_type" = "LPM_COUNTER"
    Info: Parameter "lpm_width" = "3"
Info: Found 1 design units, including 1 entities, in source file db/cntr_plh.tdf
    Info: Found entity 1: cntr_plh
Info: Elaborating entity "cntr_plh" for hierarchy "clock_generator:inst|single_pulse:inst|lpm_counter2:inst|lpm_counter:lpm_counter_component|cntr_plh:auto_generated"
Info: Elaborating entity "lpm_counter3" for hierarchy "lpm_counter3:inst4"
Info: Elaborating entity "lpm_counter" for hierarchy "lpm_counter3:inst4|lpm_counter:lpm_counter_component"
Info: Elaborated megafunction instantiation "lpm_counter3:inst4|lpm_counter:lpm_counter_component"
Info: Instantiated megafunction "lpm_counter3:inst4|lpm_counter:lpm_counter_component" with the following parameter:
    Info: Parameter "lpm_direction" = "UP"
    Info: Parameter "lpm_port_updown" = "PORT_UNUSED"
    Info: Parameter "lpm_type" = "LPM_COUNTER"
    Info: Parameter "lpm_width" = "8"
Info: Found 1 design units, including 1 entities, in source file db/cntr_bli.tdf
    Info: Found entity 1: cntr_bli
Info: Elaborating entity "cntr_bli" for hierarchy "lpm_counter3:inst4|lpm_counter:lpm_counter_component|cntr_bli:auto_generated"
Info: Elaborating entity "lpm_ff1" for hierarchy "lpm_ff1:POH"
Info: Elaborating entity "lpm_ff" for hierarchy "lpm_ff1:POH|lpm_ff:lpm_ff_component"
Info: Elaborated megafunction instantiation "lpm_ff1:POH|lpm_ff:lpm_ff_component"
Info: Instantiated megafunction "lpm_ff1:POH|lpm_ff:lpm_ff_component" with the following parameter:
    Info: Parameter "lpm_fftype" = "DFF"
    Info: Parameter "lpm_type" = "LPM_FF"
    Info: Parameter "lpm_width" = "8"
Info: Elaborating entity "lpm_ff2" for hierarchy "lpm_ff2:IR"
Warning: Using design file lab3_var7_v1/rom_ram_interface.bdf, which is not specified as a design file for the current project, but contains definitions for 1 design units and 1 entities in project
    Info: Found entity 1: rom_ram_interface
Info: Elaborating entity "rom_ram_interface" for hierarchy "rom_ram_interface:inst8"
Warning: Using design file lab3_var7_v1/lpm_ff0.tdf, which is not specified as a design file for the current project, but contains definitions for 1 design units and 1 entities in project
    Info: Found entity 1: lpm_ff0
Warning (12300): Found the following files while searching for definition of entity "lpm_ff0", but did not use these files because already using a different file containing the entity definition
    Warning: File: lab2_var2_v1/lpm_ff0.vhd
Info: Elaborating entity "lpm_ff0" for hierarchy "rom_ram_interface:inst8|lpm_ff0:inst1"
Info: Elaborating entity "lpm_ff" for hierarchy "rom_ram_interface:inst8|lpm_ff0:inst1|lpm_ff:lpm_ff_component"
Info: Elaborated megafunction instantiation "rom_ram_interface:inst8|lpm_ff0:inst1|lpm_ff:lpm_ff_component"
Info: Instantiated megafunction "rom_ram_interface:inst8|lpm_ff0:inst1|lpm_ff:lpm_ff_component" with the following parameter:
    Info: Parameter "LPM_TYPE" = "LPM_FF"
    Info: Parameter "LPM_WIDTH" = "8"
    Info: Parameter "LPM_FFTYPE" = "DFF"
Warning: Using design file lab3_var7_v1/lpm_rom0.tdf, which is not specified as a design file for the current project, but contains definitions for 1 design units and 1 entities in project
    Info: Found entity 1: lpm_rom0
Info: Elaborating entity "lpm_rom0" for hierarchy "rom_ram_interface:inst8|lpm_rom0:inst"
Info: Elaborating entity "altsyncram" for hierarchy "rom_ram_interface:inst8|lpm_rom0:inst|altsyncram:altsyncram_component"
Info: Elaborated megafunction instantiation "rom_ram_interface:inst8|lpm_rom0:inst|altsyncram:altsyncram_component"
Info: Instantiated megafunction "rom_ram_interface:inst8|lpm_rom0:inst|altsyncram:altsyncram_component" with the following parameter:
    Info: Parameter "LPM_TYPE" = "altsyncram"
    Info: Parameter "LPM_HINT" = "ENABLE_RUNTIME_MOD=NO"
    Info: Parameter "INTENDED_DEVICE_FAMILY" = "Stratix II"
    Info: Parameter "OPERATION_MODE" = "ROM"
    Info: Parameter "WIDTH_A" = "8"
    Info: Parameter "WIDTHAD_A" = "4"
    Info: Parameter "NUMWORDS_A" = "16"
    Info: Parameter "OUTDATA_REG_A" = "UNREGISTERED"
    Info: Parameter "OUTDATA_ACLR_A" = "NONE"
    Info: Parameter "INIT_FILE" = "rom_var7.hex"
    Info: Parameter "WIDTH_BYTEENA_A" = "1"
    Info: Parameter "CLOCK_ENABLE_INPUT_A" = "BYPASS"
    Info: Parameter "CLOCK_ENABLE_OUTPUT_A" = "BYPASS"
Info: Found 1 design units, including 1 entities, in source file db/altsyncram_9v71.tdf
    Info: Found entity 1: altsyncram_9v71
Info: Elaborating entity "altsyncram_9v71" for hierarchy "rom_ram_interface:inst8|lpm_rom0:inst|altsyncram:altsyncram_component|altsyncram_9v71:auto_generated"
Info: Elaborating entity "LPM_RAM_IO" for hierarchy "rom_ram_interface:inst8|LPM_RAM_IO:inst2"
Info: Elaborated megafunction instantiation "rom_ram_interface:inst8|LPM_RAM_IO:inst2"
Info: Instantiated megafunction "rom_ram_interface:inst8|LPM_RAM_IO:inst2" with the following parameter:
    Info: Parameter "LPM_ADDRESS_CONTROL" = "REGISTERED"
    Info: Parameter "LPM_NUMWORDS" = "16"
    Info: Parameter "LPM_OUTDATA" = "UNREGISTERED"
    Info: Parameter "LPM_WIDTH" = "8"
    Info: Parameter "LPM_WIDTHAD" = "4"
Info: Elaborating entity "altram" for hierarchy "rom_ram_interface:inst8|LPM_RAM_IO:inst2|altram:sram"
Warning: Assertion warning: altram does not support Stratix II device family -- attempting best-case memory conversions, but power-up states and read during write behavior will be different for Stratix II devices
Info: Elaborated megafunction instantiation "rom_ram_interface:inst8|LPM_RAM_IO:inst2|altram:sram", which is child of megafunction instantiation "rom_ram_interface:inst8|LPM_RAM_IO:inst2"
Info: Elaborating entity "altsyncram" for hierarchy "rom_ram_interface:inst8|LPM_RAM_IO:inst2|altram:sram|altsyncram:ram_block"
Info: Elaborated megafunction instantiation "rom_ram_interface:inst8|LPM_RAM_IO:inst2|altram:sram|altsyncram:ram_block", which is child of megafunction instantiation "rom_ram_interface:inst8|LPM_RAM_IO:inst2"
Info: Found 1 design units, including 1 entities, in source file db/altsyncram_0k71.tdf
    Info: Found entity 1: altsyncram_0k71
Info: Elaborating entity "altsyncram_0k71" for hierarchy "rom_ram_interface:inst8|LPM_RAM_IO:inst2|altram:sram|altsyncram:ram_block|altsyncram_0k71:auto_generated"
Warning: Synthesized away the following node(s):
    Warning: Synthesized away the following RAM node(s):
        Warning (14320): Synthesized away node "rom_ram_interface:inst8|lpm_ram_io:inst2|altram:sram|altsyncram:ram_block|altsyncram_0k71:auto_generated|q_a[0]"
        Warning (14320): Synthesized away node "rom_ram_interface:inst8|lpm_ram_io:inst2|altram:sram|altsyncram:ram_block|altsyncram_0k71:auto_generated|q_a[1]"
        Warning (14320): Synthesized away node "rom_ram_interface:inst8|lpm_ram_io:inst2|altram:sram|altsyncram:ram_block|altsyncram_0k71:auto_generated|q_a[2]"
        Warning (14320): Synthesized away node "rom_ram_interface:inst8|lpm_ram_io:inst2|altram:sram|altsyncram:ram_block|altsyncram_0k71:auto_generated|q_a[3]"
        Warning (14320): Synthesized away node "rom_ram_interface:inst8|lpm_ram_io:inst2|altram:sram|altsyncram:ram_block|altsyncram_0k71:auto_generated|q_a[4]"
        Warning (14320): Synthesized away node "rom_ram_interface:inst8|lpm_ram_io:inst2|altram:sram|altsyncram:ram_block|altsyncram_0k71:auto_generated|q_a[5]"
        Warning (14320): Synthesized away node "rom_ram_interface:inst8|lpm_ram_io:inst2|altram:sram|altsyncram:ram_block|altsyncram_0k71:auto_generated|q_a[6]"
        Warning (14320): Synthesized away node "rom_ram_interface:inst8|lpm_ram_io:inst2|altram:sram|altsyncram:ram_block|altsyncram_0k71:auto_generated|q_a[7]"
        Warning (14320): Synthesized away node "rom_ram_interface:inst8|lpm_rom0:inst|altsyncram:altsyncram_component|altsyncram_9v71:auto_generated|q_a[0]"
        Warning (14320): Synthesized away node "rom_ram_interface:inst8|lpm_rom0:inst|altsyncram:altsyncram_component|altsyncram_9v71:auto_generated|q_a[1]"
        Warning (14320): Synthesized away node "rom_ram_interface:inst8|lpm_rom0:inst|altsyncram:altsyncram_component|altsyncram_9v71:auto_generated|q_a[2]"
        Warning (14320): Synthesized away node "rom_ram_interface:inst8|lpm_rom0:inst|altsyncram:altsyncram_component|altsyncram_9v71:auto_generated|q_a[3]"
        Warning (14320): Synthesized away node "rom_ram_interface:inst8|lpm_rom0:inst|altsyncram:altsyncram_component|altsyncram_9v71:auto_generated|q_a[4]"
        Warning (14320): Synthesized away node "rom_ram_interface:inst8|lpm_rom0:inst|altsyncram:altsyncram_component|altsyncram_9v71:auto_generated|q_a[5]"
        Warning (14320): Synthesized away node "rom_ram_interface:inst8|lpm_rom0:inst|altsyncram:altsyncram_component|altsyncram_9v71:auto_generated|q_a[6]"
        Warning (14320): Synthesized away node "rom_ram_interface:inst8|lpm_rom0:inst|altsyncram:altsyncram_component|altsyncram_9v71:auto_generated|q_a[7]"
Info: 43 registers lost all their fanouts during netlist optimizations. The first 43 are displayed below.
    Info: Register "rom_ram_interface:inst8|lpm_ff0:inst1|lpm_ff:lpm_ff_component|dffs[7]" lost all its fanouts during netlist optimizations.
    Info: Register "rom_ram_interface:inst8|lpm_ff0:inst1|lpm_ff:lpm_ff_component|dffs[6]" lost all its fanouts during netlist optimizations.
    Info: Register "rom_ram_interface:inst8|lpm_ff0:inst1|lpm_ff:lpm_ff_component|dffs[5]" lost all its fanouts during netlist optimizations.
    Info: Register "rom_ram_interface:inst8|lpm_ff0:inst1|lpm_ff:lpm_ff_component|dffs[4]" lost all its fanouts during netlist optimizations.
    Info: Register "rom_ram_interface:inst8|lpm_ff0:inst1|lpm_ff:lpm_ff_component|dffs[3]" lost all its fanouts during netlist optimizations.
    Info: Register "rom_ram_interface:inst8|lpm_ff0:inst1|lpm_ff:lpm_ff_component|dffs[2]" lost all its fanouts during netlist optimizations.
    Info: Register "rom_ram_interface:inst8|lpm_ff0:inst1|lpm_ff:lpm_ff_component|dffs[1]" lost all its fanouts during netlist optimizations.
    Info: Register "rom_ram_interface:inst8|lpm_ff0:inst1|lpm_ff:lpm_ff_component|dffs[0]" lost all its fanouts during netlist optimizations.
    Info: Register "lpm_ff2:IR|lpm_ff:lpm_ff_component|dffs[7]" lost all its fanouts during netlist optimizations.
    Info: Register "lpm_ff2:IR|lpm_ff:lpm_ff_component|dffs[6]" lost all its fanouts during netlist optimizations.
    Info: Register "lpm_ff2:IR|lpm_ff:lpm_ff_component|dffs[5]" lost all its fanouts during netlist optimizations.
    Info: Register "lpm_ff2:IR|lpm_ff:lpm_ff_component|dffs[4]" lost all its fanouts during netlist optimizations.
    Info: Register "lpm_ff2:IR|lpm_ff:lpm_ff_component|dffs[3]" lost all its fanouts during netlist optimizations.
    Info: Register "lpm_ff2:IR|lpm_ff:lpm_ff_component|dffs[2]" lost all its fanouts during netlist optimizations.
    Info: Register "lpm_ff2:IR|lpm_ff:lpm_ff_component|dffs[1]" lost all its fanouts during netlist optimizations.
    Info: Register "lpm_ff2:IR|lpm_ff:lpm_ff_component|dffs[0]" lost all its fanouts during netlist optimizations.
    Info: Register "lpm_ff1:POH|lpm_ff:lpm_ff_component|dffs[7]" lost all its fanouts during netlist optimizations.
    Info: Register "lpm_ff1:POH|lpm_ff:lpm_ff_component|dffs[6]" lost all its fanouts during netlist optimizations.
    Info: Register "lpm_ff1:POH|lpm_ff:lpm_ff_component|dffs[5]" lost all its fanouts during netlist optimizations.
    Info: Register "lpm_ff1:POH|lpm_ff:lpm_ff_component|dffs[4]" lost all its fanouts during netlist optimizations.
    Info: Register "lpm_ff1:POH|lpm_ff:lpm_ff_component|dffs[3]" lost all its fanouts during netlist optimizations.
    Info: Register "lpm_ff1:POH|lpm_ff:lpm_ff_component|dffs[2]" lost all its fanouts during netlist optimizations.
    Info: Register "lpm_ff1:POH|lpm_ff:lpm_ff_component|dffs[1]" lost all its fanouts during netlist optimizations.
    Info: Register "lpm_ff1:POH|lpm_ff:lpm_ff_component|dffs[0]" lost all its fanouts during netlist optimizations.
    Info: Register "lpm_counter3:inst4|lpm_counter:lpm_counter_component|cntr_bli:auto_generated|safe_q[7]" lost all its fanouts during netlist optimizations.
    Info: Register "lpm_counter3:inst4|lpm_counter:lpm_counter_component|cntr_bli:auto_generated|safe_q[6]" lost all its fanouts during netlist optimizations.
    Info: Register "lpm_counter3:inst4|lpm_counter:lpm_counter_component|cntr_bli:auto_generated|safe_q[5]" lost all its fanouts during netlist optimizations.
    Info: Register "lpm_counter3:inst4|lpm_counter:lpm_counter_component|cntr_bli:auto_generated|safe_q[4]" lost all its fanouts during netlist optimizations.
    Info: Register "lpm_counter3:inst4|lpm_counter:lpm_counter_component|cntr_bli:auto_generated|safe_q[3]" lost all its fanouts during netlist optimizations.
    Info: Register "lpm_counter3:inst4|lpm_counter:lpm_counter_component|cntr_bli:auto_generated|safe_q[2]" lost all its fanouts during netlist optimizations.
    Info: Register "lpm_counter3:inst4|lpm_counter:lpm_counter_component|cntr_bli:auto_generated|safe_q[1]" lost all its fanouts during netlist optimizations.
    Info: Register "lpm_counter3:inst4|lpm_counter:lpm_counter_component|cntr_bli:auto_generated|safe_q[0]" lost all its fanouts during netlist optimizations.
    Info: Register "clock_generator:inst|single_pulse:inst|lpm_counter2:inst|lpm_counter:lpm_counter_component|cntr_plh:auto_generated|safe_q[2]" lost all its fanouts during netlist optimizations.
    Info: Register "clock_generator:inst|single_pulse:inst|lpm_counter2:inst|lpm_counter:lpm_counter_component|cntr_plh:auto_generated|safe_q[1]" lost all its fanouts during netlist optimizations.
    Info: Register "clock_generator:inst|single_pulse:inst|lpm_counter2:inst|lpm_counter:lpm_counter_component|cntr_plh:auto_generated|safe_q[0]" lost all its fanouts during netlist optimizations.
    Info: Register "clock_generator:inst|dca_gen:inst6|lpm_counter0:inst|lpm_counter:lpm_counter_component|cntr_4gj:auto_generated|safe_q[3]" lost all its fanouts during netlist optimizations.
    Info: Register "clock_generator:inst|dca_gen:inst6|lpm_counter0:inst|lpm_counter:lpm_counter_component|cntr_4gj:auto_generated|safe_q[2]" lost all its fanouts during netlist optimizations.
    Info: Register "clock_generator:inst|dca_gen:inst6|lpm_counter0:inst|lpm_counter:lpm_counter_component|cntr_4gj:auto_generated|safe_q[1]" lost all its fanouts during netlist optimizations.
    Info: Register "clock_generator:inst|dca_gen:inst6|lpm_counter0:inst|lpm_counter:lpm_counter_component|cntr_4gj:auto_generated|safe_q[0]" lost all its fanouts during netlist optimizations.
    Info: Register "clock_generator:inst|dca_gen:inst6|lpm_counter1:inst3|lpm_counter:lpm_counter_component|cntr_6ai:auto_generated|safe_q[3]" lost all its fanouts during netlist optimizations.
    Info: Register "clock_generator:inst|dca_gen:inst6|lpm_counter1:inst3|lpm_counter:lpm_counter_component|cntr_6ai:auto_generated|safe_q[2]" lost all its fanouts during netlist optimizations.
    Info: Register "clock_generator:inst|dca_gen:inst6|lpm_counter1:inst3|lpm_counter:lpm_counter_component|cntr_6ai:auto_generated|safe_q[1]" lost all its fanouts during netlist optimizations.
    Info: Register "clock_generator:inst|dca_gen:inst6|lpm_counter1:inst3|lpm_counter:lpm_counter_component|cntr_6ai:auto_generated|safe_q[0]" lost all its fanouts during netlist optimizations.
Warning: Design contains 1 input pin(s) that do not drive logic
    Warning (15610): No output dependent on input pin "main_clk"
Info: Implemented 1 device resources after synthesis - the final resource count might be different
    Info: Implemented 1 input pins
    Info: Implemented 0 output pins
Info: Quartus II Analysis & Synthesis was successful. 0 errors, 35 warnings
    Info: Peak virtual memory: 269 megabytes
    Info: Processing ended: Fri May 01 22:13:23 2026
    Info: Elapsed time: 00:00:03
    Info: Total CPU time (on all processors): 00:00:03


