Simulator report for lab4_var2_v1
Fri May 22 00:51:31 2026
Quartus II Version 9.1 Build 222 10/21/2009 SJ Web Edition


---------------------
; Table of Contents ;
---------------------
  1. Legal Notice
  2. Simulator Summary
  3. Simulator Settings
  4. Simulation Waveforms
  5. Coverage Summary
  6. Complete 1/0-Value Coverage
  7. Missing 1-Value Coverage
  8. Missing 0-Value Coverage
  9. Simulator INI Usage
 10. Simulator Messages



----------------
; Legal Notice ;
----------------
Copyright (C) 1991-2009 Altera Corporation
Your use of Altera Corporation's design tools, logic functions 
and other software and tools, and its AMPP partner logic 
functions, and any output files from any of the foregoing 
(including device programming or simulation files), and any 
associated documentation or information are expressly subject 
to the terms and conditions of the Altera Program License 
Subscription Agreement, Altera MegaCore Function License 
Agreement, or other applicable license agreement, including, 
without limitation, that your use is for the sole purpose of 
programming logic devices manufactured by Altera and sold by 
Altera or its authorized distributors.  Please refer to the 
applicable agreement for further details.



+--------------------------------------------+
; Simulator Summary                          ;
+-----------------------------+--------------+
; Type                        ; Value        ;
+-----------------------------+--------------+
; Simulation Start Time       ; 0 ps         ;
; Simulation End Time         ; 1.0 us       ;
; Simulation Netlist Size     ; 15 nodes     ;
; Simulation Coverage         ;      93.33 % ;
; Total Number of Transitions ; 274          ;
; Simulation Breakpoints      ; 0            ;
; Family                      ; Stratix II   ;
+-----------------------------+--------------+


+--------------------------------------------------------------------------------------------------------------------------+
; Simulator Settings                                                                                                       ;
+--------------------------------------------------------------------------------------------+-------------+---------------+
; Option                                                                                     ; Setting     ; Default Value ;
+--------------------------------------------------------------------------------------------+-------------+---------------+
; Simulation mode                                                                            ; Functional  ; Timing        ;
; Start time                                                                                 ; 0 ns        ; 0 ns          ;
; End time                                                                                   ; 3 us        ;               ;
; Simulation results format                                                                  ; CVWF        ;               ;
; Vector input source                                                                        ; ar_unit.vwf ;               ;
; Add pins automatically to simulation output waveforms                                      ; On          ; On            ;
; Check outputs                                                                              ; Off         ; Off           ;
; Report simulation coverage                                                                 ; On          ; On            ;
; Display complete 1/0 value coverage report                                                 ; On          ; On            ;
; Display missing 1-value coverage report                                                    ; On          ; On            ;
; Display missing 0-value coverage report                                                    ; On          ; On            ;
; Detect setup and hold time violations                                                      ; Off         ; Off           ;
; Detect glitches                                                                            ; Off         ; Off           ;
; Disable timing delays in Timing Simulation                                                 ; Off         ; Off           ;
; Generate Signal Activity File                                                              ; Off         ; Off           ;
; Generate VCD File for PowerPlay Power Analyzer                                             ; Off         ; Off           ;
; Group bus channels in simulation results                                                   ; Off         ; Off           ;
; Preserve fewer signal transitions to reduce memory requirements                            ; On          ; On            ;
; Trigger vector comparison with the specified mode                                          ; INPUT_EDGE  ; INPUT_EDGE    ;
; Disable setup and hold time violations detection in input registers of bi-directional pins ; Off         ; Off           ;
; Overwrite Waveform Inputs With Simulation Outputs                                          ; Off         ;               ;
; Perform Glitch Filtering in Timing Simulation                                              ; Auto        ; Auto          ;
+--------------------------------------------------------------------------------------------+-------------+---------------+


+----------------------+
; Simulation Waveforms ;
+----------------------+
Waveform report data cannot be output to ASCII.
Please use Quartus II to view the waveform report data.


+--------------------------------------------------------------------+
; Coverage Summary                                                   ;
+-----------------------------------------------------+--------------+
; Type                                                ; Value        ;
+-----------------------------------------------------+--------------+
; Total coverage as a percentage                      ;      93.33 % ;
; Total nodes checked                                 ; 15           ;
; Total output ports checked                          ; 15           ;
; Total output ports with complete 1/0-value coverage ; 14           ;
; Total output ports with no 1/0-value coverage       ; 0            ;
; Total output ports with no 1-value coverage         ; 0            ;
; Total output ports with no 0-value coverage         ; 1            ;
+-----------------------------------------------------+--------------+


The following table displays output ports that toggle between 1 and 0 during simulation.
+--------------------------------------------------------------------------------------------------------------------------------------+
; Complete 1/0-Value Coverage                                                                                                          ;
+---------------------------------------------------------+---------------------------------------------------------+------------------+
; Node Name                                               ; Output Port Name                                        ; Output Port Type ;
+---------------------------------------------------------+---------------------------------------------------------+------------------+
; |ar_unit|addr_out[3]                                    ; |ar_unit|addr_out[3]                                    ; pin_out          ;
; |ar_unit|addr_out[2]                                    ; |ar_unit|addr_out[2]                                    ; pin_out          ;
; |ar_unit|addr_out[1]                                    ; |ar_unit|addr_out[1]                                    ; pin_out          ;
; |ar_unit|addr_out[0]                                    ; |ar_unit|addr_out[0]                                    ; pin_out          ;
; |ar_unit|clk                                            ; |ar_unit|clk                                            ; out              ;
; |ar_unit|load_en                                        ; |ar_unit|load_en                                        ; out              ;
; |ar_unit|addr_in[3]                                     ; |ar_unit|addr_in[3]                                     ; out              ;
; |ar_unit|addr_in[2]                                     ; |ar_unit|addr_in[2]                                     ; out              ;
; |ar_unit|addr_in[1]                                     ; |ar_unit|addr_in[1]                                     ; out              ;
; |ar_unit|addr_in[0]                                     ; |ar_unit|addr_in[0]                                     ; out              ;
; |ar_unit|lpm_ff5:reg_ar|lpm_ff:lpm_ff_component|dffs[3] ; |ar_unit|lpm_ff5:reg_ar|lpm_ff:lpm_ff_component|dffs[3] ; regout           ;
; |ar_unit|lpm_ff5:reg_ar|lpm_ff:lpm_ff_component|dffs[2] ; |ar_unit|lpm_ff5:reg_ar|lpm_ff:lpm_ff_component|dffs[2] ; regout           ;
; |ar_unit|lpm_ff5:reg_ar|lpm_ff:lpm_ff_component|dffs[1] ; |ar_unit|lpm_ff5:reg_ar|lpm_ff:lpm_ff_component|dffs[1] ; regout           ;
; |ar_unit|lpm_ff5:reg_ar|lpm_ff:lpm_ff_component|dffs[0] ; |ar_unit|lpm_ff5:reg_ar|lpm_ff:lpm_ff_component|dffs[0] ; regout           ;
+---------------------------------------------------------+---------------------------------------------------------+------------------+


The following table displays output ports that do not toggle to 1 during simulation.
+-------------------------------------------------+
; Missing 1-Value Coverage                        ;
+-----------+------------------+------------------+
; Node Name ; Output Port Name ; Output Port Type ;
+-----------+------------------+------------------+


The following table displays output ports that do not toggle to 0 during simulation.
+------------------------------------------------------+
; Missing 0-Value Coverage                             ;
+----------------+------------------+------------------+
; Node Name      ; Output Port Name ; Output Port Type ;
+----------------+------------------+------------------+
; |ar_unit|rst_n ; |ar_unit|rst_n   ; out              ;
+----------------+------------------+------------------+


+---------------------+
; Simulator INI Usage ;
+--------+------------+
; Option ; Usage      ;
+--------+------------+


+--------------------+
; Simulator Messages ;
+--------------------+
Info: *******************************************************************
Info: Running Quartus II Simulator
    Info: Version 9.1 Build 222 10/21/2009 SJ Web Edition
    Info: Processing started: Fri May 22 00:51:31 2026
Info: Command: quartus_sim --read_settings_files=on --write_settings_files=off lab4_var2_v1 -c lab4_var2_v1
Warning: Tcl Script File lab3_var7_v1/lpm_dff0.qip not found
    Info: set_global_assignment -name QIP_FILE lab3_var7_v1/lpm_dff0.qip
Info: Using vector source file "C:/Users/lapshet/Desktop/labs/Laba 4/lab4_var2_v1/ar_unit.vwf"
Info: Option to preserve fewer signal transitions to reduce memory requirements is enabled
    Info: Simulation has been partitioned into sub-simulations according to the maximum transition count determined by the engine. Transitions from memory will be flushed out to disk at the end of each sub-simulation to reduce memory requirements.
Info: Simulation partitioned into 1 sub-simulations
Info: Simulation coverage is      93.33 %
Info: Number of transitions in simulation is 274
Info: Quartus II Simulator was successful. 0 errors, 1 warning
    Info: Peak virtual memory: 163 megabytes
    Info: Processing ended: Fri May 22 00:51:31 2026
    Info: Elapsed time: 00:00:00
    Info: Total CPU time (on all processors): 00:00:01


